======================================================================
STAGE A1 -- CONDITIONING
======================================================================
  H1: 4088s @ 4096 Hz
  L1: 4088s @ 4096 Hz
  bank: 54 templates (9 x 6 x 1)

======================================================================
STAGE A2/A3 -- SLIDING-WINDOW SEARCH + CHI-SQUARED VETO
======================================================================
  [H1] blocks of 64s, overlap 8s, 54 templates
    block 5/72  triggers so far: 293
    block 10/72  triggers so far: 844
    block 15/72  triggers so far: 1254
    block 20/72  triggers so far: 1837
    block 25/72  triggers so far: 2013
    block 30/72  triggers so far: 2371
    block 35/72  triggers so far: 2704
    block 40/72  triggers so far: 2976
    block 45/72  triggers so far: 3120
    block 50/72  triggers so far: 3692
    block 55/72  triggers so far: 4005
    block 60/72  triggers so far: 4391
    block 65/72  triggers so far: 5008
    block 70/72  triggers so far: 5317
  [H1] 5471 raw -> 478 clustered triggers
  [L1] blocks of 64s, overlap 8s, 54 templates
    block 5/72  triggers so far: 644
    block 10/72  triggers so far: 1458
    block 15/72  triggers so far: 2038
    block 20/72  triggers so far: 2536
    block 25/72  triggers so far: 3125
    block 30/72  triggers so far: 3726
    block 35/72  triggers so far: 4206
    block 40/72  triggers so far: 4680
    block 45/72  triggers so far: 5074
    block 50/72  triggers so far: 5526
    block 55/72  triggers so far: 5891
    block 60/72  triggers so far: 6333
    block 65/72  triggers so far: 6683
    block 70/72  triggers so far: 7244
  [L1] 7438 raw -> 627 clustered triggers

======================================================================
STAGE A4/A5 -- COINCIDENCE + TIME-SLIDE BACKGROUND
======================================================================
  H1 trigger  t=1187528733.909  newsnr=5.09  m=(22.5,7.5) s=+0.00  mc=11.0
  H1 trigger  t=1187528739.605  newsnr=5.06  m=(9.0,3.0) s=+0.00  mc=4.4
  H1 trigger  t=1187528748.451  newsnr=5.17  m=(43.2,28.8) s=+0.00  mc=30.6
  H1 trigger  t=1187528762.642  newsnr=5.19  m=(20.0,10.0) s=+0.00  mc=12.2
  H1 trigger  t=1187528767.151  newsnr=5.06  m=(7.2,4.8) s=+0.00  mc=5.1
  H1 trigger  t=1187528786.048  newsnr=5.05  m=(41.2,13.8) s=+0.00  mc=20.1
  H1 trigger  t=1187528796.605  newsnr=5.67  m=(22.5,22.5) s=+0.00  mc=19.6
  H1 trigger  t=1187528802.264  newsnr=5.44  m=(41.2,13.8) s=+0.00  mc=20.1
  H1 trigger  t=1187528824.296  newsnr=5.11  m=(36.0,9.0) s=+0.00  mc=15.0
  H1 trigger  t=1187528827.745  newsnr=5.01  m=(6.7,5.3) s=+0.00  mc=5.2
  H1 trigger  t=1187528839.704  newsnr=5.14  m=(8.0,4.0) s=+0.00  mc=4.9
  H1 trigger  t=1187528840.969  newsnr=5.07  m=(22.5,7.5) s=+0.00  mc=11.0
  H1 trigger  t=1187528847.877  newsnr=5.53  m=(10.0,10.0) s=+0.00  mc=8.7
  H1 trigger  t=1187528848.929  newsnr=5.01  m=(75.0,25.0) s=+0.00  mc=36.6
  H1 trigger  t=1187528856.435  newsnr=5.02  m=(13.3,6.7) s=+0.00  mc=8.1
  H1 trigger  t=1187528877.689  newsnr=5.47  m=(11.1,8.9) s=+0.00  mc=8.6
  H1 trigger  t=1187528885.803  newsnr=5.18  m=(9.0,3.0) s=+0.00  mc=4.4
  H1 trigger  t=1187528894.463  newsnr=5.06  m=(30.0,15.0) s=+0.00  mc=18.3
  H1 trigger  t=1187528908.354  newsnr=5.14  m=(32.5,32.5) s=+0.00  mc=28.3
  H1 trigger  t=1187528914.206  newsnr=5.02  m=(22.5,7.5) s=+0.00  mc=11.0
  H1 trigger  t=1187528923.411  newsnr=5.08  m=(8.0,4.0) s=+0.00  mc=4.9
  H1 trigger  t=1187528926.317  newsnr=5.36  m=(44.0,11.0) s=+0.00  mc=18.3
  H1 trigger  t=1187528929.452  newsnr=5.14  m=(15.0,15.0) s=+0.00  mc=13.1
  H1 trigger  t=1187528933.376  newsnr=6.40  m=(16.7,13.3) s=+0.00  mc=13.0
  H1 trigger  t=1187528934.848  newsnr=5.07  m=(36.1,28.9) s=+0.00  mc=28.1
  H1 trigger  t=1187528937.159  newsnr=5.03  m=(24.0,6.0) s=+0.00  mc=10.0
  H1 trigger  t=1187528947.077  newsnr=5.11  m=(44.0,11.0) s=+0.00  mc=18.3
  H1 trigger  t=1187528955.022  newsnr=5.01  m=(48.8,16.2) s=+0.00  mc=23.8
  H1 trigger  t=1187528957.463  newsnr=5.16  m=(16.7,13.3) s=+0.00  mc=13.0
  H1 trigger  t=1187528961.877  newsnr=5.44  m=(36.0,9.0) s=+0.00  mc=15.0
  H1 trigger  t=1187528965.925  newsnr=5.39  m=(51.0,34.0) s=+0.00  mc=36.1
  H1 trigger  t=1187529007.056  newsnr=5.03  m=(8.0,4.0) s=+0.00  mc=4.9
  H1 trigger  t=1187529010.070  newsnr=5.03  m=(27.5,27.5) s=+0.00  mc=23.9
  H1 trigger  t=1187529018.705  newsnr=5.27  m=(11.1,8.9) s=+0.00  mc=8.6
  H1 trigger  t=1187529028.540  newsnr=5.13  m=(43.3,21.7) s=+0.00  mc=26.4
  H1 trigger  t=1187529034.933  newsnr=5.07  m=(10.0,10.0) s=+0.00  mc=8.7
  H1 trigger  t=1187529037.735  newsnr=5.83  m=(12.0,8.0) s=+0.00  mc=8.5
  H1 trigger  t=1187529057.091  newsnr=5.12  m=(68.0,17.0) s=+0.00  mc=28.3
  H1 trigger  t=1187529059.013  newsnr=5.16  m=(80.0,20.0) s=+0.00  mc=33.3
  H1 trigger  t=1187529077.489  newsnr=5.22  m=(15.0,5.0) s=+0.00  mc=7.3
  H1 trigger  t=1187529084.989  newsnr=5.01  m=(24.0,6.0) s=+0.00  mc=10.0
  H1 trigger  t=1187529095.357  newsnr=5.17  m=(10.0,10.0) s=+0.00  mc=8.7
  H1 trigger  t=1187529102.719  newsnr=5.19  m=(6.7,5.3) s=+0.00  mc=5.2
  H1 trigger  t=1187529107.635  newsnr=5.06  m=(44.0,11.0) s=+0.00  mc=18.3
  H1 trigger  t=1187529109.519  newsnr=5.80  m=(30.0,15.0) s=+0.00  mc=18.3
  H1 trigger  t=1187529118.365  newsnr=5.20  m=(12.0,8.0) s=+0.00  mc=8.5
  H1 trigger  t=1187529139.025  newsnr=5.43  m=(9.0,3.0) s=+0.00  mc=4.4
  H1 trigger  t=1187529140.352  newsnr=5.83  m=(8.0,4.0) s=+0.00  mc=4.9
  H1 trigger  t=1187529159.625  newsnr=5.09  m=(56.7,28.3) s=+0.00  mc=34.5
  H1 trigger  t=1187529164.002  newsnr=5.56  m=(12.0,8.0) s=+0.00  mc=8.5
  H1 trigger  t=1187529193.829  newsnr=5.08  m=(20.0,10.0) s=+0.00  mc=12.2
  H1 trigger  t=1187529197.978  newsnr=5.16  m=(12.0,8.0) s=+0.00  mc=8.5
  H1 trigger  t=1187529202.960  newsnr=5.15  m=(9.6,2.4) s=+0.00  mc=4.0
  H1 trigger  t=1187529222.144  newsnr=5.01  m=(13.3,6.7) s=+0.00  mc=8.1
  H1 trigger  t=1187529233.269  newsnr=5.23  m=(22.5,7.5) s=+0.00  mc=11.0
  H1 trigger  t=1187529244.055  newsnr=5.43  m=(13.3,6.7) s=+0.00  mc=8.1
  H1 trigger  t=1187529250.243  newsnr=5.23  m=(12.0,8.0) s=+0.00  mc=8.5
  H1 trigger  t=1187529252.472  newsnr=5.47  m=(9.6,2.4) s=+0.00  mc=4.0
  H1 trigger  t=1187529253.688  newsnr=5.02  m=(22.5,7.5) s=+0.00  mc=11.0
  H1 trigger  t=1187529256.515  newsnr=6.71  m=(63.8,21.2) s=+0.00  mc=31.1
  H1 trigger  t=1187529265.059  newsnr=5.47  m=(24.0,6.0) s=+0.00  mc=10.0
  H1 trigger  t=1187529273.894  newsnr=5.50  m=(27.0,18.0) s=+0.00  mc=19.1
  H1 trigger  t=1187529289.714  newsnr=5.14  m=(20.0,10.0) s=+0.00  mc=12.2
  H1 trigger  t=1187529302.238  newsnr=5.00  m=(10.0,10.0) s=+0.00  mc=8.7
  H1 trigger  t=1187529312.389  newsnr=5.40  m=(68.0,17.0) s=+0.00  mc=28.3
  H1 trigger  t=1187529318.448  newsnr=5.25  m=(11.1,8.9) s=+0.00  mc=8.6
  H1 trigger  t=1187529329.708  newsnr=5.34  m=(57.6,14.4) s=+0.00  mc=24.0
  H1 trigger  t=1187529331.130  newsnr=5.18  m=(7.2,4.8) s=+0.00  mc=5.1
  H1 trigger  t=1187529346.742  newsnr=5.01  m=(7.2,4.8) s=+0.00  mc=5.1
  H1 trigger  t=1187529355.709  newsnr=5.05  m=(7.2,4.8) s=+0.00  mc=5.1
  H1 trigger  t=1187529357.383  newsnr=5.29  m=(6.0,6.0) s=+0.00  mc=5.2
  H1 trigger  t=1187529360.862  newsnr=5.18  m=(36.0,9.0) s=+0.00  mc=15.0
  H1 trigger  t=1187529361.897  newsnr=5.23  m=(6.7,5.3) s=+0.00  mc=5.2
  H1 trigger  t=1187529368.041  newsnr=5.45  m=(57.6,14.4) s=+0.00  mc=24.0
  H1 trigger  t=1187529369.719  newsnr=5.22  m=(33.8,11.2) s=+0.00  mc=16.5
  H1 trigger  t=1187529372.990  newsnr=5.13  m=(36.7,18.3) s=+0.00  mc=22.3
  H1 trigger  t=1187529401.532  newsnr=5.56  m=(20.0,10.0) s=+0.00  mc=12.2
  H1 trigger  t=1187529419.162  newsnr=5.35  m=(8.0,4.0) s=+0.00  mc=4.9
  H1 trigger  t=1187529428.765  newsnr=5.04  m=(10.0,10.0) s=+0.00  mc=8.7
  H1 trigger  t=1187529433.604  newsnr=5.15  m=(6.7,5.3) s=+0.00  mc=5.2
  H1 trigger  t=1187529446.589  newsnr=5.05  m=(6.0,6.0) s=+0.00  mc=5.2
  H1 trigger  t=1187529450.010  newsnr=5.65  m=(16.0,4.0) s=+0.00  mc=6.7
  H1 trigger  t=1187529453.271  newsnr=5.08  m=(9.6,2.4) s=+0.00  mc=4.0
  H1 trigger  t=1187529454.387  newsnr=5.18  m=(13.3,6.7) s=+0.00  mc=8.1
  H1 trigger  t=1187529455.479  newsnr=5.43  m=(57.6,14.4) s=+0.00  mc=24.0
  H1 trigger  t=1187529461.466  newsnr=5.15  m=(16.0,4.0) s=+0.00  mc=6.7
  H1 trigger  t=1187529490.150  newsnr=5.34  m=(36.1,28.9) s=+0.00  mc=28.1
  H1 trigger  t=1187529494.647  newsnr=5.21  m=(6.0,6.0) s=+0.00  mc=5.2
  H1 trigger  t=1187529505.498  newsnr=5.17  m=(13.3,6.7) s=+0.00  mc=8.1
  H1 trigger  t=1187529511.847  newsnr=5.12  m=(6.7,5.3) s=+0.00  mc=5.2
  H1 trigger  t=1187529526.771  newsnr=5.38  m=(36.7,18.3) s=+0.00  mc=22.3
  H1 trigger  t=1187529533.963  newsnr=5.39  m=(16.7,13.3) s=+0.00  mc=13.0
  H1 trigger  t=1187529536.887  newsnr=5.58  m=(18.0,12.0) s=+0.00  mc=12.7
  H1 trigger  t=1187529537.988  newsnr=5.02  m=(11.1,8.9) s=+0.00  mc=8.6
  H1 trigger  t=1187529543.522  newsnr=5.12  m=(16.7,13.3) s=+0.00  mc=13.0
  H1 trigger  t=1187529549.518  newsnr=5.89  m=(22.5,22.5) s=+0.00  mc=19.6
  H1 trigger  t=1187529566.264  newsnr=5.15  m=(6.7,5.3) s=+0.00  mc=5.2
  H1 trigger  t=1187529572.633  newsnr=5.17  m=(8.0,4.0) s=+0.00  mc=4.9
  H1 trigger  t=1187529578.278  newsnr=5.13  m=(63.8,21.2) s=+0.00  mc=31.1
  H1 trigger  t=1187529579.618  newsnr=5.02  m=(11.1,8.9) s=+0.00  mc=8.6
  H1 trigger  t=1187529582.771  newsnr=5.09  m=(36.0,9.0) s=+0.00  mc=15.0
  H1 trigger  t=1187529586.975  newsnr=5.68  m=(24.0,6.0) s=+0.00  mc=10.0
  H1 trigger  t=1187529591.926  newsnr=5.21  m=(6.0,6.0) s=+0.00  mc=5.2
  H1 trigger  t=1187529605.538  newsnr=5.04  m=(7.2,4.8) s=+0.00  mc=5.1
  H1 trigger  t=1187529615.263  newsnr=5.10  m=(43.3,21.7) s=+0.00  mc=26.4
  H1 trigger  t=1187529623.491  newsnr=5.25  m=(27.0,18.0) s=+0.00  mc=19.1
  H1 trigger  t=1187529641.562  newsnr=5.16  m=(16.0,4.0) s=+0.00  mc=6.7
  H1 trigger  t=1187529649.341  newsnr=5.05  m=(80.0,20.0) s=+0.00  mc=33.3
  H1 trigger  t=1187529654.183  newsnr=5.82  m=(24.0,6.0) s=+0.00  mc=10.0
  H1 trigger  t=1187529657.889  newsnr=5.23  m=(8.0,4.0) s=+0.00  mc=4.9
  H1 trigger  t=1187529661.512  newsnr=5.17  m=(9.0,3.0) s=+0.00  mc=4.4
  H1 trigger  t=1187529671.746  newsnr=5.33  m=(57.6,14.4) s=+0.00  mc=24.0
  H1 trigger  t=1187529679.450  newsnr=5.06  m=(6.7,5.3) s=+0.00  mc=5.2
  H1 trigger  t=1187529687.642  newsnr=5.17  m=(55.6,44.4) s=+0.00  mc=43.2
  H1 trigger  t=1187529697.374  newsnr=5.00  m=(18.0,12.0) s=+0.00  mc=12.7
  H1 trigger  t=1187529709.003  newsnr=5.29  m=(40.0,32.0) s=+0.00  mc=31.1
  H1 trigger  t=1187529715.601  newsnr=5.09  m=(30.0,15.0) s=+0.00  mc=18.3
  H1 trigger  t=1187529720.571  newsnr=5.08  m=(36.0,9.0) s=+0.00  mc=15.0
  H1 trigger  t=1187529725.755  newsnr=5.12  m=(30.0,15.0) s=+0.00  mc=18.3
  H1 trigger  t=1187529734.397  newsnr=5.07  m=(9.6,2.4) s=+0.00  mc=4.0
  H1 trigger  t=1187529740.271  newsnr=5.27  m=(16.0,4.0) s=+0.00  mc=6.7
  H1 trigger  t=1187529745.527  newsnr=5.22  m=(39.0,26.0) s=+0.00  mc=27.6
  H1 trigger  t=1187529754.937  newsnr=5.06  m=(15.0,5.0) s=+0.00  mc=7.3
  H1 trigger  t=1187529758.460  newsnr=5.37  m=(48.8,16.2) s=+0.00  mc=23.8
  H1 trigger  t=1187529759.624  newsnr=5.06  m=(6.0,6.0) s=+0.00  mc=5.2
  H1 trigger  t=1187529762.443  newsnr=5.42  m=(33.8,11.2) s=+0.00  mc=16.5
  H1 trigger  t=1187529767.823  newsnr=5.00  m=(15.0,5.0) s=+0.00  mc=7.3
  H1 trigger  t=1187529777.555  newsnr=5.76  m=(6.0,6.0) s=+0.00  mc=5.2
  H1 trigger  t=1187529779.102  newsnr=5.74  m=(33.0,22.0) s=+0.00  mc=23.4
  H1 trigger  t=1187529783.020  newsnr=5.07  m=(6.7,5.3) s=+0.00  mc=5.2
  H1 trigger  t=1187529792.789  newsnr=5.24  m=(75.0,25.0) s=+0.00  mc=36.6
  H1 trigger  t=1187529801.651  newsnr=5.12  m=(22.5,7.5) s=+0.00  mc=11.0
  H1 trigger  t=1187529804.370  newsnr=5.11  m=(44.0,11.0) s=+0.00  mc=18.3
  H1 trigger  t=1187529805.938  newsnr=5.03  m=(8.0,4.0) s=+0.00  mc=4.9
  H1 trigger  t=1187529816.465  newsnr=5.39  m=(30.0,15.0) s=+0.00  mc=18.3
  H1 trigger  t=1187529822.804  newsnr=5.25  m=(6.7,5.3) s=+0.00  mc=5.2
  H1 trigger  t=1187529843.160  newsnr=5.27  m=(7.2,4.8) s=+0.00  mc=5.1
  H1 trigger  t=1187529851.459  newsnr=5.27  m=(16.0,4.0) s=+0.00  mc=6.7
  H1 trigger  t=1187529865.370  newsnr=5.31  m=(16.0,4.0) s=+0.00  mc=6.7
  H1 trigger  t=1187529868.080  newsnr=5.01  m=(18.0,12.0) s=+0.00  mc=12.7
  H1 trigger  t=1187529872.902  newsnr=5.07  m=(15.0,5.0) s=+0.00  mc=7.3
  H1 trigger  t=1187529876.641  newsnr=5.16  m=(33.8,11.2) s=+0.00  mc=16.5
  H1 trigger  t=1187529882.413  newsnr=5.63  m=(6.0,6.0) s=+0.00  mc=5.2
  H1 trigger  t=1187529887.084  newsnr=5.07  m=(16.7,13.3) s=+0.00  mc=13.0
  H1 trigger  t=1187529908.966  newsnr=5.54  m=(11.1,8.9) s=+0.00  mc=8.6
  H1 trigger  t=1187529921.485  newsnr=5.30  m=(44.0,11.0) s=+0.00  mc=18.3
  H1 trigger  t=1187529925.396  newsnr=5.51  m=(16.0,4.0) s=+0.00  mc=6.7
  H1 trigger  t=1187529926.765  newsnr=5.58  m=(9.6,2.4) s=+0.00  mc=4.0
  H1 trigger  t=1187529934.267  newsnr=5.02  m=(36.7,18.3) s=+0.00  mc=22.3
  H1 trigger  t=1187529943.960  newsnr=5.55  m=(10.0,10.0) s=+0.00  mc=8.7
  H1 trigger  t=1187529945.932  newsnr=5.11  m=(15.0,15.0) s=+0.00  mc=13.1
  H1 trigger  t=1187529949.723  newsnr=5.11  m=(15.0,5.0) s=+0.00  mc=7.3
  H1 trigger  t=1187529953.038  newsnr=5.08  m=(10.0,10.0) s=+0.00  mc=8.7
  H1 trigger  t=1187529961.610  newsnr=5.36  m=(16.7,13.3) s=+0.00  mc=13.0
  H1 trigger  t=1187529965.693  newsnr=5.01  m=(32.5,32.5) s=+0.00  mc=28.3
  H1 trigger  t=1187529970.813  newsnr=5.05  m=(40.0,32.0) s=+0.00  mc=31.1
  H1 trigger  t=1187529990.578  newsnr=5.08  m=(48.8,16.2) s=+0.00  mc=23.8
  H1 trigger  t=1187530000.924  newsnr=5.10  m=(33.8,11.2) s=+0.00  mc=16.5
  H1 trigger  t=1187530007.406  newsnr=5.03  m=(24.0,6.0) s=+0.00  mc=10.0
  H1 trigger  t=1187530010.596  newsnr=5.15  m=(36.0,36.0) s=+0.00  mc=31.3
  H1 trigger  t=1187530022.572  newsnr=5.09  m=(20.0,10.0) s=+0.00  mc=12.2
  H1 trigger  t=1187530026.819  newsnr=5.18  m=(24.0,6.0) s=+0.00  mc=10.0
  H1 trigger  t=1187530034.408  newsnr=5.13  m=(15.0,5.0) s=+0.00  mc=7.3
  H1 trigger  t=1187530035.420  newsnr=5.24  m=(25.0,20.0) s=+0.00  mc=19.4
  H1 trigger  t=1187530046.121  newsnr=5.19  m=(8.0,4.0) s=+0.00  mc=4.9
  H1 trigger  t=1187530061.412  newsnr=5.20  m=(16.0,4.0) s=+0.00  mc=6.7
  H1 trigger  t=1187530089.275  newsnr=5.17  m=(43.3,21.7) s=+0.00  mc=26.4
  H1 trigger  t=1187530113.354  newsnr=5.18  m=(11.1,8.9) s=+0.00  mc=8.6
  H1 trigger  t=1187530117.201  newsnr=5.12  m=(9.0,3.0) s=+0.00  mc=4.4
  H1 trigger  t=1187530125.346  newsnr=5.18  m=(22.5,7.5) s=+0.00  mc=11.0
  H1 trigger  t=1187530134.918  newsnr=5.02  m=(20.0,10.0) s=+0.00  mc=12.2
  H1 trigger  t=1187530156.429  newsnr=5.17  m=(39.0,26.0) s=+0.00  mc=27.6
  H1 trigger  t=1187530179.287  newsnr=5.12  m=(15.0,15.0) s=+0.00  mc=13.1
  H1 trigger  t=1187530180.381  newsnr=5.08  m=(41.2,13.8) s=+0.00  mc=20.1
  H1 trigger  t=1187530184.626  newsnr=5.43  m=(24.0,6.0) s=+0.00  mc=10.0
  H1 trigger  t=1187530185.850  newsnr=5.21  m=(33.8,11.2) s=+0.00  mc=16.5
  H1 trigger  t=1187530194.426  newsnr=5.05  m=(24.0,6.0) s=+0.00  mc=10.0
  H1 trigger  t=1187530197.572  newsnr=5.32  m=(9.6,2.4) s=+0.00  mc=4.0
  H1 trigger  t=1187530203.304  newsnr=5.06  m=(36.7,18.3) s=+0.00  mc=22.3
  H1 trigger  t=1187530220.014  newsnr=5.21  m=(24.0,6.0) s=+0.00  mc=10.0
  H1 trigger  t=1187530227.896  newsnr=5.12  m=(7.2,4.8) s=+0.00  mc=5.1
  H1 trigger  t=1187530234.902  newsnr=5.01  m=(42.5,42.5) s=+0.00  mc=37.0
  H1 trigger  t=1187530235.950  newsnr=5.05  m=(18.0,12.0) s=+0.00  mc=12.7
  H1 trigger  t=1187530237.049  newsnr=5.16  m=(24.0,6.0) s=+0.00  mc=10.0
  H1 trigger  t=1187530244.366  newsnr=5.61  m=(44.0,11.0) s=+0.00  mc=18.3
  H1 trigger  t=1187530250.360  newsnr=5.08  m=(11.1,8.9) s=+0.00  mc=8.6
  H1 trigger  t=1187530257.854  newsnr=5.77  m=(22.5,7.5) s=+0.00  mc=11.0
  H1 trigger  t=1187530267.401  newsnr=5.20  m=(7.2,4.8) s=+0.00  mc=5.1
  H1 trigger  t=1187530287.448  newsnr=5.08  m=(16.0,4.0) s=+0.00  mc=6.7
  H1 trigger  t=1187530292.543  newsnr=5.30  m=(13.3,6.7) s=+0.00  mc=8.1
  H1 trigger  t=1187530293.642  newsnr=5.57  m=(30.0,15.0) s=+0.00  mc=18.3
  H1 trigger  t=1187530298.900  newsnr=5.18  m=(15.0,15.0) s=+0.00  mc=13.1
  H1 trigger  t=1187530309.581  newsnr=5.13  m=(13.3,6.7) s=+0.00  mc=8.1
  H1 trigger  t=1187530313.438  newsnr=5.10  m=(18.0,12.0) s=+0.00  mc=12.7
  H1 trigger  t=1187530320.734  newsnr=5.30  m=(41.2,13.8) s=+0.00  mc=20.1
  H1 trigger  t=1187530331.816  newsnr=5.52  m=(16.7,13.3) s=+0.00  mc=13.0
  H1 trigger  t=1187530338.961  newsnr=5.84  m=(6.7,5.3) s=+0.00  mc=5.2
  H1 trigger  t=1187530343.436  newsnr=5.49  m=(27.5,27.5) s=+0.00  mc=23.9
  H1 trigger  t=1187530347.463  newsnr=5.37  m=(22.5,7.5) s=+0.00  mc=11.0
  H1 trigger  t=1187530357.605  newsnr=5.04  m=(16.0,4.0) s=+0.00  mc=6.7
  H1 trigger  t=1187530369.723  newsnr=5.03  m=(15.0,5.0) s=+0.00  mc=7.3
  H1 trigger  t=1187530374.854  newsnr=5.06  m=(25.0,20.0) s=+0.00  mc=19.4
  H1 trigger  t=1187530376.114  newsnr=5.25  m=(8.0,4.0) s=+0.00  mc=4.9
  H1 trigger  t=1187530383.369  newsnr=5.32  m=(18.0,12.0) s=+0.00  mc=12.7
  H1 trigger  t=1187530387.247  newsnr=5.05  m=(6.0,6.0) s=+0.00  mc=5.2
  H1 trigger  t=1187530394.567  newsnr=5.09  m=(7.2,4.8) s=+0.00  mc=5.1
  H1 trigger  t=1187530407.573  newsnr=5.41  m=(24.0,6.0) s=+0.00  mc=10.0
  H1 trigger  t=1187530418.156  newsnr=5.46  m=(57.6,14.4) s=+0.00  mc=24.0
  H1 trigger  t=1187530457.505  newsnr=5.16  m=(44.0,11.0) s=+0.00  mc=18.3
  H1 trigger  t=1187530490.520  newsnr=5.38  m=(39.0,26.0) s=+0.00  mc=27.6
  H1 trigger  t=1187530501.521  newsnr=5.05  m=(30.0,15.0) s=+0.00  mc=18.3
  H1 trigger  t=1187530534.008  newsnr=5.21  m=(24.0,6.0) s=+0.00  mc=10.0
  H1 trigger  t=1187530549.179  newsnr=5.05  m=(7.2,4.8) s=+0.00  mc=5.1
  H1 trigger  t=1187530581.846  newsnr=5.04  m=(18.0,12.0) s=+0.00  mc=12.7
  H1 trigger  t=1187530585.816  newsnr=5.76  m=(63.8,21.2) s=+0.00  mc=31.1
  H1 trigger  t=1187530591.134  newsnr=5.01  m=(48.8,16.2) s=+0.00  mc=23.8
  H1 trigger  t=1187530614.415  newsnr=5.62  m=(16.0,4.0) s=+0.00  mc=6.7
  H1 trigger  t=1187530623.541  newsnr=5.28  m=(12.0,8.0) s=+0.00  mc=8.5
  H1 trigger  t=1187530628.233  newsnr=5.07  m=(10.0,10.0) s=+0.00  mc=8.7
  H1 trigger  t=1187530631.739  newsnr=5.17  m=(22.5,7.5) s=+0.00  mc=11.0
  H1 trigger  t=1187530637.145  newsnr=5.12  m=(18.0,12.0) s=+0.00  mc=12.7
  H1 trigger  t=1187530638.463  newsnr=5.14  m=(16.7,13.3) s=+0.00  mc=13.0
  H1 trigger  t=1187530670.005  newsnr=5.25  m=(6.0,6.0) s=+0.00  mc=5.2
  H1 trigger  t=1187530674.150  newsnr=5.35  m=(10.0,10.0) s=+0.00  mc=8.7
  H1 trigger  t=1187530696.981  newsnr=5.03  m=(33.8,11.2) s=+0.00  mc=16.5
  H1 trigger  t=1187530723.551  newsnr=5.65  m=(16.0,4.0) s=+0.00  mc=6.7
  H1 trigger  t=1187530725.929  newsnr=5.07  m=(6.0,6.0) s=+0.00  mc=5.2
  H1 trigger  t=1187530752.986  newsnr=5.04  m=(13.3,6.7) s=+0.00  mc=8.1
  H1 trigger  t=1187530765.686  newsnr=5.06  m=(18.0,12.0) s=+0.00  mc=12.7
  H1 trigger  t=1187530769.875  newsnr=5.38  m=(10.0,10.0) s=+0.00  mc=8.7
  H1 trigger  t=1187530774.131  newsnr=5.21  m=(7.2,4.8) s=+0.00  mc=5.1
  H1 trigger  t=1187530783.333  newsnr=5.36  m=(39.0,26.0) s=+0.00  mc=27.6
  H1 trigger  t=1187530795.186  newsnr=5.27  m=(9.6,2.4) s=+0.00  mc=4.0
  H1 trigger  t=1187530801.794  newsnr=5.16  m=(10.0,10.0) s=+0.00  mc=8.7
  H1 trigger  t=1187530829.838  newsnr=5.39  m=(13.3,6.7) s=+0.00  mc=8.1
  H1 trigger  t=1187530839.522  newsnr=5.12  m=(15.0,5.0) s=+0.00  mc=7.3
  H1 trigger  t=1187530842.028  newsnr=5.67  m=(12.0,8.0) s=+0.00  mc=8.5
  H1 trigger  t=1187530844.923  newsnr=5.10  m=(27.0,18.0) s=+0.00  mc=19.1
  H1 trigger  t=1187530854.144  newsnr=5.24  m=(7.2,4.8) s=+0.00  mc=5.1
  H1 trigger  t=1187530858.813  newsnr=5.16  m=(36.0,9.0) s=+0.00  mc=15.0
  H1 trigger  t=1187530867.742  newsnr=5.39  m=(18.0,12.0) s=+0.00  mc=12.7
  H1 trigger  t=1187530870.531  newsnr=5.44  m=(7.2,4.8) s=+0.00  mc=5.1
  H1 trigger  t=1187530877.511  newsnr=5.50  m=(13.3,6.7) s=+0.00  mc=8.1
  H1 trigger  t=1187530901.583  newsnr=5.63  m=(13.3,6.7) s=+0.00  mc=8.1
  H1 trigger  t=1187530905.573  newsnr=5.72  m=(9.6,2.4) s=+0.00  mc=4.0
  H1 trigger  t=1187530914.781  newsnr=5.12  m=(30.0,15.0) s=+0.00  mc=18.3
  H1 trigger  t=1187530918.198  newsnr=5.25  m=(44.0,11.0) s=+0.00  mc=18.3
  H1 trigger  t=1187530922.509  newsnr=5.07  m=(11.1,8.9) s=+0.00  mc=8.6
  H1 trigger  t=1187530924.836  newsnr=5.15  m=(13.3,6.7) s=+0.00  mc=8.1
  H1 trigger  t=1187530931.890  newsnr=5.02  m=(11.1,8.9) s=+0.00  mc=8.6
  H1 trigger  t=1187530933.613  newsnr=5.35  m=(10.0,10.0) s=+0.00  mc=8.7
  H1 trigger  t=1187530939.469  newsnr=5.25  m=(20.0,10.0) s=+0.00  mc=12.2
  H1 trigger  t=1187530948.485  newsnr=5.46  m=(22.5,7.5) s=+0.00  mc=11.0
  H1 trigger  t=1187530969.676  newsnr=5.12  m=(8.0,4.0) s=+0.00  mc=4.9
  H1 trigger  t=1187530972.074  newsnr=5.30  m=(7.2,4.8) s=+0.00  mc=5.1
  H1 trigger  t=1187530977.787  newsnr=5.23  m=(54.0,18.0) s=+0.00  mc=26.4
  H1 trigger  t=1187530987.483  newsnr=5.02  m=(36.7,18.3) s=+0.00  mc=22.3
  H1 trigger  t=1187530989.217  newsnr=5.03  m=(11.1,8.9) s=+0.00  mc=8.6
  H1 trigger  t=1187530990.684  newsnr=5.31  m=(16.0,4.0) s=+0.00  mc=6.7
  H1 trigger  t=1187530993.585  newsnr=5.30  m=(20.0,10.0) s=+0.00  mc=12.2
  H1 trigger  t=1187531018.004  newsnr=5.03  m=(9.0,3.0) s=+0.00  mc=4.4
  H1 trigger  t=1187531030.753  newsnr=5.12  m=(9.6,2.4) s=+0.00  mc=4.0
  H1 trigger  t=1187531033.800  newsnr=5.44  m=(7.2,4.8) s=+0.00  mc=5.1
  H1 trigger  t=1187531037.047  newsnr=5.16  m=(10.0,10.0) s=+0.00  mc=8.7
  H1 trigger  t=1187531051.367  newsnr=5.08  m=(7.2,4.8) s=+0.00  mc=5.1
  H1 trigger  t=1187531063.306  newsnr=5.02  m=(20.0,10.0) s=+0.00  mc=12.2
  H1 trigger  t=1187531078.895  newsnr=5.24  m=(9.6,2.4) s=+0.00  mc=4.0
  H1 trigger  t=1187531085.702  newsnr=5.20  m=(9.0,3.0) s=+0.00  mc=4.4
  H1 trigger  t=1187531112.461  newsnr=5.04  m=(12.0,8.0) s=+0.00  mc=8.5
  H1 trigger  t=1187531121.028  newsnr=5.37  m=(43.3,21.7) s=+0.00  mc=26.4
  H1 trigger  t=1187531124.396  newsnr=5.30  m=(36.7,18.3) s=+0.00  mc=22.3
  H1 trigger  t=1187531131.937  newsnr=5.07  m=(9.0,3.0) s=+0.00  mc=4.4
  H1 trigger  t=1187531149.296  newsnr=5.00  m=(8.0,4.0) s=+0.00  mc=4.9
  H1 trigger  t=1187531155.863  newsnr=5.01  m=(10.0,10.0) s=+0.00  mc=8.7
  H1 trigger  t=1187531157.217  newsnr=6.16  m=(22.5,7.5) s=+0.00  mc=11.0
  H1 trigger  t=1187531168.772  newsnr=5.00  m=(9.0,3.0) s=+0.00  mc=4.4
  H1 trigger  t=1187531175.173  newsnr=5.09  m=(6.7,5.3) s=+0.00  mc=5.2
  H1 trigger  t=1187531191.699  newsnr=5.03  m=(9.0,3.0) s=+0.00  mc=4.4
  H1 trigger  t=1187531208.572  newsnr=5.20  m=(42.5,42.5) s=+0.00  mc=37.0
  H1 trigger  t=1187531210.112  newsnr=5.13  m=(12.0,8.0) s=+0.00  mc=8.5
  H1 trigger  t=1187531217.328  newsnr=5.09  m=(52.0,13.0) s=+0.00  mc=21.6
  H1 trigger  t=1187531233.438  newsnr=5.03  m=(8.0,4.0) s=+0.00  mc=4.9
  H1 trigger  t=1187531238.494  newsnr=5.13  m=(16.0,4.0) s=+0.00  mc=6.7
  H1 trigger  t=1187531250.893  newsnr=5.11  m=(27.0,18.0) s=+0.00  mc=19.1
  H1 trigger  t=1187531253.673  newsnr=5.62  m=(54.0,18.0) s=+0.00  mc=26.4
  H1 trigger  t=1187531256.145  newsnr=6.00  m=(8.0,4.0) s=+0.00  mc=4.9
  H1 trigger  t=1187531260.672  newsnr=5.01  m=(8.0,4.0) s=+0.00  mc=4.9
  H1 trigger  t=1187531269.806  newsnr=5.30  m=(10.0,10.0) s=+0.00  mc=8.7
  H1 trigger  t=1187531291.760  newsnr=5.03  m=(24.0,6.0) s=+0.00  mc=10.0
  H1 trigger  t=1187531302.438  newsnr=5.29  m=(11.1,8.9) s=+0.00  mc=8.6
  H1 trigger  t=1187531305.934  newsnr=5.11  m=(27.0,18.0) s=+0.00  mc=19.1
  H1 trigger  t=1187531317.596  newsnr=5.19  m=(7.2,4.8) s=+0.00  mc=5.1
  H1 trigger  t=1187531335.550  newsnr=5.03  m=(8.0,4.0) s=+0.00  mc=4.9
  H1 trigger  t=1187531337.452  newsnr=5.73  m=(32.5,32.5) s=+0.00  mc=28.3
  H1 trigger  t=1187531348.828  newsnr=5.15  m=(12.0,8.0) s=+0.00  mc=8.5
  H1 trigger  t=1187531350.011  newsnr=5.87  m=(55.6,44.4) s=+0.00  mc=43.2
  H1 trigger  t=1187531351.023  newsnr=5.50  m=(9.6,2.4) s=+0.00  mc=4.0
  H1 trigger  t=1187531381.889  newsnr=5.15  m=(36.7,18.3) s=+0.00  mc=22.3
  H1 trigger  t=1187531398.382  newsnr=5.31  m=(11.1,8.9) s=+0.00  mc=8.6
  H1 trigger  t=1187531411.264  newsnr=5.02  m=(10.0,10.0) s=+0.00  mc=8.7
  H1 trigger  t=1187531414.507  newsnr=5.30  m=(12.0,8.0) s=+0.00  mc=8.5
  H1 trigger  t=1187531418.699  newsnr=5.06  m=(13.3,6.7) s=+0.00  mc=8.1
  H1 trigger  t=1187531421.238  newsnr=5.42  m=(6.7,5.3) s=+0.00  mc=5.2
  H1 trigger  t=1187531426.753  newsnr=5.06  m=(22.5,7.5) s=+0.00  mc=11.0
  H1 trigger  t=1187531428.752  newsnr=5.14  m=(22.5,7.5) s=+0.00  mc=11.0
  H1 trigger  t=1187531436.653  newsnr=5.15  m=(22.5,7.5) s=+0.00  mc=11.0
  H1 trigger  t=1187531441.483  newsnr=5.56  m=(13.3,6.7) s=+0.00  mc=8.1
  H1 trigger  t=1187531444.494  newsnr=5.13  m=(41.2,13.8) s=+0.00  mc=20.1
  H1 trigger  t=1187531453.558  newsnr=5.42  m=(22.5,7.5) s=+0.00  mc=11.0
  H1 trigger  t=1187531458.823  newsnr=5.48  m=(20.0,10.0) s=+0.00  mc=12.2
  H1 trigger  t=1187531464.878  newsnr=5.20  m=(18.0,12.0) s=+0.00  mc=12.7
  H1 trigger  t=1187531471.469  newsnr=5.25  m=(12.0,8.0) s=+0.00  mc=8.5
  H1 trigger  t=1187531477.624  newsnr=5.23  m=(16.0,4.0) s=+0.00  mc=6.7
  H1 trigger  t=1187531478.655  newsnr=5.36  m=(27.0,18.0) s=+0.00  mc=19.1
  H1 trigger  t=1187531479.878  newsnr=5.13  m=(22.5,22.5) s=+0.00  mc=19.6
  H1 trigger  t=1187531480.952  newsnr=5.47  m=(16.0,4.0) s=+0.00  mc=6.7
  H1 trigger  t=1187531482.963  newsnr=5.25  m=(50.0,50.0) s=+0.00  mc=43.5
  H1 trigger  t=1187531489.992  newsnr=5.08  m=(6.0,6.0) s=+0.00  mc=5.2
  H1 trigger  t=1187531515.521  newsnr=5.75  m=(11.1,8.9) s=+0.00  mc=8.6
  H1 trigger  t=1187531545.494  newsnr=5.07  m=(15.0,5.0) s=+0.00  mc=7.3
  H1 trigger  t=1187531548.287  newsnr=5.00  m=(9.6,2.4) s=+0.00  mc=4.0
  H1 trigger  t=1187531551.819  newsnr=5.11  m=(36.0,9.0) s=+0.00  mc=15.0
  H1 trigger  t=1187531561.079  newsnr=5.03  m=(18.0,12.0) s=+0.00  mc=12.7
  H1 trigger  t=1187531565.016  newsnr=5.08  m=(9.6,2.4) s=+0.00  mc=4.0
  H1 trigger  t=1187531570.718  newsnr=5.58  m=(36.0,9.0) s=+0.00  mc=15.0
  H1 trigger  t=1187531577.668  newsnr=5.22  m=(22.5,7.5) s=+0.00  mc=11.0
  H1 trigger  t=1187531594.977  newsnr=5.44  m=(15.0,15.0) s=+0.00  mc=13.1
  H1 trigger  t=1187531598.079  newsnr=5.03  m=(10.0,10.0) s=+0.00  mc=8.7
  H1 trigger  t=1187531603.515  newsnr=5.06  m=(13.3,6.7) s=+0.00  mc=8.1
  H1 trigger  t=1187531605.836  newsnr=5.05  m=(11.1,8.9) s=+0.00  mc=8.6
  H1 trigger  t=1187531622.551  newsnr=5.01  m=(10.0,10.0) s=+0.00  mc=8.7
  H1 trigger  t=1187531632.258  newsnr=5.70  m=(16.0,4.0) s=+0.00  mc=6.7
  H1 trigger  t=1187531633.618  newsnr=5.39  m=(11.1,8.9) s=+0.00  mc=8.6
  H1 trigger  t=1187531636.514  newsnr=5.03  m=(10.0,10.0) s=+0.00  mc=8.7
  H1 trigger  t=1187531637.984  newsnr=5.01  m=(11.1,8.9) s=+0.00  mc=8.6
  H1 trigger  t=1187531659.623  newsnr=5.03  m=(36.0,36.0) s=+0.00  mc=31.3
  H1 trigger  t=1187531666.585  newsnr=5.11  m=(11.1,8.9) s=+0.00  mc=8.6
  H1 trigger  t=1187531682.045  newsnr=5.31  m=(33.8,11.2) s=+0.00  mc=16.5
  H1 trigger  t=1187531683.810  newsnr=5.27  m=(27.0,18.0) s=+0.00  mc=19.1
  H1 trigger  t=1187531686.771  newsnr=5.07  m=(6.7,5.3) s=+0.00  mc=5.2
  H1 trigger  t=1187531702.308  newsnr=5.13  m=(8.0,4.0) s=+0.00  mc=4.9
  H1 trigger  t=1187531704.556  newsnr=5.20  m=(27.0,18.0) s=+0.00  mc=19.1
  H1 trigger  t=1187531719.843  newsnr=5.34  m=(8.0,4.0) s=+0.00  mc=4.9
  H1 trigger  t=1187531726.188  newsnr=5.29  m=(18.0,12.0) s=+0.00  mc=12.7
  H1 trigger  t=1187531729.281  newsnr=5.03  m=(16.0,4.0) s=+0.00  mc=6.7
  H1 trigger  t=1187531736.292  newsnr=5.07  m=(33.0,22.0) s=+0.00  mc=23.4
  H1 trigger  t=1187531745.750  newsnr=5.56  m=(48.0,24.0) s=+0.00  mc=29.2
  H1 trigger  t=1187531748.843  newsnr=5.11  m=(41.2,13.8) s=+0.00  mc=20.1
  H1 trigger  t=1187531763.794  newsnr=5.34  m=(41.2,13.8) s=+0.00  mc=20.1
  H1 trigger  t=1187531766.955  newsnr=5.24  m=(6.0,6.0) s=+0.00  mc=5.2
  H1 trigger  t=1187531771.876  newsnr=5.06  m=(11.1,8.9) s=+0.00  mc=8.6
  H1 trigger  t=1187531774.393  newsnr=5.88  m=(24.0,6.0) s=+0.00  mc=10.0
  H1 trigger  t=1187531777.208  newsnr=5.10  m=(22.5,22.5) s=+0.00  mc=19.6
  H1 trigger  t=1187531781.632  newsnr=5.15  m=(27.5,27.5) s=+0.00  mc=23.9
  H1 trigger  t=1187531786.590  newsnr=5.13  m=(18.0,12.0) s=+0.00  mc=12.7
  H1 trigger  t=1187531802.248  newsnr=5.43  m=(8.0,4.0) s=+0.00  mc=4.9
  H1 trigger  t=1187531805.789  newsnr=6.11  m=(22.5,7.5) s=+0.00  mc=11.0
  H1 trigger  t=1187531816.815  newsnr=5.12  m=(27.0,18.0) s=+0.00  mc=19.1
  H1 trigger  t=1187531823.066  newsnr=5.01  m=(10.0,10.0) s=+0.00  mc=8.7
  H1 trigger  t=1187531826.240  newsnr=5.74  m=(10.0,10.0) s=+0.00  mc=8.7
  H1 trigger  t=1187531832.990  newsnr=5.02  m=(10.0,10.0) s=+0.00  mc=8.7
  H1 trigger  t=1187531846.034  newsnr=5.05  m=(27.0,18.0) s=+0.00  mc=19.1
  H1 trigger  t=1187531857.939  newsnr=5.16  m=(6.7,5.3) s=+0.00  mc=5.2
  H1 trigger  t=1187531861.212  newsnr=5.21  m=(30.0,15.0) s=+0.00  mc=18.3
  H1 trigger  t=1187531865.123  newsnr=5.04  m=(30.0,15.0) s=+0.00  mc=18.3
  H1 trigger  t=1187531874.735  newsnr=5.28  m=(8.0,4.0) s=+0.00  mc=4.9
  H1 trigger  t=1187531893.824  newsnr=5.63  m=(16.7,13.3) s=+0.00  mc=13.0
  H1 trigger  t=1187531909.769  newsnr=5.07  m=(6.0,6.0) s=+0.00  mc=5.2
  H1 trigger  t=1187531915.829  newsnr=5.22  m=(20.0,10.0) s=+0.00  mc=12.2
  H1 trigger  t=1187531925.411  newsnr=5.33  m=(36.7,18.3) s=+0.00  mc=22.3
  H1 trigger  t=1187531945.633  newsnr=5.35  m=(44.0,11.0) s=+0.00  mc=18.3
  H1 trigger  t=1187531960.468  newsnr=5.27  m=(48.8,16.2) s=+0.00  mc=23.8
  H1 trigger  t=1187531961.777  newsnr=5.57  m=(9.6,2.4) s=+0.00  mc=4.0
  H1 trigger  t=1187531963.238  newsnr=5.21  m=(32.5,32.5) s=+0.00  mc=28.3
  H1 trigger  t=1187531970.170  newsnr=5.53  m=(12.0,8.0) s=+0.00  mc=8.5
  H1 trigger  t=1187531971.804  newsnr=5.23  m=(8.0,4.0) s=+0.00  mc=4.9
  H1 trigger  t=1187531973.540  newsnr=5.05  m=(7.2,4.8) s=+0.00  mc=5.1
  H1 trigger  t=1187531979.684  newsnr=5.01  m=(30.6,24.4) s=+0.00  mc=23.8
  H1 trigger  t=1187531981.318  newsnr=5.03  m=(7.2,4.8) s=+0.00  mc=5.1
  H1 trigger  t=1187531986.838  newsnr=5.48  m=(41.2,13.8) s=+0.00  mc=20.1
  H1 trigger  t=1187532009.313  newsnr=5.15  m=(54.0,18.0) s=+0.00  mc=26.4
  H1 trigger  t=1187532016.831  newsnr=5.03  m=(8.0,4.0) s=+0.00  mc=4.9
  H1 trigger  t=1187532034.490  newsnr=5.09  m=(15.0,5.0) s=+0.00  mc=7.3
  H1 trigger  t=1187532043.653  newsnr=5.05  m=(6.7,5.3) s=+0.00  mc=5.2
  H1 trigger  t=1187532045.731  newsnr=5.08  m=(32.5,32.5) s=+0.00  mc=28.3
  H1 trigger  t=1187532049.604  newsnr=5.42  m=(36.0,36.0) s=+0.00  mc=31.3
  H1 trigger  t=1187532052.207  newsnr=5.37  m=(9.6,2.4) s=+0.00  mc=4.0
  H1 trigger  t=1187532053.864  newsnr=5.07  m=(63.8,21.2) s=+0.00  mc=31.1
  H1 trigger  t=1187532061.449  newsnr=5.66  m=(8.0,4.0) s=+0.00  mc=4.9
  H1 trigger  t=1187532063.421  newsnr=5.14  m=(20.0,10.0) s=+0.00  mc=12.2
  H1 trigger  t=1187532067.636  newsnr=5.51  m=(60.0,40.0) s=+0.00  mc=42.5
  H1 trigger  t=1187532071.990  newsnr=5.22  m=(15.0,15.0) s=+0.00  mc=13.1
  H1 trigger  t=1187532074.442  newsnr=5.17  m=(36.0,9.0) s=+0.00  mc=15.0
  H1 trigger  t=1187532092.703  newsnr=5.16  m=(9.0,3.0) s=+0.00  mc=4.4
  H1 trigger  t=1187532100.741  newsnr=5.15  m=(44.0,11.0) s=+0.00  mc=18.3
  H1 trigger  t=1187532102.283  newsnr=5.33  m=(7.2,4.8) s=+0.00  mc=5.1
  H1 trigger  t=1187532110.328  newsnr=5.26  m=(20.0,10.0) s=+0.00  mc=12.2
  H1 trigger  t=1187532121.439  newsnr=5.41  m=(27.5,27.5) s=+0.00  mc=23.9
  H1 trigger  t=1187532129.830  newsnr=5.14  m=(24.0,6.0) s=+0.00  mc=10.0
  H1 trigger  t=1187532134.107  newsnr=5.15  m=(44.0,11.0) s=+0.00  mc=18.3
  H1 trigger  t=1187532138.456  newsnr=5.07  m=(6.0,6.0) s=+0.00  mc=5.2
  H1 trigger  t=1187532143.078  newsnr=5.80  m=(9.6,2.4) s=+0.00  mc=4.0
  H1 trigger  t=1187532151.379  newsnr=5.56  m=(43.3,21.7) s=+0.00  mc=26.4
  H1 trigger  t=1187532160.687  newsnr=5.44  m=(7.2,4.8) s=+0.00  mc=5.1
  H1 trigger  t=1187532174.463  newsnr=5.01  m=(6.0,6.0) s=+0.00  mc=5.2
  H1 trigger  t=1187532192.279  newsnr=5.56  m=(24.0,6.0) s=+0.00  mc=10.0
  H1 trigger  t=1187532202.931  newsnr=5.19  m=(36.0,9.0) s=+0.00  mc=15.0
  H1 trigger  t=1187532208.528  newsnr=5.84  m=(27.5,27.5) s=+0.00  mc=23.9
  H1 trigger  t=1187532215.836  newsnr=5.61  m=(12.0,8.0) s=+0.00  mc=8.5
  H1 trigger  t=1187532232.477  newsnr=5.09  m=(15.0,15.0) s=+0.00  mc=13.1
  H1 trigger  t=1187532244.996  newsnr=5.08  m=(24.0,6.0) s=+0.00  mc=10.0
  H1 trigger  t=1187532251.015  newsnr=5.11  m=(12.0,8.0) s=+0.00  mc=8.5
  H1 trigger  t=1187532256.317  newsnr=5.07  m=(6.7,5.3) s=+0.00  mc=5.2
  H1 trigger  t=1187532259.805  newsnr=5.44  m=(32.5,32.5) s=+0.00  mc=28.3
  H1 trigger  t=1187532267.155  newsnr=5.14  m=(44.0,11.0) s=+0.00  mc=18.3
  H1 trigger  t=1187532268.359  newsnr=5.21  m=(6.7,5.3) s=+0.00  mc=5.2
  H1 trigger  t=1187532277.398  newsnr=5.04  m=(30.0,15.0) s=+0.00  mc=18.3
  H1 trigger  t=1187532280.142  newsnr=5.15  m=(27.5,27.5) s=+0.00  mc=23.9
  H1 trigger  t=1187532282.272  newsnr=5.04  m=(57.6,14.4) s=+0.00  mc=24.0
  H1 trigger  t=1187532286.614  newsnr=5.40  m=(36.0,36.0) s=+0.00  mc=31.3
  H1 trigger  t=1187532296.603  newsnr=5.95  m=(15.0,15.0) s=+0.00  mc=13.1
  H1 trigger  t=1187532302.106  newsnr=5.25  m=(10.0,10.0) s=+0.00  mc=8.7
  H1 trigger  t=1187532305.705  newsnr=5.05  m=(24.0,6.0) s=+0.00  mc=10.0
  H1 trigger  t=1187532318.023  newsnr=5.06  m=(43.2,28.8) s=+0.00  mc=30.6
  H1 trigger  t=1187532334.470  newsnr=6.13  m=(32.5,32.5) s=+0.00  mc=28.3
  H1 trigger  t=1187532348.383  newsnr=5.01  m=(16.7,13.3) s=+0.00  mc=13.0
  H1 trigger  t=1187532351.464  newsnr=5.19  m=(6.0,6.0) s=+0.00  mc=5.2
  H1 trigger  t=1187532354.853  newsnr=5.09  m=(12.0,8.0) s=+0.00  mc=8.5
  H1 trigger  t=1187532356.124  newsnr=5.38  m=(36.0,9.0) s=+0.00  mc=15.0
  H1 trigger  t=1187532375.379  newsnr=5.62  m=(8.0,4.0) s=+0.00  mc=4.9
  H1 trigger  t=1187532377.960  newsnr=5.27  m=(41.2,13.8) s=+0.00  mc=20.1
  H1 trigger  t=1187532379.095  newsnr=5.08  m=(27.0,18.0) s=+0.00  mc=19.1
  H1 trigger  t=1187532382.920  newsnr=5.18  m=(15.0,15.0) s=+0.00  mc=13.1
  H1 trigger  t=1187532389.415  newsnr=5.17  m=(33.8,11.2) s=+0.00  mc=16.5
  H1 trigger  t=1187532421.731  newsnr=5.17  m=(30.0,15.0) s=+0.00  mc=18.3
  H1 trigger  t=1187532445.771  newsnr=5.25  m=(27.0,18.0) s=+0.00  mc=19.1
  H1 trigger  t=1187532447.221  newsnr=5.45  m=(54.0,18.0) s=+0.00  mc=26.4
  H1 trigger  t=1187532463.300  newsnr=5.09  m=(27.5,27.5) s=+0.00  mc=23.9
  H1 trigger  t=1187532464.887  newsnr=5.31  m=(33.0,22.0) s=+0.00  mc=23.4
  H1 trigger  t=1187532471.030  newsnr=5.72  m=(16.7,13.3) s=+0.00  mc=13.0
  H1 trigger  t=1187532477.653  newsnr=5.15  m=(15.0,5.0) s=+0.00  mc=7.3
  H1 trigger  t=1187532483.358  newsnr=5.29  m=(20.0,10.0) s=+0.00  mc=12.2
  H1 trigger  t=1187532484.895  newsnr=5.21  m=(41.2,13.8) s=+0.00  mc=20.1
  H1 trigger  t=1187532487.063  newsnr=5.09  m=(16.0,4.0) s=+0.00  mc=6.7
  H1 trigger  t=1187532493.251  newsnr=5.17  m=(36.7,18.3) s=+0.00  mc=22.3
  H1 trigger  t=1187532533.652  newsnr=5.17  m=(20.0,10.0) s=+0.00  mc=12.2
  H1 trigger  t=1187532535.793  newsnr=5.03  m=(20.0,10.0) s=+0.00  mc=12.2
  H1 trigger  t=1187532538.412  newsnr=5.04  m=(18.0,12.0) s=+0.00  mc=12.7
  H1 trigger  t=1187532539.841  newsnr=5.24  m=(8.0,4.0) s=+0.00  mc=4.9
  H1 trigger  t=1187532544.301  newsnr=5.09  m=(36.0,9.0) s=+0.00  mc=15.0
  H1 trigger  t=1187532553.496  newsnr=5.64  m=(18.0,12.0) s=+0.00  mc=12.7
  H1 trigger  t=1187532561.866  newsnr=5.23  m=(18.0,12.0) s=+0.00  mc=12.7
  H1 trigger  t=1187532591.221  newsnr=5.06  m=(20.0,10.0) s=+0.00  mc=12.2
  H1 trigger  t=1187532598.746  newsnr=5.22  m=(30.0,15.0) s=+0.00  mc=18.3
  H1 trigger  t=1187532608.430  newsnr=5.05  m=(16.0,4.0) s=+0.00  mc=6.7
  H1 trigger  t=1187532609.499  newsnr=5.29  m=(9.6,2.4) s=+0.00  mc=4.0
  H1 trigger  t=1187532620.011  newsnr=5.02  m=(7.2,4.8) s=+0.00  mc=5.1
  H1 trigger  t=1187532623.551  newsnr=5.01  m=(6.0,6.0) s=+0.00  mc=5.2
  H1 trigger  t=1187532626.175  newsnr=5.54  m=(9.6,2.4) s=+0.00  mc=4.0
  H1 trigger  t=1187532629.982  newsnr=5.10  m=(22.5,7.5) s=+0.00  mc=11.0
  H1 trigger  t=1187532636.657  newsnr=5.08  m=(18.0,12.0) s=+0.00  mc=12.7
  H1 trigger  t=1187532650.910  newsnr=5.41  m=(24.0,6.0) s=+0.00  mc=10.0
  H1 trigger  t=1187532654.275  newsnr=5.07  m=(13.3,6.7) s=+0.00  mc=8.1
  H1 trigger  t=1187532660.915  newsnr=5.11  m=(20.0,10.0) s=+0.00  mc=12.2
  H1 trigger  t=1187532664.407  newsnr=5.06  m=(9.6,2.4) s=+0.00  mc=4.0
  H1 trigger  t=1187532667.118  newsnr=5.18  m=(11.1,8.9) s=+0.00  mc=8.6
  H1 trigger  t=1187532683.851  newsnr=5.75  m=(24.0,6.0) s=+0.00  mc=10.0
  H1 trigger  t=1187532698.678  newsnr=5.48  m=(22.5,7.5) s=+0.00  mc=11.0
  H1 trigger  t=1187532700.632  newsnr=5.04  m=(22.5,22.5) s=+0.00  mc=19.6
  H1 trigger  t=1187532702.750  newsnr=5.26  m=(33.8,11.2) s=+0.00  mc=16.5
  H1 trigger  t=1187532706.111  newsnr=5.08  m=(8.0,4.0) s=+0.00  mc=4.9
  H1 trigger  t=1187532713.192  newsnr=5.09  m=(6.7,5.3) s=+0.00  mc=5.2
  H1 trigger  t=1187532716.033  newsnr=5.65  m=(22.5,7.5) s=+0.00  mc=11.0
  H1 trigger  t=1187532723.398  newsnr=5.29  m=(16.0,4.0) s=+0.00  mc=6.7
  H1 trigger  t=1187532731.049  newsnr=5.06  m=(7.2,4.8) s=+0.00  mc=5.1
  H1 trigger  t=1187532733.189  newsnr=5.47  m=(36.0,36.0) s=+0.00  mc=31.3
  H1 trigger  t=1187532737.161  newsnr=5.44  m=(36.0,9.0) s=+0.00  mc=15.0
  H1 trigger  t=1187532742.528  newsnr=5.11  m=(12.0,8.0) s=+0.00  mc=8.5
  L1 trigger  t=1187528713.981  newsnr=5.24  m=(25.0,20.0) s=+0.00  mc=19.4
  L1 trigger  t=1187528715.246  newsnr=5.03  m=(30.0,15.0) s=+0.00  mc=18.3
  L1 trigger  t=1187528717.619  newsnr=5.88  m=(9.0,3.0) s=+0.00  mc=4.4
  L1 trigger  t=1187528721.310  newsnr=5.14  m=(54.0,18.0) s=+0.00  mc=26.4
  L1 trigger  t=1187528733.363  newsnr=5.35  m=(55.6,44.4) s=+0.00  mc=43.2
  L1 trigger  t=1187528739.049  newsnr=5.07  m=(56.7,28.3) s=+0.00  mc=34.5
  L1 trigger  t=1187528748.751  newsnr=5.05  m=(33.8,11.2) s=+0.00  mc=16.5
  L1 trigger  t=1187528749.962  newsnr=5.47  m=(44.0,11.0) s=+0.00  mc=18.3
  L1 trigger  t=1187528751.219  newsnr=5.08  m=(22.5,22.5) s=+0.00  mc=19.6
  L1 trigger  t=1187528758.619  newsnr=5.00  m=(36.7,18.3) s=+0.00  mc=22.3
  L1 trigger  t=1187528762.303  newsnr=5.26  m=(44.0,11.0) s=+0.00  mc=18.3
  L1 trigger  t=1187528763.979  newsnr=5.52  m=(13.3,6.7) s=+0.00  mc=8.1
  L1 trigger  t=1187528777.605  newsnr=5.33  m=(33.0,22.0) s=+0.00  mc=23.4
  L1 trigger  t=1187528823.744  newsnr=5.73  m=(41.2,13.8) s=+0.00  mc=20.1
  L1 trigger  t=1187528825.101  newsnr=5.05  m=(54.0,18.0) s=+0.00  mc=26.4
  L1 trigger  t=1187528832.294  newsnr=5.29  m=(32.5,32.5) s=+0.00  mc=28.3
  L1 trigger  t=1187528843.010  newsnr=5.61  m=(75.0,25.0) s=+0.00  mc=36.6
  L1 trigger  t=1187528858.206  newsnr=5.27  m=(22.5,22.5) s=+0.00  mc=19.6
  L1 trigger  t=1187528880.515  newsnr=5.26  m=(7.2,4.8) s=+0.00  mc=5.1
  L1 trigger  t=1187528887.053  newsnr=5.56  m=(68.0,17.0) s=+0.00  mc=28.3
  L1 trigger  t=1187528895.442  newsnr=5.30  m=(16.7,13.3) s=+0.00  mc=13.0
  L1 trigger  t=1187528899.720  newsnr=5.28  m=(22.5,7.5) s=+0.00  mc=11.0
  L1 trigger  t=1187528910.158  newsnr=5.10  m=(11.1,8.9) s=+0.00  mc=8.6
  L1 trigger  t=1187528927.681  newsnr=5.15  m=(10.0,10.0) s=+0.00  mc=8.7
  L1 trigger  t=1187528928.863  newsnr=5.04  m=(10.0,10.0) s=+0.00  mc=8.7
  L1 trigger  t=1187528930.055  newsnr=5.90  m=(24.0,6.0) s=+0.00  mc=10.0
  L1 trigger  t=1187528936.208  newsnr=5.01  m=(7.2,4.8) s=+0.00  mc=5.1
  L1 trigger  t=1187528939.966  newsnr=5.78  m=(50.0,50.0) s=+0.00  mc=43.5
  L1 trigger  t=1187528941.709  newsnr=5.30  m=(15.0,15.0) s=+0.00  mc=13.1
  L1 trigger  t=1187528945.468  newsnr=5.11  m=(13.3,6.7) s=+0.00  mc=8.1
  L1 trigger  t=1187528950.433  newsnr=5.89  m=(24.0,6.0) s=+0.00  mc=10.0
  L1 trigger  t=1187528953.918  newsnr=5.06  m=(48.8,16.2) s=+0.00  mc=23.8
  L1 trigger  t=1187528955.233  newsnr=5.41  m=(30.0,15.0) s=+0.00  mc=18.3
  L1 trigger  t=1187528957.247  newsnr=5.09  m=(36.0,9.0) s=+0.00  mc=15.0
  L1 trigger  t=1187528958.839  newsnr=5.37  m=(30.0,15.0) s=+0.00  mc=18.3
  L1 trigger  t=1187528960.671  newsnr=5.27  m=(18.0,12.0) s=+0.00  mc=12.7
  L1 trigger  t=1187528968.000  newsnr=5.10  m=(6.7,5.3) s=+0.00  mc=5.2
  L1 trigger  t=1187528975.831  newsnr=5.33  m=(48.0,24.0) s=+0.00  mc=29.2
  L1 trigger  t=1187528997.350  newsnr=5.41  m=(63.8,21.2) s=+0.00  mc=31.1
  L1 trigger  t=1187529002.206  newsnr=5.01  m=(18.0,12.0) s=+0.00  mc=12.7
  L1 trigger  t=1187529007.790  newsnr=5.31  m=(15.0,5.0) s=+0.00  mc=7.3
  L1 trigger  t=1187529010.600  newsnr=5.02  m=(48.0,24.0) s=+0.00  mc=29.2
  L1 trigger  t=1187529012.101  newsnr=5.11  m=(11.1,8.9) s=+0.00  mc=8.6
  L1 trigger  t=1187529014.230  newsnr=5.16  m=(13.3,6.7) s=+0.00  mc=8.1
  L1 trigger  t=1187529018.427  newsnr=5.02  m=(16.7,13.3) s=+0.00  mc=13.0
  L1 trigger  t=1187529021.519  newsnr=5.57  m=(7.2,4.8) s=+0.00  mc=5.1
  L1 trigger  t=1187529023.701  newsnr=6.09  m=(16.7,13.3) s=+0.00  mc=13.0
  L1 trigger  t=1187529025.017  newsnr=5.36  m=(39.0,26.0) s=+0.00  mc=27.6
  L1 trigger  t=1187529027.197  newsnr=5.05  m=(36.1,28.9) s=+0.00  mc=28.1
  L1 trigger  t=1187529030.514  newsnr=5.02  m=(41.2,13.8) s=+0.00  mc=20.1
  L1 trigger  t=1187529035.769  newsnr=5.07  m=(24.0,6.0) s=+0.00  mc=10.0
  L1 trigger  t=1187529058.142  newsnr=5.04  m=(36.0,9.0) s=+0.00  mc=15.0
  L1 trigger  t=1187529061.733  newsnr=5.20  m=(9.0,3.0) s=+0.00  mc=4.4
  L1 trigger  t=1187529069.259  newsnr=5.10  m=(9.0,3.0) s=+0.00  mc=4.4
  L1 trigger  t=1187529070.998  newsnr=5.29  m=(22.5,7.5) s=+0.00  mc=11.0
  L1 trigger  t=1187529073.045  newsnr=5.26  m=(24.0,6.0) s=+0.00  mc=10.0
  L1 trigger  t=1187529074.190  newsnr=5.49  m=(30.0,15.0) s=+0.00  mc=18.3
  L1 trigger  t=1187529105.952  newsnr=5.39  m=(33.8,11.2) s=+0.00  mc=16.5
  L1 trigger  t=1187529106.975  newsnr=5.51  m=(18.0,12.0) s=+0.00  mc=12.7
  L1 trigger  t=1187529111.239  newsnr=5.33  m=(36.7,18.3) s=+0.00  mc=22.3
  L1 trigger  t=1187529113.816  newsnr=6.09  m=(48.8,16.2) s=+0.00  mc=23.8
  L1 trigger  t=1187529116.523  newsnr=5.30  m=(8.0,4.0) s=+0.00  mc=4.9
  L1 trigger  t=1187529138.728  newsnr=5.34  m=(18.0,12.0) s=+0.00  mc=12.7
  L1 trigger  t=1187529144.481  newsnr=5.34  m=(12.0,8.0) s=+0.00  mc=8.5
  L1 trigger  t=1187529145.912  newsnr=5.31  m=(11.1,8.9) s=+0.00  mc=8.6
  L1 trigger  t=1187529149.874  newsnr=5.45  m=(11.1,8.9) s=+0.00  mc=8.6
  L1 trigger  t=1187529157.441  newsnr=5.12  m=(15.0,5.0) s=+0.00  mc=7.3
  L1 trigger  t=1187529158.624  newsnr=5.42  m=(41.2,13.8) s=+0.00  mc=20.1
  L1 trigger  t=1187529160.431  newsnr=5.58  m=(15.0,15.0) s=+0.00  mc=13.1
  L1 trigger  t=1187529170.695  newsnr=5.33  m=(80.0,20.0) s=+0.00  mc=33.3
  L1 trigger  t=1187529175.656  newsnr=5.04  m=(16.7,13.3) s=+0.00  mc=13.0
  L1 trigger  t=1187529178.043  newsnr=5.03  m=(63.8,21.2) s=+0.00  mc=31.1
  L1 trigger  t=1187529180.227  newsnr=5.05  m=(9.0,3.0) s=+0.00  mc=4.4
  L1 trigger  t=1187529181.279  newsnr=5.29  m=(33.0,22.0) s=+0.00  mc=23.4
  L1 trigger  t=1187529182.561  newsnr=5.02  m=(6.7,5.3) s=+0.00  mc=5.2
  L1 trigger  t=1187529193.219  newsnr=5.54  m=(52.0,13.0) s=+0.00  mc=21.6
  L1 trigger  t=1187529201.556  newsnr=5.10  m=(52.0,13.0) s=+0.00  mc=21.6
  L1 trigger  t=1187529218.560  newsnr=5.14  m=(63.8,21.2) s=+0.00  mc=31.1
  L1 trigger  t=1187529229.363  newsnr=5.74  m=(36.0,9.0) s=+0.00  mc=15.0
  L1 trigger  t=1187529244.654  newsnr=5.22  m=(16.7,13.3) s=+0.00  mc=13.0
  L1 trigger  t=1187529246.669  newsnr=5.24  m=(41.2,13.8) s=+0.00  mc=20.1
  L1 trigger  t=1187529253.125  newsnr=5.27  m=(11.1,8.9) s=+0.00  mc=8.6
  L1 trigger  t=1187529256.518  newsnr=9.13  m=(42.5,42.5) s=+0.00  mc=37.0
  L1 trigger  t=1187529259.870  newsnr=5.01  m=(11.1,8.9) s=+0.00  mc=8.6
  L1 trigger  t=1187529261.505  newsnr=5.67  m=(68.0,17.0) s=+0.00  mc=28.3
  L1 trigger  t=1187529284.666  newsnr=5.22  m=(9.0,3.0) s=+0.00  mc=4.4
  L1 trigger  t=1187529288.149  newsnr=5.27  m=(12.0,8.0) s=+0.00  mc=8.5
  L1 trigger  t=1187529294.419  newsnr=5.04  m=(75.0,25.0) s=+0.00  mc=36.6
  L1 trigger  t=1187529299.677  newsnr=5.21  m=(24.0,6.0) s=+0.00  mc=10.0
  L1 trigger  t=1187529303.022  newsnr=5.51  m=(63.8,21.2) s=+0.00  mc=31.1
  L1 trigger  t=1187529304.505  newsnr=5.33  m=(33.8,11.2) s=+0.00  mc=16.5
  L1 trigger  t=1187529305.841  newsnr=5.59  m=(15.0,15.0) s=+0.00  mc=13.1
  L1 trigger  t=1187529309.698  newsnr=5.53  m=(16.7,13.3) s=+0.00  mc=13.0
  L1 trigger  t=1187529315.948  newsnr=5.94  m=(41.2,13.8) s=+0.00  mc=20.1
  L1 trigger  t=1187529343.558  newsnr=5.44  m=(15.0,15.0) s=+0.00  mc=13.1
  L1 trigger  t=1187529345.339  newsnr=5.02  m=(16.0,4.0) s=+0.00  mc=6.7
  L1 trigger  t=1187529350.774  newsnr=5.30  m=(8.0,4.0) s=+0.00  mc=4.9
  L1 trigger  t=1187529353.997  newsnr=5.44  m=(24.0,6.0) s=+0.00  mc=10.0
  L1 trigger  t=1187529358.943  newsnr=5.26  m=(20.0,10.0) s=+0.00  mc=12.2
  L1 trigger  t=1187529365.906  newsnr=5.25  m=(24.0,6.0) s=+0.00  mc=10.0
  L1 trigger  t=1187529371.216  newsnr=5.44  m=(27.0,18.0) s=+0.00  mc=19.1
  L1 trigger  t=1187529377.836  newsnr=5.25  m=(57.6,14.4) s=+0.00  mc=24.0
  L1 trigger  t=1187529395.568  newsnr=5.18  m=(54.0,18.0) s=+0.00  mc=26.4
  L1 trigger  t=1187529398.665  newsnr=5.48  m=(39.0,26.0) s=+0.00  mc=27.6
  L1 trigger  t=1187529402.103  newsnr=5.07  m=(25.0,20.0) s=+0.00  mc=19.4
  L1 trigger  t=1187529409.762  newsnr=5.94  m=(18.0,12.0) s=+0.00  mc=12.7
  L1 trigger  t=1187529416.335  newsnr=6.42  m=(33.8,11.2) s=+0.00  mc=16.5
  L1 trigger  t=1187529418.146  newsnr=5.27  m=(66.7,33.3) s=+0.00  mc=40.6
  L1 trigger  t=1187529420.657  newsnr=5.13  m=(24.0,6.0) s=+0.00  mc=10.0
  L1 trigger  t=1187529421.790  newsnr=5.74  m=(41.2,13.8) s=+0.00  mc=20.1
  L1 trigger  t=1187529427.101  newsnr=5.26  m=(44.0,11.0) s=+0.00  mc=18.3
  L1 trigger  t=1187529431.620  newsnr=5.31  m=(9.0,3.0) s=+0.00  mc=4.4
  L1 trigger  t=1187529433.009  newsnr=5.38  m=(22.5,7.5) s=+0.00  mc=11.0
  L1 trigger  t=1187529439.797  newsnr=5.04  m=(48.8,16.2) s=+0.00  mc=23.8
  L1 trigger  t=1187529446.752  newsnr=5.05  m=(63.8,21.2) s=+0.00  mc=31.1
  L1 trigger  t=1187529450.575  newsnr=5.49  m=(13.3,6.7) s=+0.00  mc=8.1
  L1 trigger  t=1187529453.655  newsnr=5.11  m=(16.0,4.0) s=+0.00  mc=6.7
  L1 trigger  t=1187529456.082  newsnr=5.45  m=(41.2,13.8) s=+0.00  mc=20.1
  L1 trigger  t=1187529460.280  newsnr=5.12  m=(15.0,15.0) s=+0.00  mc=13.1
  L1 trigger  t=1187529462.673  newsnr=5.92  m=(44.0,11.0) s=+0.00  mc=18.3
  L1 trigger  t=1187529463.788  newsnr=5.26  m=(36.7,18.3) s=+0.00  mc=22.3
  L1 trigger  t=1187529466.002  newsnr=5.34  m=(54.0,18.0) s=+0.00  mc=26.4
  L1 trigger  t=1187529468.258  newsnr=5.48  m=(12.0,8.0) s=+0.00  mc=8.5
  L1 trigger  t=1187529469.652  newsnr=5.23  m=(16.0,4.0) s=+0.00  mc=6.7
  L1 trigger  t=1187529473.109  newsnr=5.40  m=(41.2,13.8) s=+0.00  mc=20.1
  L1 trigger  t=1187529479.625  newsnr=5.18  m=(33.0,22.0) s=+0.00  mc=23.4
  L1 trigger  t=1187529485.588  newsnr=5.10  m=(6.7,5.3) s=+0.00  mc=5.2
  L1 trigger  t=1187529490.094  newsnr=5.22  m=(43.3,21.7) s=+0.00  mc=26.4
  L1 trigger  t=1187529493.341  newsnr=5.58  m=(27.5,27.5) s=+0.00  mc=23.9
  L1 trigger  t=1187529495.654  newsnr=5.50  m=(18.0,12.0) s=+0.00  mc=12.7
  L1 trigger  t=1187529501.397  newsnr=5.03  m=(10.0,10.0) s=+0.00  mc=8.7
  L1 trigger  t=1187529516.368  newsnr=5.11  m=(51.0,34.0) s=+0.00  mc=36.1
  L1 trigger  t=1187529529.704  newsnr=5.02  m=(11.1,8.9) s=+0.00  mc=8.6
  L1 trigger  t=1187529531.911  newsnr=5.08  m=(10.0,10.0) s=+0.00  mc=8.7
  L1 trigger  t=1187529534.428  newsnr=6.27  m=(33.0,22.0) s=+0.00  mc=23.4
  L1 trigger  t=1187529536.165  newsnr=5.02  m=(56.7,28.3) s=+0.00  mc=34.5
  L1 trigger  t=1187529537.985  newsnr=5.31  m=(36.7,18.3) s=+0.00  mc=22.3
  L1 trigger  t=1187529539.848  newsnr=5.11  m=(9.6,2.4) s=+0.00  mc=4.0
  L1 trigger  t=1187529549.151  newsnr=5.07  m=(16.7,13.3) s=+0.00  mc=13.0
  L1 trigger  t=1187529550.956  newsnr=5.03  m=(20.0,10.0) s=+0.00  mc=12.2
  L1 trigger  t=1187529557.046  newsnr=5.16  m=(12.0,8.0) s=+0.00  mc=8.5
  L1 trigger  t=1187529559.133  newsnr=5.34  m=(16.0,4.0) s=+0.00  mc=6.7
  L1 trigger  t=1187529563.845  newsnr=5.08  m=(42.5,42.5) s=+0.00  mc=37.0
  L1 trigger  t=1187529566.278  newsnr=5.54  m=(51.0,34.0) s=+0.00  mc=36.1
  L1 trigger  t=1187529567.645  newsnr=5.09  m=(22.5,7.5) s=+0.00  mc=11.0
  L1 trigger  t=1187529585.383  newsnr=5.08  m=(27.0,18.0) s=+0.00  mc=19.1
  L1 trigger  t=1187529609.412  newsnr=6.25  m=(30.0,15.0) s=+0.00  mc=18.3
  L1 trigger  t=1187529610.538  newsnr=5.22  m=(8.0,4.0) s=+0.00  mc=4.9
  L1 trigger  t=1187529627.597  newsnr=5.42  m=(63.8,21.2) s=+0.00  mc=31.1
  L1 trigger  t=1187529638.232  newsnr=5.48  m=(48.8,16.2) s=+0.00  mc=23.8
  L1 trigger  t=1187529644.273  newsnr=5.00  m=(11.1,8.9) s=+0.00  mc=8.6
  L1 trigger  t=1187529647.007  newsnr=5.10  m=(54.0,18.0) s=+0.00  mc=26.4
  L1 trigger  t=1187529657.050  newsnr=5.37  m=(33.8,11.2) s=+0.00  mc=16.5
  L1 trigger  t=1187529659.597  newsnr=5.06  m=(20.0,10.0) s=+0.00  mc=12.2
  L1 trigger  t=1187529661.833  newsnr=5.12  m=(57.6,14.4) s=+0.00  mc=24.0
  L1 trigger  t=1187529669.499  newsnr=5.26  m=(30.0,15.0) s=+0.00  mc=18.3
  L1 trigger  t=1187529676.052  newsnr=5.01  m=(16.7,13.3) s=+0.00  mc=13.0
  L1 trigger  t=1187529679.786  newsnr=5.37  m=(16.0,4.0) s=+0.00  mc=6.7
  L1 trigger  t=1187529684.551  newsnr=5.17  m=(48.8,16.2) s=+0.00  mc=23.8
  L1 trigger  t=1187529690.250  newsnr=5.13  m=(22.5,22.5) s=+0.00  mc=19.6
  L1 trigger  t=1187529696.246  newsnr=5.37  m=(36.0,9.0) s=+0.00  mc=15.0
  L1 trigger  t=1187529706.068  newsnr=5.28  m=(10.0,10.0) s=+0.00  mc=8.7
  L1 trigger  t=1187529724.055  newsnr=5.11  m=(13.3,6.7) s=+0.00  mc=8.1
  L1 trigger  t=1187529728.001  newsnr=5.01  m=(22.5,7.5) s=+0.00  mc=11.0
  L1 trigger  t=1187529730.588  newsnr=5.03  m=(6.7,5.3) s=+0.00  mc=5.2
  L1 trigger  t=1187529732.025  newsnr=5.51  m=(6.0,6.0) s=+0.00  mc=5.2
  L1 trigger  t=1187529744.696  newsnr=5.58  m=(54.0,18.0) s=+0.00  mc=26.4
  L1 trigger  t=1187529747.664  newsnr=5.28  m=(24.0,6.0) s=+0.00  mc=10.0
  L1 trigger  t=1187529749.832  newsnr=5.82  m=(41.2,13.8) s=+0.00  mc=20.1
  L1 trigger  t=1187529766.981  newsnr=5.09  m=(10.0,10.0) s=+0.00  mc=8.7
  L1 trigger  t=1187529777.663  newsnr=5.10  m=(20.0,10.0) s=+0.00  mc=12.2
  L1 trigger  t=1187529778.946  newsnr=5.09  m=(39.0,26.0) s=+0.00  mc=27.6
  L1 trigger  t=1187529780.016  newsnr=5.54  m=(9.6,2.4) s=+0.00  mc=4.0
  L1 trigger  t=1187529781.460  newsnr=5.05  m=(44.0,11.0) s=+0.00  mc=18.3
  L1 trigger  t=1187529793.202  newsnr=6.25  m=(24.0,6.0) s=+0.00  mc=10.0
  L1 trigger  t=1187529807.229  newsnr=5.49  m=(52.0,13.0) s=+0.00  mc=21.6
  L1 trigger  t=1187529816.661  newsnr=5.28  m=(9.6,2.4) s=+0.00  mc=4.0
  L1 trigger  t=1187529823.086  newsnr=5.12  m=(6.7,5.3) s=+0.00  mc=5.2
  L1 trigger  t=1187529826.876  newsnr=5.17  m=(44.0,11.0) s=+0.00  mc=18.3
  L1 trigger  t=1187529830.241  newsnr=5.70  m=(36.7,18.3) s=+0.00  mc=22.3
  L1 trigger  t=1187529835.071  newsnr=5.11  m=(36.7,18.3) s=+0.00  mc=22.3
  L1 trigger  t=1187529836.222  newsnr=5.13  m=(22.5,22.5) s=+0.00  mc=19.6
  L1 trigger  t=1187529837.308  newsnr=5.09  m=(30.0,15.0) s=+0.00  mc=18.3
  L1 trigger  t=1187529838.456  newsnr=6.00  m=(44.0,11.0) s=+0.00  mc=18.3
  L1 trigger  t=1187529873.862  newsnr=5.41  m=(6.7,5.3) s=+0.00  mc=5.2
  L1 trigger  t=1187529875.274  newsnr=5.14  m=(22.5,7.5) s=+0.00  mc=11.0
  L1 trigger  t=1187529879.992  newsnr=5.88  m=(24.0,6.0) s=+0.00  mc=10.0
  L1 trigger  t=1187529882.084  newsnr=5.85  m=(13.3,6.7) s=+0.00  mc=8.1
  L1 trigger  t=1187529884.049  newsnr=5.28  m=(66.7,33.3) s=+0.00  mc=40.6
  L1 trigger  t=1187529886.871  newsnr=5.15  m=(27.0,18.0) s=+0.00  mc=19.1
  L1 trigger  t=1187529888.785  newsnr=5.59  m=(9.0,3.0) s=+0.00  mc=4.4
  L1 trigger  t=1187529900.621  newsnr=5.02  m=(27.5,27.5) s=+0.00  mc=23.9
  L1 trigger  t=1187529911.987  newsnr=5.13  m=(16.7,13.3) s=+0.00  mc=13.0
  L1 trigger  t=1187529913.974  newsnr=5.37  m=(33.8,11.2) s=+0.00  mc=16.5
  L1 trigger  t=1187529927.346  newsnr=5.11  m=(6.0,6.0) s=+0.00  mc=5.2
  L1 trigger  t=1187529934.460  newsnr=6.04  m=(54.0,18.0) s=+0.00  mc=26.4
  L1 trigger  t=1187529937.102  newsnr=5.02  m=(11.1,8.9) s=+0.00  mc=8.6
  L1 trigger  t=1187529945.359  newsnr=5.07  m=(30.0,15.0) s=+0.00  mc=18.3
  L1 trigger  t=1187529951.813  newsnr=5.47  m=(10.0,10.0) s=+0.00  mc=8.7
  L1 trigger  t=1187529953.961  newsnr=6.32  m=(12.0,8.0) s=+0.00  mc=8.5
  L1 trigger  t=1187529956.649  newsnr=5.58  m=(7.2,4.8) s=+0.00  mc=5.1
  L1 trigger  t=1187529964.120  newsnr=5.16  m=(6.0,6.0) s=+0.00  mc=5.2
  L1 trigger  t=1187529972.501  newsnr=5.11  m=(48.8,16.2) s=+0.00  mc=23.8
  L1 trigger  t=1187529973.692  newsnr=5.58  m=(24.0,6.0) s=+0.00  mc=10.0
  L1 trigger  t=1187529977.827  newsnr=5.80  m=(22.5,7.5) s=+0.00  mc=11.0
  L1 trigger  t=1187529983.792  newsnr=5.03  m=(54.0,18.0) s=+0.00  mc=26.4
  L1 trigger  t=1187529993.118  newsnr=5.95  m=(36.0,9.0) s=+0.00  mc=15.0
  L1 trigger  t=1187529998.313  newsnr=5.21  m=(12.0,8.0) s=+0.00  mc=8.5
  L1 trigger  t=1187530003.788  newsnr=5.49  m=(13.3,6.7) s=+0.00  mc=8.1
  L1 trigger  t=1187530006.378  newsnr=5.64  m=(6.0,6.0) s=+0.00  mc=5.2
  L1 trigger  t=1187530023.357  newsnr=5.05  m=(30.0,15.0) s=+0.00  mc=18.3
  L1 trigger  t=1187530033.479  newsnr=5.15  m=(52.0,13.0) s=+0.00  mc=21.6
  L1 trigger  t=1187530063.947  newsnr=5.18  m=(15.0,5.0) s=+0.00  mc=7.3
  L1 trigger  t=1187530067.439  newsnr=5.31  m=(75.0,25.0) s=+0.00  mc=36.6
  L1 trigger  t=1187530077.251  newsnr=5.33  m=(41.2,13.8) s=+0.00  mc=20.1
  L1 trigger  t=1187530080.728  newsnr=5.02  m=(13.3,6.7) s=+0.00  mc=8.1
  L1 trigger  t=1187530083.398  newsnr=5.26  m=(80.0,20.0) s=+0.00  mc=33.3
  L1 trigger  t=1187530085.453  newsnr=5.11  m=(16.0,4.0) s=+0.00  mc=6.7
  L1 trigger  t=1187530097.446  newsnr=5.38  m=(80.0,20.0) s=+0.00  mc=33.3
  L1 trigger  t=1187530099.842  newsnr=5.22  m=(20.0,10.0) s=+0.00  mc=12.2
  L1 trigger  t=1187530100.939  newsnr=5.27  m=(24.0,6.0) s=+0.00  mc=10.0
  L1 trigger  t=1187530103.971  newsnr=5.18  m=(57.6,14.4) s=+0.00  mc=24.0
  L1 trigger  t=1187530105.594  newsnr=5.32  m=(48.0,24.0) s=+0.00  mc=29.2
  L1 trigger  t=1187530112.382  newsnr=5.28  m=(8.0,4.0) s=+0.00  mc=4.9
  L1 trigger  t=1187530119.741  newsnr=5.31  m=(57.6,14.4) s=+0.00  mc=24.0
  L1 trigger  t=1187530122.576  newsnr=5.22  m=(6.7,5.3) s=+0.00  mc=5.2
  L1 trigger  t=1187530125.590  newsnr=5.06  m=(33.8,11.2) s=+0.00  mc=16.5
  L1 trigger  t=1187530127.447  newsnr=5.28  m=(13.3,6.7) s=+0.00  mc=8.1
  L1 trigger  t=1187530134.724  newsnr=5.30  m=(15.0,5.0) s=+0.00  mc=7.3
  L1 trigger  t=1187530138.732  newsnr=5.63  m=(6.0,6.0) s=+0.00  mc=5.2
  L1 trigger  t=1187530143.772  newsnr=5.64  m=(36.0,36.0) s=+0.00  mc=31.3
  L1 trigger  t=1187530146.211  newsnr=5.34  m=(36.1,28.9) s=+0.00  mc=28.1
  L1 trigger  t=1187530163.448  newsnr=5.66  m=(12.0,8.0) s=+0.00  mc=8.5
  L1 trigger  t=1187530164.888  newsnr=5.02  m=(15.0,15.0) s=+0.00  mc=13.1
  L1 trigger  t=1187530174.045  newsnr=5.06  m=(20.0,10.0) s=+0.00  mc=12.2
  L1 trigger  t=1187530177.118  newsnr=5.67  m=(22.5,7.5) s=+0.00  mc=11.0
  L1 trigger  t=1187530181.652  newsnr=5.01  m=(15.0,15.0) s=+0.00  mc=13.1
  L1 trigger  t=1187530199.535  newsnr=5.03  m=(33.8,11.2) s=+0.00  mc=16.5
  L1 trigger  t=1187530202.652  newsnr=5.48  m=(41.2,13.8) s=+0.00  mc=20.1
  L1 trigger  t=1187530206.014  newsnr=5.10  m=(7.2,4.8) s=+0.00  mc=5.1
  L1 trigger  t=1187530211.084  newsnr=5.75  m=(36.0,36.0) s=+0.00  mc=31.3
  L1 trigger  t=1187530212.612  newsnr=5.08  m=(9.0,3.0) s=+0.00  mc=4.4
  L1 trigger  t=1187530215.977  newsnr=5.48  m=(68.0,17.0) s=+0.00  mc=28.3
  L1 trigger  t=1187530217.951  newsnr=5.20  m=(60.0,40.0) s=+0.00  mc=42.5
  L1 trigger  t=1187530221.942  newsnr=5.05  m=(36.0,9.0) s=+0.00  mc=15.0
  L1 trigger  t=1187530224.277  newsnr=5.33  m=(20.0,10.0) s=+0.00  mc=12.2
  L1 trigger  t=1187530228.868  newsnr=5.14  m=(48.8,16.2) s=+0.00  mc=23.8
  L1 trigger  t=1187530232.656  newsnr=5.07  m=(22.5,7.5) s=+0.00  mc=11.0
  L1 trigger  t=1187530245.892  newsnr=5.13  m=(18.0,12.0) s=+0.00  mc=12.7
  L1 trigger  t=1187530247.092  newsnr=5.36  m=(7.2,4.8) s=+0.00  mc=5.1
  L1 trigger  t=1187530255.638  newsnr=5.20  m=(36.7,18.3) s=+0.00  mc=22.3
  L1 trigger  t=1187530259.766  newsnr=5.00  m=(36.0,9.0) s=+0.00  mc=15.0
  L1 trigger  t=1187530262.803  newsnr=5.39  m=(11.1,8.9) s=+0.00  mc=8.6
  L1 trigger  t=1187530274.004  newsnr=5.01  m=(6.0,6.0) s=+0.00  mc=5.2
  L1 trigger  t=1187530276.615  newsnr=5.40  m=(57.6,14.4) s=+0.00  mc=24.0
  L1 trigger  t=1187530281.080  newsnr=5.53  m=(15.0,15.0) s=+0.00  mc=13.1
  L1 trigger  t=1187530287.591  newsnr=5.17  m=(33.0,22.0) s=+0.00  mc=23.4
  L1 trigger  t=1187530296.718  newsnr=5.06  m=(22.5,7.5) s=+0.00  mc=11.0
  L1 trigger  t=1187530303.552  newsnr=5.08  m=(15.0,5.0) s=+0.00  mc=7.3
  L1 trigger  t=1187530307.314  newsnr=5.00  m=(8.0,4.0) s=+0.00  mc=4.9
  L1 trigger  t=1187530329.477  newsnr=5.00  m=(41.2,13.8) s=+0.00  mc=20.1
  L1 trigger  t=1187530338.108  newsnr=5.17  m=(57.6,14.4) s=+0.00  mc=24.0
  L1 trigger  t=1187530347.882  newsnr=5.19  m=(12.0,8.0) s=+0.00  mc=8.5
  L1 trigger  t=1187530350.393  newsnr=5.68  m=(41.2,13.8) s=+0.00  mc=20.1
  L1 trigger  t=1187530353.193  newsnr=5.39  m=(18.0,12.0) s=+0.00  mc=12.7
  L1 trigger  t=1187530359.151  newsnr=5.04  m=(44.0,11.0) s=+0.00  mc=18.3
  L1 trigger  t=1187530362.653  newsnr=5.59  m=(68.0,17.0) s=+0.00  mc=28.3
  L1 trigger  t=1187530371.433  newsnr=5.22  m=(16.7,13.3) s=+0.00  mc=13.0
  L1 trigger  t=1187530373.771  newsnr=5.17  m=(22.5,7.5) s=+0.00  mc=11.0
  L1 trigger  t=1187530375.469  newsnr=5.09  m=(42.5,42.5) s=+0.00  mc=37.0
  L1 trigger  t=1187530382.101  newsnr=5.04  m=(56.7,28.3) s=+0.00  mc=34.5
  L1 trigger  t=1187530387.274  newsnr=5.21  m=(36.0,9.0) s=+0.00  mc=15.0
  L1 trigger  t=1187530393.417  newsnr=5.95  m=(30.0,15.0) s=+0.00  mc=18.3
  L1 trigger  t=1187530409.164  newsnr=5.21  m=(13.3,6.7) s=+0.00  mc=8.1
  L1 trigger  t=1187530421.631  newsnr=5.18  m=(12.0,8.0) s=+0.00  mc=8.5
  L1 trigger  t=1187530422.839  newsnr=5.08  m=(48.0,24.0) s=+0.00  mc=29.2
  L1 trigger  t=1187530444.337  newsnr=5.33  m=(15.0,5.0) s=+0.00  mc=7.3
  L1 trigger  t=1187530446.509  newsnr=5.45  m=(30.0,15.0) s=+0.00  mc=18.3
  L1 trigger  t=1187530448.255  newsnr=5.04  m=(16.7,13.3) s=+0.00  mc=13.0
  L1 trigger  t=1187530449.935  newsnr=5.27  m=(6.7,5.3) s=+0.00  mc=5.2
  L1 trigger  t=1187530456.711  newsnr=5.89  m=(32.5,32.5) s=+0.00  mc=28.3
  L1 trigger  t=1187530469.014  newsnr=5.12  m=(57.6,14.4) s=+0.00  mc=24.0
  L1 trigger  t=1187530474.540  newsnr=5.10  m=(9.6,2.4) s=+0.00  mc=4.0
  L1 trigger  t=1187530482.391  newsnr=5.30  m=(63.8,21.2) s=+0.00  mc=31.1
  L1 trigger  t=1187530484.211  newsnr=5.49  m=(33.8,11.2) s=+0.00  mc=16.5
  L1 trigger  t=1187530488.199  newsnr=5.53  m=(32.5,32.5) s=+0.00  mc=28.3
  L1 trigger  t=1187530492.139  newsnr=5.46  m=(27.5,27.5) s=+0.00  mc=23.9
  L1 trigger  t=1187530493.247  newsnr=5.33  m=(6.7,5.3) s=+0.00  mc=5.2
  L1 trigger  t=1187530497.909  newsnr=5.53  m=(30.0,15.0) s=+0.00  mc=18.3
  L1 trigger  t=1187530501.716  newsnr=5.29  m=(10.0,10.0) s=+0.00  mc=8.7
  L1 trigger  t=1187530508.086  newsnr=5.34  m=(33.0,22.0) s=+0.00  mc=23.4
  L1 trigger  t=1187530509.249  newsnr=5.17  m=(10.0,10.0) s=+0.00  mc=8.7
  L1 trigger  t=1187530511.713  newsnr=5.11  m=(7.2,4.8) s=+0.00  mc=5.1
  L1 trigger  t=1187530524.962  newsnr=5.20  m=(15.0,5.0) s=+0.00  mc=7.3
  L1 trigger  t=1187530530.023  newsnr=5.26  m=(9.0,3.0) s=+0.00  mc=4.4
  L1 trigger  t=1187530539.282  newsnr=5.09  m=(36.7,18.3) s=+0.00  mc=22.3
  L1 trigger  t=1187530560.343  newsnr=5.18  m=(50.0,50.0) s=+0.00  mc=43.5
  L1 trigger  t=1187530565.562  newsnr=5.06  m=(7.2,4.8) s=+0.00  mc=5.1
  L1 trigger  t=1187530578.109  newsnr=5.02  m=(30.0,15.0) s=+0.00  mc=18.3
  L1 trigger  t=1187530585.156  newsnr=6.01  m=(30.6,24.4) s=+0.00  mc=23.8
  L1 trigger  t=1187530597.111  newsnr=5.23  m=(15.0,15.0) s=+0.00  mc=13.1
  L1 trigger  t=1187530613.560  newsnr=5.71  m=(20.0,10.0) s=+0.00  mc=12.2
  L1 trigger  t=1187530626.396  newsnr=5.08  m=(7.2,4.8) s=+0.00  mc=5.1
  L1 trigger  t=1187530632.869  newsnr=5.40  m=(30.6,24.4) s=+0.00  mc=23.8
  L1 trigger  t=1187530643.069  newsnr=5.34  m=(9.6,2.4) s=+0.00  mc=4.0
  L1 trigger  t=1187530651.834  newsnr=5.25  m=(20.0,10.0) s=+0.00  mc=12.2
  L1 trigger  t=1187530659.088  newsnr=5.00  m=(48.8,16.2) s=+0.00  mc=23.8
  L1 trigger  t=1187530660.522  newsnr=5.99  m=(33.8,11.2) s=+0.00  mc=16.5
  L1 trigger  t=1187530664.356  newsnr=5.09  m=(43.3,21.7) s=+0.00  mc=26.4
  L1 trigger  t=1187530669.148  newsnr=5.01  m=(7.2,4.8) s=+0.00  mc=5.1
  L1 trigger  t=1187530671.463  newsnr=5.16  m=(48.8,16.2) s=+0.00  mc=23.8
  L1 trigger  t=1187530681.953  newsnr=5.31  m=(15.0,5.0) s=+0.00  mc=7.3
  L1 trigger  t=1187530683.904  newsnr=5.77  m=(20.0,10.0) s=+0.00  mc=12.2
  L1 trigger  t=1187530690.274  newsnr=5.20  m=(10.0,10.0) s=+0.00  mc=8.7
  L1 trigger  t=1187530707.810  newsnr=5.18  m=(16.7,13.3) s=+0.00  mc=13.0
  L1 trigger  t=1187530724.945  newsnr=6.18  m=(75.0,25.0) s=+0.00  mc=36.6
  L1 trigger  t=1187530726.704  newsnr=5.13  m=(52.0,13.0) s=+0.00  mc=21.6
  L1 trigger  t=1187530736.563  newsnr=5.32  m=(44.0,11.0) s=+0.00  mc=18.3
  L1 trigger  t=1187530746.024  newsnr=5.50  m=(52.0,13.0) s=+0.00  mc=21.6
  L1 trigger  t=1187530762.183  newsnr=5.04  m=(27.5,27.5) s=+0.00  mc=23.9
  L1 trigger  t=1187530769.039  newsnr=5.14  m=(20.0,10.0) s=+0.00  mc=12.2
  L1 trigger  t=1187530779.101  newsnr=5.03  m=(36.7,18.3) s=+0.00  mc=22.3
  L1 trigger  t=1187530780.931  newsnr=5.04  m=(20.0,10.0) s=+0.00  mc=12.2
  L1 trigger  t=1187530794.766  newsnr=5.04  m=(41.2,13.8) s=+0.00  mc=20.1
  L1 trigger  t=1187530815.228  newsnr=5.51  m=(36.7,18.3) s=+0.00  mc=22.3
  L1 trigger  t=1187530817.317  newsnr=5.36  m=(30.0,15.0) s=+0.00  mc=18.3
  L1 trigger  t=1187530818.748  newsnr=5.06  m=(30.0,15.0) s=+0.00  mc=18.3
  L1 trigger  t=1187530825.951  newsnr=5.03  m=(52.0,13.0) s=+0.00  mc=21.6
  L1 trigger  t=1187530827.047  newsnr=5.32  m=(7.2,4.8) s=+0.00  mc=5.1
  L1 trigger  t=1187530831.919  newsnr=5.07  m=(36.0,9.0) s=+0.00  mc=15.0
  L1 trigger  t=1187530835.949  newsnr=5.44  m=(51.0,34.0) s=+0.00  mc=36.1
  L1 trigger  t=1187530838.470  newsnr=5.03  m=(12.0,8.0) s=+0.00  mc=8.5
  L1 trigger  t=1187530844.472  newsnr=5.27  m=(20.0,10.0) s=+0.00  mc=12.2
  L1 trigger  t=1187530858.999  newsnr=5.37  m=(16.0,4.0) s=+0.00  mc=6.7
  L1 trigger  t=1187530861.885  newsnr=5.06  m=(33.0,22.0) s=+0.00  mc=23.4
  L1 trigger  t=1187530867.723  newsnr=5.26  m=(6.0,6.0) s=+0.00  mc=5.2
  L1 trigger  t=1187530873.079  newsnr=5.31  m=(6.0,6.0) s=+0.00  mc=5.2
  L1 trigger  t=1187530874.571  newsnr=5.23  m=(22.5,7.5) s=+0.00  mc=11.0
  L1 trigger  t=1187530878.592  newsnr=5.41  m=(51.0,34.0) s=+0.00  mc=36.1
  L1 trigger  t=1187530894.740  newsnr=5.48  m=(33.8,11.2) s=+0.00  mc=16.5
  L1 trigger  t=1187530896.208  newsnr=5.16  m=(7.2,4.8) s=+0.00  mc=5.1
  L1 trigger  t=1187530897.845  newsnr=5.83  m=(36.0,9.0) s=+0.00  mc=15.0
  L1 trigger  t=1187530898.964  newsnr=5.11  m=(11.1,8.9) s=+0.00  mc=8.6
  L1 trigger  t=1187530902.258  newsnr=5.10  m=(24.0,6.0) s=+0.00  mc=10.0
  L1 trigger  t=1187530903.474  newsnr=5.22  m=(22.5,22.5) s=+0.00  mc=19.6
  L1 trigger  t=1187530912.242  newsnr=5.03  m=(42.5,42.5) s=+0.00  mc=37.0
  L1 trigger  t=1187530941.748  newsnr=5.19  m=(24.0,6.0) s=+0.00  mc=10.0
  L1 trigger  t=1187530944.826  newsnr=5.42  m=(36.0,9.0) s=+0.00  mc=15.0
  L1 trigger  t=1187530955.263  newsnr=5.15  m=(36.0,9.0) s=+0.00  mc=15.0
  L1 trigger  t=1187530958.786  newsnr=5.26  m=(36.0,9.0) s=+0.00  mc=15.0
  L1 trigger  t=1187530966.367  newsnr=5.23  m=(48.8,16.2) s=+0.00  mc=23.8
  L1 trigger  t=1187530969.715  newsnr=5.12  m=(16.7,13.3) s=+0.00  mc=13.0
  L1 trigger  t=1187530974.548  newsnr=5.21  m=(22.5,7.5) s=+0.00  mc=11.0
  L1 trigger  t=1187530980.172  newsnr=5.19  m=(22.5,22.5) s=+0.00  mc=19.6
  L1 trigger  t=1187530989.362  newsnr=5.14  m=(33.8,11.2) s=+0.00  mc=16.5
  L1 trigger  t=1187530996.898  newsnr=5.74  m=(22.5,7.5) s=+0.00  mc=11.0
  L1 trigger  t=1187531016.658  newsnr=5.18  m=(12.0,8.0) s=+0.00  mc=8.5
  L1 trigger  t=1187531026.276  newsnr=5.36  m=(80.0,20.0) s=+0.00  mc=33.3
  L1 trigger  t=1187531028.193  newsnr=5.01  m=(48.0,24.0) s=+0.00  mc=29.2
  L1 trigger  t=1187531048.587  newsnr=5.61  m=(50.0,50.0) s=+0.00  mc=43.5
  L1 trigger  t=1187531052.850  newsnr=5.25  m=(16.7,13.3) s=+0.00  mc=13.0
  L1 trigger  t=1187531055.704  newsnr=5.40  m=(9.0,3.0) s=+0.00  mc=4.4
  L1 trigger  t=1187531059.800  newsnr=5.35  m=(10.0,10.0) s=+0.00  mc=8.7
  L1 trigger  t=1187531066.616  newsnr=5.41  m=(63.8,21.2) s=+0.00  mc=31.1
  L1 trigger  t=1187531075.356  newsnr=5.17  m=(13.3,6.7) s=+0.00  mc=8.1
  L1 trigger  t=1187531087.983  newsnr=5.35  m=(6.0,6.0) s=+0.00  mc=5.2
  L1 trigger  t=1187531114.440  newsnr=5.05  m=(11.1,8.9) s=+0.00  mc=8.6
  L1 trigger  t=1187531116.422  newsnr=5.10  m=(7.2,4.8) s=+0.00  mc=5.1
  L1 trigger  t=1187531123.038  newsnr=5.29  m=(22.5,22.5) s=+0.00  mc=19.6
  L1 trigger  t=1187531131.010  newsnr=5.01  m=(6.7,5.3) s=+0.00  mc=5.2
  L1 trigger  t=1187531142.589  newsnr=5.48  m=(41.2,13.8) s=+0.00  mc=20.1
  L1 trigger  t=1187531146.091  newsnr=5.00  m=(41.2,13.8) s=+0.00  mc=20.1
  L1 trigger  t=1187531151.166  newsnr=5.10  m=(24.0,6.0) s=+0.00  mc=10.0
  L1 trigger  t=1187531157.574  newsnr=5.03  m=(16.0,4.0) s=+0.00  mc=6.7
  L1 trigger  t=1187531159.554  newsnr=5.35  m=(15.0,5.0) s=+0.00  mc=7.3
  L1 trigger  t=1187531165.172  newsnr=5.04  m=(63.8,21.2) s=+0.00  mc=31.1
  L1 trigger  t=1187531166.454  newsnr=5.08  m=(6.7,5.3) s=+0.00  mc=5.2
  L1 trigger  t=1187531176.561  newsnr=5.05  m=(16.7,13.3) s=+0.00  mc=13.0
  L1 trigger  t=1187531195.977  newsnr=5.18  m=(8.0,4.0) s=+0.00  mc=4.9
  L1 trigger  t=1187531203.273  newsnr=5.16  m=(52.0,13.0) s=+0.00  mc=21.6
  L1 trigger  t=1187531217.348  newsnr=5.59  m=(63.8,21.2) s=+0.00  mc=31.1
  L1 trigger  t=1187531222.138  newsnr=5.67  m=(57.6,14.4) s=+0.00  mc=24.0
  L1 trigger  t=1187531224.035  newsnr=5.11  m=(10.0,10.0) s=+0.00  mc=8.7
  L1 trigger  t=1187531228.429  newsnr=5.39  m=(57.6,14.4) s=+0.00  mc=24.0
  L1 trigger  t=1187531231.353  newsnr=5.04  m=(33.8,11.2) s=+0.00  mc=16.5
  L1 trigger  t=1187531234.119  newsnr=5.14  m=(41.2,13.8) s=+0.00  mc=20.1
  L1 trigger  t=1187531238.075  newsnr=5.59  m=(16.0,4.0) s=+0.00  mc=6.7
  L1 trigger  t=1187531245.165  newsnr=5.13  m=(41.2,13.8) s=+0.00  mc=20.1
  L1 trigger  t=1187531254.004  newsnr=5.09  m=(9.6,2.4) s=+0.00  mc=4.0
  L1 trigger  t=1187531287.902  newsnr=5.54  m=(43.3,21.7) s=+0.00  mc=26.4
  L1 trigger  t=1187531291.682  newsnr=5.15  m=(32.5,32.5) s=+0.00  mc=28.3
  L1 trigger  t=1187531299.186  newsnr=5.05  m=(12.0,8.0) s=+0.00  mc=8.5
  L1 trigger  t=1187531300.950  newsnr=5.01  m=(24.0,6.0) s=+0.00  mc=10.0
  L1 trigger  t=1187531304.519  newsnr=5.62  m=(7.2,4.8) s=+0.00  mc=5.1
  L1 trigger  t=1187531307.297  newsnr=5.20  m=(15.0,15.0) s=+0.00  mc=13.1
  L1 trigger  t=1187531308.429  newsnr=5.25  m=(25.0,20.0) s=+0.00  mc=19.4
  L1 trigger  t=1187531310.002  newsnr=5.16  m=(50.0,50.0) s=+0.00  mc=43.5
  L1 trigger  t=1187531320.159  newsnr=5.18  m=(15.0,5.0) s=+0.00  mc=7.3
  L1 trigger  t=1187531340.491  newsnr=5.09  m=(33.8,11.2) s=+0.00  mc=16.5
  L1 trigger  t=1187531345.308  newsnr=5.49  m=(63.8,21.2) s=+0.00  mc=31.1
  L1 trigger  t=1187531346.709  newsnr=5.59  m=(36.0,9.0) s=+0.00  mc=15.0
  L1 trigger  t=1187531348.131  newsnr=5.20  m=(20.0,10.0) s=+0.00  mc=12.2
  L1 trigger  t=1187531349.245  newsnr=5.35  m=(36.0,36.0) s=+0.00  mc=31.3
  L1 trigger  t=1187531355.173  newsnr=5.01  m=(6.0,6.0) s=+0.00  mc=5.2
  L1 trigger  t=1187531360.874  newsnr=5.07  m=(27.5,27.5) s=+0.00  mc=23.9
  L1 trigger  t=1187531362.477  newsnr=5.19  m=(50.0,50.0) s=+0.00  mc=43.5
  L1 trigger  t=1187531365.001  newsnr=5.11  m=(68.0,17.0) s=+0.00  mc=28.3
  L1 trigger  t=1187531374.217  newsnr=5.23  m=(36.0,9.0) s=+0.00  mc=15.0
  L1 trigger  t=1187531377.755  newsnr=5.08  m=(41.2,13.8) s=+0.00  mc=20.1
  L1 trigger  t=1187531391.141  newsnr=5.07  m=(22.5,7.5) s=+0.00  mc=11.0
  L1 trigger  t=1187531395.809  newsnr=5.29  m=(8.0,4.0) s=+0.00  mc=4.9
  L1 trigger  t=1187531399.383  newsnr=5.50  m=(22.5,22.5) s=+0.00  mc=19.6
  L1 trigger  t=1187531405.734  newsnr=5.53  m=(16.0,4.0) s=+0.00  mc=6.7
  L1 trigger  t=1187531408.929  newsnr=5.57  m=(16.7,13.3) s=+0.00  mc=13.0
  L1 trigger  t=1187531414.420  newsnr=5.02  m=(44.0,11.0) s=+0.00  mc=18.3
  L1 trigger  t=1187531431.188  newsnr=5.62  m=(18.0,12.0) s=+0.00  mc=12.7
  L1 trigger  t=1187531432.423  newsnr=5.01  m=(13.3,6.7) s=+0.00  mc=8.1
  L1 trigger  t=1187531437.321  newsnr=5.03  m=(9.6,2.4) s=+0.00  mc=4.0
  L1 trigger  t=1187531439.379  newsnr=5.33  m=(11.1,8.9) s=+0.00  mc=8.6
  L1 trigger  t=1187531446.202  newsnr=5.10  m=(15.0,15.0) s=+0.00  mc=13.1
  L1 trigger  t=1187531465.188  newsnr=5.55  m=(68.0,17.0) s=+0.00  mc=28.3
  L1 trigger  t=1187531466.690  newsnr=5.06  m=(7.2,4.8) s=+0.00  mc=5.1
  L1 trigger  t=1187531469.781  newsnr=5.23  m=(56.7,28.3) s=+0.00  mc=34.5
  L1 trigger  t=1187531501.333  newsnr=5.23  m=(54.0,18.0) s=+0.00  mc=26.4
  L1 trigger  t=1187531505.351  newsnr=5.28  m=(33.8,11.2) s=+0.00  mc=16.5
  L1 trigger  t=1187531508.728  newsnr=5.45  m=(24.0,6.0) s=+0.00  mc=10.0
  L1 trigger  t=1187531514.084  newsnr=5.03  m=(12.0,8.0) s=+0.00  mc=8.5
  L1 trigger  t=1187531518.001  newsnr=5.03  m=(50.0,50.0) s=+0.00  mc=43.5
  L1 trigger  t=1187531528.379  newsnr=5.12  m=(43.3,21.7) s=+0.00  mc=26.4
  L1 trigger  t=1187531530.583  newsnr=5.33  m=(20.0,10.0) s=+0.00  mc=12.2
  L1 trigger  t=1187531537.663  newsnr=5.01  m=(44.0,11.0) s=+0.00  mc=18.3
  L1 trigger  t=1187531542.087  newsnr=5.08  m=(30.6,24.4) s=+0.00  mc=23.8
  L1 trigger  t=1187531544.790  newsnr=5.02  m=(30.6,24.4) s=+0.00  mc=23.8
  L1 trigger  t=1187531546.205  newsnr=5.25  m=(15.0,15.0) s=+0.00  mc=13.1
  L1 trigger  t=1187531547.688  newsnr=5.08  m=(44.0,11.0) s=+0.00  mc=18.3
  L1 trigger  t=1187531553.651  newsnr=5.20  m=(12.0,8.0) s=+0.00  mc=8.5
  L1 trigger  t=1187531554.871  newsnr=5.14  m=(15.0,5.0) s=+0.00  mc=7.3
  L1 trigger  t=1187531558.626  newsnr=5.00  m=(33.8,11.2) s=+0.00  mc=16.5
  L1 trigger  t=1187531561.867  newsnr=5.13  m=(54.0,18.0) s=+0.00  mc=26.4
  L1 trigger  t=1187531563.985  newsnr=5.09  m=(60.0,40.0) s=+0.00  mc=42.5
  L1 trigger  t=1187531568.049  newsnr=5.36  m=(16.7,13.3) s=+0.00  mc=13.0
  L1 trigger  t=1187531576.640  newsnr=5.04  m=(13.3,6.7) s=+0.00  mc=8.1
  L1 trigger  t=1187531577.855  newsnr=5.20  m=(27.5,27.5) s=+0.00  mc=23.9
  L1 trigger  t=1187531579.389  newsnr=5.08  m=(48.0,24.0) s=+0.00  mc=29.2
  L1 trigger  t=1187531581.186  newsnr=5.12  m=(27.5,27.5) s=+0.00  mc=23.9
  L1 trigger  t=1187531582.473  newsnr=5.08  m=(25.0,20.0) s=+0.00  mc=19.4
  L1 trigger  t=1187531606.375  newsnr=5.01  m=(48.8,16.2) s=+0.00  mc=23.8
  L1 trigger  t=1187531612.846  newsnr=5.04  m=(20.0,10.0) s=+0.00  mc=12.2
  L1 trigger  t=1187531630.846  newsnr=5.31  m=(48.8,16.2) s=+0.00  mc=23.8
  L1 trigger  t=1187531632.259  newsnr=5.18  m=(9.0,3.0) s=+0.00  mc=4.4
  L1 trigger  t=1187531636.019  newsnr=5.14  m=(9.6,2.4) s=+0.00  mc=4.0
  L1 trigger  t=1187531639.709  newsnr=5.39  m=(10.0,10.0) s=+0.00  mc=8.7
  L1 trigger  t=1187531642.996  newsnr=5.05  m=(13.3,6.7) s=+0.00  mc=8.1
  L1 trigger  t=1187531644.365  newsnr=5.16  m=(25.0,20.0) s=+0.00  mc=19.4
  L1 trigger  t=1187531668.156  newsnr=5.02  m=(20.0,10.0) s=+0.00  mc=12.2
  L1 trigger  t=1187531670.071  newsnr=5.01  m=(13.3,6.7) s=+0.00  mc=8.1
  L1 trigger  t=1187531671.354  newsnr=5.02  m=(18.0,12.0) s=+0.00  mc=12.7
  L1 trigger  t=1187531672.918  newsnr=5.42  m=(15.0,5.0) s=+0.00  mc=7.3
  L1 trigger  t=1187531675.511  newsnr=5.52  m=(10.0,10.0) s=+0.00  mc=8.7
  L1 trigger  t=1187531686.865  newsnr=5.39  m=(42.5,42.5) s=+0.00  mc=37.0
  L1 trigger  t=1187531698.874  newsnr=5.11  m=(44.0,11.0) s=+0.00  mc=18.3
  L1 trigger  t=1187531703.220  newsnr=5.02  m=(22.5,22.5) s=+0.00  mc=19.6
  L1 trigger  t=1187531707.002  newsnr=5.13  m=(12.0,8.0) s=+0.00  mc=8.5
  L1 trigger  t=1187531711.190  newsnr=5.14  m=(22.5,22.5) s=+0.00  mc=19.6
  L1 trigger  t=1187531713.137  newsnr=5.05  m=(20.0,10.0) s=+0.00  mc=12.2
  L1 trigger  t=1187531715.056  newsnr=5.42  m=(22.5,22.5) s=+0.00  mc=19.6
  L1 trigger  t=1187531716.235  newsnr=5.14  m=(15.0,5.0) s=+0.00  mc=7.3
  L1 trigger  t=1187531718.144  newsnr=5.23  m=(56.7,28.3) s=+0.00  mc=34.5
  L1 trigger  t=1187531719.476  newsnr=5.57  m=(13.3,6.7) s=+0.00  mc=8.1
  L1 trigger  t=1187531722.773  newsnr=5.17  m=(27.0,18.0) s=+0.00  mc=19.1
  L1 trigger  t=1187531726.680  newsnr=5.37  m=(22.5,7.5) s=+0.00  mc=11.0
  L1 trigger  t=1187531736.592  newsnr=5.24  m=(48.8,16.2) s=+0.00  mc=23.8
  L1 trigger  t=1187531737.764  newsnr=5.11  m=(13.3,6.7) s=+0.00  mc=8.1
  L1 trigger  t=1187531748.652  newsnr=5.12  m=(16.0,4.0) s=+0.00  mc=6.7
  L1 trigger  t=1187531753.698  newsnr=5.41  m=(33.8,11.2) s=+0.00  mc=16.5
  L1 trigger  t=1187531766.314  newsnr=5.11  m=(25.0,20.0) s=+0.00  mc=19.4
  L1 trigger  t=1187531769.230  newsnr=5.20  m=(6.7,5.3) s=+0.00  mc=5.2
  L1 trigger  t=1187531770.412  newsnr=5.15  m=(48.8,16.2) s=+0.00  mc=23.8
  L1 trigger  t=1187531793.311  newsnr=5.06  m=(52.0,13.0) s=+0.00  mc=21.6
  L1 trigger  t=1187531794.589  newsnr=5.36  m=(54.0,18.0) s=+0.00  mc=26.4
  L1 trigger  t=1187531801.185  newsnr=5.17  m=(12.0,8.0) s=+0.00  mc=8.5
  L1 trigger  t=1187531830.230  newsnr=5.20  m=(22.5,7.5) s=+0.00  mc=11.0
  L1 trigger  t=1187531835.111  newsnr=5.15  m=(41.2,13.8) s=+0.00  mc=20.1
  L1 trigger  t=1187531837.836  newsnr=5.06  m=(30.0,15.0) s=+0.00  mc=18.3
  L1 trigger  t=1187531840.671  newsnr=5.40  m=(33.8,11.2) s=+0.00  mc=16.5
  L1 trigger  t=1187531845.008  newsnr=5.37  m=(10.0,10.0) s=+0.00  mc=8.7
  L1 trigger  t=1187531862.657  newsnr=5.15  m=(16.0,4.0) s=+0.00  mc=6.7
  L1 trigger  t=1187531864.098  newsnr=5.01  m=(15.0,15.0) s=+0.00  mc=13.1
  L1 trigger  t=1187531868.381  newsnr=5.24  m=(9.6,2.4) s=+0.00  mc=4.0
  L1 trigger  t=1187531877.807  newsnr=5.65  m=(8.0,4.0) s=+0.00  mc=4.9
  L1 trigger  t=1187531897.556  newsnr=5.20  m=(44.0,11.0) s=+0.00  mc=18.3
  L1 trigger  t=1187531910.034  newsnr=5.23  m=(30.0,15.0) s=+0.00  mc=18.3
  L1 trigger  t=1187531911.206  newsnr=5.03  m=(10.0,10.0) s=+0.00  mc=8.7
  L1 trigger  t=1187531915.044  newsnr=5.64  m=(13.3,6.7) s=+0.00  mc=8.1
  L1 trigger  t=1187531922.615  newsnr=5.14  m=(15.0,15.0) s=+0.00  mc=13.1
  L1 trigger  t=1187531947.442  newsnr=5.01  m=(48.8,16.2) s=+0.00  mc=23.8
  L1 trigger  t=1187531962.228  newsnr=5.42  m=(27.5,27.5) s=+0.00  mc=23.9
  L1 trigger  t=1187532002.231  newsnr=5.60  m=(27.5,27.5) s=+0.00  mc=23.9
  L1 trigger  t=1187532007.390  newsnr=5.10  m=(54.0,18.0) s=+0.00  mc=26.4
  L1 trigger  t=1187532010.788  newsnr=5.05  m=(8.0,4.0) s=+0.00  mc=4.9
  L1 trigger  t=1187532015.672  newsnr=5.01  m=(30.0,15.0) s=+0.00  mc=18.3
  L1 trigger  t=1187532016.748  newsnr=5.01  m=(22.5,7.5) s=+0.00  mc=11.0
  L1 trigger  t=1187532020.218  newsnr=5.26  m=(7.2,4.8) s=+0.00  mc=5.1
  L1 trigger  t=1187532026.292  newsnr=5.42  m=(15.0,15.0) s=+0.00  mc=13.1
  L1 trigger  t=1187532027.485  newsnr=5.85  m=(11.1,8.9) s=+0.00  mc=8.6
  L1 trigger  t=1187532032.907  newsnr=5.13  m=(9.6,2.4) s=+0.00  mc=4.0
  L1 trigger  t=1187532041.176  newsnr=5.61  m=(25.0,20.0) s=+0.00  mc=19.4
  L1 trigger  t=1187532047.872  newsnr=5.42  m=(15.0,15.0) s=+0.00  mc=13.1
  L1 trigger  t=1187532049.583  newsnr=5.76  m=(66.7,33.3) s=+0.00  mc=40.6
  L1 trigger  t=1187532057.587  newsnr=5.40  m=(13.3,6.7) s=+0.00  mc=8.1
  L1 trigger  t=1187532066.306  newsnr=5.35  m=(43.3,21.7) s=+0.00  mc=26.4
  L1 trigger  t=1187532068.124  newsnr=5.35  m=(24.0,6.0) s=+0.00  mc=10.0
  L1 trigger  t=1187532074.141  newsnr=5.40  m=(36.0,36.0) s=+0.00  mc=31.3
  L1 trigger  t=1187532077.717  newsnr=5.31  m=(15.0,15.0) s=+0.00  mc=13.1
  L1 trigger  t=1187532080.634  newsnr=5.04  m=(6.7,5.3) s=+0.00  mc=5.2
  L1 trigger  t=1187532082.029  newsnr=5.43  m=(10.0,10.0) s=+0.00  mc=8.7
  L1 trigger  t=1187532092.043  newsnr=5.18  m=(41.2,13.8) s=+0.00  mc=20.1
  L1 trigger  t=1187532093.101  newsnr=5.09  m=(11.1,8.9) s=+0.00  mc=8.6
  L1 trigger  t=1187532096.976  newsnr=5.34  m=(6.0,6.0) s=+0.00  mc=5.2
  L1 trigger  t=1187532098.952  newsnr=5.05  m=(9.6,2.4) s=+0.00  mc=4.0
  L1 trigger  t=1187532102.203  newsnr=5.17  m=(36.0,9.0) s=+0.00  mc=15.0
  L1 trigger  t=1187532103.368  newsnr=5.35  m=(11.1,8.9) s=+0.00  mc=8.6
  L1 trigger  t=1187532106.342  newsnr=5.18  m=(27.5,27.5) s=+0.00  mc=23.9
  L1 trigger  t=1187532122.010  newsnr=5.00  m=(47.2,37.8) s=+0.00  mc=36.7
  L1 trigger  t=1187532130.633  newsnr=5.29  m=(40.0,32.0) s=+0.00  mc=31.1
  L1 trigger  t=1187532135.438  newsnr=5.03  m=(18.0,12.0) s=+0.00  mc=12.7
  L1 trigger  t=1187532146.465  newsnr=5.40  m=(63.8,21.2) s=+0.00  mc=31.1
  L1 trigger  t=1187532153.134  newsnr=5.29  m=(30.0,15.0) s=+0.00  mc=18.3
  L1 trigger  t=1187532157.919  newsnr=5.42  m=(36.7,18.3) s=+0.00  mc=22.3
  L1 trigger  t=1187532163.296  newsnr=5.62  m=(33.8,11.2) s=+0.00  mc=16.5
  L1 trigger  t=1187532164.630  newsnr=5.00  m=(24.0,6.0) s=+0.00  mc=10.0
  L1 trigger  t=1187532168.639  newsnr=5.42  m=(24.0,6.0) s=+0.00  mc=10.0
  L1 trigger  t=1187532175.832  newsnr=5.31  m=(18.0,12.0) s=+0.00  mc=12.7
  L1 trigger  t=1187532182.914  newsnr=5.55  m=(9.0,3.0) s=+0.00  mc=4.4
  L1 trigger  t=1187532186.478  newsnr=5.17  m=(11.1,8.9) s=+0.00  mc=8.6
  L1 trigger  t=1187532190.738  newsnr=5.34  m=(22.5,22.5) s=+0.00  mc=19.6
  L1 trigger  t=1187532193.103  newsnr=5.23  m=(10.0,10.0) s=+0.00  mc=8.7
  L1 trigger  t=1187532203.623  newsnr=5.23  m=(20.0,10.0) s=+0.00  mc=12.2
  L1 trigger  t=1187532216.339  newsnr=5.38  m=(15.0,15.0) s=+0.00  mc=13.1
  L1 trigger  t=1187532218.035  newsnr=5.15  m=(16.7,13.3) s=+0.00  mc=13.0
  L1 trigger  t=1187532232.464  newsnr=5.05  m=(56.7,28.3) s=+0.00  mc=34.5
  L1 trigger  t=1187532246.421  newsnr=5.02  m=(54.0,18.0) s=+0.00  mc=26.4
  L1 trigger  t=1187532254.079  newsnr=5.14  m=(68.0,17.0) s=+0.00  mc=28.3
  L1 trigger  t=1187532277.343  newsnr=5.06  m=(22.5,7.5) s=+0.00  mc=11.0
  L1 trigger  t=1187532278.763  newsnr=5.04  m=(20.0,10.0) s=+0.00  mc=12.2
  L1 trigger  t=1187532280.185  newsnr=5.09  m=(42.5,42.5) s=+0.00  mc=37.0
  L1 trigger  t=1187532291.155  newsnr=5.61  m=(22.5,7.5) s=+0.00  mc=11.0
  L1 trigger  t=1187532296.873  newsnr=5.73  m=(22.5,7.5) s=+0.00  mc=11.0
  L1 trigger  t=1187532301.236  newsnr=5.41  m=(11.1,8.9) s=+0.00  mc=8.6
  L1 trigger  t=1187532309.476  newsnr=5.24  m=(44.0,11.0) s=+0.00  mc=18.3
  L1 trigger  t=1187532316.753  newsnr=5.02  m=(11.1,8.9) s=+0.00  mc=8.6
  L1 trigger  t=1187532318.456  newsnr=5.09  m=(44.0,11.0) s=+0.00  mc=18.3
  L1 trigger  t=1187532321.474  newsnr=5.27  m=(7.2,4.8) s=+0.00  mc=5.1
  L1 trigger  t=1187532336.464  newsnr=5.08  m=(10.0,10.0) s=+0.00  mc=8.7
  L1 trigger  t=1187532338.572  newsnr=5.20  m=(7.2,4.8) s=+0.00  mc=5.1
  L1 trigger  t=1187532343.601  newsnr=5.19  m=(24.0,6.0) s=+0.00  mc=10.0
  L1 trigger  t=1187532353.769  newsnr=5.07  m=(22.5,22.5) s=+0.00  mc=19.6
  L1 trigger  t=1187532358.817  newsnr=5.15  m=(27.5,27.5) s=+0.00  mc=23.9
  L1 trigger  t=1187532360.934  newsnr=5.38  m=(16.0,4.0) s=+0.00  mc=6.7
  L1 trigger  t=1187532365.967  newsnr=5.07  m=(36.7,18.3) s=+0.00  mc=22.3
  L1 trigger  t=1187532372.482  newsnr=5.02  m=(22.5,7.5) s=+0.00  mc=11.0
  L1 trigger  t=1187532375.669  newsnr=5.25  m=(20.0,10.0) s=+0.00  mc=12.2
  L1 trigger  t=1187532378.593  newsnr=5.04  m=(8.0,4.0) s=+0.00  mc=4.9
  L1 trigger  t=1187532379.841  newsnr=5.05  m=(33.0,22.0) s=+0.00  mc=23.4
  L1 trigger  t=1187532395.692  newsnr=5.93  m=(15.0,15.0) s=+0.00  mc=13.1
  L1 trigger  t=1187532398.796  newsnr=5.77  m=(48.8,16.2) s=+0.00  mc=23.8
  L1 trigger  t=1187532406.789  newsnr=5.50  m=(50.0,50.0) s=+0.00  mc=43.5
  L1 trigger  t=1187532410.600  newsnr=5.12  m=(30.0,15.0) s=+0.00  mc=18.3
  L1 trigger  t=1187532422.492  newsnr=5.05  m=(9.0,3.0) s=+0.00  mc=4.4
  L1 trigger  t=1187532431.763  newsnr=5.42  m=(16.7,13.3) s=+0.00  mc=13.0
  L1 trigger  t=1187532433.559  newsnr=5.14  m=(8.0,4.0) s=+0.00  mc=4.9
  L1 trigger  t=1187532436.368  newsnr=5.19  m=(18.0,12.0) s=+0.00  mc=12.7
  L1 trigger  t=1187532454.053  newsnr=5.16  m=(11.1,8.9) s=+0.00  mc=8.6
  L1 trigger  t=1187532456.946  newsnr=5.23  m=(25.0,20.0) s=+0.00  mc=19.4
  L1 trigger  t=1187532459.380  newsnr=5.53  m=(15.0,5.0) s=+0.00  mc=7.3
  L1 trigger  t=1187532462.331  newsnr=5.43  m=(43.3,21.7) s=+0.00  mc=26.4
  L1 trigger  t=1187532488.983  newsnr=5.16  m=(16.7,13.3) s=+0.00  mc=13.0
  L1 trigger  t=1187532492.028  newsnr=5.81  m=(41.2,13.8) s=+0.00  mc=20.1
  L1 trigger  t=1187532498.094  newsnr=5.57  m=(13.3,6.7) s=+0.00  mc=8.1
  L1 trigger  t=1187532499.130  newsnr=5.11  m=(50.0,50.0) s=+0.00  mc=43.5
  L1 trigger  t=1187532507.242  newsnr=5.97  m=(16.0,4.0) s=+0.00  mc=6.7
  L1 trigger  t=1187532509.731  newsnr=5.06  m=(10.0,10.0) s=+0.00  mc=8.7
  L1 trigger  t=1187532511.774  newsnr=5.07  m=(36.0,9.0) s=+0.00  mc=15.0
  L1 trigger  t=1187532513.795  newsnr=5.31  m=(36.7,18.3) s=+0.00  mc=22.3
  L1 trigger  t=1187532516.680  newsnr=5.12  m=(54.0,18.0) s=+0.00  mc=26.4
  L1 trigger  t=1187532519.136  newsnr=5.22  m=(22.5,7.5) s=+0.00  mc=11.0
  L1 trigger  t=1187532525.678  newsnr=5.51  m=(36.7,18.3) s=+0.00  mc=22.3
  L1 trigger  t=1187532541.412  newsnr=5.77  m=(6.7,5.3) s=+0.00  mc=5.2
  L1 trigger  t=1187532546.120  newsnr=5.14  m=(13.3,6.7) s=+0.00  mc=8.1
  L1 trigger  t=1187532553.182  newsnr=5.06  m=(48.0,24.0) s=+0.00  mc=29.2
  L1 trigger  t=1187532554.771  newsnr=5.44  m=(44.0,11.0) s=+0.00  mc=18.3
  L1 trigger  t=1187532557.005  newsnr=5.06  m=(27.5,27.5) s=+0.00  mc=23.9
  L1 trigger  t=1187532583.339  newsnr=5.08  m=(25.0,20.0) s=+0.00  mc=19.4
  L1 trigger  t=1187532593.664  newsnr=5.05  m=(33.0,22.0) s=+0.00  mc=23.4
  L1 trigger  t=1187532595.232  newsnr=5.10  m=(12.0,8.0) s=+0.00  mc=8.5
  L1 trigger  t=1187532597.160  newsnr=5.04  m=(42.5,42.5) s=+0.00  mc=37.0
  L1 trigger  t=1187532599.549  newsnr=5.54  m=(6.7,5.3) s=+0.00  mc=5.2
  L1 trigger  t=1187532601.443  newsnr=5.58  m=(27.0,18.0) s=+0.00  mc=19.1
  L1 trigger  t=1187532603.429  newsnr=5.13  m=(9.6,2.4) s=+0.00  mc=4.0
  L1 trigger  t=1187532604.832  newsnr=5.61  m=(22.5,7.5) s=+0.00  mc=11.0
  L1 trigger  t=1187532609.571  newsnr=5.24  m=(6.0,6.0) s=+0.00  mc=5.2
  L1 trigger  t=1187532611.282  newsnr=5.02  m=(15.0,5.0) s=+0.00  mc=7.3
  L1 trigger  t=1187532617.936  newsnr=5.46  m=(44.0,11.0) s=+0.00  mc=18.3
  L1 trigger  t=1187532620.830  newsnr=5.01  m=(43.2,28.8) s=+0.00  mc=30.6
  L1 trigger  t=1187532626.455  newsnr=5.47  m=(27.0,18.0) s=+0.00  mc=19.1
  L1 trigger  t=1187532628.405  newsnr=5.40  m=(22.5,7.5) s=+0.00  mc=11.0
  L1 trigger  t=1187532631.867  newsnr=5.07  m=(36.1,28.9) s=+0.00  mc=28.1
  L1 trigger  t=1187532635.754  newsnr=5.09  m=(33.0,22.0) s=+0.00  mc=23.4
  L1 trigger  t=1187532639.855  newsnr=5.09  m=(9.6,2.4) s=+0.00  mc=4.0
  L1 trigger  t=1187532644.127  newsnr=5.54  m=(33.8,11.2) s=+0.00  mc=16.5
  L1 trigger  t=1187532647.816  newsnr=5.53  m=(22.5,7.5) s=+0.00  mc=11.0
  L1 trigger  t=1187532650.199  newsnr=5.26  m=(51.0,34.0) s=+0.00  mc=36.1
  L1 trigger  t=1187532651.559  newsnr=5.12  m=(36.0,9.0) s=+0.00  mc=15.0
  L1 trigger  t=1187532657.057  newsnr=5.07  m=(8.0,4.0) s=+0.00  mc=4.9
  L1 trigger  t=1187532662.888  newsnr=5.35  m=(8.0,4.0) s=+0.00  mc=4.9
  L1 trigger  t=1187532680.436  newsnr=5.12  m=(18.0,12.0) s=+0.00  mc=12.7
  L1 trigger  t=1187532681.648  newsnr=5.66  m=(8.0,4.0) s=+0.00  mc=4.9
  L1 trigger  t=1187532695.378  newsnr=6.05  m=(16.7,13.3) s=+0.00  mc=13.0
  L1 trigger  t=1187532708.739  newsnr=5.46  m=(15.0,15.0) s=+0.00  mc=13.1
  L1 trigger  t=1187532710.507  newsnr=5.41  m=(48.0,24.0) s=+0.00  mc=29.2
  L1 trigger  t=1187532712.269  newsnr=5.04  m=(16.0,4.0) s=+0.00  mc=6.7
  L1 trigger  t=1187532714.226  newsnr=5.20  m=(20.0,10.0) s=+0.00  mc=12.2
  L1 trigger  t=1187532721.646  newsnr=5.65  m=(24.0,6.0) s=+0.00  mc=10.0
  L1 trigger  t=1187532726.107  newsnr=5.07  m=(9.6,2.4) s=+0.00  mc=4.0
  L1 trigger  t=1187532732.541  newsnr=5.25  m=(20.0,10.0) s=+0.00  mc=12.2
  L1 trigger  t=1187532738.607  newsnr=5.20  m=(9.6,2.4) s=+0.00  mc=4.0
  L1 trigger  t=1187532741.580  newsnr=5.06  m=(27.5,27.5) s=+0.00  mc=23.9
  zero-lag coincidences: 1
  background coincidences: 51 over 4.73 days

  t=1187529256.515  stat=11.33  m=(63.8,21.2)  FAR=0.000e+00/yr

======================================================================
STAGE B -- DISPERSION PROFILING (alpha family)
======================================================================

  candidate t=1187529256.515  template (63.8, 21.2, s=+0.00)
    alpha=0.0   B = +1.3077e+01 +/- 9.1051e+01  z=+0.22
                  SNR 6.831 -> 6.839
    alpha=2.5   B = +2.7328e-04 +/- 4.3007e-04  z=+0.89
                  SNR 6.831 -> 6.834
                  FLAT PROFILE (dSNR^2 = 0.03):
                  B is unconstrained within one alias
                  period. The edge is where the noise
                  points, not a preference. Null result.
    alpha=3.0   B = +6.0013e-06 +/- 1.8848e-05  z=+0.34
                  SNR 6.831 -> 6.832
    alpha=3.5   B = -3.5320e-08 +/- 8.3067e-07  z=-0.26
                  SNR 6.831 -> 6.831
    alpha=4.0   B = -3.9013e-09 +/- 3.6758e-08  z=-0.38  ->  -1.931e-02 +/- 1.820e-01
                  SNR 6.831 -> 6.832

  written: events/GW170823_results.json

  Report every alpha as an interval. A z below ~3 with a
  boundary-free maximum means: consistent with GR, and the
  bound is the 90% CI. It does not mean GR is confirmed.
