======================================================================
STAGE A1 -- CONDITIONING
======================================================================
  H1: 4088s @ 4096 Hz
  L1: 4088s @ 4096 Hz
  bank: 54 templates (9 x 6 x 1)

======================================================================
STAGE A2/A3 -- SLIDING-WINDOW SEARCH + CHI-SQUARED VETO
======================================================================
  [H1] blocks of 64s, overlap 8s, 54 templates
    block 5/72  triggers so far: 452
    block 10/72  triggers so far: 1098
    block 15/72  triggers so far: 1630
    block 20/72  triggers so far: 2150
    block 25/72  triggers so far: 2455
    block 30/72  triggers so far: 2937
    block 35/72  triggers so far: 3373
    block 40/72  triggers so far: 4170
    block 45/72  triggers so far: 4580
    block 50/72  triggers so far: 5022
    block 55/72  triggers so far: 5425
    block 60/72  triggers so far: 6154
    block 65/72  triggers so far: 6465
    block 70/72  triggers so far: 6855
  [H1] 7025 raw -> 578 clustered triggers
  [L1] blocks of 64s, overlap 8s, 54 templates
    block 5/72  triggers so far: 456
    block 10/72  triggers so far: 835
    block 15/72  triggers so far: 1325
    block 20/72  triggers so far: 1669
    block 25/72  triggers so far: 2209
    block 30/72  triggers so far: 2707
    block 35/72  triggers so far: 3185
    block 40/72  triggers so far: 3620
    block 45/72  triggers so far: 4055
    block 50/72  triggers so far: 4383
    block 55/72  triggers so far: 4841
    block 60/72  triggers so far: 5439
    block 65/72  triggers so far: 5975
    block 70/72  triggers so far: 6619
  [L1] 6854 raw -> 601 clustered triggers

======================================================================
STAGE A4/A5 -- COINCIDENCE + TIME-SLIDE BACKGROUND
======================================================================
  H1 trigger  t=1167556616.037  newsnr=5.03  m=(36.7,18.3) s=+0.00  mc=22.3
  H1 trigger  t=1167556618.383  newsnr=5.58  m=(6.0,6.0) s=+0.00  mc=5.2
  H1 trigger  t=1167556622.132  newsnr=5.07  m=(68.0,17.0) s=+0.00  mc=28.3
  H1 trigger  t=1167556626.555  newsnr=5.24  m=(18.0,12.0) s=+0.00  mc=12.7
  H1 trigger  t=1167556629.523  newsnr=5.25  m=(8.0,4.0) s=+0.00  mc=4.9
  H1 trigger  t=1167556632.466  newsnr=5.11  m=(24.0,6.0) s=+0.00  mc=10.0
  H1 trigger  t=1167556643.989  newsnr=5.79  m=(48.8,16.2) s=+0.00  mc=23.8
  H1 trigger  t=1167556656.787  newsnr=5.29  m=(30.6,24.4) s=+0.00  mc=23.8
  H1 trigger  t=1167556658.668  newsnr=5.51  m=(33.8,11.2) s=+0.00  mc=16.5
  H1 trigger  t=1167556678.577  newsnr=5.41  m=(60.0,40.0) s=+0.00  mc=42.5
  H1 trigger  t=1167556697.929  newsnr=5.13  m=(6.0,6.0) s=+0.00  mc=5.2
  H1 trigger  t=1167556700.228  newsnr=5.36  m=(16.0,4.0) s=+0.00  mc=6.7
  H1 trigger  t=1167556705.992  newsnr=5.29  m=(60.0,40.0) s=+0.00  mc=42.5
  H1 trigger  t=1167556711.003  newsnr=5.16  m=(27.0,18.0) s=+0.00  mc=19.1
  H1 trigger  t=1167556715.378  newsnr=5.11  m=(32.5,32.5) s=+0.00  mc=28.3
  H1 trigger  t=1167556716.565  newsnr=5.20  m=(7.2,4.8) s=+0.00  mc=5.1
  H1 trigger  t=1167556724.528  newsnr=5.11  m=(30.0,15.0) s=+0.00  mc=18.3
  H1 trigger  t=1167556728.766  newsnr=5.34  m=(6.0,6.0) s=+0.00  mc=5.2
  H1 trigger  t=1167556730.467  newsnr=5.15  m=(25.0,20.0) s=+0.00  mc=19.4
  H1 trigger  t=1167556731.532  newsnr=5.56  m=(33.8,11.2) s=+0.00  mc=16.5
  H1 trigger  t=1167556738.882  newsnr=5.42  m=(7.2,4.8) s=+0.00  mc=5.1
  H1 trigger  t=1167556748.240  newsnr=5.65  m=(27.0,18.0) s=+0.00  mc=19.1
  H1 trigger  t=1167556749.275  newsnr=5.20  m=(20.0,10.0) s=+0.00  mc=12.2
  H1 trigger  t=1167556755.606  newsnr=5.15  m=(6.7,5.3) s=+0.00  mc=5.2
  H1 trigger  t=1167556758.157  newsnr=5.17  m=(9.0,3.0) s=+0.00  mc=4.4
  H1 trigger  t=1167556774.291  newsnr=5.25  m=(33.8,11.2) s=+0.00  mc=16.5
  H1 trigger  t=1167556775.292  newsnr=5.23  m=(8.0,4.0) s=+0.00  mc=4.9
  H1 trigger  t=1167556778.695  newsnr=5.04  m=(24.0,6.0) s=+0.00  mc=10.0
  H1 trigger  t=1167556783.158  newsnr=5.09  m=(12.0,8.0) s=+0.00  mc=8.5
  H1 trigger  t=1167556785.416  newsnr=5.13  m=(20.0,10.0) s=+0.00  mc=12.2
  H1 trigger  t=1167556792.501  newsnr=5.26  m=(22.5,7.5) s=+0.00  mc=11.0
  H1 trigger  t=1167556800.499  newsnr=5.06  m=(12.0,8.0) s=+0.00  mc=8.5
  H1 trigger  t=1167556808.693  newsnr=5.03  m=(13.3,6.7) s=+0.00  mc=8.1
  H1 trigger  t=1167556817.710  newsnr=5.44  m=(54.0,18.0) s=+0.00  mc=26.4
  H1 trigger  t=1167556837.737  newsnr=5.09  m=(9.6,2.4) s=+0.00  mc=4.0
  H1 trigger  t=1167556840.350  newsnr=5.01  m=(6.0,6.0) s=+0.00  mc=5.2
  H1 trigger  t=1167556858.020  newsnr=5.32  m=(15.0,15.0) s=+0.00  mc=13.1
  H1 trigger  t=1167556859.363  newsnr=5.06  m=(10.0,10.0) s=+0.00  mc=8.7
  H1 trigger  t=1167556864.412  newsnr=5.04  m=(36.0,36.0) s=+0.00  mc=31.3
  H1 trigger  t=1167556890.320  newsnr=5.57  m=(16.7,13.3) s=+0.00  mc=13.0
  H1 trigger  t=1167556897.697  newsnr=5.27  m=(24.0,6.0) s=+0.00  mc=10.0
  H1 trigger  t=1167556900.743  newsnr=5.02  m=(18.0,12.0) s=+0.00  mc=12.7
  H1 trigger  t=1167556905.140  newsnr=5.18  m=(27.0,18.0) s=+0.00  mc=19.1
  H1 trigger  t=1167556909.771  newsnr=5.19  m=(9.6,2.4) s=+0.00  mc=4.0
  H1 trigger  t=1167556913.572  newsnr=5.17  m=(47.2,37.8) s=+0.00  mc=36.7
  H1 trigger  t=1167556916.869  newsnr=5.53  m=(6.7,5.3) s=+0.00  mc=5.2
  H1 trigger  t=1167556925.981  newsnr=5.13  m=(10.0,10.0) s=+0.00  mc=8.7
  H1 trigger  t=1167556933.959  newsnr=5.14  m=(44.0,11.0) s=+0.00  mc=18.3
  H1 trigger  t=1167556937.186  newsnr=5.06  m=(30.6,24.4) s=+0.00  mc=23.8
  H1 trigger  t=1167556943.996  newsnr=5.13  m=(36.7,18.3) s=+0.00  mc=22.3
  H1 trigger  t=1167556961.456  newsnr=5.43  m=(16.0,4.0) s=+0.00  mc=6.7
  H1 trigger  t=1167556966.809  newsnr=5.09  m=(48.8,16.2) s=+0.00  mc=23.8
  H1 trigger  t=1167556973.074  newsnr=5.42  m=(7.2,4.8) s=+0.00  mc=5.1
  H1 trigger  t=1167556991.080  newsnr=5.38  m=(20.0,10.0) s=+0.00  mc=12.2
  H1 trigger  t=1167557003.485  newsnr=5.19  m=(36.7,18.3) s=+0.00  mc=22.3
  H1 trigger  t=1167557022.671  newsnr=5.09  m=(9.6,2.4) s=+0.00  mc=4.0
  H1 trigger  t=1167557029.632  newsnr=5.20  m=(80.0,20.0) s=+0.00  mc=33.3
  H1 trigger  t=1167557031.306  newsnr=5.12  m=(11.1,8.9) s=+0.00  mc=8.6
  H1 trigger  t=1167557034.027  newsnr=5.03  m=(16.0,4.0) s=+0.00  mc=6.7
  H1 trigger  t=1167557039.915  newsnr=5.15  m=(15.0,5.0) s=+0.00  mc=7.3
  H1 trigger  t=1167557042.956  newsnr=5.07  m=(22.5,22.5) s=+0.00  mc=19.6
  H1 trigger  t=1167557044.151  newsnr=5.72  m=(40.0,32.0) s=+0.00  mc=31.1
  H1 trigger  t=1167557054.214  newsnr=5.04  m=(33.8,11.2) s=+0.00  mc=16.5
  H1 trigger  t=1167557068.461  newsnr=6.10  m=(15.0,15.0) s=+0.00  mc=13.1
  H1 trigger  t=1167557072.647  newsnr=5.64  m=(33.8,11.2) s=+0.00  mc=16.5
  H1 trigger  t=1167557082.519  newsnr=5.06  m=(9.6,2.4) s=+0.00  mc=4.0
  H1 trigger  t=1167557088.791  newsnr=5.40  m=(22.5,22.5) s=+0.00  mc=19.6
  H1 trigger  t=1167557097.680  newsnr=6.18  m=(43.3,21.7) s=+0.00  mc=26.4
  H1 trigger  t=1167557101.865  newsnr=5.04  m=(10.0,10.0) s=+0.00  mc=8.7
  H1 trigger  t=1167557116.384  newsnr=5.26  m=(52.0,13.0) s=+0.00  mc=21.6
  H1 trigger  t=1167557118.000  newsnr=5.07  m=(30.0,15.0) s=+0.00  mc=18.3
  H1 trigger  t=1167557127.805  newsnr=5.11  m=(20.0,10.0) s=+0.00  mc=12.2
  H1 trigger  t=1167557131.935  newsnr=5.14  m=(6.0,6.0) s=+0.00  mc=5.2
  H1 trigger  t=1167557139.732  newsnr=5.07  m=(12.0,8.0) s=+0.00  mc=8.5
  H1 trigger  t=1167557141.389  newsnr=5.48  m=(24.0,6.0) s=+0.00  mc=10.0
  H1 trigger  t=1167557143.731  newsnr=5.26  m=(44.0,11.0) s=+0.00  mc=18.3
  H1 trigger  t=1167557145.055  newsnr=5.07  m=(36.7,18.3) s=+0.00  mc=22.3
  H1 trigger  t=1167557157.554  newsnr=5.11  m=(20.0,10.0) s=+0.00  mc=12.2
  H1 trigger  t=1167557163.211  newsnr=5.02  m=(9.6,2.4) s=+0.00  mc=4.0
  H1 trigger  t=1167557170.156  newsnr=5.12  m=(52.0,13.0) s=+0.00  mc=21.6
  H1 trigger  t=1167557173.502  newsnr=5.66  m=(22.5,7.5) s=+0.00  mc=11.0
  H1 trigger  t=1167557175.453  newsnr=5.13  m=(18.0,12.0) s=+0.00  mc=12.7
  H1 trigger  t=1167557177.153  newsnr=5.50  m=(6.0,6.0) s=+0.00  mc=5.2
  H1 trigger  t=1167557182.885  newsnr=5.01  m=(41.2,13.8) s=+0.00  mc=20.1
  H1 trigger  t=1167557188.831  newsnr=5.21  m=(25.0,20.0) s=+0.00  mc=19.4
  H1 trigger  t=1167557190.152  newsnr=5.43  m=(27.0,18.0) s=+0.00  mc=19.1
  H1 trigger  t=1167557192.482  newsnr=5.07  m=(36.0,9.0) s=+0.00  mc=15.0
  H1 trigger  t=1167557193.738  newsnr=5.04  m=(41.2,13.8) s=+0.00  mc=20.1
  H1 trigger  t=1167557203.189  newsnr=5.02  m=(32.5,32.5) s=+0.00  mc=28.3
  H1 trigger  t=1167557204.704  newsnr=5.40  m=(50.0,50.0) s=+0.00  mc=43.5
  H1 trigger  t=1167557207.083  newsnr=5.08  m=(7.2,4.8) s=+0.00  mc=5.1
  H1 trigger  t=1167557210.679  newsnr=5.17  m=(33.8,11.2) s=+0.00  mc=16.5
  H1 trigger  t=1167557212.795  newsnr=5.17  m=(43.3,21.7) s=+0.00  mc=26.4
  H1 trigger  t=1167557219.418  newsnr=5.08  m=(80.0,20.0) s=+0.00  mc=33.3
  H1 trigger  t=1167557220.625  newsnr=5.48  m=(15.0,5.0) s=+0.00  mc=7.3
  H1 trigger  t=1167557239.148  newsnr=5.56  m=(52.0,13.0) s=+0.00  mc=21.6
  H1 trigger  t=1167557240.598  newsnr=5.16  m=(68.0,17.0) s=+0.00  mc=28.3
  H1 trigger  t=1167557241.602  newsnr=5.05  m=(9.0,3.0) s=+0.00  mc=4.4
  H1 trigger  t=1167557243.578  newsnr=5.08  m=(7.2,4.8) s=+0.00  mc=5.1
  H1 trigger  t=1167557246.638  newsnr=5.68  m=(9.6,2.4) s=+0.00  mc=4.0
  H1 trigger  t=1167557254.373  newsnr=5.05  m=(43.2,28.8) s=+0.00  mc=30.6
  H1 trigger  t=1167557258.592  newsnr=5.06  m=(27.0,18.0) s=+0.00  mc=19.1
  H1 trigger  t=1167557289.680  newsnr=5.05  m=(20.0,10.0) s=+0.00  mc=12.2
  H1 trigger  t=1167557301.781  newsnr=5.05  m=(44.0,11.0) s=+0.00  mc=18.3
  H1 trigger  t=1167557309.373  newsnr=5.08  m=(7.2,4.8) s=+0.00  mc=5.1
  H1 trigger  t=1167557334.341  newsnr=5.04  m=(66.7,33.3) s=+0.00  mc=40.6
  H1 trigger  t=1167557338.186  newsnr=5.43  m=(27.0,18.0) s=+0.00  mc=19.1
  H1 trigger  t=1167557339.709  newsnr=5.40  m=(9.0,3.0) s=+0.00  mc=4.4
  H1 trigger  t=1167557341.212  newsnr=5.72  m=(52.0,13.0) s=+0.00  mc=21.6
  H1 trigger  t=1167557342.652  newsnr=6.26  m=(27.0,18.0) s=+0.00  mc=19.1
  H1 trigger  t=1167557358.681  newsnr=5.16  m=(22.5,22.5) s=+0.00  mc=19.6
  H1 trigger  t=1167557361.224  newsnr=5.77  m=(22.5,7.5) s=+0.00  mc=11.0
  H1 trigger  t=1167557377.741  newsnr=5.19  m=(27.0,18.0) s=+0.00  mc=19.1
  H1 trigger  t=1167557380.282  newsnr=5.03  m=(36.0,9.0) s=+0.00  mc=15.0
  H1 trigger  t=1167557390.793  newsnr=5.09  m=(27.5,27.5) s=+0.00  mc=23.9
  H1 trigger  t=1167557391.874  newsnr=5.02  m=(6.0,6.0) s=+0.00  mc=5.2
  H1 trigger  t=1167557402.988  newsnr=5.35  m=(50.0,50.0) s=+0.00  mc=43.5
  H1 trigger  t=1167557404.357  newsnr=5.18  m=(54.0,18.0) s=+0.00  mc=26.4
  H1 trigger  t=1167557405.631  newsnr=5.29  m=(22.5,22.5) s=+0.00  mc=19.6
  H1 trigger  t=1167557409.356  newsnr=5.72  m=(12.0,8.0) s=+0.00  mc=8.5
  H1 trigger  t=1167557410.463  newsnr=5.45  m=(7.2,4.8) s=+0.00  mc=5.1
  H1 trigger  t=1167557413.104  newsnr=5.15  m=(18.0,12.0) s=+0.00  mc=12.7
  H1 trigger  t=1167557415.188  newsnr=5.02  m=(57.6,14.4) s=+0.00  mc=24.0
  H1 trigger  t=1167557417.569  newsnr=5.39  m=(11.1,8.9) s=+0.00  mc=8.6
  H1 trigger  t=1167557427.186  newsnr=5.44  m=(48.0,24.0) s=+0.00  mc=29.2
  H1 trigger  t=1167557434.402  newsnr=5.10  m=(33.0,22.0) s=+0.00  mc=23.4
  H1 trigger  t=1167557442.141  newsnr=5.16  m=(30.0,15.0) s=+0.00  mc=18.3
  H1 trigger  t=1167557461.421  newsnr=5.36  m=(80.0,20.0) s=+0.00  mc=33.3
  H1 trigger  t=1167557462.675  newsnr=5.38  m=(22.5,7.5) s=+0.00  mc=11.0
  H1 trigger  t=1167557465.145  newsnr=5.02  m=(16.0,4.0) s=+0.00  mc=6.7
  H1 trigger  t=1167557469.148  newsnr=5.03  m=(36.0,9.0) s=+0.00  mc=15.0
  H1 trigger  t=1167557473.257  newsnr=5.42  m=(44.0,11.0) s=+0.00  mc=18.3
  H1 trigger  t=1167557478.386  newsnr=5.19  m=(33.8,11.2) s=+0.00  mc=16.5
  H1 trigger  t=1167557479.672  newsnr=5.00  m=(9.0,3.0) s=+0.00  mc=4.4
  H1 trigger  t=1167557487.386  newsnr=5.38  m=(27.5,27.5) s=+0.00  mc=23.9
  H1 trigger  t=1167557492.170  newsnr=5.12  m=(43.3,21.7) s=+0.00  mc=26.4
  H1 trigger  t=1167557507.532  newsnr=5.17  m=(25.0,20.0) s=+0.00  mc=19.4
  H1 trigger  t=1167557510.033  newsnr=5.11  m=(6.7,5.3) s=+0.00  mc=5.2
  H1 trigger  t=1167557513.986  newsnr=5.49  m=(16.0,4.0) s=+0.00  mc=6.7
  H1 trigger  t=1167557519.520  newsnr=5.04  m=(33.8,11.2) s=+0.00  mc=16.5
  H1 trigger  t=1167557533.902  newsnr=5.01  m=(32.5,32.5) s=+0.00  mc=28.3
  H1 trigger  t=1167557546.985  newsnr=5.24  m=(15.0,5.0) s=+0.00  mc=7.3
  H1 trigger  t=1167557549.586  newsnr=5.21  m=(7.2,4.8) s=+0.00  mc=5.1
  H1 trigger  t=1167557580.306  newsnr=5.17  m=(39.0,26.0) s=+0.00  mc=27.6
  H1 trigger  t=1167557590.292  newsnr=5.08  m=(13.3,6.7) s=+0.00  mc=8.1
  H1 trigger  t=1167557596.391  newsnr=5.21  m=(27.5,27.5) s=+0.00  mc=23.9
  H1 trigger  t=1167557601.390  newsnr=5.38  m=(63.8,21.2) s=+0.00  mc=31.1
  H1 trigger  t=1167557602.776  newsnr=5.01  m=(7.2,4.8) s=+0.00  mc=5.1
  H1 trigger  t=1167557606.329  newsnr=5.14  m=(48.8,16.2) s=+0.00  mc=23.8
  H1 trigger  t=1167557617.932  newsnr=5.32  m=(30.0,15.0) s=+0.00  mc=18.3
  H1 trigger  t=1167557623.365  newsnr=5.29  m=(16.0,4.0) s=+0.00  mc=6.7
  H1 trigger  t=1167557629.393  newsnr=5.12  m=(8.0,4.0) s=+0.00  mc=4.9
  H1 trigger  t=1167557634.942  newsnr=5.81  m=(18.0,12.0) s=+0.00  mc=12.7
  H1 trigger  t=1167557640.578  newsnr=5.35  m=(80.0,20.0) s=+0.00  mc=33.3
  H1 trigger  t=1167557649.111  newsnr=5.04  m=(13.3,6.7) s=+0.00  mc=8.1
  H1 trigger  t=1167557655.603  newsnr=5.45  m=(18.0,12.0) s=+0.00  mc=12.7
  H1 trigger  t=1167557663.254  newsnr=5.05  m=(39.0,26.0) s=+0.00  mc=27.6
  H1 trigger  t=1167557664.516  newsnr=5.13  m=(42.5,42.5) s=+0.00  mc=37.0
  H1 trigger  t=1167557681.278  newsnr=5.19  m=(20.0,10.0) s=+0.00  mc=12.2
  H1 trigger  t=1167557711.270  newsnr=5.01  m=(9.0,3.0) s=+0.00  mc=4.4
  H1 trigger  t=1167557715.848  newsnr=5.10  m=(10.0,10.0) s=+0.00  mc=8.7
  H1 trigger  t=1167557727.348  newsnr=5.93  m=(16.7,13.3) s=+0.00  mc=13.0
  H1 trigger  t=1167557742.355  newsnr=5.33  m=(43.2,28.8) s=+0.00  mc=30.6
  H1 trigger  t=1167557753.741  newsnr=5.27  m=(36.0,9.0) s=+0.00  mc=15.0
  H1 trigger  t=1167557788.622  newsnr=5.12  m=(15.0,5.0) s=+0.00  mc=7.3
  H1 trigger  t=1167557791.249  newsnr=5.06  m=(9.0,3.0) s=+0.00  mc=4.4
  H1 trigger  t=1167557793.724  newsnr=5.48  m=(27.5,27.5) s=+0.00  mc=23.9
  H1 trigger  t=1167557795.541  newsnr=5.02  m=(54.0,18.0) s=+0.00  mc=26.4
  H1 trigger  t=1167557808.934  newsnr=5.15  m=(27.0,18.0) s=+0.00  mc=19.1
  H1 trigger  t=1167557821.831  newsnr=5.37  m=(6.7,5.3) s=+0.00  mc=5.2
  H1 trigger  t=1167557832.660  newsnr=5.02  m=(8.0,4.0) s=+0.00  mc=4.9
  H1 trigger  t=1167557838.482  newsnr=5.27  m=(24.0,6.0) s=+0.00  mc=10.0
  H1 trigger  t=1167557840.330  newsnr=5.23  m=(6.0,6.0) s=+0.00  mc=5.2
  H1 trigger  t=1167557843.433  newsnr=5.18  m=(16.7,13.3) s=+0.00  mc=13.0
  H1 trigger  t=1167557848.937  newsnr=5.10  m=(60.0,40.0) s=+0.00  mc=42.5
  H1 trigger  t=1167557866.579  newsnr=5.18  m=(36.0,36.0) s=+0.00  mc=31.3
  H1 trigger  t=1167557869.674  newsnr=5.29  m=(33.0,22.0) s=+0.00  mc=23.4
  H1 trigger  t=1167557871.210  newsnr=5.63  m=(6.0,6.0) s=+0.00  mc=5.2
  H1 trigger  t=1167557874.234  newsnr=5.04  m=(22.5,22.5) s=+0.00  mc=19.6
  H1 trigger  t=1167557879.136  newsnr=5.27  m=(68.0,17.0) s=+0.00  mc=28.3
  H1 trigger  t=1167557889.212  newsnr=5.49  m=(36.7,18.3) s=+0.00  mc=22.3
  H1 trigger  t=1167557900.096  newsnr=5.33  m=(12.0,8.0) s=+0.00  mc=8.5
  H1 trigger  t=1167557904.012  newsnr=5.27  m=(9.6,2.4) s=+0.00  mc=4.0
  H1 trigger  t=1167557906.113  newsnr=5.21  m=(7.2,4.8) s=+0.00  mc=5.1
  H1 trigger  t=1167557911.150  newsnr=5.10  m=(36.0,36.0) s=+0.00  mc=31.3
  H1 trigger  t=1167557921.088  newsnr=5.11  m=(12.0,8.0) s=+0.00  mc=8.5
  H1 trigger  t=1167557935.620  newsnr=5.08  m=(44.0,11.0) s=+0.00  mc=18.3
  H1 trigger  t=1167557942.809  newsnr=5.30  m=(30.0,15.0) s=+0.00  mc=18.3
  H1 trigger  t=1167557957.975  newsnr=5.53  m=(6.7,5.3) s=+0.00  mc=5.2
  H1 trigger  t=1167557965.826  newsnr=5.27  m=(41.2,13.8) s=+0.00  mc=20.1
  H1 trigger  t=1167557966.926  newsnr=5.47  m=(22.5,7.5) s=+0.00  mc=11.0
  H1 trigger  t=1167557968.389  newsnr=5.00  m=(13.3,6.7) s=+0.00  mc=8.1
  H1 trigger  t=1167557975.362  newsnr=5.62  m=(16.0,4.0) s=+0.00  mc=6.7
  H1 trigger  t=1167557983.297  newsnr=5.37  m=(6.7,5.3) s=+0.00  mc=5.2
  H1 trigger  t=1167558003.156  newsnr=5.22  m=(20.0,10.0) s=+0.00  mc=12.2
  H1 trigger  t=1167558007.001  newsnr=5.76  m=(10.0,10.0) s=+0.00  mc=8.7
  H1 trigger  t=1167558016.929  newsnr=5.27  m=(9.6,2.4) s=+0.00  mc=4.0
  H1 trigger  t=1167558029.608  newsnr=5.12  m=(11.1,8.9) s=+0.00  mc=8.6
  H1 trigger  t=1167558036.759  newsnr=5.01  m=(6.0,6.0) s=+0.00  mc=5.2
  H1 trigger  t=1167558038.668  newsnr=5.51  m=(43.3,21.7) s=+0.00  mc=26.4
  H1 trigger  t=1167558040.717  newsnr=5.61  m=(57.6,14.4) s=+0.00  mc=24.0
  H1 trigger  t=1167558042.412  newsnr=5.19  m=(15.0,15.0) s=+0.00  mc=13.1
  H1 trigger  t=1167558046.520  newsnr=5.12  m=(22.5,7.5) s=+0.00  mc=11.0
  H1 trigger  t=1167558056.287  newsnr=5.86  m=(25.0,20.0) s=+0.00  mc=19.4
  H1 trigger  t=1167558058.912  newsnr=5.29  m=(6.0,6.0) s=+0.00  mc=5.2
  H1 trigger  t=1167558060.040  newsnr=5.04  m=(27.0,18.0) s=+0.00  mc=19.1
  H1 trigger  t=1167558061.247  newsnr=5.10  m=(33.8,11.2) s=+0.00  mc=16.5
  H1 trigger  t=1167558065.012  newsnr=5.04  m=(7.2,4.8) s=+0.00  mc=5.1
  H1 trigger  t=1167558068.236  newsnr=5.07  m=(36.0,9.0) s=+0.00  mc=15.0
  H1 trigger  t=1167558076.541  newsnr=5.17  m=(24.0,6.0) s=+0.00  mc=10.0
  H1 trigger  t=1167558079.742  newsnr=5.10  m=(52.0,13.0) s=+0.00  mc=21.6
  H1 trigger  t=1167558085.489  newsnr=5.04  m=(40.0,32.0) s=+0.00  mc=31.1
  H1 trigger  t=1167558089.966  newsnr=5.06  m=(15.0,5.0) s=+0.00  mc=7.3
  H1 trigger  t=1167558097.360  newsnr=5.29  m=(12.0,8.0) s=+0.00  mc=8.5
  H1 trigger  t=1167558102.284  newsnr=5.04  m=(16.0,4.0) s=+0.00  mc=6.7
  H1 trigger  t=1167558121.496  newsnr=5.02  m=(33.8,11.2) s=+0.00  mc=16.5
  H1 trigger  t=1167558123.453  newsnr=5.16  m=(36.7,18.3) s=+0.00  mc=22.3
  H1 trigger  t=1167558126.862  newsnr=5.37  m=(33.8,11.2) s=+0.00  mc=16.5
  H1 trigger  t=1167558135.169  newsnr=5.39  m=(6.0,6.0) s=+0.00  mc=5.2
  H1 trigger  t=1167558138.420  newsnr=5.16  m=(9.6,2.4) s=+0.00  mc=4.0
  H1 trigger  t=1167558149.591  newsnr=5.12  m=(18.0,12.0) s=+0.00  mc=12.7
  H1 trigger  t=1167558154.657  newsnr=5.23  m=(68.0,17.0) s=+0.00  mc=28.3
  H1 trigger  t=1167558164.879  newsnr=5.01  m=(9.6,2.4) s=+0.00  mc=4.0
  H1 trigger  t=1167558169.997  newsnr=5.12  m=(22.5,22.5) s=+0.00  mc=19.6
  H1 trigger  t=1167558179.318  newsnr=5.21  m=(18.0,12.0) s=+0.00  mc=12.7
  H1 trigger  t=1167558182.721  newsnr=5.25  m=(30.6,24.4) s=+0.00  mc=23.8
  H1 trigger  t=1167558183.779  newsnr=5.61  m=(12.0,8.0) s=+0.00  mc=8.5
  H1 trigger  t=1167558190.127  newsnr=5.15  m=(24.0,6.0) s=+0.00  mc=10.0
  H1 trigger  t=1167558195.989  newsnr=5.07  m=(30.0,15.0) s=+0.00  mc=18.3
  H1 trigger  t=1167558205.938  newsnr=5.15  m=(22.5,7.5) s=+0.00  mc=11.0
  H1 trigger  t=1167558216.877  newsnr=5.22  m=(24.0,6.0) s=+0.00  mc=10.0
  H1 trigger  t=1167558221.270  newsnr=5.06  m=(6.7,5.3) s=+0.00  mc=5.2
  H1 trigger  t=1167558230.044  newsnr=5.02  m=(10.0,10.0) s=+0.00  mc=8.7
  H1 trigger  t=1167558242.086  newsnr=5.06  m=(9.0,3.0) s=+0.00  mc=4.4
  H1 trigger  t=1167558246.026  newsnr=5.20  m=(30.0,15.0) s=+0.00  mc=18.3
  H1 trigger  t=1167558258.062  newsnr=5.53  m=(12.0,8.0) s=+0.00  mc=8.5
  H1 trigger  t=1167558260.214  newsnr=5.31  m=(80.0,20.0) s=+0.00  mc=33.3
  H1 trigger  t=1167558263.355  newsnr=5.32  m=(41.2,13.8) s=+0.00  mc=20.1
  H1 trigger  t=1167558270.563  newsnr=5.02  m=(13.3,6.7) s=+0.00  mc=8.1
  H1 trigger  t=1167558272.485  newsnr=5.00  m=(7.2,4.8) s=+0.00  mc=5.1
  H1 trigger  t=1167558277.994  newsnr=5.34  m=(27.5,27.5) s=+0.00  mc=23.9
  H1 trigger  t=1167558283.377  newsnr=5.33  m=(10.0,10.0) s=+0.00  mc=8.7
  H1 trigger  t=1167558294.028  newsnr=5.10  m=(15.0,5.0) s=+0.00  mc=7.3
  H1 trigger  t=1167558297.376  newsnr=5.00  m=(43.2,28.8) s=+0.00  mc=30.6
  H1 trigger  t=1167558299.144  newsnr=5.58  m=(15.0,5.0) s=+0.00  mc=7.3
  H1 trigger  t=1167558316.553  newsnr=5.49  m=(50.0,50.0) s=+0.00  mc=43.5
  H1 trigger  t=1167558326.383  newsnr=5.11  m=(15.0,15.0) s=+0.00  mc=13.1
  H1 trigger  t=1167558328.479  newsnr=5.26  m=(36.0,9.0) s=+0.00  mc=15.0
  H1 trigger  t=1167558331.446  newsnr=5.14  m=(22.5,22.5) s=+0.00  mc=19.6
  H1 trigger  t=1167558333.381  newsnr=5.07  m=(48.8,16.2) s=+0.00  mc=23.8
  H1 trigger  t=1167558335.172  newsnr=5.51  m=(20.0,10.0) s=+0.00  mc=12.2
  H1 trigger  t=1167558343.089  newsnr=5.63  m=(11.1,8.9) s=+0.00  mc=8.6
  H1 trigger  t=1167558350.553  newsnr=5.06  m=(41.2,13.8) s=+0.00  mc=20.1
  H1 trigger  t=1167558385.927  newsnr=5.19  m=(43.3,21.7) s=+0.00  mc=26.4
  H1 trigger  t=1167558408.531  newsnr=5.09  m=(10.0,10.0) s=+0.00  mc=8.7
  H1 trigger  t=1167558420.756  newsnr=5.72  m=(33.8,11.2) s=+0.00  mc=16.5
  H1 trigger  t=1167558432.161  newsnr=5.17  m=(22.5,7.5) s=+0.00  mc=11.0
  H1 trigger  t=1167558433.249  newsnr=5.47  m=(30.0,15.0) s=+0.00  mc=18.3
  H1 trigger  t=1167558447.139  newsnr=5.14  m=(15.0,5.0) s=+0.00  mc=7.3
  H1 trigger  t=1167558469.408  newsnr=5.00  m=(6.0,6.0) s=+0.00  mc=5.2
  H1 trigger  t=1167558472.310  newsnr=5.05  m=(6.0,6.0) s=+0.00  mc=5.2
  H1 trigger  t=1167558478.806  newsnr=5.31  m=(16.0,4.0) s=+0.00  mc=6.7
  H1 trigger  t=1167558490.727  newsnr=5.36  m=(36.7,18.3) s=+0.00  mc=22.3
  H1 trigger  t=1167558501.103  newsnr=5.16  m=(6.7,5.3) s=+0.00  mc=5.2
  H1 trigger  t=1167558511.290  newsnr=5.22  m=(60.0,40.0) s=+0.00  mc=42.5
  H1 trigger  t=1167558526.226  newsnr=5.19  m=(22.5,7.5) s=+0.00  mc=11.0
  H1 trigger  t=1167558529.340  newsnr=5.12  m=(22.5,7.5) s=+0.00  mc=11.0
  H1 trigger  t=1167558549.586  newsnr=5.25  m=(24.0,6.0) s=+0.00  mc=10.0
  H1 trigger  t=1167558550.703  newsnr=5.31  m=(48.0,24.0) s=+0.00  mc=29.2
  H1 trigger  t=1167558558.822  newsnr=5.35  m=(42.5,42.5) s=+0.00  mc=37.0
  H1 trigger  t=1167558563.079  newsnr=5.42  m=(6.0,6.0) s=+0.00  mc=5.2
  H1 trigger  t=1167558566.311  newsnr=5.58  m=(12.0,8.0) s=+0.00  mc=8.5
  H1 trigger  t=1167558568.591  newsnr=5.72  m=(32.5,32.5) s=+0.00  mc=28.3
  H1 trigger  t=1167558569.731  newsnr=5.08  m=(33.8,11.2) s=+0.00  mc=16.5
  H1 trigger  t=1167558573.287  newsnr=5.33  m=(22.5,7.5) s=+0.00  mc=11.0
  H1 trigger  t=1167558576.923  newsnr=5.05  m=(8.0,4.0) s=+0.00  mc=4.9
  H1 trigger  t=1167558583.050  newsnr=5.36  m=(6.7,5.3) s=+0.00  mc=5.2
  H1 trigger  t=1167558589.032  newsnr=5.25  m=(13.3,6.7) s=+0.00  mc=8.1
  H1 trigger  t=1167558593.326  newsnr=5.31  m=(9.6,2.4) s=+0.00  mc=4.0
  H1 trigger  t=1167558597.361  newsnr=5.34  m=(36.0,9.0) s=+0.00  mc=15.0
  H1 trigger  t=1167558604.744  newsnr=6.53  m=(48.0,24.0) s=+0.00  mc=29.2
  H1 trigger  t=1167558610.592  newsnr=6.05  m=(80.0,20.0) s=+0.00  mc=33.3
  H1 trigger  t=1167558616.405  newsnr=5.27  m=(15.0,15.0) s=+0.00  mc=13.1
  H1 trigger  t=1167558618.161  newsnr=5.09  m=(9.6,2.4) s=+0.00  mc=4.0
  H1 trigger  t=1167558620.772  newsnr=5.06  m=(44.0,11.0) s=+0.00  mc=18.3
  H1 trigger  t=1167558636.066  newsnr=5.55  m=(15.0,5.0) s=+0.00  mc=7.3
  H1 trigger  t=1167558637.328  newsnr=5.19  m=(24.0,6.0) s=+0.00  mc=10.0
  H1 trigger  t=1167558638.655  newsnr=5.06  m=(36.0,9.0) s=+0.00  mc=15.0
  H1 trigger  t=1167558650.809  newsnr=5.12  m=(15.0,5.0) s=+0.00  mc=7.3
  H1 trigger  t=1167558662.959  newsnr=5.06  m=(9.0,3.0) s=+0.00  mc=4.4
  H1 trigger  t=1167558666.435  newsnr=5.30  m=(7.2,4.8) s=+0.00  mc=5.1
  H1 trigger  t=1167558668.612  newsnr=5.02  m=(6.0,6.0) s=+0.00  mc=5.2
  H1 trigger  t=1167558669.884  newsnr=5.04  m=(24.0,6.0) s=+0.00  mc=10.0
  H1 trigger  t=1167558678.942  newsnr=5.37  m=(20.0,10.0) s=+0.00  mc=12.2
  H1 trigger  t=1167558681.300  newsnr=5.07  m=(33.8,11.2) s=+0.00  mc=16.5
  H1 trigger  t=1167558699.074  newsnr=5.19  m=(68.0,17.0) s=+0.00  mc=28.3
  H1 trigger  t=1167558700.364  newsnr=5.21  m=(8.0,4.0) s=+0.00  mc=4.9
  H1 trigger  t=1167558711.364  newsnr=5.44  m=(6.7,5.3) s=+0.00  mc=5.2
  H1 trigger  t=1167558715.044  newsnr=5.52  m=(11.1,8.9) s=+0.00  mc=8.6
  H1 trigger  t=1167558722.710  newsnr=5.21  m=(20.0,10.0) s=+0.00  mc=12.2
  H1 trigger  t=1167558725.681  newsnr=5.06  m=(11.1,8.9) s=+0.00  mc=8.6
  H1 trigger  t=1167558753.960  newsnr=5.02  m=(42.5,42.5) s=+0.00  mc=37.0
  H1 trigger  t=1167558769.136  newsnr=5.01  m=(18.0,12.0) s=+0.00  mc=12.7
  H1 trigger  t=1167558777.352  newsnr=5.13  m=(13.3,6.7) s=+0.00  mc=8.1
  H1 trigger  t=1167558783.229  newsnr=5.22  m=(18.0,12.0) s=+0.00  mc=12.7
  H1 trigger  t=1167558807.915  newsnr=5.21  m=(12.0,8.0) s=+0.00  mc=8.5
  H1 trigger  t=1167558815.845  newsnr=5.16  m=(18.0,12.0) s=+0.00  mc=12.7
  H1 trigger  t=1167558819.701  newsnr=5.18  m=(15.0,15.0) s=+0.00  mc=13.1
  H1 trigger  t=1167558836.829  newsnr=5.14  m=(9.0,3.0) s=+0.00  mc=4.4
  H1 trigger  t=1167558841.511  newsnr=5.21  m=(27.0,18.0) s=+0.00  mc=19.1
  H1 trigger  t=1167558844.089  newsnr=5.39  m=(54.0,18.0) s=+0.00  mc=26.4
  H1 trigger  t=1167558861.104  newsnr=5.12  m=(10.0,10.0) s=+0.00  mc=8.7
  H1 trigger  t=1167558873.564  newsnr=5.07  m=(33.0,22.0) s=+0.00  mc=23.4
  H1 trigger  t=1167558879.061  newsnr=5.10  m=(16.7,13.3) s=+0.00  mc=13.0
  H1 trigger  t=1167558885.903  newsnr=5.34  m=(18.0,12.0) s=+0.00  mc=12.7
  H1 trigger  t=1167558901.603  newsnr=5.25  m=(8.0,4.0) s=+0.00  mc=4.9
  H1 trigger  t=1167558906.450  newsnr=5.05  m=(13.3,6.7) s=+0.00  mc=8.1
  H1 trigger  t=1167558915.549  newsnr=5.15  m=(40.0,32.0) s=+0.00  mc=31.1
  H1 trigger  t=1167558918.183  newsnr=5.30  m=(33.8,11.2) s=+0.00  mc=16.5
  H1 trigger  t=1167558922.326  newsnr=5.15  m=(20.0,10.0) s=+0.00  mc=12.2
  H1 trigger  t=1167558923.467  newsnr=5.68  m=(27.0,18.0) s=+0.00  mc=19.1
  H1 trigger  t=1167558950.185  newsnr=5.09  m=(41.2,13.8) s=+0.00  mc=20.1
  H1 trigger  t=1167558954.594  newsnr=5.36  m=(43.3,21.7) s=+0.00  mc=26.4
  H1 trigger  t=1167558955.644  newsnr=5.24  m=(9.6,2.4) s=+0.00  mc=4.0
  H1 trigger  t=1167558961.323  newsnr=5.05  m=(24.0,6.0) s=+0.00  mc=10.0
  H1 trigger  t=1167558964.611  newsnr=5.06  m=(9.6,2.4) s=+0.00  mc=4.0
  H1 trigger  t=1167558966.184  newsnr=5.02  m=(30.0,15.0) s=+0.00  mc=18.3
  H1 trigger  t=1167558967.267  newsnr=5.21  m=(36.0,9.0) s=+0.00  mc=15.0
  H1 trigger  t=1167558969.499  newsnr=5.23  m=(48.0,24.0) s=+0.00  mc=29.2
  H1 trigger  t=1167558982.477  newsnr=5.22  m=(15.0,5.0) s=+0.00  mc=7.3
  H1 trigger  t=1167559007.723  newsnr=5.28  m=(16.0,4.0) s=+0.00  mc=6.7
  H1 trigger  t=1167559021.913  newsnr=5.14  m=(6.0,6.0) s=+0.00  mc=5.2
  H1 trigger  t=1167559025.948  newsnr=5.45  m=(39.0,26.0) s=+0.00  mc=27.6
  H1 trigger  t=1167559029.334  newsnr=5.05  m=(13.3,6.7) s=+0.00  mc=8.1
  H1 trigger  t=1167559032.946  newsnr=5.23  m=(20.0,10.0) s=+0.00  mc=12.2
  H1 trigger  t=1167559034.513  newsnr=5.11  m=(33.8,11.2) s=+0.00  mc=16.5
  H1 trigger  t=1167559038.970  newsnr=5.01  m=(33.0,22.0) s=+0.00  mc=23.4
  H1 trigger  t=1167559040.218  newsnr=5.03  m=(10.0,10.0) s=+0.00  mc=8.7
  H1 trigger  t=1167559042.907  newsnr=5.16  m=(15.0,15.0) s=+0.00  mc=13.1
  H1 trigger  t=1167559045.686  newsnr=5.13  m=(39.0,26.0) s=+0.00  mc=27.6
  H1 trigger  t=1167559059.064  newsnr=5.11  m=(30.0,15.0) s=+0.00  mc=18.3
  H1 trigger  t=1167559065.195  newsnr=5.19  m=(20.0,10.0) s=+0.00  mc=12.2
  H1 trigger  t=1167559073.478  newsnr=5.05  m=(11.1,8.9) s=+0.00  mc=8.6
  H1 trigger  t=1167559076.820  newsnr=5.08  m=(44.0,11.0) s=+0.00  mc=18.3
  H1 trigger  t=1167559079.481  newsnr=5.50  m=(20.0,10.0) s=+0.00  mc=12.2
  H1 trigger  t=1167559081.479  newsnr=5.45  m=(6.7,5.3) s=+0.00  mc=5.2
  H1 trigger  t=1167559084.853  newsnr=5.85  m=(15.0,15.0) s=+0.00  mc=13.1
  H1 trigger  t=1167559086.076  newsnr=5.15  m=(7.2,4.8) s=+0.00  mc=5.1
  H1 trigger  t=1167559088.484  newsnr=5.00  m=(40.0,32.0) s=+0.00  mc=31.1
  H1 trigger  t=1167559090.779  newsnr=5.23  m=(7.2,4.8) s=+0.00  mc=5.1
  H1 trigger  t=1167559093.512  newsnr=5.02  m=(36.7,18.3) s=+0.00  mc=22.3
  H1 trigger  t=1167559101.783  newsnr=5.51  m=(27.5,27.5) s=+0.00  mc=23.9
  H1 trigger  t=1167559105.908  newsnr=5.63  m=(52.0,13.0) s=+0.00  mc=21.6
  H1 trigger  t=1167559110.799  newsnr=5.08  m=(22.5,7.5) s=+0.00  mc=11.0
  H1 trigger  t=1167559120.165  newsnr=5.08  m=(42.5,42.5) s=+0.00  mc=37.0
  H1 trigger  t=1167559124.681  newsnr=5.39  m=(18.0,12.0) s=+0.00  mc=12.7
  H1 trigger  t=1167559125.770  newsnr=5.14  m=(44.0,11.0) s=+0.00  mc=18.3
  H1 trigger  t=1167559129.316  newsnr=5.25  m=(8.0,4.0) s=+0.00  mc=4.9
  H1 trigger  t=1167559130.821  newsnr=5.05  m=(57.6,14.4) s=+0.00  mc=24.0
  H1 trigger  t=1167559140.028  newsnr=5.02  m=(52.0,13.0) s=+0.00  mc=21.6
  H1 trigger  t=1167559146.000  newsnr=5.10  m=(54.0,18.0) s=+0.00  mc=26.4
  H1 trigger  t=1167559161.811  newsnr=5.52  m=(41.2,13.8) s=+0.00  mc=20.1
  H1 trigger  t=1167559166.033  newsnr=5.05  m=(43.3,21.7) s=+0.00  mc=26.4
  H1 trigger  t=1167559171.001  newsnr=5.06  m=(68.0,17.0) s=+0.00  mc=28.3
  H1 trigger  t=1167559179.382  newsnr=5.08  m=(48.8,16.2) s=+0.00  mc=23.8
  H1 trigger  t=1167559181.079  newsnr=5.06  m=(27.0,18.0) s=+0.00  mc=19.1
  H1 trigger  t=1167559196.374  newsnr=5.16  m=(7.2,4.8) s=+0.00  mc=5.1
  H1 trigger  t=1167559198.583  newsnr=5.15  m=(30.0,15.0) s=+0.00  mc=18.3
  H1 trigger  t=1167559200.276  newsnr=5.09  m=(15.0,5.0) s=+0.00  mc=7.3
  H1 trigger  t=1167559202.141  newsnr=5.12  m=(16.0,4.0) s=+0.00  mc=6.7
  H1 trigger  t=1167559206.030  newsnr=5.10  m=(13.3,6.7) s=+0.00  mc=8.1
  H1 trigger  t=1167559207.210  newsnr=5.09  m=(18.0,12.0) s=+0.00  mc=12.7
  H1 trigger  t=1167559211.375  newsnr=5.06  m=(63.8,21.2) s=+0.00  mc=31.1
  H1 trigger  t=1167559214.331  newsnr=5.20  m=(68.0,17.0) s=+0.00  mc=28.3
  H1 trigger  t=1167559217.617  newsnr=5.22  m=(41.2,13.8) s=+0.00  mc=20.1
  H1 trigger  t=1167559220.974  newsnr=5.01  m=(9.0,3.0) s=+0.00  mc=4.4
  H1 trigger  t=1167559227.355  newsnr=5.39  m=(10.0,10.0) s=+0.00  mc=8.7
  H1 trigger  t=1167559237.060  newsnr=5.10  m=(27.0,18.0) s=+0.00  mc=19.1
  H1 trigger  t=1167559246.069  newsnr=5.42  m=(24.0,6.0) s=+0.00  mc=10.0
  H1 trigger  t=1167559250.155  newsnr=6.71  m=(27.0,18.0) s=+0.00  mc=19.1
  H1 trigger  t=1167559255.204  newsnr=5.06  m=(39.0,26.0) s=+0.00  mc=27.6
  H1 trigger  t=1167559257.177  newsnr=5.26  m=(18.0,12.0) s=+0.00  mc=12.7
  H1 trigger  t=1167559258.190  newsnr=5.56  m=(22.5,7.5) s=+0.00  mc=11.0
  H1 trigger  t=1167559267.903  newsnr=5.17  m=(6.0,6.0) s=+0.00  mc=5.2
  H1 trigger  t=1167559270.680  newsnr=5.77  m=(11.1,8.9) s=+0.00  mc=8.6
  H1 trigger  t=1167559272.646  newsnr=5.31  m=(13.3,6.7) s=+0.00  mc=8.1
  H1 trigger  t=1167559290.670  newsnr=5.29  m=(9.0,3.0) s=+0.00  mc=4.4
  H1 trigger  t=1167559297.670  newsnr=5.28  m=(43.3,21.7) s=+0.00  mc=26.4
  H1 trigger  t=1167559300.807  newsnr=5.05  m=(9.0,3.0) s=+0.00  mc=4.4
  H1 trigger  t=1167559302.890  newsnr=5.09  m=(8.0,4.0) s=+0.00  mc=4.9
  H1 trigger  t=1167559307.051  newsnr=5.09  m=(13.3,6.7) s=+0.00  mc=8.1
  H1 trigger  t=1167559326.519  newsnr=5.05  m=(22.5,22.5) s=+0.00  mc=19.6
  H1 trigger  t=1167559331.304  newsnr=5.11  m=(20.0,10.0) s=+0.00  mc=12.2
  H1 trigger  t=1167559333.195  newsnr=5.24  m=(6.0,6.0) s=+0.00  mc=5.2
  H1 trigger  t=1167559340.610  newsnr=5.07  m=(39.0,26.0) s=+0.00  mc=27.6
  H1 trigger  t=1167559347.222  newsnr=5.19  m=(7.2,4.8) s=+0.00  mc=5.1
  H1 trigger  t=1167559362.703  newsnr=5.06  m=(11.1,8.9) s=+0.00  mc=8.6
  H1 trigger  t=1167559382.330  newsnr=5.07  m=(16.7,13.3) s=+0.00  mc=13.0
  H1 trigger  t=1167559386.725  newsnr=5.07  m=(9.6,2.4) s=+0.00  mc=4.0
  H1 trigger  t=1167559391.491  newsnr=5.31  m=(30.0,15.0) s=+0.00  mc=18.3
  H1 trigger  t=1167559393.506  newsnr=5.07  m=(16.0,4.0) s=+0.00  mc=6.7
  H1 trigger  t=1167559405.358  newsnr=5.51  m=(48.0,24.0) s=+0.00  mc=29.2
  H1 trigger  t=1167559409.912  newsnr=5.29  m=(43.3,21.7) s=+0.00  mc=26.4
  H1 trigger  t=1167559412.754  newsnr=5.01  m=(30.0,15.0) s=+0.00  mc=18.3
  H1 trigger  t=1167559415.218  newsnr=5.19  m=(16.0,4.0) s=+0.00  mc=6.7
  H1 trigger  t=1167559417.458  newsnr=5.32  m=(12.0,8.0) s=+0.00  mc=8.5
  H1 trigger  t=1167559424.814  newsnr=5.03  m=(9.0,3.0) s=+0.00  mc=4.4
  H1 trigger  t=1167559429.716  newsnr=5.46  m=(7.2,4.8) s=+0.00  mc=5.1
  H1 trigger  t=1167559432.031  newsnr=5.14  m=(22.5,22.5) s=+0.00  mc=19.6
  H1 trigger  t=1167559439.809  newsnr=5.07  m=(48.8,16.2) s=+0.00  mc=23.8
  H1 trigger  t=1167559451.356  newsnr=5.87  m=(36.0,36.0) s=+0.00  mc=31.3
  H1 trigger  t=1167559457.283  newsnr=5.01  m=(16.7,13.3) s=+0.00  mc=13.0
  H1 trigger  t=1167559473.691  newsnr=5.06  m=(33.0,22.0) s=+0.00  mc=23.4
  H1 trigger  t=1167559481.692  newsnr=5.09  m=(41.2,13.8) s=+0.00  mc=20.1
  H1 trigger  t=1167559485.309  newsnr=5.05  m=(8.0,4.0) s=+0.00  mc=4.9
  H1 trigger  t=1167559490.298  newsnr=5.21  m=(13.3,6.7) s=+0.00  mc=8.1
  H1 trigger  t=1167559507.372  newsnr=5.15  m=(10.0,10.0) s=+0.00  mc=8.7
  H1 trigger  t=1167559512.316  newsnr=5.04  m=(36.0,36.0) s=+0.00  mc=31.3
  H1 trigger  t=1167559522.150  newsnr=5.39  m=(36.0,9.0) s=+0.00  mc=15.0
  H1 trigger  t=1167559534.521  newsnr=5.49  m=(15.0,15.0) s=+0.00  mc=13.1
  H1 trigger  t=1167559536.375  newsnr=5.24  m=(24.0,6.0) s=+0.00  mc=10.0
  H1 trigger  t=1167559537.505  newsnr=5.27  m=(9.0,3.0) s=+0.00  mc=4.4
  H1 trigger  t=1167559548.927  newsnr=5.01  m=(16.7,13.3) s=+0.00  mc=13.0
  H1 trigger  t=1167559562.357  newsnr=5.56  m=(39.0,26.0) s=+0.00  mc=27.6
  H1 trigger  t=1167559571.932  newsnr=5.24  m=(48.8,16.2) s=+0.00  mc=23.8
  H1 trigger  t=1167559591.186  newsnr=5.12  m=(44.0,11.0) s=+0.00  mc=18.3
  H1 trigger  t=1167559592.441  newsnr=5.11  m=(7.2,4.8) s=+0.00  mc=5.1
  H1 trigger  t=1167559604.643  newsnr=5.47  m=(52.0,13.0) s=+0.00  mc=21.6
  H1 trigger  t=1167559631.708  newsnr=5.05  m=(27.0,18.0) s=+0.00  mc=19.1
  H1 trigger  t=1167559633.023  newsnr=5.09  m=(9.0,3.0) s=+0.00  mc=4.4
  H1 trigger  t=1167559639.921  newsnr=5.06  m=(33.8,11.2) s=+0.00  mc=16.5
  H1 trigger  t=1167559641.139  newsnr=5.01  m=(16.7,13.3) s=+0.00  mc=13.0
  H1 trigger  t=1167559642.940  newsnr=5.10  m=(44.0,11.0) s=+0.00  mc=18.3
  H1 trigger  t=1167559647.414  newsnr=5.15  m=(33.8,11.2) s=+0.00  mc=16.5
  H1 trigger  t=1167559665.645  newsnr=5.09  m=(36.1,28.9) s=+0.00  mc=28.1
  H1 trigger  t=1167559680.187  newsnr=5.64  m=(30.6,24.4) s=+0.00  mc=23.8
  H1 trigger  t=1167559681.983  newsnr=5.06  m=(12.0,8.0) s=+0.00  mc=8.5
  H1 trigger  t=1167559686.707  newsnr=5.17  m=(63.8,21.2) s=+0.00  mc=31.1
  H1 trigger  t=1167559692.741  newsnr=5.18  m=(6.0,6.0) s=+0.00  mc=5.2
  H1 trigger  t=1167559708.757  newsnr=5.14  m=(33.8,11.2) s=+0.00  mc=16.5
  H1 trigger  t=1167559710.792  newsnr=5.36  m=(18.0,12.0) s=+0.00  mc=12.7
  H1 trigger  t=1167559712.355  newsnr=5.18  m=(9.6,2.4) s=+0.00  mc=4.0
  H1 trigger  t=1167559715.470  newsnr=5.06  m=(15.0,5.0) s=+0.00  mc=7.3
  H1 trigger  t=1167559717.642  newsnr=5.07  m=(9.6,2.4) s=+0.00  mc=4.0
  H1 trigger  t=1167559723.017  newsnr=5.27  m=(10.0,10.0) s=+0.00  mc=8.7
  H1 trigger  t=1167559747.260  newsnr=5.30  m=(36.7,18.3) s=+0.00  mc=22.3
  H1 trigger  t=1167559757.550  newsnr=5.25  m=(36.7,18.3) s=+0.00  mc=22.3
  H1 trigger  t=1167559775.222  newsnr=5.40  m=(11.1,8.9) s=+0.00  mc=8.6
  H1 trigger  t=1167559776.519  newsnr=5.22  m=(33.8,11.2) s=+0.00  mc=16.5
  H1 trigger  t=1167559780.775  newsnr=5.36  m=(18.0,12.0) s=+0.00  mc=12.7
  H1 trigger  t=1167559782.112  newsnr=5.08  m=(9.0,3.0) s=+0.00  mc=4.4
  H1 trigger  t=1167559786.008  newsnr=5.14  m=(8.0,4.0) s=+0.00  mc=4.9
  H1 trigger  t=1167559792.801  newsnr=5.01  m=(8.0,4.0) s=+0.00  mc=4.9
  H1 trigger  t=1167559794.379  newsnr=5.36  m=(18.0,12.0) s=+0.00  mc=12.7
  H1 trigger  t=1167559796.151  newsnr=5.13  m=(22.5,22.5) s=+0.00  mc=19.6
  H1 trigger  t=1167559802.680  newsnr=5.16  m=(30.0,15.0) s=+0.00  mc=18.3
  H1 trigger  t=1167559804.792  newsnr=5.06  m=(20.0,10.0) s=+0.00  mc=12.2
  H1 trigger  t=1167559810.856  newsnr=5.04  m=(8.0,4.0) s=+0.00  mc=4.9
  H1 trigger  t=1167559821.719  newsnr=5.30  m=(41.2,13.8) s=+0.00  mc=20.1
  H1 trigger  t=1167559826.922  newsnr=5.14  m=(48.8,16.2) s=+0.00  mc=23.8
  H1 trigger  t=1167559831.482  newsnr=5.59  m=(33.8,11.2) s=+0.00  mc=16.5
  H1 trigger  t=1167559849.908  newsnr=5.02  m=(20.0,10.0) s=+0.00  mc=12.2
  H1 trigger  t=1167559860.993  newsnr=5.35  m=(24.0,6.0) s=+0.00  mc=10.0
  H1 trigger  t=1167559880.107  newsnr=5.17  m=(12.0,8.0) s=+0.00  mc=8.5
  H1 trigger  t=1167559889.663  newsnr=5.17  m=(30.6,24.4) s=+0.00  mc=23.8
  H1 trigger  t=1167559891.284  newsnr=5.34  m=(36.0,9.0) s=+0.00  mc=15.0
  H1 trigger  t=1167559893.978  newsnr=5.00  m=(80.0,20.0) s=+0.00  mc=33.3
  H1 trigger  t=1167559898.156  newsnr=5.35  m=(22.5,7.5) s=+0.00  mc=11.0
  H1 trigger  t=1167559905.096  newsnr=5.03  m=(27.0,18.0) s=+0.00  mc=19.1
  H1 trigger  t=1167559907.174  newsnr=5.16  m=(57.6,14.4) s=+0.00  mc=24.0
  H1 trigger  t=1167559908.687  newsnr=5.73  m=(27.0,18.0) s=+0.00  mc=19.1
  H1 trigger  t=1167559909.812  newsnr=5.40  m=(13.3,6.7) s=+0.00  mc=8.1
  H1 trigger  t=1167559920.184  newsnr=5.19  m=(24.0,6.0) s=+0.00  mc=10.0
  H1 trigger  t=1167559923.277  newsnr=5.01  m=(12.0,8.0) s=+0.00  mc=8.5
  H1 trigger  t=1167559929.060  newsnr=5.34  m=(24.0,6.0) s=+0.00  mc=10.0
  H1 trigger  t=1167559933.026  newsnr=5.35  m=(12.0,8.0) s=+0.00  mc=8.5
  H1 trigger  t=1167559936.596  newsnr=8.80  m=(48.8,16.2) s=+0.00  mc=23.8
  H1 trigger  t=1167559940.652  newsnr=5.33  m=(6.7,5.3) s=+0.00  mc=5.2
  H1 trigger  t=1167559946.325  newsnr=5.06  m=(52.0,13.0) s=+0.00  mc=21.6
  H1 trigger  t=1167559950.415  newsnr=5.62  m=(52.0,13.0) s=+0.00  mc=21.6
  H1 trigger  t=1167559960.611  newsnr=5.80  m=(27.0,18.0) s=+0.00  mc=19.1
  H1 trigger  t=1167559987.669  newsnr=5.09  m=(24.0,6.0) s=+0.00  mc=10.0
  H1 trigger  t=1167559991.859  newsnr=5.08  m=(18.0,12.0) s=+0.00  mc=12.7
  H1 trigger  t=1167559995.931  newsnr=5.60  m=(48.8,16.2) s=+0.00  mc=23.8
  H1 trigger  t=1167560010.553  newsnr=5.75  m=(15.0,5.0) s=+0.00  mc=7.3
  H1 trigger  t=1167560016.918  newsnr=5.32  m=(66.7,33.3) s=+0.00  mc=40.6
  H1 trigger  t=1167560019.603  newsnr=5.04  m=(9.0,3.0) s=+0.00  mc=4.4
  H1 trigger  t=1167560026.780  newsnr=5.01  m=(12.0,8.0) s=+0.00  mc=8.5
  H1 trigger  t=1167560031.398  newsnr=5.88  m=(8.0,4.0) s=+0.00  mc=4.9
  H1 trigger  t=1167560042.491  newsnr=5.14  m=(27.5,27.5) s=+0.00  mc=23.9
  H1 trigger  t=1167560047.909  newsnr=5.06  m=(24.0,6.0) s=+0.00  mc=10.0
  H1 trigger  t=1167560049.372  newsnr=5.12  m=(25.0,20.0) s=+0.00  mc=19.4
  H1 trigger  t=1167560053.786  newsnr=5.10  m=(20.0,10.0) s=+0.00  mc=12.2
  H1 trigger  t=1167560056.812  newsnr=5.13  m=(33.0,22.0) s=+0.00  mc=23.4
  H1 trigger  t=1167560062.265  newsnr=5.82  m=(15.0,15.0) s=+0.00  mc=13.1
  H1 trigger  t=1167560067.147  newsnr=5.64  m=(36.7,18.3) s=+0.00  mc=22.3
  H1 trigger  t=1167560070.580  newsnr=5.04  m=(51.0,34.0) s=+0.00  mc=36.1
  H1 trigger  t=1167560081.699  newsnr=5.01  m=(18.0,12.0) s=+0.00  mc=12.7
  H1 trigger  t=1167560091.695  newsnr=5.04  m=(10.0,10.0) s=+0.00  mc=8.7
  H1 trigger  t=1167560098.118  newsnr=5.09  m=(48.0,24.0) s=+0.00  mc=29.2
  H1 trigger  t=1167560102.921  newsnr=5.34  m=(8.0,4.0) s=+0.00  mc=4.9
  H1 trigger  t=1167560105.495  newsnr=5.49  m=(36.0,36.0) s=+0.00  mc=31.3
  H1 trigger  t=1167560109.489  newsnr=5.16  m=(41.2,13.8) s=+0.00  mc=20.1
  H1 trigger  t=1167560118.185  newsnr=5.23  m=(20.0,10.0) s=+0.00  mc=12.2
  H1 trigger  t=1167560122.785  newsnr=5.81  m=(15.0,5.0) s=+0.00  mc=7.3
  H1 trigger  t=1167560137.461  newsnr=5.10  m=(43.3,21.7) s=+0.00  mc=26.4
  H1 trigger  t=1167560139.825  newsnr=5.75  m=(15.0,5.0) s=+0.00  mc=7.3
  H1 trigger  t=1167560142.033  newsnr=5.05  m=(22.5,7.5) s=+0.00  mc=11.0
  H1 trigger  t=1167560145.245  newsnr=5.15  m=(6.7,5.3) s=+0.00  mc=5.2
  H1 trigger  t=1167560147.907  newsnr=5.08  m=(48.8,16.2) s=+0.00  mc=23.8
  H1 trigger  t=1167560162.757  newsnr=5.09  m=(44.0,11.0) s=+0.00  mc=18.3
  H1 trigger  t=1167560173.330  newsnr=5.09  m=(44.0,11.0) s=+0.00  mc=18.3
  H1 trigger  t=1167560179.745  newsnr=5.01  m=(44.0,11.0) s=+0.00  mc=18.3
  H1 trigger  t=1167560181.332  newsnr=5.35  m=(6.0,6.0) s=+0.00  mc=5.2
  H1 trigger  t=1167560182.332  newsnr=5.05  m=(10.0,10.0) s=+0.00  mc=8.7
  H1 trigger  t=1167560189.842  newsnr=5.37  m=(9.0,3.0) s=+0.00  mc=4.4
  H1 trigger  t=1167560196.766  newsnr=5.20  m=(9.0,3.0) s=+0.00  mc=4.4
  H1 trigger  t=1167560210.738  newsnr=5.19  m=(24.0,6.0) s=+0.00  mc=10.0
  H1 trigger  t=1167560217.288  newsnr=5.26  m=(24.0,6.0) s=+0.00  mc=10.0
  H1 trigger  t=1167560221.734  newsnr=5.80  m=(43.3,21.7) s=+0.00  mc=26.4
  H1 trigger  t=1167560232.578  newsnr=5.18  m=(9.6,2.4) s=+0.00  mc=4.0
  H1 trigger  t=1167560243.446  newsnr=5.00  m=(33.8,11.2) s=+0.00  mc=16.5
  H1 trigger  t=1167560252.367  newsnr=5.01  m=(48.8,16.2) s=+0.00  mc=23.8
  H1 trigger  t=1167560256.532  newsnr=5.57  m=(9.0,3.0) s=+0.00  mc=4.4
  H1 trigger  t=1167560263.465  newsnr=5.17  m=(36.0,9.0) s=+0.00  mc=15.0
  H1 trigger  t=1167560264.910  newsnr=5.04  m=(6.0,6.0) s=+0.00  mc=5.2
  H1 trigger  t=1167560266.958  newsnr=5.11  m=(9.6,2.4) s=+0.00  mc=4.0
  H1 trigger  t=1167560277.160  newsnr=5.05  m=(12.0,8.0) s=+0.00  mc=8.5
  H1 trigger  t=1167560278.321  newsnr=5.37  m=(36.0,9.0) s=+0.00  mc=15.0
  H1 trigger  t=1167560284.284  newsnr=5.33  m=(16.0,4.0) s=+0.00  mc=6.7
  H1 trigger  t=1167560286.594  newsnr=5.01  m=(48.8,16.2) s=+0.00  mc=23.8
  H1 trigger  t=1167560287.731  newsnr=5.55  m=(13.3,6.7) s=+0.00  mc=8.1
  H1 trigger  t=1167560293.237  newsnr=5.22  m=(22.5,7.5) s=+0.00  mc=11.0
  H1 trigger  t=1167560306.536  newsnr=5.41  m=(15.0,5.0) s=+0.00  mc=7.3
  H1 trigger  t=1167560313.296  newsnr=5.34  m=(50.0,50.0) s=+0.00  mc=43.5
  H1 trigger  t=1167560319.350  newsnr=6.57  m=(27.5,27.5) s=+0.00  mc=23.9
  H1 trigger  t=1167560334.995  newsnr=5.05  m=(27.5,27.5) s=+0.00  mc=23.9
  H1 trigger  t=1167560341.380  newsnr=5.04  m=(43.3,21.7) s=+0.00  mc=26.4
  H1 trigger  t=1167560359.006  newsnr=5.13  m=(24.0,6.0) s=+0.00  mc=10.0
  H1 trigger  t=1167560369.736  newsnr=5.11  m=(11.1,8.9) s=+0.00  mc=8.6
  H1 trigger  t=1167560374.162  newsnr=5.37  m=(6.0,6.0) s=+0.00  mc=5.2
  H1 trigger  t=1167560385.240  newsnr=5.12  m=(27.5,27.5) s=+0.00  mc=23.9
  H1 trigger  t=1167560394.476  newsnr=5.62  m=(22.5,22.5) s=+0.00  mc=19.6
  H1 trigger  t=1167560401.990  newsnr=5.21  m=(41.2,13.8) s=+0.00  mc=20.1
  H1 trigger  t=1167560418.423  newsnr=5.11  m=(11.1,8.9) s=+0.00  mc=8.6
  H1 trigger  t=1167560422.996  newsnr=5.05  m=(15.0,15.0) s=+0.00  mc=13.1
  H1 trigger  t=1167560427.612  newsnr=5.15  m=(15.0,5.0) s=+0.00  mc=7.3
  H1 trigger  t=1167560442.100  newsnr=5.18  m=(20.0,10.0) s=+0.00  mc=12.2
  H1 trigger  t=1167560446.719  newsnr=5.27  m=(13.3,6.7) s=+0.00  mc=8.1
  H1 trigger  t=1167560448.290  newsnr=5.28  m=(18.0,12.0) s=+0.00  mc=12.7
  H1 trigger  t=1167560449.329  newsnr=5.02  m=(15.0,5.0) s=+0.00  mc=7.3
  H1 trigger  t=1167560459.086  newsnr=5.10  m=(52.0,13.0) s=+0.00  mc=21.6
  H1 trigger  t=1167560460.883  newsnr=5.17  m=(7.2,4.8) s=+0.00  mc=5.1
  H1 trigger  t=1167560474.223  newsnr=6.25  m=(12.0,8.0) s=+0.00  mc=8.5
  H1 trigger  t=1167560479.925  newsnr=5.13  m=(12.0,8.0) s=+0.00  mc=8.5
  H1 trigger  t=1167560486.478  newsnr=5.04  m=(41.2,13.8) s=+0.00  mc=20.1
  H1 trigger  t=1167560493.044  newsnr=5.34  m=(20.0,10.0) s=+0.00  mc=12.2
  H1 trigger  t=1167560498.155  newsnr=5.13  m=(24.0,6.0) s=+0.00  mc=10.0
  H1 trigger  t=1167560502.625  newsnr=5.07  m=(6.0,6.0) s=+0.00  mc=5.2
  H1 trigger  t=1167560505.642  newsnr=5.08  m=(15.0,5.0) s=+0.00  mc=7.3
  H1 trigger  t=1167560510.227  newsnr=5.30  m=(27.0,18.0) s=+0.00  mc=19.1
  H1 trigger  t=1167560520.394  newsnr=5.22  m=(15.0,15.0) s=+0.00  mc=13.1
  H1 trigger  t=1167560530.718  newsnr=5.02  m=(7.2,4.8) s=+0.00  mc=5.1
  H1 trigger  t=1167560538.408  newsnr=5.05  m=(6.7,5.3) s=+0.00  mc=5.2
  H1 trigger  t=1167560545.884  newsnr=5.31  m=(30.0,15.0) s=+0.00  mc=18.3
  H1 trigger  t=1167560550.194  newsnr=5.17  m=(13.3,6.7) s=+0.00  mc=8.1
  H1 trigger  t=1167560552.371  newsnr=5.25  m=(30.6,24.4) s=+0.00  mc=23.8
  H1 trigger  t=1167560555.860  newsnr=5.12  m=(80.0,20.0) s=+0.00  mc=33.3
  H1 trigger  t=1167560558.548  newsnr=5.05  m=(33.8,11.2) s=+0.00  mc=16.5
  H1 trigger  t=1167560568.921  newsnr=5.18  m=(52.0,13.0) s=+0.00  mc=21.6
  H1 trigger  t=1167560577.278  newsnr=5.05  m=(16.0,4.0) s=+0.00  mc=6.7
  H1 trigger  t=1167560592.932  newsnr=5.14  m=(9.6,2.4) s=+0.00  mc=4.0
  H1 trigger  t=1167560595.138  newsnr=5.22  m=(27.5,27.5) s=+0.00  mc=23.9
  H1 trigger  t=1167560609.396  newsnr=5.00  m=(22.5,22.5) s=+0.00  mc=19.6
  H1 trigger  t=1167560610.914  newsnr=5.22  m=(10.0,10.0) s=+0.00  mc=8.7
  H1 trigger  t=1167560616.295  newsnr=5.61  m=(24.0,6.0) s=+0.00  mc=10.0
  H1 trigger  t=1167560629.943  newsnr=6.26  m=(36.7,18.3) s=+0.00  mc=22.3
  H1 trigger  t=1167560635.330  newsnr=5.24  m=(13.3,6.7) s=+0.00  mc=8.1
  L1 trigger  t=1167556617.088  newsnr=5.05  m=(9.6,2.4) s=+0.00  mc=4.0
  L1 trigger  t=1167556637.222  newsnr=5.25  m=(51.0,34.0) s=+0.00  mc=36.1
  L1 trigger  t=1167556640.603  newsnr=5.00  m=(50.0,50.0) s=+0.00  mc=43.5
  L1 trigger  t=1167556646.738  newsnr=5.15  m=(12.0,8.0) s=+0.00  mc=8.5
  L1 trigger  t=1167556647.791  newsnr=5.12  m=(9.6,2.4) s=+0.00  mc=4.0
  L1 trigger  t=1167556649.888  newsnr=5.19  m=(16.0,4.0) s=+0.00  mc=6.7
  L1 trigger  t=1167556651.943  newsnr=5.15  m=(48.8,16.2) s=+0.00  mc=23.8
  L1 trigger  t=1167556657.166  newsnr=5.34  m=(52.0,13.0) s=+0.00  mc=21.6
  L1 trigger  t=1167556664.979  newsnr=5.24  m=(43.2,28.8) s=+0.00  mc=30.6
  L1 trigger  t=1167556668.314  newsnr=5.38  m=(6.0,6.0) s=+0.00  mc=5.2
  L1 trigger  t=1167556672.897  newsnr=5.17  m=(8.0,4.0) s=+0.00  mc=4.9
  L1 trigger  t=1167556680.303  newsnr=5.08  m=(12.0,8.0) s=+0.00  mc=8.5
  L1 trigger  t=1167556691.852  newsnr=5.22  m=(18.0,12.0) s=+0.00  mc=12.7
  L1 trigger  t=1167556710.767  newsnr=6.05  m=(30.0,15.0) s=+0.00  mc=18.3
  L1 trigger  t=1167556714.247  newsnr=5.34  m=(54.0,18.0) s=+0.00  mc=26.4
  L1 trigger  t=1167556715.998  newsnr=5.18  m=(6.7,5.3) s=+0.00  mc=5.2
  L1 trigger  t=1167556717.064  newsnr=5.35  m=(10.0,10.0) s=+0.00  mc=8.7
  L1 trigger  t=1167556721.800  newsnr=5.08  m=(27.5,27.5) s=+0.00  mc=23.9
  L1 trigger  t=1167556766.916  newsnr=5.31  m=(41.2,13.8) s=+0.00  mc=20.1
  L1 trigger  t=1167556772.516  newsnr=5.20  m=(44.0,11.0) s=+0.00  mc=18.3
  L1 trigger  t=1167556777.254  newsnr=5.40  m=(32.5,32.5) s=+0.00  mc=28.3
  L1 trigger  t=1167556780.155  newsnr=5.69  m=(13.3,6.7) s=+0.00  mc=8.1
  L1 trigger  t=1167556781.750  newsnr=5.17  m=(30.0,15.0) s=+0.00  mc=18.3
  L1 trigger  t=1167556782.856  newsnr=5.13  m=(15.0,5.0) s=+0.00  mc=7.3
  L1 trigger  t=1167556788.031  newsnr=5.07  m=(9.0,3.0) s=+0.00  mc=4.4
  L1 trigger  t=1167556790.286  newsnr=5.09  m=(13.3,6.7) s=+0.00  mc=8.1
  L1 trigger  t=1167556806.217  newsnr=5.36  m=(16.7,13.3) s=+0.00  mc=13.0
  L1 trigger  t=1167556821.398  newsnr=5.42  m=(16.0,4.0) s=+0.00  mc=6.7
  L1 trigger  t=1167556830.342  newsnr=5.18  m=(25.0,20.0) s=+0.00  mc=19.4
  L1 trigger  t=1167556833.516  newsnr=5.43  m=(24.0,6.0) s=+0.00  mc=10.0
  L1 trigger  t=1167556840.491  newsnr=5.84  m=(16.0,4.0) s=+0.00  mc=6.7
  L1 trigger  t=1167556844.949  newsnr=5.34  m=(15.0,15.0) s=+0.00  mc=13.1
  L1 trigger  t=1167556853.535  newsnr=5.14  m=(43.3,21.7) s=+0.00  mc=26.4
  L1 trigger  t=1167556872.846  newsnr=5.01  m=(8.0,4.0) s=+0.00  mc=4.9
  L1 trigger  t=1167556874.167  newsnr=5.15  m=(9.0,3.0) s=+0.00  mc=4.4
  L1 trigger  t=1167556876.638  newsnr=5.13  m=(68.0,17.0) s=+0.00  mc=28.3
  L1 trigger  t=1167556878.368  newsnr=5.68  m=(30.6,24.4) s=+0.00  mc=23.8
  L1 trigger  t=1167556882.113  newsnr=5.04  m=(9.6,2.4) s=+0.00  mc=4.0
  L1 trigger  t=1167556884.283  newsnr=5.53  m=(20.0,10.0) s=+0.00  mc=12.2
  L1 trigger  t=1167556902.176  newsnr=5.09  m=(40.0,32.0) s=+0.00  mc=31.1
  L1 trigger  t=1167556913.224  newsnr=5.02  m=(7.2,4.8) s=+0.00  mc=5.1
  L1 trigger  t=1167556915.925  newsnr=5.07  m=(68.0,17.0) s=+0.00  mc=28.3
  L1 trigger  t=1167556918.934  newsnr=5.31  m=(22.5,7.5) s=+0.00  mc=11.0
  L1 trigger  t=1167556926.638  newsnr=5.01  m=(48.8,16.2) s=+0.00  mc=23.8
  L1 trigger  t=1167556929.928  newsnr=5.20  m=(30.0,15.0) s=+0.00  mc=18.3
  L1 trigger  t=1167556932.449  newsnr=5.39  m=(8.0,4.0) s=+0.00  mc=4.9
  L1 trigger  t=1167556937.471  newsnr=5.03  m=(27.5,27.5) s=+0.00  mc=23.9
  L1 trigger  t=1167556939.142  newsnr=5.09  m=(11.1,8.9) s=+0.00  mc=8.6
  L1 trigger  t=1167556946.145  newsnr=5.45  m=(55.6,44.4) s=+0.00  mc=43.2
  L1 trigger  t=1167556957.994  newsnr=5.33  m=(13.3,6.7) s=+0.00  mc=8.1
  L1 trigger  t=1167556960.549  newsnr=5.51  m=(54.0,18.0) s=+0.00  mc=26.4
  L1 trigger  t=1167556964.780  newsnr=5.03  m=(9.0,3.0) s=+0.00  mc=4.4
  L1 trigger  t=1167556969.297  newsnr=5.19  m=(18.0,12.0) s=+0.00  mc=12.7
  L1 trigger  t=1167556971.792  newsnr=5.19  m=(7.2,4.8) s=+0.00  mc=5.1
  L1 trigger  t=1167556979.275  newsnr=5.26  m=(6.7,5.3) s=+0.00  mc=5.2
  L1 trigger  t=1167556982.061  newsnr=5.44  m=(7.2,4.8) s=+0.00  mc=5.1
  L1 trigger  t=1167557006.103  newsnr=5.22  m=(30.6,24.4) s=+0.00  mc=23.8
  L1 trigger  t=1167557009.577  newsnr=5.13  m=(22.5,7.5) s=+0.00  mc=11.0
  L1 trigger  t=1167557014.060  newsnr=5.02  m=(9.0,3.0) s=+0.00  mc=4.4
  L1 trigger  t=1167557015.145  newsnr=5.51  m=(22.5,7.5) s=+0.00  mc=11.0
  L1 trigger  t=1167557016.382  newsnr=5.35  m=(7.2,4.8) s=+0.00  mc=5.1
  L1 trigger  t=1167557018.846  newsnr=5.44  m=(33.0,22.0) s=+0.00  mc=23.4
  L1 trigger  t=1167557031.812  newsnr=5.15  m=(16.7,13.3) s=+0.00  mc=13.0
  L1 trigger  t=1167557064.001  newsnr=5.45  m=(15.0,5.0) s=+0.00  mc=7.3
  L1 trigger  t=1167557066.439  newsnr=5.14  m=(33.0,22.0) s=+0.00  mc=23.4
  L1 trigger  t=1167557068.537  newsnr=5.39  m=(20.0,10.0) s=+0.00  mc=12.2
  L1 trigger  t=1167557070.869  newsnr=5.26  m=(52.0,13.0) s=+0.00  mc=21.6
  L1 trigger  t=1167557072.840  newsnr=5.12  m=(6.7,5.3) s=+0.00  mc=5.2
  L1 trigger  t=1167557075.884  newsnr=5.39  m=(20.0,10.0) s=+0.00  mc=12.2
  L1 trigger  t=1167557093.110  newsnr=5.21  m=(11.1,8.9) s=+0.00  mc=8.6
  L1 trigger  t=1167557116.489  newsnr=5.05  m=(44.0,11.0) s=+0.00  mc=18.3
  L1 trigger  t=1167557118.464  newsnr=5.02  m=(33.8,11.2) s=+0.00  mc=16.5
  L1 trigger  t=1167557125.395  newsnr=5.37  m=(13.3,6.7) s=+0.00  mc=8.1
  L1 trigger  t=1167557127.229  newsnr=5.06  m=(25.0,20.0) s=+0.00  mc=19.4
  L1 trigger  t=1167557136.597  newsnr=5.08  m=(12.0,8.0) s=+0.00  mc=8.5
  L1 trigger  t=1167557153.476  newsnr=5.35  m=(27.0,18.0) s=+0.00  mc=19.1
  L1 trigger  t=1167557154.597  newsnr=5.06  m=(15.0,5.0) s=+0.00  mc=7.3
  L1 trigger  t=1167557156.289  newsnr=5.32  m=(16.7,13.3) s=+0.00  mc=13.0
  L1 trigger  t=1167557158.218  newsnr=5.20  m=(36.0,9.0) s=+0.00  mc=15.0
  L1 trigger  t=1167557167.455  newsnr=5.07  m=(36.0,36.0) s=+0.00  mc=31.3
  L1 trigger  t=1167557174.435  newsnr=5.54  m=(8.0,4.0) s=+0.00  mc=4.9
  L1 trigger  t=1167557195.994  newsnr=5.04  m=(56.7,28.3) s=+0.00  mc=34.5
  L1 trigger  t=1167557198.988  newsnr=5.11  m=(33.8,11.2) s=+0.00  mc=16.5
  L1 trigger  t=1167557202.499  newsnr=5.37  m=(30.6,24.4) s=+0.00  mc=23.8
  L1 trigger  t=1167557213.885  newsnr=5.03  m=(51.0,34.0) s=+0.00  mc=36.1
  L1 trigger  t=1167557217.884  newsnr=5.88  m=(20.0,10.0) s=+0.00  mc=12.2
  L1 trigger  t=1167557220.010  newsnr=5.24  m=(7.2,4.8) s=+0.00  mc=5.1
  L1 trigger  t=1167557229.421  newsnr=5.79  m=(75.0,25.0) s=+0.00  mc=36.6
  L1 trigger  t=1167557232.715  newsnr=5.01  m=(6.7,5.3) s=+0.00  mc=5.2
  L1 trigger  t=1167557248.420  newsnr=5.05  m=(44.0,11.0) s=+0.00  mc=18.3
  L1 trigger  t=1167557272.955  newsnr=5.56  m=(11.1,8.9) s=+0.00  mc=8.6
  L1 trigger  t=1167557276.702  newsnr=5.25  m=(48.0,24.0) s=+0.00  mc=29.2
  L1 trigger  t=1167557278.507  newsnr=5.41  m=(22.5,22.5) s=+0.00  mc=19.6
  L1 trigger  t=1167557284.269  newsnr=6.09  m=(9.0,3.0) s=+0.00  mc=4.4
  L1 trigger  t=1167557290.086  newsnr=5.22  m=(15.0,15.0) s=+0.00  mc=13.1
  L1 trigger  t=1167557301.032  newsnr=5.43  m=(6.0,6.0) s=+0.00  mc=5.2
  L1 trigger  t=1167557305.602  newsnr=5.01  m=(48.8,16.2) s=+0.00  mc=23.8
  L1 trigger  t=1167557306.711  newsnr=5.18  m=(8.0,4.0) s=+0.00  mc=4.9
  L1 trigger  t=1167557308.965  newsnr=5.03  m=(22.5,7.5) s=+0.00  mc=11.0
  L1 trigger  t=1167557313.780  newsnr=5.33  m=(36.1,28.9) s=+0.00  mc=28.1
  L1 trigger  t=1167557318.623  newsnr=5.28  m=(9.0,3.0) s=+0.00  mc=4.4
  L1 trigger  t=1167557321.101  newsnr=5.32  m=(32.5,32.5) s=+0.00  mc=28.3
  L1 trigger  t=1167557327.120  newsnr=5.38  m=(16.7,13.3) s=+0.00  mc=13.0
  L1 trigger  t=1167557340.318  newsnr=5.03  m=(22.5,7.5) s=+0.00  mc=11.0
  L1 trigger  t=1167557346.739  newsnr=5.14  m=(48.0,24.0) s=+0.00  mc=29.2
  L1 trigger  t=1167557348.493  newsnr=5.07  m=(54.0,18.0) s=+0.00  mc=26.4
  L1 trigger  t=1167557359.968  newsnr=5.04  m=(15.0,5.0) s=+0.00  mc=7.3
  L1 trigger  t=1167557363.779  newsnr=5.20  m=(13.3,6.7) s=+0.00  mc=8.1
  L1 trigger  t=1167557366.940  newsnr=5.05  m=(15.0,15.0) s=+0.00  mc=13.1
  L1 trigger  t=1167557387.170  newsnr=5.35  m=(9.0,3.0) s=+0.00  mc=4.4
  L1 trigger  t=1167557393.569  newsnr=5.20  m=(75.0,25.0) s=+0.00  mc=36.6
  L1 trigger  t=1167557403.913  newsnr=5.26  m=(22.5,7.5) s=+0.00  mc=11.0
  L1 trigger  t=1167557444.911  newsnr=5.24  m=(22.5,7.5) s=+0.00  mc=11.0
  L1 trigger  t=1167557446.611  newsnr=5.31  m=(54.0,18.0) s=+0.00  mc=26.4
  L1 trigger  t=1167557448.802  newsnr=5.54  m=(27.5,27.5) s=+0.00  mc=23.9
  L1 trigger  t=1167557449.915  newsnr=5.04  m=(43.2,28.8) s=+0.00  mc=30.6
  L1 trigger  t=1167557451.071  newsnr=5.38  m=(33.8,11.2) s=+0.00  mc=16.5
  L1 trigger  t=1167557454.210  newsnr=5.21  m=(33.0,22.0) s=+0.00  mc=23.4
  L1 trigger  t=1167557457.116  newsnr=5.15  m=(8.0,4.0) s=+0.00  mc=4.9
  L1 trigger  t=1167557461.935  newsnr=5.12  m=(16.0,4.0) s=+0.00  mc=6.7
  L1 trigger  t=1167557463.165  newsnr=5.04  m=(24.0,6.0) s=+0.00  mc=10.0
  L1 trigger  t=1167557469.544  newsnr=5.07  m=(41.2,13.8) s=+0.00  mc=20.1
  L1 trigger  t=1167557474.952  newsnr=5.01  m=(9.0,3.0) s=+0.00  mc=4.4
  L1 trigger  t=1167557494.045  newsnr=5.20  m=(20.0,10.0) s=+0.00  mc=12.2
  L1 trigger  t=1167557495.080  newsnr=5.69  m=(41.2,13.8) s=+0.00  mc=20.1
  L1 trigger  t=1167557496.495  newsnr=5.16  m=(54.0,18.0) s=+0.00  mc=26.4
  L1 trigger  t=1167557510.598  newsnr=5.48  m=(15.0,15.0) s=+0.00  mc=13.1
  L1 trigger  t=1167557511.649  newsnr=5.04  m=(33.8,11.2) s=+0.00  mc=16.5
  L1 trigger  t=1167557516.552  newsnr=5.15  m=(22.5,7.5) s=+0.00  mc=11.0
  L1 trigger  t=1167557520.608  newsnr=5.23  m=(18.0,12.0) s=+0.00  mc=12.7
  L1 trigger  t=1167557522.290  newsnr=5.27  m=(30.0,15.0) s=+0.00  mc=18.3
  L1 trigger  t=1167557529.439  newsnr=5.26  m=(44.0,11.0) s=+0.00  mc=18.3
  L1 trigger  t=1167557535.320  newsnr=5.81  m=(15.0,15.0) s=+0.00  mc=13.1
  L1 trigger  t=1167557538.023  newsnr=5.78  m=(8.0,4.0) s=+0.00  mc=4.9
  L1 trigger  t=1167557555.114  newsnr=5.04  m=(30.0,15.0) s=+0.00  mc=18.3
  L1 trigger  t=1167557562.347  newsnr=5.06  m=(33.0,22.0) s=+0.00  mc=23.4
  L1 trigger  t=1167557567.332  newsnr=5.34  m=(36.0,36.0) s=+0.00  mc=31.3
  L1 trigger  t=1167557571.988  newsnr=5.22  m=(6.0,6.0) s=+0.00  mc=5.2
  L1 trigger  t=1167557573.072  newsnr=5.31  m=(18.0,12.0) s=+0.00  mc=12.7
  L1 trigger  t=1167557575.464  newsnr=5.33  m=(43.2,28.8) s=+0.00  mc=30.6
  L1 trigger  t=1167557578.172  newsnr=5.56  m=(7.2,4.8) s=+0.00  mc=5.1
  L1 trigger  t=1167557603.803  newsnr=5.39  m=(22.5,22.5) s=+0.00  mc=19.6
  L1 trigger  t=1167557605.051  newsnr=5.12  m=(36.0,9.0) s=+0.00  mc=15.0
  L1 trigger  t=1167557606.075  newsnr=5.13  m=(18.0,12.0) s=+0.00  mc=12.7
  L1 trigger  t=1167557611.168  newsnr=5.59  m=(16.0,4.0) s=+0.00  mc=6.7
  L1 trigger  t=1167557624.406  newsnr=5.16  m=(6.7,5.3) s=+0.00  mc=5.2
  L1 trigger  t=1167557639.915  newsnr=5.39  m=(24.0,6.0) s=+0.00  mc=10.0
  L1 trigger  t=1167557653.365  newsnr=5.43  m=(48.8,16.2) s=+0.00  mc=23.8
  L1 trigger  t=1167557662.231  newsnr=5.05  m=(50.0,50.0) s=+0.00  mc=43.5
  L1 trigger  t=1167557664.801  newsnr=5.15  m=(12.0,8.0) s=+0.00  mc=8.5
  L1 trigger  t=1167557666.165  newsnr=5.11  m=(10.0,10.0) s=+0.00  mc=8.7
  L1 trigger  t=1167557669.874  newsnr=5.21  m=(9.0,3.0) s=+0.00  mc=4.4
  L1 trigger  t=1167557676.528  newsnr=5.09  m=(22.5,22.5) s=+0.00  mc=19.6
  L1 trigger  t=1167557683.359  newsnr=5.85  m=(18.0,12.0) s=+0.00  mc=12.7
  L1 trigger  t=1167557686.554  newsnr=5.96  m=(40.0,32.0) s=+0.00  mc=31.1
  L1 trigger  t=1167557691.334  newsnr=5.45  m=(9.6,2.4) s=+0.00  mc=4.0
  L1 trigger  t=1167557692.840  newsnr=5.05  m=(20.0,10.0) s=+0.00  mc=12.2
  L1 trigger  t=1167557698.151  newsnr=5.03  m=(9.0,3.0) s=+0.00  mc=4.4
  L1 trigger  t=1167557699.254  newsnr=5.02  m=(47.2,37.8) s=+0.00  mc=36.7
  L1 trigger  t=1167557705.302  newsnr=5.33  m=(32.5,32.5) s=+0.00  mc=28.3
  L1 trigger  t=1167557737.325  newsnr=5.41  m=(36.0,36.0) s=+0.00  mc=31.3
  L1 trigger  t=1167557741.721  newsnr=5.39  m=(13.3,6.7) s=+0.00  mc=8.1
  L1 trigger  t=1167557746.138  newsnr=5.06  m=(51.0,34.0) s=+0.00  mc=36.1
  L1 trigger  t=1167557747.917  newsnr=5.40  m=(47.2,37.8) s=+0.00  mc=36.7
  L1 trigger  t=1167557749.282  newsnr=5.03  m=(7.2,4.8) s=+0.00  mc=5.1
  L1 trigger  t=1167557762.411  newsnr=5.36  m=(12.0,8.0) s=+0.00  mc=8.5
  L1 trigger  t=1167557766.792  newsnr=5.11  m=(41.2,13.8) s=+0.00  mc=20.1
  L1 trigger  t=1167557769.260  newsnr=5.25  m=(43.2,28.8) s=+0.00  mc=30.6
  L1 trigger  t=1167557772.068  newsnr=5.47  m=(18.0,12.0) s=+0.00  mc=12.7
  L1 trigger  t=1167557780.900  newsnr=5.50  m=(24.0,6.0) s=+0.00  mc=10.0
  L1 trigger  t=1167557784.531  newsnr=5.03  m=(48.0,24.0) s=+0.00  mc=29.2
  L1 trigger  t=1167557788.856  newsnr=5.18  m=(48.0,24.0) s=+0.00  mc=29.2
  L1 trigger  t=1167557797.649  newsnr=5.25  m=(22.5,7.5) s=+0.00  mc=11.0
  L1 trigger  t=1167557801.492  newsnr=6.21  m=(30.0,15.0) s=+0.00  mc=18.3
  L1 trigger  t=1167557803.557  newsnr=5.25  m=(6.7,5.3) s=+0.00  mc=5.2
  L1 trigger  t=1167557811.880  newsnr=5.14  m=(6.7,5.3) s=+0.00  mc=5.2
  L1 trigger  t=1167557813.746  newsnr=5.35  m=(43.2,28.8) s=+0.00  mc=30.6
  L1 trigger  t=1167557833.915  newsnr=5.10  m=(11.1,8.9) s=+0.00  mc=8.6
  L1 trigger  t=1167557835.652  newsnr=5.46  m=(36.0,9.0) s=+0.00  mc=15.0
  L1 trigger  t=1167557839.001  newsnr=5.43  m=(16.0,4.0) s=+0.00  mc=6.7
  L1 trigger  t=1167557846.107  newsnr=5.50  m=(33.8,11.2) s=+0.00  mc=16.5
  L1 trigger  t=1167557851.596  newsnr=5.19  m=(27.5,27.5) s=+0.00  mc=23.9
  L1 trigger  t=1167557859.631  newsnr=5.28  m=(22.5,7.5) s=+0.00  mc=11.0
  L1 trigger  t=1167557873.404  newsnr=5.09  m=(36.7,18.3) s=+0.00  mc=22.3
  L1 trigger  t=1167557879.717  newsnr=5.21  m=(20.0,10.0) s=+0.00  mc=12.2
  L1 trigger  t=1167557883.161  newsnr=5.11  m=(44.0,11.0) s=+0.00  mc=18.3
  L1 trigger  t=1167557889.073  newsnr=5.02  m=(57.6,14.4) s=+0.00  mc=24.0
  L1 trigger  t=1167557893.996  newsnr=5.20  m=(75.0,25.0) s=+0.00  mc=36.6
  L1 trigger  t=1167557906.660  newsnr=5.46  m=(44.0,11.0) s=+0.00  mc=18.3
  L1 trigger  t=1167557908.048  newsnr=5.23  m=(22.5,22.5) s=+0.00  mc=19.6
  L1 trigger  t=1167557914.472  newsnr=5.12  m=(54.0,18.0) s=+0.00  mc=26.4
  L1 trigger  t=1167557927.243  newsnr=5.08  m=(22.5,7.5) s=+0.00  mc=11.0
  L1 trigger  t=1167557932.806  newsnr=5.45  m=(36.7,18.3) s=+0.00  mc=22.3
  L1 trigger  t=1167557951.268  newsnr=5.07  m=(11.1,8.9) s=+0.00  mc=8.6
  L1 trigger  t=1167557959.504  newsnr=5.26  m=(12.0,8.0) s=+0.00  mc=8.5
  L1 trigger  t=1167557961.262  newsnr=5.99  m=(22.5,22.5) s=+0.00  mc=19.6
  L1 trigger  t=1167557964.630  newsnr=5.98  m=(40.0,32.0) s=+0.00  mc=31.1
  L1 trigger  t=1167557968.896  newsnr=5.09  m=(54.0,18.0) s=+0.00  mc=26.4
  L1 trigger  t=1167557974.181  newsnr=5.22  m=(48.8,16.2) s=+0.00  mc=23.8
  L1 trigger  t=1167557978.042  newsnr=5.38  m=(10.0,10.0) s=+0.00  mc=8.7
  L1 trigger  t=1167557991.808  newsnr=5.08  m=(20.0,10.0) s=+0.00  mc=12.2
  L1 trigger  t=1167557994.188  newsnr=5.26  m=(6.0,6.0) s=+0.00  mc=5.2
  L1 trigger  t=1167557999.640  newsnr=5.30  m=(6.0,6.0) s=+0.00  mc=5.2
  L1 trigger  t=1167558028.546  newsnr=5.65  m=(51.0,34.0) s=+0.00  mc=36.1
  L1 trigger  t=1167558030.094  newsnr=5.05  m=(25.0,20.0) s=+0.00  mc=19.4
  L1 trigger  t=1167558034.568  newsnr=5.05  m=(36.0,36.0) s=+0.00  mc=31.3
  L1 trigger  t=1167558039.760  newsnr=5.54  m=(12.0,8.0) s=+0.00  mc=8.5
  L1 trigger  t=1167558040.921  newsnr=5.66  m=(10.0,10.0) s=+0.00  mc=8.7
  L1 trigger  t=1167558056.646  newsnr=5.08  m=(9.6,2.4) s=+0.00  mc=4.0
  L1 trigger  t=1167558058.400  newsnr=5.16  m=(22.5,7.5) s=+0.00  mc=11.0
  L1 trigger  t=1167558073.431  newsnr=5.15  m=(12.0,8.0) s=+0.00  mc=8.5
  L1 trigger  t=1167558074.961  newsnr=5.46  m=(48.0,24.0) s=+0.00  mc=29.2
  L1 trigger  t=1167558083.329  newsnr=5.31  m=(22.5,7.5) s=+0.00  mc=11.0
  L1 trigger  t=1167558088.990  newsnr=5.25  m=(22.5,22.5) s=+0.00  mc=19.6
  L1 trigger  t=1167558090.715  newsnr=5.08  m=(9.0,3.0) s=+0.00  mc=4.4
  L1 trigger  t=1167558095.604  newsnr=5.02  m=(12.0,8.0) s=+0.00  mc=8.5
  L1 trigger  t=1167558102.401  newsnr=5.04  m=(16.0,4.0) s=+0.00  mc=6.7
  L1 trigger  t=1167558104.136  newsnr=5.15  m=(7.2,4.8) s=+0.00  mc=5.1
  L1 trigger  t=1167558107.242  newsnr=5.21  m=(30.6,24.4) s=+0.00  mc=23.8
  L1 trigger  t=1167558109.967  newsnr=5.08  m=(24.0,6.0) s=+0.00  mc=10.0
  L1 trigger  t=1167558111.415  newsnr=5.08  m=(12.0,8.0) s=+0.00  mc=8.5
  L1 trigger  t=1167558116.641  newsnr=5.39  m=(20.0,10.0) s=+0.00  mc=12.2
  L1 trigger  t=1167558127.524  newsnr=5.21  m=(30.0,15.0) s=+0.00  mc=18.3
  L1 trigger  t=1167558130.567  newsnr=5.09  m=(44.0,11.0) s=+0.00  mc=18.3
  L1 trigger  t=1167558134.374  newsnr=5.06  m=(9.0,3.0) s=+0.00  mc=4.4
  L1 trigger  t=1167558139.095  newsnr=5.23  m=(57.6,14.4) s=+0.00  mc=24.0
  L1 trigger  t=1167558155.485  newsnr=5.65  m=(44.0,11.0) s=+0.00  mc=18.3
  L1 trigger  t=1167558158.198  newsnr=5.04  m=(43.3,21.7) s=+0.00  mc=26.4
  L1 trigger  t=1167558165.954  newsnr=5.53  m=(15.0,15.0) s=+0.00  mc=13.1
  L1 trigger  t=1167558171.785  newsnr=5.05  m=(18.0,12.0) s=+0.00  mc=12.7
  L1 trigger  t=1167558179.973  newsnr=5.18  m=(57.6,14.4) s=+0.00  mc=24.0
  L1 trigger  t=1167558182.528  newsnr=5.11  m=(6.7,5.3) s=+0.00  mc=5.2
  L1 trigger  t=1167558187.106  newsnr=5.38  m=(9.0,3.0) s=+0.00  mc=4.4
  L1 trigger  t=1167558189.187  newsnr=5.20  m=(13.3,6.7) s=+0.00  mc=8.1
  L1 trigger  t=1167558190.351  newsnr=5.34  m=(80.0,20.0) s=+0.00  mc=33.3
  L1 trigger  t=1167558192.049  newsnr=5.13  m=(16.7,13.3) s=+0.00  mc=13.0
  L1 trigger  t=1167558195.773  newsnr=5.79  m=(9.0,3.0) s=+0.00  mc=4.4
  L1 trigger  t=1167558198.558  newsnr=5.42  m=(48.8,16.2) s=+0.00  mc=23.8
  L1 trigger  t=1167558206.203  newsnr=5.49  m=(12.0,8.0) s=+0.00  mc=8.5
  L1 trigger  t=1167558211.877  newsnr=5.69  m=(18.0,12.0) s=+0.00  mc=12.7
  L1 trigger  t=1167558235.428  newsnr=5.09  m=(24.0,6.0) s=+0.00  mc=10.0
  L1 trigger  t=1167558239.072  newsnr=5.10  m=(22.5,22.5) s=+0.00  mc=19.6
  L1 trigger  t=1167558257.806  newsnr=5.68  m=(24.0,6.0) s=+0.00  mc=10.0
  L1 trigger  t=1167558261.445  newsnr=5.08  m=(13.3,6.7) s=+0.00  mc=8.1
  L1 trigger  t=1167558266.910  newsnr=5.58  m=(13.3,6.7) s=+0.00  mc=8.1
  L1 trigger  t=1167558270.304  newsnr=5.51  m=(9.6,2.4) s=+0.00  mc=4.0
  L1 trigger  t=1167558281.262  newsnr=5.25  m=(63.8,21.2) s=+0.00  mc=31.1
  L1 trigger  t=1167558290.403  newsnr=5.07  m=(18.0,12.0) s=+0.00  mc=12.7
  L1 trigger  t=1167558292.883  newsnr=5.34  m=(6.0,6.0) s=+0.00  mc=5.2
  L1 trigger  t=1167558296.285  newsnr=5.12  m=(50.0,50.0) s=+0.00  mc=43.5
  L1 trigger  t=1167558308.095  newsnr=5.24  m=(48.8,16.2) s=+0.00  mc=23.8
  L1 trigger  t=1167558318.058  newsnr=5.37  m=(9.0,3.0) s=+0.00  mc=4.4
  L1 trigger  t=1167558320.704  newsnr=5.39  m=(41.2,13.8) s=+0.00  mc=20.1
  L1 trigger  t=1167558326.995  newsnr=5.34  m=(60.0,40.0) s=+0.00  mc=42.5
  L1 trigger  t=1167558328.208  newsnr=5.09  m=(6.7,5.3) s=+0.00  mc=5.2
  L1 trigger  t=1167558337.835  newsnr=5.45  m=(44.0,11.0) s=+0.00  mc=18.3
  L1 trigger  t=1167558341.299  newsnr=5.43  m=(6.7,5.3) s=+0.00  mc=5.2
  L1 trigger  t=1167558353.172  newsnr=5.16  m=(6.0,6.0) s=+0.00  mc=5.2
  L1 trigger  t=1167558355.546  newsnr=5.14  m=(15.0,5.0) s=+0.00  mc=7.3
  L1 trigger  t=1167558363.669  newsnr=5.06  m=(16.0,4.0) s=+0.00  mc=6.7
  L1 trigger  t=1167558369.081  newsnr=5.01  m=(27.0,18.0) s=+0.00  mc=19.1
  L1 trigger  t=1167558375.248  newsnr=5.31  m=(10.0,10.0) s=+0.00  mc=8.7
  L1 trigger  t=1167558377.709  newsnr=5.11  m=(36.0,9.0) s=+0.00  mc=15.0
  L1 trigger  t=1167558379.837  newsnr=5.39  m=(32.5,32.5) s=+0.00  mc=28.3
  L1 trigger  t=1167558382.956  newsnr=5.30  m=(16.0,4.0) s=+0.00  mc=6.7
  L1 trigger  t=1167558385.906  newsnr=5.41  m=(50.0,50.0) s=+0.00  mc=43.5
  L1 trigger  t=1167558387.320  newsnr=5.33  m=(24.0,6.0) s=+0.00  mc=10.0
  L1 trigger  t=1167558393.040  newsnr=5.09  m=(30.0,15.0) s=+0.00  mc=18.3
  L1 trigger  t=1167558397.967  newsnr=5.19  m=(25.0,20.0) s=+0.00  mc=19.4
  L1 trigger  t=1167558406.094  newsnr=5.53  m=(7.2,4.8) s=+0.00  mc=5.1
  L1 trigger  t=1167558411.294  newsnr=5.66  m=(27.5,27.5) s=+0.00  mc=23.9
  L1 trigger  t=1167558412.419  newsnr=5.61  m=(39.0,26.0) s=+0.00  mc=27.6
  L1 trigger  t=1167558414.899  newsnr=5.42  m=(9.6,2.4) s=+0.00  mc=4.0
  L1 trigger  t=1167558435.553  newsnr=5.00  m=(10.0,10.0) s=+0.00  mc=8.7
  L1 trigger  t=1167558436.967  newsnr=6.14  m=(6.0,6.0) s=+0.00  mc=5.2
  L1 trigger  t=1167558437.985  newsnr=5.18  m=(18.0,12.0) s=+0.00  mc=12.7
  L1 trigger  t=1167558440.431  newsnr=5.06  m=(7.2,4.8) s=+0.00  mc=5.1
  L1 trigger  t=1167558441.817  newsnr=5.08  m=(43.3,21.7) s=+0.00  mc=26.4
  L1 trigger  t=1167558444.268  newsnr=5.08  m=(33.8,11.2) s=+0.00  mc=16.5
  L1 trigger  t=1167558446.695  newsnr=5.22  m=(15.0,5.0) s=+0.00  mc=7.3
  L1 trigger  t=1167558454.181  newsnr=5.05  m=(48.8,16.2) s=+0.00  mc=23.8
  L1 trigger  t=1167558458.131  newsnr=5.05  m=(22.5,22.5) s=+0.00  mc=19.6
  L1 trigger  t=1167558459.783  newsnr=5.11  m=(15.0,5.0) s=+0.00  mc=7.3
  L1 trigger  t=1167558462.542  newsnr=5.23  m=(6.7,5.3) s=+0.00  mc=5.2
  L1 trigger  t=1167558474.323  newsnr=5.46  m=(30.0,15.0) s=+0.00  mc=18.3
  L1 trigger  t=1167558477.875  newsnr=5.10  m=(41.2,13.8) s=+0.00  mc=20.1
  L1 trigger  t=1167558481.055  newsnr=5.01  m=(13.3,6.7) s=+0.00  mc=8.1
  L1 trigger  t=1167558483.430  newsnr=5.51  m=(6.0,6.0) s=+0.00  mc=5.2
  L1 trigger  t=1167558514.568  newsnr=5.11  m=(6.7,5.3) s=+0.00  mc=5.2
  L1 trigger  t=1167558524.367  newsnr=5.81  m=(7.2,4.8) s=+0.00  mc=5.1
  L1 trigger  t=1167558530.136  newsnr=5.26  m=(13.3,6.7) s=+0.00  mc=8.1
  L1 trigger  t=1167558532.855  newsnr=6.00  m=(12.0,8.0) s=+0.00  mc=8.5
  L1 trigger  t=1167558534.812  newsnr=5.30  m=(48.0,24.0) s=+0.00  mc=29.2
  L1 trigger  t=1167558538.034  newsnr=5.43  m=(54.0,18.0) s=+0.00  mc=26.4
  L1 trigger  t=1167558546.549  newsnr=5.01  m=(20.0,10.0) s=+0.00  mc=12.2
  L1 trigger  t=1167558570.333  newsnr=5.06  m=(36.7,18.3) s=+0.00  mc=22.3
  L1 trigger  t=1167558589.518  newsnr=5.06  m=(10.0,10.0) s=+0.00  mc=8.7
  L1 trigger  t=1167558594.637  newsnr=5.36  m=(15.0,5.0) s=+0.00  mc=7.3
  L1 trigger  t=1167558604.877  newsnr=5.16  m=(9.0,3.0) s=+0.00  mc=4.4
  L1 trigger  t=1167558617.231  newsnr=5.20  m=(30.0,15.0) s=+0.00  mc=18.3
  L1 trigger  t=1167558627.747  newsnr=5.22  m=(15.0,5.0) s=+0.00  mc=7.3
  L1 trigger  t=1167558633.314  newsnr=5.82  m=(9.0,3.0) s=+0.00  mc=4.4
  L1 trigger  t=1167558634.518  newsnr=5.04  m=(36.7,18.3) s=+0.00  mc=22.3
  L1 trigger  t=1167558635.913  newsnr=5.15  m=(33.0,22.0) s=+0.00  mc=23.4
  L1 trigger  t=1167558638.029  newsnr=5.36  m=(41.2,13.8) s=+0.00  mc=20.1
  L1 trigger  t=1167558640.054  newsnr=5.29  m=(11.1,8.9) s=+0.00  mc=8.6
  L1 trigger  t=1167558645.181  newsnr=5.08  m=(11.1,8.9) s=+0.00  mc=8.6
  L1 trigger  t=1167558653.452  newsnr=5.23  m=(80.0,20.0) s=+0.00  mc=33.3
  L1 trigger  t=1167558671.865  newsnr=5.06  m=(25.0,20.0) s=+0.00  mc=19.4
  L1 trigger  t=1167558676.910  newsnr=5.08  m=(16.7,13.3) s=+0.00  mc=13.0
  L1 trigger  t=1167558688.987  newsnr=5.33  m=(9.0,3.0) s=+0.00  mc=4.4
  L1 trigger  t=1167558690.981  newsnr=5.09  m=(36.7,18.3) s=+0.00  mc=22.3
  L1 trigger  t=1167558694.037  newsnr=5.03  m=(36.7,18.3) s=+0.00  mc=22.3
  L1 trigger  t=1167558697.957  newsnr=5.42  m=(13.3,6.7) s=+0.00  mc=8.1
  L1 trigger  t=1167558703.172  newsnr=5.33  m=(39.0,26.0) s=+0.00  mc=27.6
  L1 trigger  t=1167558706.637  newsnr=5.06  m=(18.0,12.0) s=+0.00  mc=12.7
  L1 trigger  t=1167558723.735  newsnr=5.20  m=(33.8,11.2) s=+0.00  mc=16.5
  L1 trigger  t=1167558727.376  newsnr=5.69  m=(18.0,12.0) s=+0.00  mc=12.7
  L1 trigger  t=1167558728.917  newsnr=5.62  m=(7.2,4.8) s=+0.00  mc=5.1
  L1 trigger  t=1167558755.494  newsnr=5.22  m=(7.2,4.8) s=+0.00  mc=5.1
  L1 trigger  t=1167558756.679  newsnr=5.08  m=(22.5,7.5) s=+0.00  mc=11.0
  L1 trigger  t=1167558761.461  newsnr=5.36  m=(36.7,18.3) s=+0.00  mc=22.3
  L1 trigger  t=1167558765.728  newsnr=5.30  m=(36.0,36.0) s=+0.00  mc=31.3
  L1 trigger  t=1167558769.922  newsnr=5.02  m=(43.2,28.8) s=+0.00  mc=30.6
  L1 trigger  t=1167558775.313  newsnr=5.37  m=(27.5,27.5) s=+0.00  mc=23.9
  L1 trigger  t=1167558776.590  newsnr=5.13  m=(7.2,4.8) s=+0.00  mc=5.1
  L1 trigger  t=1167558778.600  newsnr=5.10  m=(6.0,6.0) s=+0.00  mc=5.2
  L1 trigger  t=1167558782.472  newsnr=5.80  m=(24.0,6.0) s=+0.00  mc=10.0
  L1 trigger  t=1167558787.559  newsnr=5.66  m=(60.0,40.0) s=+0.00  mc=42.5
  L1 trigger  t=1167558791.933  newsnr=5.17  m=(11.1,8.9) s=+0.00  mc=8.6
  L1 trigger  t=1167558796.884  newsnr=6.32  m=(6.0,6.0) s=+0.00  mc=5.2
  L1 trigger  t=1167558797.894  newsnr=5.05  m=(11.1,8.9) s=+0.00  mc=8.6
  L1 trigger  t=1167558799.472  newsnr=5.44  m=(20.0,10.0) s=+0.00  mc=12.2
  L1 trigger  t=1167558802.336  newsnr=5.10  m=(33.8,11.2) s=+0.00  mc=16.5
  L1 trigger  t=1167558809.963  newsnr=5.14  m=(15.0,15.0) s=+0.00  mc=13.1
  L1 trigger  t=1167558817.482  newsnr=5.85  m=(10.0,10.0) s=+0.00  mc=8.7
  L1 trigger  t=1167558824.477  newsnr=5.24  m=(22.5,22.5) s=+0.00  mc=19.6
  L1 trigger  t=1167558842.424  newsnr=5.07  m=(6.7,5.3) s=+0.00  mc=5.2
  L1 trigger  t=1167558849.669  newsnr=5.14  m=(75.0,25.0) s=+0.00  mc=36.6
  L1 trigger  t=1167558856.878  newsnr=5.49  m=(9.0,3.0) s=+0.00  mc=4.4
  L1 trigger  t=1167558858.018  newsnr=5.34  m=(8.0,4.0) s=+0.00  mc=4.9
  L1 trigger  t=1167558864.835  newsnr=5.09  m=(48.0,24.0) s=+0.00  mc=29.2
  L1 trigger  t=1167558868.140  newsnr=5.40  m=(16.0,4.0) s=+0.00  mc=6.7
  L1 trigger  t=1167558880.568  newsnr=5.16  m=(10.0,10.0) s=+0.00  mc=8.7
  L1 trigger  t=1167558886.960  newsnr=5.49  m=(15.0,5.0) s=+0.00  mc=7.3
  L1 trigger  t=1167558890.570  newsnr=5.14  m=(36.0,36.0) s=+0.00  mc=31.3
  L1 trigger  t=1167558893.138  newsnr=5.25  m=(33.8,11.2) s=+0.00  mc=16.5
  L1 trigger  t=1167558901.987  newsnr=5.41  m=(24.0,6.0) s=+0.00  mc=10.0
  L1 trigger  t=1167558903.208  newsnr=5.25  m=(57.6,14.4) s=+0.00  mc=24.0
  L1 trigger  t=1167558918.763  newsnr=5.60  m=(15.0,15.0) s=+0.00  mc=13.1
  L1 trigger  t=1167558947.785  newsnr=5.02  m=(33.8,11.2) s=+0.00  mc=16.5
  L1 trigger  t=1167558949.474  newsnr=5.09  m=(27.0,18.0) s=+0.00  mc=19.1
  L1 trigger  t=1167558956.710  newsnr=5.62  m=(20.0,10.0) s=+0.00  mc=12.2
  L1 trigger  t=1167558957.863  newsnr=5.29  m=(15.0,15.0) s=+0.00  mc=13.1
  L1 trigger  t=1167558960.100  newsnr=5.54  m=(11.1,8.9) s=+0.00  mc=8.6
  L1 trigger  t=1167558961.251  newsnr=5.50  m=(48.8,16.2) s=+0.00  mc=23.8
  L1 trigger  t=1167558971.263  newsnr=5.52  m=(7.2,4.8) s=+0.00  mc=5.1
  L1 trigger  t=1167558974.209  newsnr=5.58  m=(22.5,22.5) s=+0.00  mc=19.6
  L1 trigger  t=1167558978.150  newsnr=5.22  m=(13.3,6.7) s=+0.00  mc=8.1
  L1 trigger  t=1167558992.544  newsnr=5.17  m=(44.0,11.0) s=+0.00  mc=18.3
  L1 trigger  t=1167559005.106  newsnr=5.00  m=(30.0,15.0) s=+0.00  mc=18.3
  L1 trigger  t=1167559011.958  newsnr=5.08  m=(39.0,26.0) s=+0.00  mc=27.6
  L1 trigger  t=1167559015.702  newsnr=5.38  m=(7.2,4.8) s=+0.00  mc=5.1
  L1 trigger  t=1167559017.476  newsnr=5.55  m=(36.1,28.9) s=+0.00  mc=28.1
  L1 trigger  t=1167559045.950  newsnr=5.36  m=(30.0,15.0) s=+0.00  mc=18.3
  L1 trigger  t=1167559051.274  newsnr=5.18  m=(10.0,10.0) s=+0.00  mc=8.7
  L1 trigger  t=1167559066.279  newsnr=5.45  m=(36.7,18.3) s=+0.00  mc=22.3
  L1 trigger  t=1167559070.692  newsnr=5.12  m=(22.5,7.5) s=+0.00  mc=11.0
  L1 trigger  t=1167559072.384  newsnr=5.19  m=(13.3,6.7) s=+0.00  mc=8.1
  L1 trigger  t=1167559076.446  newsnr=5.13  m=(8.0,4.0) s=+0.00  mc=4.9
  L1 trigger  t=1167559084.858  newsnr=5.09  m=(36.0,9.0) s=+0.00  mc=15.0
  L1 trigger  t=1167559106.327  newsnr=5.46  m=(48.8,16.2) s=+0.00  mc=23.8
  L1 trigger  t=1167559120.635  newsnr=5.01  m=(12.0,8.0) s=+0.00  mc=8.5
  L1 trigger  t=1167559133.824  newsnr=5.90  m=(63.8,21.2) s=+0.00  mc=31.1
  L1 trigger  t=1167559141.924  newsnr=5.26  m=(75.0,25.0) s=+0.00  mc=36.6
  L1 trigger  t=1167559146.792  newsnr=5.13  m=(27.5,27.5) s=+0.00  mc=23.9
  L1 trigger  t=1167559152.237  newsnr=5.11  m=(11.1,8.9) s=+0.00  mc=8.6
  L1 trigger  t=1167559155.427  newsnr=5.06  m=(7.2,4.8) s=+0.00  mc=5.1
  L1 trigger  t=1167559157.244  newsnr=5.07  m=(27.0,18.0) s=+0.00  mc=19.1
  L1 trigger  t=1167559159.550  newsnr=5.07  m=(33.8,11.2) s=+0.00  mc=16.5
  L1 trigger  t=1167559163.413  newsnr=5.59  m=(24.0,6.0) s=+0.00  mc=10.0
  L1 trigger  t=1167559174.335  newsnr=5.14  m=(27.0,18.0) s=+0.00  mc=19.1
  L1 trigger  t=1167559189.376  newsnr=5.10  m=(27.5,27.5) s=+0.00  mc=23.9
  L1 trigger  t=1167559191.140  newsnr=5.09  m=(10.0,10.0) s=+0.00  mc=8.7
  L1 trigger  t=1167559193.161  newsnr=5.05  m=(32.5,32.5) s=+0.00  mc=28.3
  L1 trigger  t=1167559213.197  newsnr=5.19  m=(9.0,3.0) s=+0.00  mc=4.4
  L1 trigger  t=1167559222.231  newsnr=5.07  m=(25.0,20.0) s=+0.00  mc=19.4
  L1 trigger  t=1167559225.550  newsnr=5.50  m=(33.0,22.0) s=+0.00  mc=23.4
  L1 trigger  t=1167559226.775  newsnr=5.17  m=(11.1,8.9) s=+0.00  mc=8.6
  L1 trigger  t=1167559238.952  newsnr=5.11  m=(9.6,2.4) s=+0.00  mc=4.0
  L1 trigger  t=1167559242.520  newsnr=5.05  m=(36.7,18.3) s=+0.00  mc=22.3
  L1 trigger  t=1167559257.894  newsnr=5.43  m=(6.0,6.0) s=+0.00  mc=5.2
  L1 trigger  t=1167559262.965  newsnr=5.23  m=(30.0,15.0) s=+0.00  mc=18.3
  L1 trigger  t=1167559269.167  newsnr=5.02  m=(48.8,16.2) s=+0.00  mc=23.8
  L1 trigger  t=1167559270.584  newsnr=5.01  m=(9.6,2.4) s=+0.00  mc=4.0
  L1 trigger  t=1167559272.555  newsnr=5.08  m=(36.7,18.3) s=+0.00  mc=22.3
  L1 trigger  t=1167559276.754  newsnr=5.61  m=(15.0,5.0) s=+0.00  mc=7.3
  L1 trigger  t=1167559277.757  newsnr=5.66  m=(15.0,15.0) s=+0.00  mc=13.1
  L1 trigger  t=1167559279.031  newsnr=5.40  m=(36.7,18.3) s=+0.00  mc=22.3
  L1 trigger  t=1167559289.086  newsnr=5.09  m=(48.8,16.2) s=+0.00  mc=23.8
  L1 trigger  t=1167559295.504  newsnr=5.29  m=(10.0,10.0) s=+0.00  mc=8.7
  L1 trigger  t=1167559299.792  newsnr=5.08  m=(33.8,11.2) s=+0.00  mc=16.5
  L1 trigger  t=1167559311.041  newsnr=5.17  m=(43.3,21.7) s=+0.00  mc=26.4
  L1 trigger  t=1167559314.878  newsnr=5.11  m=(11.1,8.9) s=+0.00  mc=8.6
  L1 trigger  t=1167559341.383  newsnr=5.69  m=(9.0,3.0) s=+0.00  mc=4.4
  L1 trigger  t=1167559342.486  newsnr=5.29  m=(63.8,21.2) s=+0.00  mc=31.1
  L1 trigger  t=1167559385.109  newsnr=5.25  m=(18.0,12.0) s=+0.00  mc=12.7
  L1 trigger  t=1167559387.079  newsnr=5.15  m=(24.0,6.0) s=+0.00  mc=10.0
  L1 trigger  t=1167559389.954  newsnr=5.52  m=(27.5,27.5) s=+0.00  mc=23.9
  L1 trigger  t=1167559396.233  newsnr=5.54  m=(16.0,4.0) s=+0.00  mc=6.7
  L1 trigger  t=1167559415.131  newsnr=5.32  m=(54.0,18.0) s=+0.00  mc=26.4
  L1 trigger  t=1167559417.211  newsnr=5.51  m=(8.0,4.0) s=+0.00  mc=4.9
  L1 trigger  t=1167559418.890  newsnr=5.38  m=(30.6,24.4) s=+0.00  mc=23.8
  L1 trigger  t=1167559424.195  newsnr=5.17  m=(22.5,22.5) s=+0.00  mc=19.6
  L1 trigger  t=1167559433.488  newsnr=5.02  m=(44.0,11.0) s=+0.00  mc=18.3
  L1 trigger  t=1167559435.835  newsnr=5.01  m=(12.0,8.0) s=+0.00  mc=8.5
  L1 trigger  t=1167559437.638  newsnr=5.30  m=(6.0,6.0) s=+0.00  mc=5.2
  L1 trigger  t=1167559457.045  newsnr=5.36  m=(36.0,9.0) s=+0.00  mc=15.0
  L1 trigger  t=1167559459.344  newsnr=5.16  m=(33.0,22.0) s=+0.00  mc=23.4
  L1 trigger  t=1167559465.922  newsnr=5.24  m=(12.0,8.0) s=+0.00  mc=8.5
  L1 trigger  t=1167559478.107  newsnr=5.31  m=(13.3,6.7) s=+0.00  mc=8.1
  L1 trigger  t=1167559482.489  newsnr=5.01  m=(68.0,17.0) s=+0.00  mc=28.3
  L1 trigger  t=1167559485.764  newsnr=5.34  m=(22.5,22.5) s=+0.00  mc=19.6
  L1 trigger  t=1167559496.213  newsnr=5.07  m=(41.2,13.8) s=+0.00  mc=20.1
  L1 trigger  t=1167559509.009  newsnr=5.02  m=(11.1,8.9) s=+0.00  mc=8.6
  L1 trigger  t=1167559515.655  newsnr=5.16  m=(8.0,4.0) s=+0.00  mc=4.9
  L1 trigger  t=1167559525.139  newsnr=5.08  m=(25.0,20.0) s=+0.00  mc=19.4
  L1 trigger  t=1167559536.876  newsnr=5.12  m=(30.0,15.0) s=+0.00  mc=18.3
  L1 trigger  t=1167559542.220  newsnr=5.10  m=(13.3,6.7) s=+0.00  mc=8.1
  L1 trigger  t=1167559543.273  newsnr=5.04  m=(39.0,26.0) s=+0.00  mc=27.6
  L1 trigger  t=1167559545.177  newsnr=5.41  m=(22.5,7.5) s=+0.00  mc=11.0
  L1 trigger  t=1167559550.207  newsnr=5.98  m=(7.2,4.8) s=+0.00  mc=5.1
  L1 trigger  t=1167559552.823  newsnr=5.27  m=(6.7,5.3) s=+0.00  mc=5.2
  L1 trigger  t=1167559557.917  newsnr=5.11  m=(68.0,17.0) s=+0.00  mc=28.3
  L1 trigger  t=1167559564.230  newsnr=5.06  m=(22.5,22.5) s=+0.00  mc=19.6
  L1 trigger  t=1167559576.969  newsnr=5.16  m=(13.3,6.7) s=+0.00  mc=8.1
  L1 trigger  t=1167559579.026  newsnr=5.16  m=(18.0,12.0) s=+0.00  mc=12.7
  L1 trigger  t=1167559594.194  newsnr=5.70  m=(57.6,14.4) s=+0.00  mc=24.0
  L1 trigger  t=1167559599.538  newsnr=5.09  m=(20.0,10.0) s=+0.00  mc=12.2
  L1 trigger  t=1167559605.919  newsnr=5.15  m=(63.8,21.2) s=+0.00  mc=31.1
  L1 trigger  t=1167559607.230  newsnr=5.04  m=(11.1,8.9) s=+0.00  mc=8.6
  L1 trigger  t=1167559611.092  newsnr=5.87  m=(32.5,32.5) s=+0.00  mc=28.3
  L1 trigger  t=1167559613.907  newsnr=5.10  m=(6.0,6.0) s=+0.00  mc=5.2
  L1 trigger  t=1167559630.180  newsnr=5.03  m=(44.0,11.0) s=+0.00  mc=18.3
  L1 trigger  t=1167559632.092  newsnr=5.03  m=(6.7,5.3) s=+0.00  mc=5.2
  L1 trigger  t=1167559649.002  newsnr=5.06  m=(15.0,5.0) s=+0.00  mc=7.3
  L1 trigger  t=1167559650.534  newsnr=5.06  m=(9.0,3.0) s=+0.00  mc=4.4
  L1 trigger  t=1167559664.713  newsnr=5.19  m=(9.6,2.4) s=+0.00  mc=4.0
  L1 trigger  t=1167559665.831  newsnr=5.03  m=(30.0,15.0) s=+0.00  mc=18.3
  L1 trigger  t=1167559669.484  newsnr=5.30  m=(36.0,9.0) s=+0.00  mc=15.0
  L1 trigger  t=1167559671.667  newsnr=5.33  m=(27.0,18.0) s=+0.00  mc=19.1
  L1 trigger  t=1167559681.113  newsnr=5.30  m=(24.0,6.0) s=+0.00  mc=10.0
  L1 trigger  t=1167559683.219  newsnr=5.16  m=(22.5,22.5) s=+0.00  mc=19.6
  L1 trigger  t=1167559685.042  newsnr=5.15  m=(6.7,5.3) s=+0.00  mc=5.2
  L1 trigger  t=1167559697.984  newsnr=5.78  m=(33.8,11.2) s=+0.00  mc=16.5
  L1 trigger  t=1167559716.279  newsnr=5.45  m=(11.1,8.9) s=+0.00  mc=8.6
  L1 trigger  t=1167559717.545  newsnr=5.13  m=(48.0,24.0) s=+0.00  mc=29.2
  L1 trigger  t=1167559732.083  newsnr=5.02  m=(18.0,12.0) s=+0.00  mc=12.7
  L1 trigger  t=1167559747.291  newsnr=5.46  m=(6.7,5.3) s=+0.00  mc=5.2
  L1 trigger  t=1167559749.880  newsnr=5.55  m=(10.0,10.0) s=+0.00  mc=8.7
  L1 trigger  t=1167559751.875  newsnr=5.39  m=(41.2,13.8) s=+0.00  mc=20.1
  L1 trigger  t=1167559753.798  newsnr=5.19  m=(10.0,10.0) s=+0.00  mc=8.7
  L1 trigger  t=1167559762.358  newsnr=5.17  m=(12.0,8.0) s=+0.00  mc=8.5
  L1 trigger  t=1167559775.746  newsnr=5.05  m=(12.0,8.0) s=+0.00  mc=8.5
  L1 trigger  t=1167559778.831  newsnr=5.20  m=(48.8,16.2) s=+0.00  mc=23.8
  L1 trigger  t=1167559789.687  newsnr=5.19  m=(57.6,14.4) s=+0.00  mc=24.0
  L1 trigger  t=1167559800.081  newsnr=5.14  m=(16.7,13.3) s=+0.00  mc=13.0
  L1 trigger  t=1167559808.558  newsnr=5.16  m=(9.0,3.0) s=+0.00  mc=4.4
  L1 trigger  t=1167559818.848  newsnr=5.06  m=(16.0,4.0) s=+0.00  mc=6.7
  L1 trigger  t=1167559828.757  newsnr=5.40  m=(50.0,50.0) s=+0.00  mc=43.5
  L1 trigger  t=1167559830.326  newsnr=5.31  m=(16.0,4.0) s=+0.00  mc=6.7
  L1 trigger  t=1167559832.613  newsnr=5.06  m=(36.0,9.0) s=+0.00  mc=15.0
  L1 trigger  t=1167559843.133  newsnr=5.04  m=(30.0,15.0) s=+0.00  mc=18.3
  L1 trigger  t=1167559848.736  newsnr=5.27  m=(20.0,10.0) s=+0.00  mc=12.2
  L1 trigger  t=1167559851.576  newsnr=5.80  m=(18.0,12.0) s=+0.00  mc=12.7
  L1 trigger  t=1167559854.489  newsnr=5.02  m=(7.2,4.8) s=+0.00  mc=5.1
  L1 trigger  t=1167559865.527  newsnr=5.86  m=(30.0,15.0) s=+0.00  mc=18.3
  L1 trigger  t=1167559873.763  newsnr=5.21  m=(7.2,4.8) s=+0.00  mc=5.1
  L1 trigger  t=1167559881.212  newsnr=5.26  m=(6.7,5.3) s=+0.00  mc=5.2
  L1 trigger  t=1167559884.298  newsnr=5.08  m=(8.0,4.0) s=+0.00  mc=4.9
  L1 trigger  t=1167559890.480  newsnr=5.57  m=(6.0,6.0) s=+0.00  mc=5.2
  L1 trigger  t=1167559897.770  newsnr=5.17  m=(11.1,8.9) s=+0.00  mc=8.6
  L1 trigger  t=1167559900.399  newsnr=5.02  m=(6.7,5.3) s=+0.00  mc=5.2
  L1 trigger  t=1167559902.724  newsnr=5.20  m=(9.0,3.0) s=+0.00  mc=4.4
  L1 trigger  t=1167559915.700  newsnr=5.17  m=(36.0,9.0) s=+0.00  mc=15.0
  L1 trigger  t=1167559920.969  newsnr=5.14  m=(10.0,10.0) s=+0.00  mc=8.7
  L1 trigger  t=1167559926.914  newsnr=5.38  m=(8.0,4.0) s=+0.00  mc=4.9
  L1 trigger  t=1167559928.447  newsnr=5.02  m=(6.0,6.0) s=+0.00  mc=5.2
  L1 trigger  t=1167559936.599  newsnr=9.23  m=(48.8,16.2) s=+0.00  mc=23.8
  L1 trigger  t=1167559949.438  newsnr=5.12  m=(18.0,12.0) s=+0.00  mc=12.7
  L1 trigger  t=1167559955.718  newsnr=5.00  m=(22.5,7.5) s=+0.00  mc=11.0
  L1 trigger  t=1167559957.912  newsnr=5.03  m=(9.0,3.0) s=+0.00  mc=4.4
  L1 trigger  t=1167559963.026  newsnr=5.51  m=(9.6,2.4) s=+0.00  mc=4.0
  L1 trigger  t=1167559986.348  newsnr=5.22  m=(7.2,4.8) s=+0.00  mc=5.1
  L1 trigger  t=1167559989.944  newsnr=5.28  m=(52.0,13.0) s=+0.00  mc=21.6
  L1 trigger  t=1167559993.064  newsnr=5.01  m=(41.2,13.8) s=+0.00  mc=20.1
  L1 trigger  t=1167559999.774  newsnr=5.59  m=(12.0,8.0) s=+0.00  mc=8.5
  L1 trigger  t=1167560001.964  newsnr=5.27  m=(24.0,6.0) s=+0.00  mc=10.0
  L1 trigger  t=1167560004.224  newsnr=5.58  m=(63.8,21.2) s=+0.00  mc=31.1
  L1 trigger  t=1167560006.007  newsnr=5.18  m=(24.0,6.0) s=+0.00  mc=10.0
  L1 trigger  t=1167560007.158  newsnr=5.44  m=(20.0,10.0) s=+0.00  mc=12.2
  L1 trigger  t=1167560011.483  newsnr=5.07  m=(27.0,18.0) s=+0.00  mc=19.1
  L1 trigger  t=1167560014.786  newsnr=5.45  m=(36.0,9.0) s=+0.00  mc=15.0
  L1 trigger  t=1167560055.505  newsnr=5.09  m=(30.0,15.0) s=+0.00  mc=18.3
  L1 trigger  t=1167560059.344  newsnr=5.01  m=(24.0,6.0) s=+0.00  mc=10.0
  L1 trigger  t=1167560061.025  newsnr=5.18  m=(44.0,11.0) s=+0.00  mc=18.3
  L1 trigger  t=1167560068.515  newsnr=5.03  m=(15.0,5.0) s=+0.00  mc=7.3
  L1 trigger  t=1167560071.508  newsnr=5.25  m=(27.5,27.5) s=+0.00  mc=23.9
  L1 trigger  t=1167560073.004  newsnr=5.49  m=(13.3,6.7) s=+0.00  mc=8.1
  L1 trigger  t=1167560075.598  newsnr=5.21  m=(22.5,22.5) s=+0.00  mc=19.6
  L1 trigger  t=1167560078.317  newsnr=5.32  m=(80.0,20.0) s=+0.00  mc=33.3
  L1 trigger  t=1167560087.557  newsnr=5.09  m=(75.0,25.0) s=+0.00  mc=36.6
  L1 trigger  t=1167560089.756  newsnr=5.96  m=(9.6,2.4) s=+0.00  mc=4.0
  L1 trigger  t=1167560107.411  newsnr=5.46  m=(27.5,27.5) s=+0.00  mc=23.9
  L1 trigger  t=1167560109.244  newsnr=5.09  m=(10.0,10.0) s=+0.00  mc=8.7
  L1 trigger  t=1167560117.344  newsnr=5.39  m=(15.0,15.0) s=+0.00  mc=13.1
  L1 trigger  t=1167560126.144  newsnr=5.15  m=(24.0,6.0) s=+0.00  mc=10.0
  L1 trigger  t=1167560129.223  newsnr=5.62  m=(15.0,15.0) s=+0.00  mc=13.1
  L1 trigger  t=1167560136.617  newsnr=5.15  m=(36.0,9.0) s=+0.00  mc=15.0
  L1 trigger  t=1167560151.002  newsnr=5.02  m=(9.6,2.4) s=+0.00  mc=4.0
  L1 trigger  t=1167560155.891  newsnr=5.10  m=(12.0,8.0) s=+0.00  mc=8.5
  L1 trigger  t=1167560169.525  newsnr=5.13  m=(18.0,12.0) s=+0.00  mc=12.7
  L1 trigger  t=1167560171.739  newsnr=5.14  m=(30.0,15.0) s=+0.00  mc=18.3
  L1 trigger  t=1167560186.995  newsnr=5.72  m=(36.0,9.0) s=+0.00  mc=15.0
  L1 trigger  t=1167560207.985  newsnr=5.10  m=(10.0,10.0) s=+0.00  mc=8.7
  L1 trigger  t=1167560231.250  newsnr=5.68  m=(55.6,44.4) s=+0.00  mc=43.2
  L1 trigger  t=1167560233.153  newsnr=5.03  m=(11.1,8.9) s=+0.00  mc=8.6
  L1 trigger  t=1167560236.082  newsnr=5.03  m=(16.0,4.0) s=+0.00  mc=6.7
  L1 trigger  t=1167560246.819  newsnr=5.12  m=(41.2,13.8) s=+0.00  mc=20.1
  L1 trigger  t=1167560249.488  newsnr=5.32  m=(66.7,33.3) s=+0.00  mc=40.6
  L1 trigger  t=1167560257.623  newsnr=5.01  m=(56.7,28.3) s=+0.00  mc=34.5
  L1 trigger  t=1167560263.643  newsnr=5.00  m=(48.8,16.2) s=+0.00  mc=23.8
  L1 trigger  t=1167560273.400  newsnr=5.06  m=(6.0,6.0) s=+0.00  mc=5.2
  L1 trigger  t=1167560277.743  newsnr=5.64  m=(50.0,50.0) s=+0.00  mc=43.5
  L1 trigger  t=1167560279.880  newsnr=5.06  m=(15.0,15.0) s=+0.00  mc=13.1
  L1 trigger  t=1167560283.089  newsnr=5.54  m=(32.5,32.5) s=+0.00  mc=28.3
  L1 trigger  t=1167560284.630  newsnr=5.20  m=(10.0,10.0) s=+0.00  mc=8.7
  L1 trigger  t=1167560286.208  newsnr=5.24  m=(48.0,24.0) s=+0.00  mc=29.2
  L1 trigger  t=1167560291.069  newsnr=5.47  m=(52.0,13.0) s=+0.00  mc=21.6
  L1 trigger  t=1167560294.248  newsnr=5.04  m=(24.0,6.0) s=+0.00  mc=10.0
  L1 trigger  t=1167560298.562  newsnr=5.30  m=(13.3,6.7) s=+0.00  mc=8.1
  L1 trigger  t=1167560315.323  newsnr=5.06  m=(36.0,36.0) s=+0.00  mc=31.3
  L1 trigger  t=1167560324.136  newsnr=5.00  m=(48.8,16.2) s=+0.00  mc=23.8
  L1 trigger  t=1167560326.361  newsnr=5.29  m=(30.6,24.4) s=+0.00  mc=23.8
  L1 trigger  t=1167560338.021  newsnr=5.15  m=(27.0,18.0) s=+0.00  mc=19.1
  L1 trigger  t=1167560344.768  newsnr=5.15  m=(9.6,2.4) s=+0.00  mc=4.0
  L1 trigger  t=1167560345.971  newsnr=5.78  m=(75.0,25.0) s=+0.00  mc=36.6
  L1 trigger  t=1167560347.271  newsnr=5.71  m=(48.8,16.2) s=+0.00  mc=23.8
  L1 trigger  t=1167560351.536  newsnr=5.28  m=(33.8,11.2) s=+0.00  mc=16.5
  L1 trigger  t=1167560352.929  newsnr=5.38  m=(16.0,4.0) s=+0.00  mc=6.7
  L1 trigger  t=1167560357.490  newsnr=5.03  m=(25.0,20.0) s=+0.00  mc=19.4
  L1 trigger  t=1167560364.791  newsnr=5.34  m=(6.7,5.3) s=+0.00  mc=5.2
  L1 trigger  t=1167560367.068  newsnr=5.36  m=(18.0,12.0) s=+0.00  mc=12.7
  L1 trigger  t=1167560372.699  newsnr=5.22  m=(33.0,22.0) s=+0.00  mc=23.4
  L1 trigger  t=1167560374.391  newsnr=5.10  m=(20.0,10.0) s=+0.00  mc=12.2
  L1 trigger  t=1167560375.764  newsnr=5.20  m=(50.0,50.0) s=+0.00  mc=43.5
  L1 trigger  t=1167560376.982  newsnr=5.12  m=(7.2,4.8) s=+0.00  mc=5.1
  L1 trigger  t=1167560379.664  newsnr=5.14  m=(7.2,4.8) s=+0.00  mc=5.1
  L1 trigger  t=1167560382.696  newsnr=5.06  m=(10.0,10.0) s=+0.00  mc=8.7
  L1 trigger  t=1167560387.596  newsnr=5.02  m=(15.0,15.0) s=+0.00  mc=13.1
  L1 trigger  t=1167560403.910  newsnr=5.34  m=(22.5,7.5) s=+0.00  mc=11.0
  L1 trigger  t=1167560406.041  newsnr=5.52  m=(44.0,11.0) s=+0.00  mc=18.3
  L1 trigger  t=1167560408.371  newsnr=5.40  m=(15.0,5.0) s=+0.00  mc=7.3
  L1 trigger  t=1167560410.152  newsnr=5.10  m=(8.0,4.0) s=+0.00  mc=4.9
  L1 trigger  t=1167560417.881  newsnr=5.35  m=(30.0,15.0) s=+0.00  mc=18.3
  L1 trigger  t=1167560431.153  newsnr=5.25  m=(9.0,3.0) s=+0.00  mc=4.4
  L1 trigger  t=1167560435.077  newsnr=5.04  m=(30.0,15.0) s=+0.00  mc=18.3
  L1 trigger  t=1167560442.468  newsnr=5.05  m=(44.0,11.0) s=+0.00  mc=18.3
  L1 trigger  t=1167560458.334  newsnr=5.33  m=(25.0,20.0) s=+0.00  mc=19.4
  L1 trigger  t=1167560459.578  newsnr=5.02  m=(9.0,3.0) s=+0.00  mc=4.4
  L1 trigger  t=1167560460.998  newsnr=5.30  m=(24.0,6.0) s=+0.00  mc=10.0
  L1 trigger  t=1167560467.592  newsnr=5.33  m=(42.5,42.5) s=+0.00  mc=37.0
  L1 trigger  t=1167560472.952  newsnr=5.04  m=(16.7,13.3) s=+0.00  mc=13.0
  L1 trigger  t=1167560474.305  newsnr=5.03  m=(25.0,20.0) s=+0.00  mc=19.4
  L1 trigger  t=1167560478.660  newsnr=5.02  m=(20.0,10.0) s=+0.00  mc=12.2
  L1 trigger  t=1167560488.018  newsnr=5.21  m=(22.5,22.5) s=+0.00  mc=19.6
  L1 trigger  t=1167560493.761  newsnr=5.07  m=(20.0,10.0) s=+0.00  mc=12.2
  L1 trigger  t=1167560494.870  newsnr=5.18  m=(7.2,4.8) s=+0.00  mc=5.1
  L1 trigger  t=1167560500.695  newsnr=5.66  m=(36.0,9.0) s=+0.00  mc=15.0
  L1 trigger  t=1167560508.555  newsnr=5.05  m=(13.3,6.7) s=+0.00  mc=8.1
  L1 trigger  t=1167560513.614  newsnr=5.35  m=(25.0,20.0) s=+0.00  mc=19.4
  L1 trigger  t=1167560540.655  newsnr=5.16  m=(24.0,6.0) s=+0.00  mc=10.0
  L1 trigger  t=1167560547.498  newsnr=5.41  m=(9.6,2.4) s=+0.00  mc=4.0
  L1 trigger  t=1167560554.368  newsnr=5.38  m=(11.1,8.9) s=+0.00  mc=8.6
  L1 trigger  t=1167560557.037  newsnr=5.01  m=(20.0,10.0) s=+0.00  mc=12.2
  L1 trigger  t=1167560565.856  newsnr=5.10  m=(16.0,4.0) s=+0.00  mc=6.7
  L1 trigger  t=1167560569.758  newsnr=5.73  m=(52.0,13.0) s=+0.00  mc=21.6
  L1 trigger  t=1167560580.709  newsnr=5.36  m=(48.8,16.2) s=+0.00  mc=23.8
  L1 trigger  t=1167560586.694  newsnr=5.56  m=(36.0,9.0) s=+0.00  mc=15.0
  L1 trigger  t=1167560588.482  newsnr=5.04  m=(9.0,3.0) s=+0.00  mc=4.4
  L1 trigger  t=1167560589.824  newsnr=5.86  m=(22.5,7.5) s=+0.00  mc=11.0
  L1 trigger  t=1167560593.028  newsnr=5.07  m=(6.7,5.3) s=+0.00  mc=5.2
  L1 trigger  t=1167560594.497  newsnr=5.18  m=(75.0,25.0) s=+0.00  mc=36.6
  L1 trigger  t=1167560601.897  newsnr=5.47  m=(12.0,8.0) s=+0.00  mc=8.5
  L1 trigger  t=1167560609.608  newsnr=5.59  m=(7.2,4.8) s=+0.00  mc=5.1
  L1 trigger  t=1167560613.447  newsnr=5.08  m=(80.0,20.0) s=+0.00  mc=33.3
  L1 trigger  t=1167560615.035  newsnr=5.66  m=(9.6,2.4) s=+0.00  mc=4.0
  L1 trigger  t=1167560617.663  newsnr=5.21  m=(27.0,18.0) s=+0.00  mc=19.1
  L1 trigger  t=1167560643.715  newsnr=5.55  m=(7.2,4.8) s=+0.00  mc=5.1
  L1 trigger  t=1167560646.643  newsnr=5.53  m=(63.8,21.2) s=+0.00  mc=31.1
  L1 trigger  t=1167560647.767  newsnr=5.13  m=(41.2,13.8) s=+0.00  mc=20.1
  zero-lag coincidences: 2
  background coincidences: 43 over 4.73 days

  t=1167559936.596  stat=12.75  m=(48.8,16.2)  FAR=0.000e+00/yr
  t=1167559084.853  stat=7.75  m=(15.0,15.0)  FAR=2.316e+02/yr

======================================================================
STAGE B -- DISPERSION PROFILING (alpha family)
======================================================================

  candidate t=1167559936.596  template (48.8, 16.2, s=+0.00)
    alpha=0.0   B = -3.2693e+01 +/- 9.5093e+01  z=-0.70
                  SNR 8.755 -> 8.858
    alpha=2.5   B = -2.7328e-04 +/- 4.3715e-04  z=-1.00
                  SNR 8.755 -> 8.796
                  FLAT PROFILE (dSNR^2 = 0.72):
                  B is unconstrained within one alias
                  period. The edge is where the noise
                  points, not a preference. Null result.
    alpha=3.0   B = -1.2003e-05 +/- 1.9057e-05  z=-1.03
                  SNR 8.755 -> 8.807
                  FLAT PROFILE (dSNR^2 = 0.90):
                  B is unconstrained within one alias
                  period. The edge is where the noise
                  points, not a preference. Null result.
    alpha=3.5   B = -4.9447e-07 +/- 8.3296e-07  z=-1.02
                  SNR 8.755 -> 8.797
    alpha=4.0   B = -2.3408e-08 +/- 3.7503e-08  z=-1.12  ->  -1.159e-01 +/- 1.857e-01
                  SNR 8.755 -> 8.800
                  FLAT PROFILE (dSNR^2 = 0.78):
                  B is unconstrained within one alias
                  period. The edge is where the noise
                  points, not a preference. Null result.

  written: events/GW170104_results.json

  Report every alpha as an interval. A z below ~3 with a
  boundary-free maximum means: consistent with GR, and the
  bound is the 90% CI. It does not mean GR is confirmed.
