======================================================================
STAGE A1 -- CONDITIONING
======================================================================
  H1: 4088s @ 4096 Hz
  L1: 4088s @ 4096 Hz
  bank: 54 templates (9 x 6 x 1)

======================================================================
STAGE A2/A3 -- SLIDING-WINDOW SEARCH + CHI-SQUARED VETO
======================================================================
  [H1] blocks of 64s, overlap 8s, 54 templates
    block 5/72  triggers so far: 285
    block 10/72  triggers so far: 484
    block 15/72  triggers so far: 715
    block 20/72  triggers so far: 942
    block 25/72  triggers so far: 1483
    block 30/72  triggers so far: 1599
    block 35/72  triggers so far: 2191
    block 40/72  triggers so far: 2664
    block 45/72  triggers so far: 2887
    block 50/72  triggers so far: 3328
    block 55/72  triggers so far: 3502
    block 60/72  triggers so far: 3965
    block 65/72  triggers so far: 4221
    block 70/72  triggers so far: 4864
  [H1] 4923 raw -> 465 clustered triggers
  [L1] blocks of 64s, overlap 8s, 54 templates
    block 5/72  triggers so far: 486
    block 10/72  triggers so far: 872
    block 15/72  triggers so far: 1254
    block 20/72  triggers so far: 1758
    block 25/72  triggers so far: 2156
    block 30/72  triggers so far: 2465
    block 35/72  triggers so far: 3157
    block 40/72  triggers so far: 3611
    block 45/72  triggers so far: 4011
    block 50/72  triggers so far: 4385
    block 55/72  triggers so far: 4789
    block 60/72  triggers so far: 5147
    block 65/72  triggers so far: 5529
    block 70/72  triggers so far: 6199
  [L1] 6310 raw -> 539 clustered triggers

======================================================================
STAGE A4/A5 -- COINCIDENCE + TIME-SLIDE BACKGROUND
======================================================================
  H1 trigger  t=1186738189.553  newsnr=5.14  m=(50.0,50.0) s=+0.00  mc=43.5
  H1 trigger  t=1186738194.315  newsnr=5.24  m=(9.0,3.0) s=+0.00  mc=4.4
  H1 trigger  t=1186738206.151  newsnr=5.23  m=(33.8,11.2) s=+0.00  mc=16.5
  H1 trigger  t=1186738216.227  newsnr=5.05  m=(16.7,13.3) s=+0.00  mc=13.0
  H1 trigger  t=1186738225.621  newsnr=5.04  m=(13.3,6.7) s=+0.00  mc=8.1
  H1 trigger  t=1186738237.264  newsnr=5.20  m=(33.8,11.2) s=+0.00  mc=16.5
  H1 trigger  t=1186738248.492  newsnr=5.11  m=(22.5,7.5) s=+0.00  mc=11.0
  H1 trigger  t=1186738260.209  newsnr=5.03  m=(6.7,5.3) s=+0.00  mc=5.2
  H1 trigger  t=1186738261.774  newsnr=5.33  m=(43.3,21.7) s=+0.00  mc=26.4
  H1 trigger  t=1186738269.952  newsnr=5.16  m=(27.0,18.0) s=+0.00  mc=19.1
  H1 trigger  t=1186738271.272  newsnr=5.06  m=(24.0,6.0) s=+0.00  mc=10.0
  H1 trigger  t=1186738281.947  newsnr=5.45  m=(10.0,10.0) s=+0.00  mc=8.7
  H1 trigger  t=1186738288.222  newsnr=5.37  m=(57.6,14.4) s=+0.00  mc=24.0
  H1 trigger  t=1186738292.478  newsnr=5.15  m=(10.0,10.0) s=+0.00  mc=8.7
  H1 trigger  t=1186738297.792  newsnr=5.57  m=(36.7,18.3) s=+0.00  mc=22.3
  H1 trigger  t=1186738306.805  newsnr=5.05  m=(15.0,5.0) s=+0.00  mc=7.3
  H1 trigger  t=1186738309.538  newsnr=5.17  m=(20.0,10.0) s=+0.00  mc=12.2
  H1 trigger  t=1186738314.529  newsnr=5.15  m=(39.0,26.0) s=+0.00  mc=27.6
  H1 trigger  t=1186738318.388  newsnr=5.38  m=(6.0,6.0) s=+0.00  mc=5.2
  H1 trigger  t=1186738321.717  newsnr=5.12  m=(44.0,11.0) s=+0.00  mc=18.3
  H1 trigger  t=1186738325.576  newsnr=5.30  m=(18.0,12.0) s=+0.00  mc=12.7
  H1 trigger  t=1186738327.861  newsnr=5.16  m=(22.5,22.5) s=+0.00  mc=19.6
  H1 trigger  t=1186738345.792  newsnr=5.55  m=(7.2,4.8) s=+0.00  mc=5.1
  H1 trigger  t=1186738352.497  newsnr=5.38  m=(9.6,2.4) s=+0.00  mc=4.0
  H1 trigger  t=1186738385.817  newsnr=5.11  m=(6.7,5.3) s=+0.00  mc=5.2
  H1 trigger  t=1186738392.958  newsnr=5.03  m=(13.3,6.7) s=+0.00  mc=8.1
  H1 trigger  t=1186738398.693  newsnr=5.09  m=(33.0,22.0) s=+0.00  mc=23.4
  H1 trigger  t=1186738400.962  newsnr=5.13  m=(33.8,11.2) s=+0.00  mc=16.5
  H1 trigger  t=1186738425.380  newsnr=5.10  m=(55.6,44.4) s=+0.00  mc=43.2
  H1 trigger  t=1186738431.141  newsnr=5.50  m=(8.0,4.0) s=+0.00  mc=4.9
  H1 trigger  t=1186738434.405  newsnr=5.28  m=(12.0,8.0) s=+0.00  mc=8.5
  H1 trigger  t=1186738440.735  newsnr=5.29  m=(36.7,18.3) s=+0.00  mc=22.3
  H1 trigger  t=1186738444.762  newsnr=5.27  m=(6.7,5.3) s=+0.00  mc=5.2
  H1 trigger  t=1186738453.559  newsnr=5.19  m=(22.5,7.5) s=+0.00  mc=11.0
  H1 trigger  t=1186738466.261  newsnr=5.15  m=(12.0,8.0) s=+0.00  mc=8.5
  H1 trigger  t=1186738486.867  newsnr=5.28  m=(43.3,21.7) s=+0.00  mc=26.4
  H1 trigger  t=1186738498.298  newsnr=5.01  m=(33.8,11.2) s=+0.00  mc=16.5
  H1 trigger  t=1186738503.493  newsnr=5.26  m=(10.0,10.0) s=+0.00  mc=8.7
  H1 trigger  t=1186738508.191  newsnr=5.11  m=(7.2,4.8) s=+0.00  mc=5.1
  H1 trigger  t=1186738523.904  newsnr=5.24  m=(9.0,3.0) s=+0.00  mc=4.4
  H1 trigger  t=1186738538.458  newsnr=5.08  m=(18.0,12.0) s=+0.00  mc=12.7
  H1 trigger  t=1186738539.707  newsnr=5.13  m=(12.0,8.0) s=+0.00  mc=8.5
  H1 trigger  t=1186738545.320  newsnr=5.48  m=(24.0,6.0) s=+0.00  mc=10.0
  H1 trigger  t=1186738550.814  newsnr=5.09  m=(20.0,10.0) s=+0.00  mc=12.2
  H1 trigger  t=1186738553.028  newsnr=6.23  m=(7.2,4.8) s=+0.00  mc=5.1
  H1 trigger  t=1186738582.111  newsnr=5.02  m=(15.0,15.0) s=+0.00  mc=13.1
  H1 trigger  t=1186738585.388  newsnr=5.33  m=(11.1,8.9) s=+0.00  mc=8.6
  H1 trigger  t=1186738588.126  newsnr=5.28  m=(36.0,9.0) s=+0.00  mc=15.0
  H1 trigger  t=1186738599.738  newsnr=5.08  m=(33.8,11.2) s=+0.00  mc=16.5
  H1 trigger  t=1186738636.607  newsnr=5.39  m=(18.0,12.0) s=+0.00  mc=12.7
  H1 trigger  t=1186738640.257  newsnr=5.10  m=(15.0,5.0) s=+0.00  mc=7.3
  H1 trigger  t=1186738646.642  newsnr=5.12  m=(80.0,20.0) s=+0.00  mc=33.3
  H1 trigger  t=1186738660.604  newsnr=5.23  m=(7.2,4.8) s=+0.00  mc=5.1
  H1 trigger  t=1186738665.459  newsnr=5.10  m=(6.7,5.3) s=+0.00  mc=5.2
  H1 trigger  t=1186738675.378  newsnr=5.26  m=(20.0,10.0) s=+0.00  mc=12.2
  H1 trigger  t=1186738677.145  newsnr=5.27  m=(11.1,8.9) s=+0.00  mc=8.6
  H1 trigger  t=1186738680.292  newsnr=5.32  m=(9.0,3.0) s=+0.00  mc=4.4
  H1 trigger  t=1186738685.420  newsnr=5.57  m=(24.0,6.0) s=+0.00  mc=10.0
  H1 trigger  t=1186738687.840  newsnr=5.09  m=(9.0,3.0) s=+0.00  mc=4.4
  H1 trigger  t=1186738703.119  newsnr=5.50  m=(13.3,6.7) s=+0.00  mc=8.1
  H1 trigger  t=1186738709.651  newsnr=5.03  m=(15.0,5.0) s=+0.00  mc=7.3
  H1 trigger  t=1186738739.142  newsnr=5.37  m=(22.5,7.5) s=+0.00  mc=11.0
  H1 trigger  t=1186738743.970  newsnr=5.01  m=(6.7,5.3) s=+0.00  mc=5.2
  H1 trigger  t=1186738749.906  newsnr=5.06  m=(24.0,6.0) s=+0.00  mc=10.0
  H1 trigger  t=1186738760.972  newsnr=5.16  m=(60.0,40.0) s=+0.00  mc=42.5
  H1 trigger  t=1186738762.431  newsnr=5.22  m=(30.0,15.0) s=+0.00  mc=18.3
  H1 trigger  t=1186738766.354  newsnr=5.06  m=(6.0,6.0) s=+0.00  mc=5.2
  H1 trigger  t=1186738773.208  newsnr=5.36  m=(24.0,6.0) s=+0.00  mc=10.0
  H1 trigger  t=1186738780.414  newsnr=5.06  m=(7.2,4.8) s=+0.00  mc=5.1
  H1 trigger  t=1186738786.684  newsnr=5.06  m=(12.0,8.0) s=+0.00  mc=8.5
  H1 trigger  t=1186738789.401  newsnr=5.09  m=(39.0,26.0) s=+0.00  mc=27.6
  H1 trigger  t=1186738803.353  newsnr=5.15  m=(10.0,10.0) s=+0.00  mc=8.7
  H1 trigger  t=1186738811.555  newsnr=5.13  m=(8.0,4.0) s=+0.00  mc=4.9
  H1 trigger  t=1186738818.533  newsnr=5.02  m=(36.0,36.0) s=+0.00  mc=31.3
  H1 trigger  t=1186738821.649  newsnr=5.20  m=(16.7,13.3) s=+0.00  mc=13.0
  H1 trigger  t=1186738829.543  newsnr=5.11  m=(7.2,4.8) s=+0.00  mc=5.1
  H1 trigger  t=1186738838.155  newsnr=5.16  m=(68.0,17.0) s=+0.00  mc=28.3
  H1 trigger  t=1186738840.070  newsnr=5.28  m=(54.0,18.0) s=+0.00  mc=26.4
  H1 trigger  t=1186738842.827  newsnr=5.29  m=(20.0,10.0) s=+0.00  mc=12.2
  H1 trigger  t=1186738865.364  newsnr=5.09  m=(33.8,11.2) s=+0.00  mc=16.5
  H1 trigger  t=1186738869.626  newsnr=5.20  m=(36.0,9.0) s=+0.00  mc=15.0
  H1 trigger  t=1186738882.925  newsnr=5.35  m=(22.5,7.5) s=+0.00  mc=11.0
  H1 trigger  t=1186738894.674  newsnr=5.50  m=(11.1,8.9) s=+0.00  mc=8.6
  H1 trigger  t=1186738906.690  newsnr=5.05  m=(41.2,13.8) s=+0.00  mc=20.1
  H1 trigger  t=1186738908.141  newsnr=5.25  m=(22.5,22.5) s=+0.00  mc=19.6
  H1 trigger  t=1186738909.481  newsnr=5.12  m=(18.0,12.0) s=+0.00  mc=12.7
  H1 trigger  t=1186738932.380  newsnr=5.04  m=(13.3,6.7) s=+0.00  mc=8.1
  H1 trigger  t=1186738938.398  newsnr=5.21  m=(9.0,3.0) s=+0.00  mc=4.4
  H1 trigger  t=1186738950.658  newsnr=5.08  m=(33.8,11.2) s=+0.00  mc=16.5
  H1 trigger  t=1186738965.634  newsnr=5.42  m=(6.0,6.0) s=+0.00  mc=5.2
  H1 trigger  t=1186738972.232  newsnr=5.17  m=(9.0,3.0) s=+0.00  mc=4.4
  H1 trigger  t=1186738973.558  newsnr=5.41  m=(12.0,8.0) s=+0.00  mc=8.5
  H1 trigger  t=1186738986.419  newsnr=5.02  m=(20.0,10.0) s=+0.00  mc=12.2
  H1 trigger  t=1186739011.298  newsnr=5.01  m=(36.0,9.0) s=+0.00  mc=15.0
  H1 trigger  t=1186739017.957  newsnr=5.06  m=(9.6,2.4) s=+0.00  mc=4.0
  H1 trigger  t=1186739020.974  newsnr=5.25  m=(11.1,8.9) s=+0.00  mc=8.6
  H1 trigger  t=1186739033.185  newsnr=5.93  m=(24.0,6.0) s=+0.00  mc=10.0
  H1 trigger  t=1186739035.175  newsnr=5.36  m=(10.0,10.0) s=+0.00  mc=8.7
  H1 trigger  t=1186739037.756  newsnr=5.28  m=(22.5,7.5) s=+0.00  mc=11.0
  H1 trigger  t=1186739046.305  newsnr=5.72  m=(25.0,20.0) s=+0.00  mc=19.4
  H1 trigger  t=1186739058.991  newsnr=5.14  m=(7.2,4.8) s=+0.00  mc=5.1
  H1 trigger  t=1186739063.275  newsnr=5.28  m=(16.0,4.0) s=+0.00  mc=6.7
  H1 trigger  t=1186739066.718  newsnr=5.21  m=(15.0,15.0) s=+0.00  mc=13.1
  H1 trigger  t=1186739072.211  newsnr=5.10  m=(68.0,17.0) s=+0.00  mc=28.3
  H1 trigger  t=1186739085.357  newsnr=5.26  m=(15.0,5.0) s=+0.00  mc=7.3
  H1 trigger  t=1186739090.226  newsnr=5.44  m=(27.0,18.0) s=+0.00  mc=19.1
  H1 trigger  t=1186739098.681  newsnr=5.12  m=(6.7,5.3) s=+0.00  mc=5.2
  H1 trigger  t=1186739101.855  newsnr=5.03  m=(9.0,3.0) s=+0.00  mc=4.4
  H1 trigger  t=1186739117.999  newsnr=5.25  m=(30.0,15.0) s=+0.00  mc=18.3
  H1 trigger  t=1186739146.890  newsnr=5.22  m=(15.0,15.0) s=+0.00  mc=13.1
  H1 trigger  t=1186739150.682  newsnr=5.05  m=(20.0,10.0) s=+0.00  mc=12.2
  H1 trigger  t=1186739158.665  newsnr=5.39  m=(44.0,11.0) s=+0.00  mc=18.3
  H1 trigger  t=1186739168.940  newsnr=5.00  m=(68.0,17.0) s=+0.00  mc=28.3
  H1 trigger  t=1186739173.333  newsnr=5.06  m=(20.0,10.0) s=+0.00  mc=12.2
  H1 trigger  t=1186739182.228  newsnr=5.05  m=(27.5,27.5) s=+0.00  mc=23.9
  H1 trigger  t=1186739220.794  newsnr=5.31  m=(12.0,8.0) s=+0.00  mc=8.5
  H1 trigger  t=1186739226.745  newsnr=5.27  m=(22.5,22.5) s=+0.00  mc=19.6
  H1 trigger  t=1186739229.316  newsnr=5.14  m=(36.7,18.3) s=+0.00  mc=22.3
  H1 trigger  t=1186739232.466  newsnr=5.17  m=(15.0,15.0) s=+0.00  mc=13.1
  H1 trigger  t=1186739237.808  newsnr=5.05  m=(11.1,8.9) s=+0.00  mc=8.6
  H1 trigger  t=1186739249.657  newsnr=5.09  m=(13.3,6.7) s=+0.00  mc=8.1
  H1 trigger  t=1186739254.949  newsnr=5.23  m=(63.8,21.2) s=+0.00  mc=31.1
  H1 trigger  t=1186739279.631  newsnr=5.07  m=(15.0,5.0) s=+0.00  mc=7.3
  H1 trigger  t=1186739284.592  newsnr=5.05  m=(41.2,13.8) s=+0.00  mc=20.1
  H1 trigger  t=1186739286.937  newsnr=5.03  m=(22.5,22.5) s=+0.00  mc=19.6
  H1 trigger  t=1186739294.441  newsnr=5.18  m=(13.3,6.7) s=+0.00  mc=8.1
  H1 trigger  t=1186739300.234  newsnr=5.32  m=(36.7,18.3) s=+0.00  mc=22.3
  H1 trigger  t=1186739305.756  newsnr=5.02  m=(24.0,6.0) s=+0.00  mc=10.0
  H1 trigger  t=1186739309.311  newsnr=5.00  m=(33.8,11.2) s=+0.00  mc=16.5
  H1 trigger  t=1186739310.897  newsnr=5.04  m=(52.0,13.0) s=+0.00  mc=21.6
  H1 trigger  t=1186739315.791  newsnr=5.42  m=(22.5,22.5) s=+0.00  mc=19.6
  H1 trigger  t=1186739326.229  newsnr=5.04  m=(15.0,15.0) s=+0.00  mc=13.1
  H1 trigger  t=1186739339.941  newsnr=5.35  m=(6.7,5.3) s=+0.00  mc=5.2
  H1 trigger  t=1186739349.840  newsnr=5.59  m=(22.5,22.5) s=+0.00  mc=19.6
  H1 trigger  t=1186739355.110  newsnr=5.44  m=(7.2,4.8) s=+0.00  mc=5.1
  H1 trigger  t=1186739359.321  newsnr=5.06  m=(36.0,9.0) s=+0.00  mc=15.0
  H1 trigger  t=1186739365.635  newsnr=5.41  m=(6.7,5.3) s=+0.00  mc=5.2
  H1 trigger  t=1186739367.211  newsnr=5.01  m=(16.7,13.3) s=+0.00  mc=13.0
  H1 trigger  t=1186739369.109  newsnr=5.10  m=(15.0,5.0) s=+0.00  mc=7.3
  H1 trigger  t=1186739387.260  newsnr=5.00  m=(8.0,4.0) s=+0.00  mc=4.9
  H1 trigger  t=1186739391.958  newsnr=5.18  m=(11.1,8.9) s=+0.00  mc=8.6
  H1 trigger  t=1186739401.670  newsnr=5.19  m=(44.0,11.0) s=+0.00  mc=18.3
  H1 trigger  t=1186739406.100  newsnr=5.12  m=(16.0,4.0) s=+0.00  mc=6.7
  H1 trigger  t=1186739408.124  newsnr=5.33  m=(50.0,50.0) s=+0.00  mc=43.5
  H1 trigger  t=1186739412.211  newsnr=5.35  m=(9.0,3.0) s=+0.00  mc=4.4
  H1 trigger  t=1186739418.179  newsnr=5.11  m=(15.0,5.0) s=+0.00  mc=7.3
  H1 trigger  t=1186739421.886  newsnr=5.10  m=(8.0,4.0) s=+0.00  mc=4.9
  H1 trigger  t=1186739424.384  newsnr=5.43  m=(9.0,3.0) s=+0.00  mc=4.4
  H1 trigger  t=1186739434.722  newsnr=5.01  m=(7.2,4.8) s=+0.00  mc=5.1
  H1 trigger  t=1186739439.008  newsnr=5.12  m=(16.0,4.0) s=+0.00  mc=6.7
  H1 trigger  t=1186739446.577  newsnr=5.13  m=(10.0,10.0) s=+0.00  mc=8.7
  H1 trigger  t=1186739449.603  newsnr=5.51  m=(9.0,3.0) s=+0.00  mc=4.4
  H1 trigger  t=1186739454.060  newsnr=5.23  m=(22.5,7.5) s=+0.00  mc=11.0
  H1 trigger  t=1186739459.358  newsnr=5.21  m=(20.0,10.0) s=+0.00  mc=12.2
  H1 trigger  t=1186739460.746  newsnr=5.14  m=(33.8,11.2) s=+0.00  mc=16.5
  H1 trigger  t=1186739469.869  newsnr=5.16  m=(6.0,6.0) s=+0.00  mc=5.2
  H1 trigger  t=1186739475.146  newsnr=5.08  m=(41.2,13.8) s=+0.00  mc=20.1
  H1 trigger  t=1186739476.927  newsnr=5.61  m=(16.7,13.3) s=+0.00  mc=13.0
  H1 trigger  t=1186739479.606  newsnr=5.00  m=(27.5,27.5) s=+0.00  mc=23.9
  H1 trigger  t=1186739485.690  newsnr=5.10  m=(36.0,9.0) s=+0.00  mc=15.0
  H1 trigger  t=1186739488.733  newsnr=5.35  m=(22.5,7.5) s=+0.00  mc=11.0
  H1 trigger  t=1186739512.231  newsnr=5.02  m=(9.6,2.4) s=+0.00  mc=4.0
  H1 trigger  t=1186739516.718  newsnr=5.15  m=(44.0,11.0) s=+0.00  mc=18.3
  H1 trigger  t=1186739525.378  newsnr=5.19  m=(40.0,32.0) s=+0.00  mc=31.1
  H1 trigger  t=1186739537.754  newsnr=5.24  m=(24.0,6.0) s=+0.00  mc=10.0
  H1 trigger  t=1186739540.323  newsnr=5.01  m=(9.6,2.4) s=+0.00  mc=4.0
  H1 trigger  t=1186739543.304  newsnr=5.07  m=(11.1,8.9) s=+0.00  mc=8.6
  H1 trigger  t=1186739545.216  newsnr=5.63  m=(10.0,10.0) s=+0.00  mc=8.7
  H1 trigger  t=1186739556.161  newsnr=5.16  m=(6.7,5.3) s=+0.00  mc=5.2
  H1 trigger  t=1186739565.089  newsnr=5.00  m=(12.0,8.0) s=+0.00  mc=8.5
  H1 trigger  t=1186739575.780  newsnr=5.58  m=(57.6,14.4) s=+0.00  mc=24.0
  H1 trigger  t=1186739579.783  newsnr=5.64  m=(22.5,7.5) s=+0.00  mc=11.0
  H1 trigger  t=1186739580.786  newsnr=5.15  m=(9.6,2.4) s=+0.00  mc=4.0
  H1 trigger  t=1186739583.959  newsnr=5.03  m=(6.7,5.3) s=+0.00  mc=5.2
  H1 trigger  t=1186739596.067  newsnr=5.03  m=(10.0,10.0) s=+0.00  mc=8.7
  H1 trigger  t=1186739597.345  newsnr=5.11  m=(24.0,6.0) s=+0.00  mc=10.0
  H1 trigger  t=1186739622.228  newsnr=5.08  m=(30.0,15.0) s=+0.00  mc=18.3
  H1 trigger  t=1186739628.002  newsnr=5.31  m=(16.7,13.3) s=+0.00  mc=13.0
  H1 trigger  t=1186739636.365  newsnr=5.00  m=(30.0,15.0) s=+0.00  mc=18.3
  H1 trigger  t=1186739637.545  newsnr=5.31  m=(9.0,3.0) s=+0.00  mc=4.4
  H1 trigger  t=1186739639.990  newsnr=5.46  m=(33.8,11.2) s=+0.00  mc=16.5
  H1 trigger  t=1186739646.479  newsnr=5.43  m=(6.7,5.3) s=+0.00  mc=5.2
  H1 trigger  t=1186739660.238  newsnr=5.30  m=(41.2,13.8) s=+0.00  mc=20.1
  H1 trigger  t=1186739661.997  newsnr=5.04  m=(36.7,18.3) s=+0.00  mc=22.3
  H1 trigger  t=1186739678.882  newsnr=5.03  m=(22.5,22.5) s=+0.00  mc=19.6
  H1 trigger  t=1186739685.988  newsnr=5.03  m=(6.0,6.0) s=+0.00  mc=5.2
  H1 trigger  t=1186739709.659  newsnr=5.36  m=(6.0,6.0) s=+0.00  mc=5.2
  H1 trigger  t=1186739721.620  newsnr=5.35  m=(6.7,5.3) s=+0.00  mc=5.2
  H1 trigger  t=1186739732.047  newsnr=5.29  m=(6.0,6.0) s=+0.00  mc=5.2
  H1 trigger  t=1186739734.485  newsnr=5.04  m=(80.0,20.0) s=+0.00  mc=33.3
  H1 trigger  t=1186739750.011  newsnr=5.44  m=(6.0,6.0) s=+0.00  mc=5.2
  H1 trigger  t=1186739762.015  newsnr=5.00  m=(8.0,4.0) s=+0.00  mc=4.9
  H1 trigger  t=1186739764.163  newsnr=5.01  m=(42.5,42.5) s=+0.00  mc=37.0
  H1 trigger  t=1186739766.365  newsnr=5.40  m=(15.0,5.0) s=+0.00  mc=7.3
  H1 trigger  t=1186739770.979  newsnr=5.04  m=(6.7,5.3) s=+0.00  mc=5.2
  H1 trigger  t=1186739777.287  newsnr=5.10  m=(12.0,8.0) s=+0.00  mc=8.5
  H1 trigger  t=1186739794.481  newsnr=5.11  m=(13.3,6.7) s=+0.00  mc=8.1
  H1 trigger  t=1186739798.700  newsnr=5.14  m=(6.7,5.3) s=+0.00  mc=5.2
  H1 trigger  t=1186739805.905  newsnr=5.02  m=(44.0,11.0) s=+0.00  mc=18.3
  H1 trigger  t=1186739814.800  newsnr=5.50  m=(20.0,10.0) s=+0.00  mc=12.2
  H1 trigger  t=1186739821.752  newsnr=5.89  m=(16.0,4.0) s=+0.00  mc=6.7
  H1 trigger  t=1186739878.225  newsnr=5.73  m=(41.2,13.8) s=+0.00  mc=20.1
  H1 trigger  t=1186739880.906  newsnr=5.58  m=(6.0,6.0) s=+0.00  mc=5.2
  H1 trigger  t=1186739890.599  newsnr=5.85  m=(20.0,10.0) s=+0.00  mc=12.2
  H1 trigger  t=1186739900.252  newsnr=7.63  m=(42.5,42.5) s=+0.00  mc=37.0
  H1 trigger  t=1186739902.682  newsnr=5.02  m=(22.5,7.5) s=+0.00  mc=11.0
  H1 trigger  t=1186739931.506  newsnr=5.54  m=(16.7,13.3) s=+0.00  mc=13.0
  H1 trigger  t=1186739933.226  newsnr=5.57  m=(8.0,4.0) s=+0.00  mc=4.9
  H1 trigger  t=1186739938.875  newsnr=5.05  m=(20.0,10.0) s=+0.00  mc=12.2
  H1 trigger  t=1186739941.456  newsnr=5.08  m=(11.1,8.9) s=+0.00  mc=8.6
  H1 trigger  t=1186739974.520  newsnr=5.15  m=(20.0,10.0) s=+0.00  mc=12.2
  H1 trigger  t=1186739978.779  newsnr=5.02  m=(15.0,5.0) s=+0.00  mc=7.3
  H1 trigger  t=1186739980.437  newsnr=5.24  m=(24.0,6.0) s=+0.00  mc=10.0
  H1 trigger  t=1186739992.524  newsnr=5.55  m=(18.0,12.0) s=+0.00  mc=12.7
  H1 trigger  t=1186739993.616  newsnr=5.23  m=(13.3,6.7) s=+0.00  mc=8.1
  H1 trigger  t=1186739999.018  newsnr=5.10  m=(33.8,11.2) s=+0.00  mc=16.5
  H1 trigger  t=1186740003.829  newsnr=5.66  m=(18.0,12.0) s=+0.00  mc=12.7
  H1 trigger  t=1186740017.196  newsnr=5.08  m=(6.7,5.3) s=+0.00  mc=5.2
  H1 trigger  t=1186740043.146  newsnr=5.20  m=(6.0,6.0) s=+0.00  mc=5.2
  H1 trigger  t=1186740050.361  newsnr=5.03  m=(10.0,10.0) s=+0.00  mc=8.7
  H1 trigger  t=1186740056.046  newsnr=5.60  m=(24.0,6.0) s=+0.00  mc=10.0
  H1 trigger  t=1186740067.112  newsnr=5.21  m=(12.0,8.0) s=+0.00  mc=8.5
  H1 trigger  t=1186740074.010  newsnr=5.06  m=(36.0,9.0) s=+0.00  mc=15.0
  H1 trigger  t=1186740082.070  newsnr=5.44  m=(15.0,15.0) s=+0.00  mc=13.1
  H1 trigger  t=1186740083.553  newsnr=5.02  m=(13.3,6.7) s=+0.00  mc=8.1
  H1 trigger  t=1186740088.185  newsnr=5.44  m=(7.2,4.8) s=+0.00  mc=5.1
  H1 trigger  t=1186740094.005  newsnr=5.56  m=(36.0,9.0) s=+0.00  mc=15.0
  H1 trigger  t=1186740101.817  newsnr=5.06  m=(9.0,3.0) s=+0.00  mc=4.4
  H1 trigger  t=1186740105.135  newsnr=5.32  m=(11.1,8.9) s=+0.00  mc=8.6
  H1 trigger  t=1186740110.287  newsnr=5.18  m=(80.0,20.0) s=+0.00  mc=33.3
  H1 trigger  t=1186740123.346  newsnr=5.07  m=(13.3,6.7) s=+0.00  mc=8.1
  H1 trigger  t=1186740125.397  newsnr=5.35  m=(7.2,4.8) s=+0.00  mc=5.1
  H1 trigger  t=1186740128.514  newsnr=5.04  m=(13.3,6.7) s=+0.00  mc=8.1
  H1 trigger  t=1186740137.750  newsnr=5.04  m=(30.0,15.0) s=+0.00  mc=18.3
  H1 trigger  t=1186740150.704  newsnr=5.12  m=(12.0,8.0) s=+0.00  mc=8.5
  H1 trigger  t=1186740151.958  newsnr=5.00  m=(15.0,15.0) s=+0.00  mc=13.1
  H1 trigger  t=1186740154.327  newsnr=5.07  m=(18.0,12.0) s=+0.00  mc=12.7
  H1 trigger  t=1186740157.032  newsnr=5.11  m=(48.8,16.2) s=+0.00  mc=23.8
  H1 trigger  t=1186740160.288  newsnr=5.02  m=(48.0,24.0) s=+0.00  mc=29.2
  H1 trigger  t=1186740165.108  newsnr=5.25  m=(44.0,11.0) s=+0.00  mc=18.3
  H1 trigger  t=1186740169.819  newsnr=5.09  m=(6.7,5.3) s=+0.00  mc=5.2
  H1 trigger  t=1186740171.305  newsnr=5.70  m=(36.7,18.3) s=+0.00  mc=22.3
  H1 trigger  t=1186740173.575  newsnr=5.31  m=(41.2,13.8) s=+0.00  mc=20.1
  H1 trigger  t=1186740177.679  newsnr=5.39  m=(16.0,4.0) s=+0.00  mc=6.7
  H1 trigger  t=1186740180.976  newsnr=5.26  m=(16.0,4.0) s=+0.00  mc=6.7
  H1 trigger  t=1186740186.036  newsnr=5.28  m=(33.8,11.2) s=+0.00  mc=16.5
  H1 trigger  t=1186740202.037  newsnr=5.22  m=(10.0,10.0) s=+0.00  mc=8.7
  H1 trigger  t=1186740207.259  newsnr=5.12  m=(12.0,8.0) s=+0.00  mc=8.5
  H1 trigger  t=1186740210.407  newsnr=5.16  m=(43.3,21.7) s=+0.00  mc=26.4
  H1 trigger  t=1186740215.152  newsnr=5.40  m=(16.0,4.0) s=+0.00  mc=6.7
  H1 trigger  t=1186740228.979  newsnr=5.12  m=(30.6,24.4) s=+0.00  mc=23.8
  H1 trigger  t=1186740231.553  newsnr=5.62  m=(15.0,5.0) s=+0.00  mc=7.3
  H1 trigger  t=1186740235.778  newsnr=5.00  m=(36.0,9.0) s=+0.00  mc=15.0
  H1 trigger  t=1186740243.843  newsnr=5.06  m=(8.0,4.0) s=+0.00  mc=4.9
  H1 trigger  t=1186740248.757  newsnr=5.09  m=(36.0,9.0) s=+0.00  mc=15.0
  H1 trigger  t=1186740253.536  newsnr=5.35  m=(30.6,24.4) s=+0.00  mc=23.8
  H1 trigger  t=1186740255.074  newsnr=5.16  m=(41.2,13.8) s=+0.00  mc=20.1
  H1 trigger  t=1186740264.479  newsnr=5.25  m=(13.3,6.7) s=+0.00  mc=8.1
  H1 trigger  t=1186740284.688  newsnr=5.05  m=(18.0,12.0) s=+0.00  mc=12.7
  H1 trigger  t=1186740293.585  newsnr=5.23  m=(48.8,16.2) s=+0.00  mc=23.8
  H1 trigger  t=1186740297.928  newsnr=5.13  m=(22.5,7.5) s=+0.00  mc=11.0
  H1 trigger  t=1186740303.075  newsnr=5.70  m=(24.0,6.0) s=+0.00  mc=10.0
  H1 trigger  t=1186740312.936  newsnr=5.14  m=(15.0,15.0) s=+0.00  mc=13.1
  H1 trigger  t=1186740318.677  newsnr=5.78  m=(24.0,6.0) s=+0.00  mc=10.0
  H1 trigger  t=1186740337.121  newsnr=5.33  m=(20.0,10.0) s=+0.00  mc=12.2
  H1 trigger  t=1186740342.729  newsnr=5.23  m=(39.0,26.0) s=+0.00  mc=27.6
  H1 trigger  t=1186740356.212  newsnr=5.07  m=(52.0,13.0) s=+0.00  mc=21.6
  H1 trigger  t=1186740360.782  newsnr=5.82  m=(24.0,6.0) s=+0.00  mc=10.0
  H1 trigger  t=1186740362.768  newsnr=5.47  m=(27.0,18.0) s=+0.00  mc=19.1
  H1 trigger  t=1186740368.452  newsnr=5.31  m=(6.7,5.3) s=+0.00  mc=5.2
  H1 trigger  t=1186740386.973  newsnr=5.13  m=(36.7,18.3) s=+0.00  mc=22.3
  H1 trigger  t=1186740392.924  newsnr=5.26  m=(24.0,6.0) s=+0.00  mc=10.0
  H1 trigger  t=1186740394.632  newsnr=5.80  m=(10.0,10.0) s=+0.00  mc=8.7
  H1 trigger  t=1186740396.923  newsnr=5.18  m=(22.5,22.5) s=+0.00  mc=19.6
  H1 trigger  t=1186740400.461  newsnr=5.34  m=(44.0,11.0) s=+0.00  mc=18.3
  H1 trigger  t=1186740430.880  newsnr=5.14  m=(8.0,4.0) s=+0.00  mc=4.9
  H1 trigger  t=1186740432.375  newsnr=5.22  m=(33.8,11.2) s=+0.00  mc=16.5
  H1 trigger  t=1186740434.786  newsnr=5.83  m=(36.0,9.0) s=+0.00  mc=15.0
  H1 trigger  t=1186740445.313  newsnr=5.10  m=(9.0,3.0) s=+0.00  mc=4.4
  H1 trigger  t=1186740450.024  newsnr=5.88  m=(41.2,13.8) s=+0.00  mc=20.1
  H1 trigger  t=1186740479.698  newsnr=5.18  m=(24.0,6.0) s=+0.00  mc=10.0
  H1 trigger  t=1186740481.261  newsnr=5.11  m=(18.0,12.0) s=+0.00  mc=12.7
  H1 trigger  t=1186740482.724  newsnr=6.14  m=(7.2,4.8) s=+0.00  mc=5.1
  H1 trigger  t=1186740489.399  newsnr=5.29  m=(22.5,7.5) s=+0.00  mc=11.0
  H1 trigger  t=1186740498.000  newsnr=5.44  m=(63.8,21.2) s=+0.00  mc=31.1
  H1 trigger  t=1186740505.653  newsnr=5.07  m=(22.5,7.5) s=+0.00  mc=11.0
  H1 trigger  t=1186740513.154  newsnr=5.47  m=(12.0,8.0) s=+0.00  mc=8.5
  H1 trigger  t=1186740531.997  newsnr=5.70  m=(7.2,4.8) s=+0.00  mc=5.1
  H1 trigger  t=1186740566.330  newsnr=5.00  m=(56.7,28.3) s=+0.00  mc=34.5
  H1 trigger  t=1186740569.670  newsnr=5.07  m=(39.0,26.0) s=+0.00  mc=27.6
  H1 trigger  t=1186740591.586  newsnr=5.14  m=(20.0,10.0) s=+0.00  mc=12.2
  H1 trigger  t=1186740606.501  newsnr=5.23  m=(8.0,4.0) s=+0.00  mc=4.9
  H1 trigger  t=1186740610.911  newsnr=5.32  m=(15.0,5.0) s=+0.00  mc=7.3
  H1 trigger  t=1186740632.180  newsnr=5.07  m=(43.3,21.7) s=+0.00  mc=26.4
  H1 trigger  t=1186740647.208  newsnr=5.18  m=(24.0,6.0) s=+0.00  mc=10.0
  H1 trigger  t=1186740654.939  newsnr=5.11  m=(39.0,26.0) s=+0.00  mc=27.6
  H1 trigger  t=1186740668.609  newsnr=5.25  m=(30.0,15.0) s=+0.00  mc=18.3
  H1 trigger  t=1186740676.725  newsnr=5.19  m=(27.5,27.5) s=+0.00  mc=23.9
  H1 trigger  t=1186740687.111  newsnr=5.14  m=(16.0,4.0) s=+0.00  mc=6.7
  H1 trigger  t=1186740706.624  newsnr=5.47  m=(16.0,4.0) s=+0.00  mc=6.7
  H1 trigger  t=1186740726.238  newsnr=5.05  m=(6.0,6.0) s=+0.00  mc=5.2
  H1 trigger  t=1186740734.321  newsnr=5.26  m=(22.5,22.5) s=+0.00  mc=19.6
  H1 trigger  t=1186740742.473  newsnr=5.18  m=(42.5,42.5) s=+0.00  mc=37.0
  H1 trigger  t=1186740750.833  newsnr=5.26  m=(12.0,8.0) s=+0.00  mc=8.5
  H1 trigger  t=1186740759.565  newsnr=5.70  m=(41.2,13.8) s=+0.00  mc=20.1
  H1 trigger  t=1186740789.106  newsnr=5.43  m=(41.2,13.8) s=+0.00  mc=20.1
  H1 trigger  t=1186740802.328  newsnr=5.30  m=(32.5,32.5) s=+0.00  mc=28.3
  H1 trigger  t=1186740805.219  newsnr=5.00  m=(36.0,9.0) s=+0.00  mc=15.0
  H1 trigger  t=1186740809.241  newsnr=5.23  m=(44.0,11.0) s=+0.00  mc=18.3
  H1 trigger  t=1186740810.390  newsnr=5.16  m=(9.0,3.0) s=+0.00  mc=4.4
  H1 trigger  t=1186740815.396  newsnr=5.02  m=(27.5,27.5) s=+0.00  mc=23.9
  H1 trigger  t=1186740833.522  newsnr=5.19  m=(48.8,16.2) s=+0.00  mc=23.8
  H1 trigger  t=1186740847.866  newsnr=5.55  m=(60.0,40.0) s=+0.00  mc=42.5
  H1 trigger  t=1186740851.212  newsnr=5.07  m=(15.0,15.0) s=+0.00  mc=13.1
  H1 trigger  t=1186740856.730  newsnr=5.16  m=(44.0,11.0) s=+0.00  mc=18.3
  H1 trigger  t=1186740867.667  newsnr=5.16  m=(22.5,7.5) s=+0.00  mc=11.0
  H1 trigger  t=1186740881.603  newsnr=5.34  m=(24.0,6.0) s=+0.00  mc=10.0
  H1 trigger  t=1186740882.676  newsnr=5.24  m=(10.0,10.0) s=+0.00  mc=8.7
  H1 trigger  t=1186740890.680  newsnr=5.24  m=(7.2,4.8) s=+0.00  mc=5.1
  H1 trigger  t=1186740906.761  newsnr=5.25  m=(56.7,28.3) s=+0.00  mc=34.5
  H1 trigger  t=1186740910.517  newsnr=5.07  m=(6.0,6.0) s=+0.00  mc=5.2
  H1 trigger  t=1186740912.550  newsnr=5.11  m=(43.2,28.8) s=+0.00  mc=30.6
  H1 trigger  t=1186740921.365  newsnr=5.09  m=(6.7,5.3) s=+0.00  mc=5.2
  H1 trigger  t=1186740924.793  newsnr=5.31  m=(36.1,28.9) s=+0.00  mc=28.1
  H1 trigger  t=1186740935.629  newsnr=5.45  m=(41.2,13.8) s=+0.00  mc=20.1
  H1 trigger  t=1186740937.487  newsnr=5.47  m=(13.3,6.7) s=+0.00  mc=8.1
  H1 trigger  t=1186740943.415  newsnr=5.11  m=(24.0,6.0) s=+0.00  mc=10.0
  H1 trigger  t=1186740954.385  newsnr=5.09  m=(16.0,4.0) s=+0.00  mc=6.7
  H1 trigger  t=1186740958.353  newsnr=5.23  m=(27.0,18.0) s=+0.00  mc=19.1
  H1 trigger  t=1186740959.863  newsnr=5.17  m=(8.0,4.0) s=+0.00  mc=4.9
  H1 trigger  t=1186740965.685  newsnr=5.03  m=(36.0,9.0) s=+0.00  mc=15.0
  H1 trigger  t=1186740969.983  newsnr=5.00  m=(9.6,2.4) s=+0.00  mc=4.0
  H1 trigger  t=1186740974.823  newsnr=5.15  m=(27.0,18.0) s=+0.00  mc=19.1
  H1 trigger  t=1186741000.177  newsnr=5.20  m=(20.0,10.0) s=+0.00  mc=12.2
  H1 trigger  t=1186741019.886  newsnr=5.04  m=(30.0,15.0) s=+0.00  mc=18.3
  H1 trigger  t=1186741030.270  newsnr=5.05  m=(24.0,6.0) s=+0.00  mc=10.0
  H1 trigger  t=1186741041.189  newsnr=5.11  m=(30.0,15.0) s=+0.00  mc=18.3
  H1 trigger  t=1186741043.517  newsnr=5.16  m=(24.0,6.0) s=+0.00  mc=10.0
  H1 trigger  t=1186741045.124  newsnr=5.18  m=(20.0,10.0) s=+0.00  mc=12.2
  H1 trigger  t=1186741054.109  newsnr=5.21  m=(10.0,10.0) s=+0.00  mc=8.7
  H1 trigger  t=1186741072.087  newsnr=5.05  m=(9.0,3.0) s=+0.00  mc=4.4
  H1 trigger  t=1186741091.299  newsnr=5.87  m=(7.2,4.8) s=+0.00  mc=5.1
  H1 trigger  t=1186741110.243  newsnr=5.24  m=(6.0,6.0) s=+0.00  mc=5.2
  H1 trigger  t=1186741127.145  newsnr=5.04  m=(9.0,3.0) s=+0.00  mc=4.4
  H1 trigger  t=1186741145.695  newsnr=5.35  m=(13.3,6.7) s=+0.00  mc=8.1
  H1 trigger  t=1186741151.344  newsnr=5.03  m=(75.0,25.0) s=+0.00  mc=36.6
  H1 trigger  t=1186741162.357  newsnr=5.12  m=(9.6,2.4) s=+0.00  mc=4.0
  H1 trigger  t=1186741163.819  newsnr=5.36  m=(15.0,15.0) s=+0.00  mc=13.1
  H1 trigger  t=1186741167.872  newsnr=5.11  m=(52.0,13.0) s=+0.00  mc=21.6
  H1 trigger  t=1186741168.968  newsnr=5.22  m=(10.0,10.0) s=+0.00  mc=8.7
  H1 trigger  t=1186741174.750  newsnr=5.14  m=(9.0,3.0) s=+0.00  mc=4.4
  H1 trigger  t=1186741195.230  newsnr=5.07  m=(6.7,5.3) s=+0.00  mc=5.2
  H1 trigger  t=1186741213.227  newsnr=5.21  m=(13.3,6.7) s=+0.00  mc=8.1
  H1 trigger  t=1186741218.181  newsnr=5.23  m=(18.0,12.0) s=+0.00  mc=12.7
  H1 trigger  t=1186741222.332  newsnr=5.47  m=(33.0,22.0) s=+0.00  mc=23.4
  H1 trigger  t=1186741229.686  newsnr=5.13  m=(22.5,7.5) s=+0.00  mc=11.0
  H1 trigger  t=1186741230.748  newsnr=5.23  m=(16.0,4.0) s=+0.00  mc=6.7
  H1 trigger  t=1186741236.390  newsnr=5.13  m=(8.0,4.0) s=+0.00  mc=4.9
  H1 trigger  t=1186741238.301  newsnr=5.46  m=(9.6,2.4) s=+0.00  mc=4.0
  H1 trigger  t=1186741247.011  newsnr=5.09  m=(16.0,4.0) s=+0.00  mc=6.7
  H1 trigger  t=1186741253.099  newsnr=5.03  m=(54.0,18.0) s=+0.00  mc=26.4
  H1 trigger  t=1186741269.123  newsnr=5.30  m=(18.0,12.0) s=+0.00  mc=12.7
  H1 trigger  t=1186741275.217  newsnr=5.07  m=(30.0,15.0) s=+0.00  mc=18.3
  H1 trigger  t=1186741279.522  newsnr=5.02  m=(42.5,42.5) s=+0.00  mc=37.0
  H1 trigger  t=1186741292.491  newsnr=5.38  m=(8.0,4.0) s=+0.00  mc=4.9
  H1 trigger  t=1186741321.316  newsnr=5.54  m=(15.0,5.0) s=+0.00  mc=7.3
  H1 trigger  t=1186741336.033  newsnr=5.36  m=(36.0,9.0) s=+0.00  mc=15.0
  H1 trigger  t=1186741347.099  newsnr=5.12  m=(36.7,18.3) s=+0.00  mc=22.3
  H1 trigger  t=1186741351.551  newsnr=5.12  m=(27.0,18.0) s=+0.00  mc=19.1
  H1 trigger  t=1186741354.917  newsnr=5.37  m=(6.7,5.3) s=+0.00  mc=5.2
  H1 trigger  t=1186741359.241  newsnr=5.14  m=(24.0,6.0) s=+0.00  mc=10.0
  H1 trigger  t=1186741361.227  newsnr=5.53  m=(16.7,13.3) s=+0.00  mc=13.0
  H1 trigger  t=1186741363.187  newsnr=5.41  m=(24.0,6.0) s=+0.00  mc=10.0
  H1 trigger  t=1186741371.426  newsnr=5.09  m=(20.0,10.0) s=+0.00  mc=12.2
  H1 trigger  t=1186741376.998  newsnr=5.35  m=(18.0,12.0) s=+0.00  mc=12.7
  H1 trigger  t=1186741384.070  newsnr=5.65  m=(9.6,2.4) s=+0.00  mc=4.0
  H1 trigger  t=1186741390.327  newsnr=5.48  m=(8.0,4.0) s=+0.00  mc=4.9
  H1 trigger  t=1186741393.601  newsnr=5.02  m=(22.5,7.5) s=+0.00  mc=11.0
  H1 trigger  t=1186741400.410  newsnr=5.04  m=(36.0,9.0) s=+0.00  mc=15.0
  H1 trigger  t=1186741410.276  newsnr=5.18  m=(6.0,6.0) s=+0.00  mc=5.2
  H1 trigger  t=1186741425.780  newsnr=5.66  m=(9.0,3.0) s=+0.00  mc=4.4
  H1 trigger  t=1186741447.029  newsnr=5.16  m=(12.0,8.0) s=+0.00  mc=8.5
  H1 trigger  t=1186741458.781  newsnr=5.40  m=(36.7,18.3) s=+0.00  mc=22.3
  H1 trigger  t=1186741460.261  newsnr=5.57  m=(80.0,20.0) s=+0.00  mc=33.3
  H1 trigger  t=1186741462.495  newsnr=5.18  m=(16.0,4.0) s=+0.00  mc=6.7
  H1 trigger  t=1186741467.242  newsnr=5.14  m=(44.0,11.0) s=+0.00  mc=18.3
  H1 trigger  t=1186741476.360  newsnr=5.06  m=(41.2,13.8) s=+0.00  mc=20.1
  H1 trigger  t=1186741478.312  newsnr=5.01  m=(15.0,15.0) s=+0.00  mc=13.1
  H1 trigger  t=1186741485.162  newsnr=5.05  m=(8.0,4.0) s=+0.00  mc=4.9
  H1 trigger  t=1186741486.938  newsnr=5.26  m=(16.7,13.3) s=+0.00  mc=13.0
  H1 trigger  t=1186741489.824  newsnr=5.16  m=(44.0,11.0) s=+0.00  mc=18.3
  H1 trigger  t=1186741492.764  newsnr=5.15  m=(15.0,5.0) s=+0.00  mc=7.3
  H1 trigger  t=1186741496.085  newsnr=5.17  m=(18.0,12.0) s=+0.00  mc=12.7
  H1 trigger  t=1186741502.679  newsnr=5.92  m=(43.3,21.7) s=+0.00  mc=26.4
  H1 trigger  t=1186741505.750  newsnr=5.07  m=(16.7,13.3) s=+0.00  mc=13.0
  H1 trigger  t=1186741510.218  newsnr=5.62  m=(6.0,6.0) s=+0.00  mc=5.2
  H1 trigger  t=1186741538.094  newsnr=5.71  m=(12.0,8.0) s=+0.00  mc=8.5
  H1 trigger  t=1186741544.324  newsnr=5.02  m=(11.1,8.9) s=+0.00  mc=8.6
  H1 trigger  t=1186741546.282  newsnr=5.15  m=(27.5,27.5) s=+0.00  mc=23.9
  H1 trigger  t=1186741550.854  newsnr=5.34  m=(30.0,15.0) s=+0.00  mc=18.3
  H1 trigger  t=1186741570.016  newsnr=5.01  m=(18.0,12.0) s=+0.00  mc=12.7
  H1 trigger  t=1186741571.367  newsnr=5.13  m=(13.3,6.7) s=+0.00  mc=8.1
  H1 trigger  t=1186741573.967  newsnr=5.91  m=(12.0,8.0) s=+0.00  mc=8.5
  H1 trigger  t=1186741587.765  newsnr=5.17  m=(7.2,4.8) s=+0.00  mc=5.1
  H1 trigger  t=1186741590.518  newsnr=5.03  m=(80.0,20.0) s=+0.00  mc=33.3
  H1 trigger  t=1186741609.414  newsnr=5.41  m=(30.0,15.0) s=+0.00  mc=18.3
  H1 trigger  t=1186741610.792  newsnr=5.38  m=(8.0,4.0) s=+0.00  mc=4.9
  H1 trigger  t=1186741615.334  newsnr=6.11  m=(15.0,5.0) s=+0.00  mc=7.3
  H1 trigger  t=1186741617.545  newsnr=5.13  m=(44.0,11.0) s=+0.00  mc=18.3
  H1 trigger  t=1186741621.361  newsnr=5.70  m=(16.7,13.3) s=+0.00  mc=13.0
  H1 trigger  t=1186741622.573  newsnr=5.04  m=(8.0,4.0) s=+0.00  mc=4.9
  H1 trigger  t=1186741629.595  newsnr=5.08  m=(36.0,9.0) s=+0.00  mc=15.0
  H1 trigger  t=1186741640.461  newsnr=5.25  m=(18.0,12.0) s=+0.00  mc=12.7
  H1 trigger  t=1186741643.562  newsnr=5.07  m=(11.1,8.9) s=+0.00  mc=8.6
  H1 trigger  t=1186741645.279  newsnr=5.09  m=(30.6,24.4) s=+0.00  mc=23.8
  H1 trigger  t=1186741670.038  newsnr=5.06  m=(25.0,20.0) s=+0.00  mc=19.4
  H1 trigger  t=1186741676.375  newsnr=5.12  m=(36.0,9.0) s=+0.00  mc=15.0
  H1 trigger  t=1186741682.912  newsnr=5.15  m=(6.0,6.0) s=+0.00  mc=5.2
  H1 trigger  t=1186741691.111  newsnr=5.16  m=(48.8,16.2) s=+0.00  mc=23.8
  H1 trigger  t=1186741700.458  newsnr=5.02  m=(8.0,4.0) s=+0.00  mc=4.9
  H1 trigger  t=1186741702.307  newsnr=5.30  m=(7.2,4.8) s=+0.00  mc=5.1
  H1 trigger  t=1186741713.389  newsnr=5.22  m=(6.7,5.3) s=+0.00  mc=5.2
  H1 trigger  t=1186741720.443  newsnr=5.19  m=(15.0,5.0) s=+0.00  mc=7.3
  H1 trigger  t=1186741769.134  newsnr=5.01  m=(33.8,11.2) s=+0.00  mc=16.5
  H1 trigger  t=1186741770.294  newsnr=5.19  m=(43.3,21.7) s=+0.00  mc=26.4
  H1 trigger  t=1186741772.037  newsnr=5.30  m=(24.0,6.0) s=+0.00  mc=10.0
  H1 trigger  t=1186741780.474  newsnr=5.37  m=(6.7,5.3) s=+0.00  mc=5.2
  H1 trigger  t=1186741784.235  newsnr=5.09  m=(15.0,15.0) s=+0.00  mc=13.1
  H1 trigger  t=1186741787.958  newsnr=5.07  m=(9.6,2.4) s=+0.00  mc=4.0
  H1 trigger  t=1186741790.625  newsnr=5.47  m=(6.7,5.3) s=+0.00  mc=5.2
  H1 trigger  t=1186741810.754  newsnr=5.24  m=(22.5,7.5) s=+0.00  mc=11.0
  H1 trigger  t=1186741843.410  newsnr=5.01  m=(8.0,4.0) s=+0.00  mc=4.9
  H1 trigger  t=1186741861.533  newsnr=9.22  m=(43.3,21.7) s=+0.00  mc=26.4
  H1 trigger  t=1186741865.715  newsnr=5.08  m=(10.0,10.0) s=+0.00  mc=8.7
  H1 trigger  t=1186741869.579  newsnr=5.10  m=(22.5,7.5) s=+0.00  mc=11.0
  H1 trigger  t=1186741878.186  newsnr=5.08  m=(12.0,8.0) s=+0.00  mc=8.5
  H1 trigger  t=1186741879.219  newsnr=5.18  m=(6.0,6.0) s=+0.00  mc=5.2
  H1 trigger  t=1186741882.468  newsnr=5.33  m=(56.7,28.3) s=+0.00  mc=34.5
  H1 trigger  t=1186741888.204  newsnr=5.33  m=(20.0,10.0) s=+0.00  mc=12.2
  H1 trigger  t=1186741896.555  newsnr=5.01  m=(22.5,22.5) s=+0.00  mc=19.6
  H1 trigger  t=1186741905.312  newsnr=5.01  m=(10.0,10.0) s=+0.00  mc=8.7
  H1 trigger  t=1186741919.066  newsnr=5.80  m=(27.0,18.0) s=+0.00  mc=19.1
  H1 trigger  t=1186741923.009  newsnr=5.40  m=(15.0,15.0) s=+0.00  mc=13.1
  H1 trigger  t=1186741924.431  newsnr=5.23  m=(36.0,9.0) s=+0.00  mc=15.0
  H1 trigger  t=1186741956.435  newsnr=5.14  m=(9.0,3.0) s=+0.00  mc=4.4
  H1 trigger  t=1186741983.285  newsnr=5.06  m=(13.3,6.7) s=+0.00  mc=8.1
  H1 trigger  t=1186741989.110  newsnr=5.30  m=(30.0,15.0) s=+0.00  mc=18.3
  H1 trigger  t=1186741991.129  newsnr=5.11  m=(6.0,6.0) s=+0.00  mc=5.2
  H1 trigger  t=1186741998.472  newsnr=5.40  m=(44.0,11.0) s=+0.00  mc=18.3
  H1 trigger  t=1186742020.521  newsnr=5.03  m=(15.0,5.0) s=+0.00  mc=7.3
  H1 trigger  t=1186742046.770  newsnr=5.57  m=(36.0,9.0) s=+0.00  mc=15.0
  H1 trigger  t=1186742050.989  newsnr=5.25  m=(15.0,5.0) s=+0.00  mc=7.3
  H1 trigger  t=1186742051.998  newsnr=5.02  m=(44.0,11.0) s=+0.00  mc=18.3
  H1 trigger  t=1186742064.333  newsnr=5.10  m=(54.0,18.0) s=+0.00  mc=26.4
  H1 trigger  t=1186742098.937  newsnr=5.63  m=(44.0,11.0) s=+0.00  mc=18.3
  H1 trigger  t=1186742107.073  newsnr=5.29  m=(33.8,11.2) s=+0.00  mc=16.5
  H1 trigger  t=1186742109.490  newsnr=5.37  m=(18.0,12.0) s=+0.00  mc=12.7
  H1 trigger  t=1186742119.869  newsnr=5.08  m=(9.6,2.4) s=+0.00  mc=4.0
  H1 trigger  t=1186742122.275  newsnr=5.23  m=(20.0,10.0) s=+0.00  mc=12.2
  H1 trigger  t=1186742130.785  newsnr=5.24  m=(24.0,6.0) s=+0.00  mc=10.0
  H1 trigger  t=1186742151.495  newsnr=5.21  m=(6.7,5.3) s=+0.00  mc=5.2
  H1 trigger  t=1186742154.537  newsnr=5.15  m=(12.0,8.0) s=+0.00  mc=8.5
  H1 trigger  t=1186742188.819  newsnr=5.13  m=(7.2,4.8) s=+0.00  mc=5.1
  H1 trigger  t=1186742195.740  newsnr=5.16  m=(36.0,9.0) s=+0.00  mc=15.0
  H1 trigger  t=1186742198.364  newsnr=5.41  m=(9.0,3.0) s=+0.00  mc=4.4
  L1 trigger  t=1186738205.947  newsnr=5.02  m=(24.0,6.0) s=+0.00  mc=10.0
  L1 trigger  t=1186738211.314  newsnr=5.16  m=(44.0,11.0) s=+0.00  mc=18.3
  L1 trigger  t=1186738212.781  newsnr=5.42  m=(36.7,18.3) s=+0.00  mc=22.3
  L1 trigger  t=1186738215.443  newsnr=5.19  m=(9.0,3.0) s=+0.00  mc=4.4
  L1 trigger  t=1186738217.225  newsnr=5.01  m=(33.0,22.0) s=+0.00  mc=23.4
  L1 trigger  t=1186738220.348  newsnr=5.95  m=(43.3,21.7) s=+0.00  mc=26.4
  L1 trigger  t=1186738226.128  newsnr=5.21  m=(18.0,12.0) s=+0.00  mc=12.7
  L1 trigger  t=1186738233.534  newsnr=5.07  m=(24.0,6.0) s=+0.00  mc=10.0
  L1 trigger  t=1186738236.039  newsnr=5.28  m=(9.0,3.0) s=+0.00  mc=4.4
  L1 trigger  t=1186738246.502  newsnr=5.32  m=(56.7,28.3) s=+0.00  mc=34.5
  L1 trigger  t=1186738250.120  newsnr=5.28  m=(27.5,27.5) s=+0.00  mc=23.9
  L1 trigger  t=1186738254.636  newsnr=5.17  m=(43.3,21.7) s=+0.00  mc=26.4
  L1 trigger  t=1186738257.963  newsnr=5.38  m=(18.0,12.0) s=+0.00  mc=12.7
  L1 trigger  t=1186738274.104  newsnr=5.52  m=(27.5,27.5) s=+0.00  mc=23.9
  L1 trigger  t=1186738279.940  newsnr=5.10  m=(8.0,4.0) s=+0.00  mc=4.9
  L1 trigger  t=1186738282.670  newsnr=5.02  m=(10.0,10.0) s=+0.00  mc=8.7
  L1 trigger  t=1186738285.093  newsnr=5.13  m=(33.8,11.2) s=+0.00  mc=16.5
  L1 trigger  t=1186738289.475  newsnr=5.03  m=(27.5,27.5) s=+0.00  mc=23.9
  L1 trigger  t=1186738290.879  newsnr=5.38  m=(25.0,20.0) s=+0.00  mc=19.4
  L1 trigger  t=1186738298.594  newsnr=5.19  m=(15.0,15.0) s=+0.00  mc=13.1
  L1 trigger  t=1186738305.897  newsnr=5.10  m=(24.0,6.0) s=+0.00  mc=10.0
  L1 trigger  t=1186738310.408  newsnr=5.00  m=(15.0,5.0) s=+0.00  mc=7.3
  L1 trigger  t=1186738320.703  newsnr=5.15  m=(33.0,22.0) s=+0.00  mc=23.4
  L1 trigger  t=1186738322.167  newsnr=5.50  m=(43.3,21.7) s=+0.00  mc=26.4
  L1 trigger  t=1186738332.334  newsnr=5.28  m=(36.0,9.0) s=+0.00  mc=15.0
  L1 trigger  t=1186738334.640  newsnr=5.07  m=(13.3,6.7) s=+0.00  mc=8.1
  L1 trigger  t=1186738336.688  newsnr=5.38  m=(9.6,2.4) s=+0.00  mc=4.0
  L1 trigger  t=1186738346.069  newsnr=5.20  m=(13.3,6.7) s=+0.00  mc=8.1
  L1 trigger  t=1186738354.040  newsnr=5.28  m=(22.5,7.5) s=+0.00  mc=11.0
  L1 trigger  t=1186738371.158  newsnr=5.05  m=(9.0,3.0) s=+0.00  mc=4.4
  L1 trigger  t=1186738378.789  newsnr=5.09  m=(16.0,4.0) s=+0.00  mc=6.7
  L1 trigger  t=1186738385.060  newsnr=5.16  m=(33.8,11.2) s=+0.00  mc=16.5
  L1 trigger  t=1186738386.789  newsnr=5.08  m=(68.0,17.0) s=+0.00  mc=28.3
  L1 trigger  t=1186738389.042  newsnr=5.53  m=(48.0,24.0) s=+0.00  mc=29.2
  L1 trigger  t=1186738391.131  newsnr=5.12  m=(36.7,18.3) s=+0.00  mc=22.3
  L1 trigger  t=1186738396.477  newsnr=5.28  m=(24.0,6.0) s=+0.00  mc=10.0
  L1 trigger  t=1186738403.472  newsnr=5.27  m=(27.5,27.5) s=+0.00  mc=23.9
  L1 trigger  t=1186738410.320  newsnr=5.57  m=(10.0,10.0) s=+0.00  mc=8.7
  L1 trigger  t=1186738412.679  newsnr=5.07  m=(9.6,2.4) s=+0.00  mc=4.0
  L1 trigger  t=1186738421.487  newsnr=5.08  m=(11.1,8.9) s=+0.00  mc=8.6
  L1 trigger  t=1186738426.286  newsnr=5.47  m=(10.0,10.0) s=+0.00  mc=8.7
  L1 trigger  t=1186738434.723  newsnr=5.04  m=(36.0,9.0) s=+0.00  mc=15.0
  L1 trigger  t=1186738438.521  newsnr=5.18  m=(48.8,16.2) s=+0.00  mc=23.8
  L1 trigger  t=1186738449.712  newsnr=6.35  m=(20.0,10.0) s=+0.00  mc=12.2
  L1 trigger  t=1186738455.475  newsnr=5.13  m=(27.5,27.5) s=+0.00  mc=23.9
  L1 trigger  t=1186738458.087  newsnr=5.35  m=(13.3,6.7) s=+0.00  mc=8.1
  L1 trigger  t=1186738459.903  newsnr=5.03  m=(18.0,12.0) s=+0.00  mc=12.7
  L1 trigger  t=1186738461.268  newsnr=6.16  m=(8.0,4.0) s=+0.00  mc=4.9
  L1 trigger  t=1186738465.082  newsnr=5.09  m=(6.7,5.3) s=+0.00  mc=5.2
  L1 trigger  t=1186738469.361  newsnr=5.30  m=(20.0,10.0) s=+0.00  mc=12.2
  L1 trigger  t=1186738474.254  newsnr=5.26  m=(56.7,28.3) s=+0.00  mc=34.5
  L1 trigger  t=1186738480.004  newsnr=5.21  m=(24.0,6.0) s=+0.00  mc=10.0
  L1 trigger  t=1186738481.524  newsnr=5.14  m=(48.0,24.0) s=+0.00  mc=29.2
  L1 trigger  t=1186738483.611  newsnr=5.20  m=(30.0,15.0) s=+0.00  mc=18.3
  L1 trigger  t=1186738488.811  newsnr=5.45  m=(33.0,22.0) s=+0.00  mc=23.4
  L1 trigger  t=1186738493.917  newsnr=5.00  m=(15.0,15.0) s=+0.00  mc=13.1
  L1 trigger  t=1186738495.581  newsnr=5.42  m=(48.8,16.2) s=+0.00  mc=23.8
  L1 trigger  t=1186738502.783  newsnr=5.15  m=(9.0,3.0) s=+0.00  mc=4.4
  L1 trigger  t=1186738505.876  newsnr=5.21  m=(6.0,6.0) s=+0.00  mc=5.2
  L1 trigger  t=1186738511.417  newsnr=5.22  m=(33.8,11.2) s=+0.00  mc=16.5
  L1 trigger  t=1186738516.108  newsnr=5.33  m=(48.8,16.2) s=+0.00  mc=23.8
  L1 trigger  t=1186738526.211  newsnr=5.05  m=(16.0,4.0) s=+0.00  mc=6.7
  L1 trigger  t=1186738540.884  newsnr=5.18  m=(63.8,21.2) s=+0.00  mc=31.1
  L1 trigger  t=1186738550.968  newsnr=5.32  m=(22.5,7.5) s=+0.00  mc=11.0
  L1 trigger  t=1186738560.889  newsnr=5.15  m=(9.6,2.4) s=+0.00  mc=4.0
  L1 trigger  t=1186738570.341  newsnr=5.08  m=(36.7,18.3) s=+0.00  mc=22.3
  L1 trigger  t=1186738575.760  newsnr=5.68  m=(20.0,10.0) s=+0.00  mc=12.2
  L1 trigger  t=1186738580.658  newsnr=5.11  m=(42.5,42.5) s=+0.00  mc=37.0
  L1 trigger  t=1186738582.428  newsnr=5.14  m=(27.0,18.0) s=+0.00  mc=19.1
  L1 trigger  t=1186738585.540  newsnr=5.09  m=(41.2,13.8) s=+0.00  mc=20.1
  L1 trigger  t=1186738588.146  newsnr=5.01  m=(16.7,13.3) s=+0.00  mc=13.0
  L1 trigger  t=1186738594.254  newsnr=5.10  m=(22.5,22.5) s=+0.00  mc=19.6
  L1 trigger  t=1186738597.178  newsnr=5.04  m=(39.0,26.0) s=+0.00  mc=27.6
  L1 trigger  t=1186738600.500  newsnr=5.18  m=(13.3,6.7) s=+0.00  mc=8.1
  L1 trigger  t=1186738602.526  newsnr=5.51  m=(43.3,21.7) s=+0.00  mc=26.4
  L1 trigger  t=1186738607.146  newsnr=5.08  m=(41.2,13.8) s=+0.00  mc=20.1
  L1 trigger  t=1186738620.147  newsnr=5.13  m=(24.0,6.0) s=+0.00  mc=10.0
  L1 trigger  t=1186738626.285  newsnr=5.08  m=(42.5,42.5) s=+0.00  mc=37.0
  L1 trigger  t=1186738633.708  newsnr=5.09  m=(20.0,10.0) s=+0.00  mc=12.2
  L1 trigger  t=1186738647.093  newsnr=5.07  m=(20.0,10.0) s=+0.00  mc=12.2
  L1 trigger  t=1186738651.905  newsnr=5.56  m=(9.6,2.4) s=+0.00  mc=4.0
  L1 trigger  t=1186738676.434  newsnr=5.26  m=(43.2,28.8) s=+0.00  mc=30.6
  L1 trigger  t=1186738678.340  newsnr=5.04  m=(30.0,15.0) s=+0.00  mc=18.3
  L1 trigger  t=1186738685.135  newsnr=5.11  m=(30.0,15.0) s=+0.00  mc=18.3
  L1 trigger  t=1186738686.202  newsnr=5.06  m=(20.0,10.0) s=+0.00  mc=12.2
  L1 trigger  t=1186738713.078  newsnr=5.10  m=(12.0,8.0) s=+0.00  mc=8.5
  L1 trigger  t=1186738724.417  newsnr=5.03  m=(11.1,8.9) s=+0.00  mc=8.6
  L1 trigger  t=1186738727.210  newsnr=5.87  m=(68.0,17.0) s=+0.00  mc=28.3
  L1 trigger  t=1186738728.516  newsnr=5.01  m=(13.3,6.7) s=+0.00  mc=8.1
  L1 trigger  t=1186738730.298  newsnr=5.22  m=(6.7,5.3) s=+0.00  mc=5.2
  L1 trigger  t=1186738731.527  newsnr=5.01  m=(11.1,8.9) s=+0.00  mc=8.6
  L1 trigger  t=1186738734.744  newsnr=5.06  m=(48.0,24.0) s=+0.00  mc=29.2
  L1 trigger  t=1186738736.507  newsnr=5.00  m=(16.7,13.3) s=+0.00  mc=13.0
  L1 trigger  t=1186738744.123  newsnr=5.14  m=(48.8,16.2) s=+0.00  mc=23.8
  L1 trigger  t=1186738751.960  newsnr=5.05  m=(36.0,9.0) s=+0.00  mc=15.0
  L1 trigger  t=1186738780.356  newsnr=5.13  m=(9.0,3.0) s=+0.00  mc=4.4
  L1 trigger  t=1186738785.531  newsnr=5.07  m=(11.1,8.9) s=+0.00  mc=8.6
  L1 trigger  t=1186738787.979  newsnr=5.13  m=(6.7,5.3) s=+0.00  mc=5.2
  L1 trigger  t=1186738789.578  newsnr=5.20  m=(48.0,24.0) s=+0.00  mc=29.2
  L1 trigger  t=1186738795.342  newsnr=5.13  m=(33.8,11.2) s=+0.00  mc=16.5
  L1 trigger  t=1186738802.113  newsnr=5.31  m=(6.7,5.3) s=+0.00  mc=5.2
  L1 trigger  t=1186738807.843  newsnr=5.09  m=(33.8,11.2) s=+0.00  mc=16.5
  L1 trigger  t=1186738814.571  newsnr=5.09  m=(52.0,13.0) s=+0.00  mc=21.6
  L1 trigger  t=1186738816.199  newsnr=5.15  m=(9.6,2.4) s=+0.00  mc=4.0
  L1 trigger  t=1186738823.353  newsnr=5.19  m=(33.8,11.2) s=+0.00  mc=16.5
  L1 trigger  t=1186738828.981  newsnr=5.78  m=(16.0,4.0) s=+0.00  mc=6.7
  L1 trigger  t=1186738842.283  newsnr=5.68  m=(43.2,28.8) s=+0.00  mc=30.6
  L1 trigger  t=1186738845.553  newsnr=5.12  m=(9.0,3.0) s=+0.00  mc=4.4
  L1 trigger  t=1186738850.478  newsnr=5.25  m=(16.0,4.0) s=+0.00  mc=6.7
  L1 trigger  t=1186738858.485  newsnr=5.06  m=(7.2,4.8) s=+0.00  mc=5.1
  L1 trigger  t=1186738866.210  newsnr=5.17  m=(9.6,2.4) s=+0.00  mc=4.0
  L1 trigger  t=1186738867.718  newsnr=5.12  m=(9.0,3.0) s=+0.00  mc=4.4
  L1 trigger  t=1186738870.937  newsnr=5.01  m=(7.2,4.8) s=+0.00  mc=5.1
  L1 trigger  t=1186738872.447  newsnr=5.00  m=(52.0,13.0) s=+0.00  mc=21.6
  L1 trigger  t=1186738873.739  newsnr=5.20  m=(15.0,15.0) s=+0.00  mc=13.1
  L1 trigger  t=1186738889.321  newsnr=5.15  m=(22.5,7.5) s=+0.00  mc=11.0
  L1 trigger  t=1186738892.095  newsnr=5.49  m=(36.1,28.9) s=+0.00  mc=28.1
  L1 trigger  t=1186738893.882  newsnr=5.25  m=(6.7,5.3) s=+0.00  mc=5.2
  L1 trigger  t=1186738898.505  newsnr=5.41  m=(15.0,15.0) s=+0.00  mc=13.1
  L1 trigger  t=1186738899.815  newsnr=5.19  m=(16.0,4.0) s=+0.00  mc=6.7
  L1 trigger  t=1186738903.660  newsnr=5.39  m=(10.0,10.0) s=+0.00  mc=8.7
  L1 trigger  t=1186738906.155  newsnr=5.17  m=(20.0,10.0) s=+0.00  mc=12.2
  L1 trigger  t=1186738912.506  newsnr=5.21  m=(8.0,4.0) s=+0.00  mc=4.9
  L1 trigger  t=1186738922.093  newsnr=5.06  m=(33.0,22.0) s=+0.00  mc=23.4
  L1 trigger  t=1186738925.759  newsnr=5.13  m=(22.5,22.5) s=+0.00  mc=19.6
  L1 trigger  t=1186738934.291  newsnr=5.02  m=(15.0,15.0) s=+0.00  mc=13.1
  L1 trigger  t=1186738938.544  newsnr=5.07  m=(8.0,4.0) s=+0.00  mc=4.9
  L1 trigger  t=1186738941.837  newsnr=5.03  m=(43.3,21.7) s=+0.00  mc=26.4
  L1 trigger  t=1186738948.200  newsnr=5.14  m=(9.6,2.4) s=+0.00  mc=4.0
  L1 trigger  t=1186738957.896  newsnr=5.22  m=(20.0,10.0) s=+0.00  mc=12.2
  L1 trigger  t=1186738975.794  newsnr=5.20  m=(30.6,24.4) s=+0.00  mc=23.8
  L1 trigger  t=1186738979.665  newsnr=5.27  m=(48.0,24.0) s=+0.00  mc=29.2
  L1 trigger  t=1186738986.006  newsnr=5.07  m=(6.0,6.0) s=+0.00  mc=5.2
  L1 trigger  t=1186738988.593  newsnr=5.16  m=(54.0,18.0) s=+0.00  mc=26.4
  L1 trigger  t=1186738992.143  newsnr=5.09  m=(9.6,2.4) s=+0.00  mc=4.0
  L1 trigger  t=1186739007.403  newsnr=5.18  m=(24.0,6.0) s=+0.00  mc=10.0
  L1 trigger  t=1186739025.386  newsnr=5.00  m=(16.7,13.3) s=+0.00  mc=13.0
  L1 trigger  t=1186739029.320  newsnr=5.08  m=(20.0,10.0) s=+0.00  mc=12.2
  L1 trigger  t=1186739043.239  newsnr=5.27  m=(48.0,24.0) s=+0.00  mc=29.2
  L1 trigger  t=1186739046.527  newsnr=5.58  m=(48.8,16.2) s=+0.00  mc=23.8
  L1 trigger  t=1186739049.541  newsnr=5.55  m=(18.0,12.0) s=+0.00  mc=12.7
  L1 trigger  t=1186739062.587  newsnr=5.29  m=(48.8,16.2) s=+0.00  mc=23.8
  L1 trigger  t=1186739064.207  newsnr=5.13  m=(33.8,11.2) s=+0.00  mc=16.5
  L1 trigger  t=1186739065.506  newsnr=5.04  m=(36.0,9.0) s=+0.00  mc=15.0
  L1 trigger  t=1186739073.807  newsnr=5.53  m=(48.8,16.2) s=+0.00  mc=23.8
  L1 trigger  t=1186739082.637  newsnr=5.28  m=(30.0,15.0) s=+0.00  mc=18.3
  L1 trigger  t=1186739089.365  newsnr=5.36  m=(16.7,13.3) s=+0.00  mc=13.0
  L1 trigger  t=1186739097.072  newsnr=5.23  m=(7.2,4.8) s=+0.00  mc=5.1
  L1 trigger  t=1186739102.146  newsnr=5.13  m=(33.8,11.2) s=+0.00  mc=16.5
  L1 trigger  t=1186739106.016  newsnr=5.08  m=(18.0,12.0) s=+0.00  mc=12.7
  L1 trigger  t=1186739114.658  newsnr=5.07  m=(25.0,20.0) s=+0.00  mc=19.4
  L1 trigger  t=1186739119.424  newsnr=5.01  m=(44.0,11.0) s=+0.00  mc=18.3
  L1 trigger  t=1186739125.682  newsnr=5.26  m=(12.0,8.0) s=+0.00  mc=8.5
  L1 trigger  t=1186739136.385  newsnr=5.37  m=(6.7,5.3) s=+0.00  mc=5.2
  L1 trigger  t=1186739140.393  newsnr=5.52  m=(24.0,6.0) s=+0.00  mc=10.0
  L1 trigger  t=1186739145.204  newsnr=5.23  m=(30.0,15.0) s=+0.00  mc=18.3
  L1 trigger  t=1186739146.906  newsnr=5.23  m=(13.3,6.7) s=+0.00  mc=8.1
  L1 trigger  t=1186739163.715  newsnr=5.07  m=(15.0,15.0) s=+0.00  mc=13.1
  L1 trigger  t=1186739169.895  newsnr=5.08  m=(32.5,32.5) s=+0.00  mc=28.3
  L1 trigger  t=1186739178.716  newsnr=5.54  m=(48.8,16.2) s=+0.00  mc=23.8
  L1 trigger  t=1186739180.870  newsnr=5.04  m=(24.0,6.0) s=+0.00  mc=10.0
  L1 trigger  t=1186739194.517  newsnr=5.17  m=(9.6,2.4) s=+0.00  mc=4.0
  L1 trigger  t=1186739198.164  newsnr=5.01  m=(15.0,15.0) s=+0.00  mc=13.1
  L1 trigger  t=1186739214.242  newsnr=5.34  m=(57.6,14.4) s=+0.00  mc=24.0
  L1 trigger  t=1186739218.091  newsnr=5.37  m=(9.6,2.4) s=+0.00  mc=4.0
  L1 trigger  t=1186739220.119  newsnr=5.73  m=(36.0,36.0) s=+0.00  mc=31.3
  L1 trigger  t=1186739223.550  newsnr=5.91  m=(68.0,17.0) s=+0.00  mc=28.3
  L1 trigger  t=1186739225.329  newsnr=5.10  m=(6.7,5.3) s=+0.00  mc=5.2
  L1 trigger  t=1186739228.560  newsnr=5.47  m=(9.6,2.4) s=+0.00  mc=4.0
  L1 trigger  t=1186739233.703  newsnr=5.02  m=(41.2,13.8) s=+0.00  mc=20.1
  L1 trigger  t=1186739242.549  newsnr=5.91  m=(9.0,3.0) s=+0.00  mc=4.4
  L1 trigger  t=1186739243.730  newsnr=5.06  m=(6.0,6.0) s=+0.00  mc=5.2
  L1 trigger  t=1186739245.757  newsnr=5.56  m=(7.2,4.8) s=+0.00  mc=5.1
  L1 trigger  t=1186739254.339  newsnr=5.42  m=(18.0,12.0) s=+0.00  mc=12.7
  L1 trigger  t=1186739263.723  newsnr=5.11  m=(20.0,10.0) s=+0.00  mc=12.2
  L1 trigger  t=1186739273.782  newsnr=5.24  m=(13.3,6.7) s=+0.00  mc=8.1
  L1 trigger  t=1186739278.029  newsnr=5.14  m=(30.6,24.4) s=+0.00  mc=23.8
  L1 trigger  t=1186739285.404  newsnr=5.02  m=(27.5,27.5) s=+0.00  mc=23.9
  L1 trigger  t=1186739286.594  newsnr=5.06  m=(24.0,6.0) s=+0.00  mc=10.0
  L1 trigger  t=1186739289.569  newsnr=5.01  m=(24.0,6.0) s=+0.00  mc=10.0
  L1 trigger  t=1186739302.733  newsnr=5.14  m=(30.0,15.0) s=+0.00  mc=18.3
  L1 trigger  t=1186739310.445  newsnr=5.58  m=(24.0,6.0) s=+0.00  mc=10.0
  L1 trigger  t=1186739312.030  newsnr=5.18  m=(42.5,42.5) s=+0.00  mc=37.0
  L1 trigger  t=1186739328.143  newsnr=5.27  m=(54.0,18.0) s=+0.00  mc=26.4
  L1 trigger  t=1186739353.659  newsnr=5.00  m=(30.0,15.0) s=+0.00  mc=18.3
  L1 trigger  t=1186739358.070  newsnr=5.12  m=(22.5,7.5) s=+0.00  mc=11.0
  L1 trigger  t=1186739361.391  newsnr=5.08  m=(24.0,6.0) s=+0.00  mc=10.0
  L1 trigger  t=1186739375.285  newsnr=5.53  m=(51.0,34.0) s=+0.00  mc=36.1
  L1 trigger  t=1186739377.225  newsnr=6.04  m=(33.0,22.0) s=+0.00  mc=23.4
  L1 trigger  t=1186739379.367  newsnr=5.00  m=(41.2,13.8) s=+0.00  mc=20.1
  L1 trigger  t=1186739405.652  newsnr=6.17  m=(27.0,18.0) s=+0.00  mc=19.1
  L1 trigger  t=1186739410.252  newsnr=5.07  m=(18.0,12.0) s=+0.00  mc=12.7
  L1 trigger  t=1186739412.814  newsnr=5.15  m=(12.0,8.0) s=+0.00  mc=8.5
  L1 trigger  t=1186739415.366  newsnr=5.18  m=(36.0,9.0) s=+0.00  mc=15.0
  L1 trigger  t=1186739429.094  newsnr=5.43  m=(16.7,13.3) s=+0.00  mc=13.0
  L1 trigger  t=1186739432.165  newsnr=5.06  m=(24.0,6.0) s=+0.00  mc=10.0
  L1 trigger  t=1186739441.843  newsnr=5.13  m=(6.0,6.0) s=+0.00  mc=5.2
  L1 trigger  t=1186739444.039  newsnr=5.01  m=(9.0,3.0) s=+0.00  mc=4.4
  L1 trigger  t=1186739454.247  newsnr=5.14  m=(48.0,24.0) s=+0.00  mc=29.2
  L1 trigger  t=1186739464.825  newsnr=5.39  m=(7.2,4.8) s=+0.00  mc=5.1
  L1 trigger  t=1186739474.781  newsnr=5.09  m=(16.7,13.3) s=+0.00  mc=13.0
  L1 trigger  t=1186739478.270  newsnr=5.00  m=(54.0,18.0) s=+0.00  mc=26.4
  L1 trigger  t=1186739481.497  newsnr=5.19  m=(36.7,18.3) s=+0.00  mc=22.3
  L1 trigger  t=1186739485.196  newsnr=5.02  m=(16.0,4.0) s=+0.00  mc=6.7
  L1 trigger  t=1186739490.709  newsnr=5.35  m=(33.8,11.2) s=+0.00  mc=16.5
  L1 trigger  t=1186739495.001  newsnr=5.12  m=(36.1,28.9) s=+0.00  mc=28.1
  L1 trigger  t=1186739500.688  newsnr=5.00  m=(16.0,4.0) s=+0.00  mc=6.7
  L1 trigger  t=1186739510.311  newsnr=5.10  m=(44.0,11.0) s=+0.00  mc=18.3
  L1 trigger  t=1186739523.167  newsnr=5.14  m=(11.1,8.9) s=+0.00  mc=8.6
  L1 trigger  t=1186739524.672  newsnr=5.07  m=(16.7,13.3) s=+0.00  mc=13.0
  L1 trigger  t=1186739536.094  newsnr=5.09  m=(51.0,34.0) s=+0.00  mc=36.1
  L1 trigger  t=1186739539.664  newsnr=5.16  m=(48.8,16.2) s=+0.00  mc=23.8
  L1 trigger  t=1186739541.685  newsnr=5.22  m=(7.2,4.8) s=+0.00  mc=5.1
  L1 trigger  t=1186739549.849  newsnr=5.40  m=(18.0,12.0) s=+0.00  mc=12.7
  L1 trigger  t=1186739552.956  newsnr=5.07  m=(13.3,6.7) s=+0.00  mc=8.1
  L1 trigger  t=1186739568.207  newsnr=5.45  m=(30.0,15.0) s=+0.00  mc=18.3
  L1 trigger  t=1186739570.165  newsnr=5.33  m=(27.0,18.0) s=+0.00  mc=19.1
  L1 trigger  t=1186739575.370  newsnr=5.40  m=(16.7,13.3) s=+0.00  mc=13.0
  L1 trigger  t=1186739576.954  newsnr=5.49  m=(22.5,7.5) s=+0.00  mc=11.0
  L1 trigger  t=1186739583.276  newsnr=5.05  m=(24.0,6.0) s=+0.00  mc=10.0
  L1 trigger  t=1186739584.771  newsnr=5.02  m=(15.0,15.0) s=+0.00  mc=13.1
  L1 trigger  t=1186739586.551  newsnr=5.06  m=(7.2,4.8) s=+0.00  mc=5.1
  L1 trigger  t=1186739589.638  newsnr=5.17  m=(12.0,8.0) s=+0.00  mc=8.5
  L1 trigger  t=1186739598.818  newsnr=5.29  m=(22.5,22.5) s=+0.00  mc=19.6
  L1 trigger  t=1186739601.902  newsnr=5.09  m=(12.0,8.0) s=+0.00  mc=8.5
  L1 trigger  t=1186739637.422  newsnr=5.43  m=(32.5,32.5) s=+0.00  mc=28.3
  L1 trigger  t=1186739648.722  newsnr=5.06  m=(6.0,6.0) s=+0.00  mc=5.2
  L1 trigger  t=1186739664.717  newsnr=5.26  m=(8.0,4.0) s=+0.00  mc=4.9
  L1 trigger  t=1186739689.649  newsnr=5.24  m=(27.0,18.0) s=+0.00  mc=19.1
  L1 trigger  t=1186739735.813  newsnr=5.11  m=(36.0,36.0) s=+0.00  mc=31.3
  L1 trigger  t=1186739742.710  newsnr=5.29  m=(15.0,5.0) s=+0.00  mc=7.3
  L1 trigger  t=1186739744.805  newsnr=5.03  m=(33.0,22.0) s=+0.00  mc=23.4
  L1 trigger  t=1186739749.415  newsnr=5.72  m=(41.2,13.8) s=+0.00  mc=20.1
  L1 trigger  t=1186739752.913  newsnr=5.42  m=(44.0,11.0) s=+0.00  mc=18.3
  L1 trigger  t=1186739774.702  newsnr=5.67  m=(15.0,15.0) s=+0.00  mc=13.1
  L1 trigger  t=1186739777.676  newsnr=5.49  m=(9.6,2.4) s=+0.00  mc=4.0
  L1 trigger  t=1186739785.977  newsnr=5.65  m=(16.7,13.3) s=+0.00  mc=13.0
  L1 trigger  t=1186739797.790  newsnr=5.10  m=(42.5,42.5) s=+0.00  mc=37.0
  L1 trigger  t=1186739822.230  newsnr=5.04  m=(13.3,6.7) s=+0.00  mc=8.1
  L1 trigger  t=1186739841.034  newsnr=5.01  m=(43.3,21.7) s=+0.00  mc=26.4
  L1 trigger  t=1186739842.399  newsnr=5.33  m=(22.5,7.5) s=+0.00  mc=11.0
  L1 trigger  t=1186739847.549  newsnr=5.30  m=(22.5,7.5) s=+0.00  mc=11.0
  L1 trigger  t=1186739848.608  newsnr=5.23  m=(75.0,25.0) s=+0.00  mc=36.6
  L1 trigger  t=1186739851.601  newsnr=5.19  m=(43.3,21.7) s=+0.00  mc=26.4
  L1 trigger  t=1186739869.257  newsnr=5.36  m=(33.8,11.2) s=+0.00  mc=16.5
  L1 trigger  t=1186739871.768  newsnr=5.71  m=(22.5,7.5) s=+0.00  mc=11.0
  L1 trigger  t=1186739873.758  newsnr=5.69  m=(22.5,7.5) s=+0.00  mc=11.0
  L1 trigger  t=1186739875.074  newsnr=5.03  m=(22.5,7.5) s=+0.00  mc=11.0
  L1 trigger  t=1186739876.282  newsnr=5.21  m=(8.0,4.0) s=+0.00  mc=4.9
  L1 trigger  t=1186739888.352  newsnr=5.17  m=(24.0,6.0) s=+0.00  mc=10.0
  L1 trigger  t=1186739891.112  newsnr=5.04  m=(11.1,8.9) s=+0.00  mc=8.6
  L1 trigger  t=1186739896.192  newsnr=6.14  m=(36.7,18.3) s=+0.00  mc=22.3
  L1 trigger  t=1186739903.451  newsnr=5.07  m=(48.0,24.0) s=+0.00  mc=29.2
  L1 trigger  t=1186739938.744  newsnr=5.61  m=(68.0,17.0) s=+0.00  mc=28.3
  L1 trigger  t=1186739940.149  newsnr=5.24  m=(9.0,3.0) s=+0.00  mc=4.4
  L1 trigger  t=1186739941.663  newsnr=5.44  m=(33.0,22.0) s=+0.00  mc=23.4
  L1 trigger  t=1186739946.336  newsnr=5.07  m=(8.0,4.0) s=+0.00  mc=4.9
  L1 trigger  t=1186739948.179  newsnr=5.23  m=(56.7,28.3) s=+0.00  mc=34.5
  L1 trigger  t=1186739957.408  newsnr=5.08  m=(68.0,17.0) s=+0.00  mc=28.3
  L1 trigger  t=1186739964.372  newsnr=5.02  m=(36.0,9.0) s=+0.00  mc=15.0
  L1 trigger  t=1186739966.069  newsnr=5.06  m=(39.0,26.0) s=+0.00  mc=27.6
  L1 trigger  t=1186739978.756  newsnr=5.30  m=(20.0,10.0) s=+0.00  mc=12.2
  L1 trigger  t=1186739983.889  newsnr=5.00  m=(51.0,34.0) s=+0.00  mc=36.1
  L1 trigger  t=1186739994.267  newsnr=5.49  m=(48.0,24.0) s=+0.00  mc=29.2
  L1 trigger  t=1186740002.495  newsnr=5.15  m=(20.0,10.0) s=+0.00  mc=12.2
  L1 trigger  t=1186740004.581  newsnr=5.92  m=(54.0,18.0) s=+0.00  mc=26.4
  L1 trigger  t=1186740006.069  newsnr=6.28  m=(66.7,33.3) s=+0.00  mc=40.6
  L1 trigger  t=1186740010.086  newsnr=5.39  m=(9.6,2.4) s=+0.00  mc=4.0
  L1 trigger  t=1186740030.927  newsnr=5.00  m=(32.5,32.5) s=+0.00  mc=28.3
  L1 trigger  t=1186740038.698  newsnr=5.02  m=(36.7,18.3) s=+0.00  mc=22.3
  L1 trigger  t=1186740040.510  newsnr=5.14  m=(6.7,5.3) s=+0.00  mc=5.2
  L1 trigger  t=1186740081.954  newsnr=5.15  m=(36.0,9.0) s=+0.00  mc=15.0
  L1 trigger  t=1186740084.086  newsnr=5.21  m=(9.6,2.4) s=+0.00  mc=4.0
  L1 trigger  t=1186740088.120  newsnr=5.11  m=(33.8,11.2) s=+0.00  mc=16.5
  L1 trigger  t=1186740092.064  newsnr=5.34  m=(16.7,13.3) s=+0.00  mc=13.0
  L1 trigger  t=1186740097.301  newsnr=5.27  m=(16.0,4.0) s=+0.00  mc=6.7
  L1 trigger  t=1186740111.587  newsnr=5.45  m=(24.0,6.0) s=+0.00  mc=10.0
  L1 trigger  t=1186740123.125  newsnr=5.70  m=(39.0,26.0) s=+0.00  mc=27.6
  L1 trigger  t=1186740134.285  newsnr=5.13  m=(16.7,13.3) s=+0.00  mc=13.0
  L1 trigger  t=1186740139.844  newsnr=5.18  m=(9.6,2.4) s=+0.00  mc=4.0
  L1 trigger  t=1186740141.317  newsnr=5.48  m=(22.5,22.5) s=+0.00  mc=19.6
  L1 trigger  t=1186740142.377  newsnr=5.45  m=(20.0,10.0) s=+0.00  mc=12.2
  L1 trigger  t=1186740144.439  newsnr=5.28  m=(24.0,6.0) s=+0.00  mc=10.0
  L1 trigger  t=1186740145.731  newsnr=5.16  m=(39.0,26.0) s=+0.00  mc=27.6
  L1 trigger  t=1186740148.336  newsnr=5.07  m=(33.8,11.2) s=+0.00  mc=16.5
  L1 trigger  t=1186740150.292  newsnr=5.21  m=(27.5,27.5) s=+0.00  mc=23.9
  L1 trigger  t=1186740152.422  newsnr=5.16  m=(9.6,2.4) s=+0.00  mc=4.0
  L1 trigger  t=1186740160.348  newsnr=5.51  m=(10.0,10.0) s=+0.00  mc=8.7
  L1 trigger  t=1186740162.408  newsnr=5.24  m=(7.2,4.8) s=+0.00  mc=5.1
  L1 trigger  t=1186740190.367  newsnr=5.03  m=(16.0,4.0) s=+0.00  mc=6.7
  L1 trigger  t=1186740193.709  newsnr=5.09  m=(33.0,22.0) s=+0.00  mc=23.4
  L1 trigger  t=1186740201.929  newsnr=5.03  m=(11.1,8.9) s=+0.00  mc=8.6
  L1 trigger  t=1186740203.944  newsnr=5.49  m=(16.0,4.0) s=+0.00  mc=6.7
  L1 trigger  t=1186740209.156  newsnr=5.02  m=(11.1,8.9) s=+0.00  mc=8.6
  L1 trigger  t=1186740212.474  newsnr=5.10  m=(25.0,20.0) s=+0.00  mc=19.4
  L1 trigger  t=1186740225.164  newsnr=5.83  m=(8.0,4.0) s=+0.00  mc=4.9
  L1 trigger  t=1186740246.916  newsnr=5.02  m=(12.0,8.0) s=+0.00  mc=8.5
  L1 trigger  t=1186740249.740  newsnr=5.77  m=(32.5,32.5) s=+0.00  mc=28.3
  L1 trigger  t=1186740252.853  newsnr=5.01  m=(30.0,15.0) s=+0.00  mc=18.3
  L1 trigger  t=1186740262.220  newsnr=5.11  m=(15.0,5.0) s=+0.00  mc=7.3
  L1 trigger  t=1186740264.373  newsnr=5.53  m=(48.8,16.2) s=+0.00  mc=23.8
  L1 trigger  t=1186740286.945  newsnr=5.70  m=(66.7,33.3) s=+0.00  mc=40.6
  L1 trigger  t=1186740300.438  newsnr=5.54  m=(25.0,20.0) s=+0.00  mc=19.4
  L1 trigger  t=1186740305.947  newsnr=5.25  m=(8.0,4.0) s=+0.00  mc=4.9
  L1 trigger  t=1186740306.993  newsnr=5.34  m=(7.2,4.8) s=+0.00  mc=5.1
  L1 trigger  t=1186740323.960  newsnr=5.02  m=(27.5,27.5) s=+0.00  mc=23.9
  L1 trigger  t=1186740327.264  newsnr=5.23  m=(13.3,6.7) s=+0.00  mc=8.1
  L1 trigger  t=1186740332.123  newsnr=5.04  m=(25.0,20.0) s=+0.00  mc=19.4
  L1 trigger  t=1186740333.987  newsnr=5.06  m=(13.3,6.7) s=+0.00  mc=8.1
  L1 trigger  t=1186740338.628  newsnr=5.18  m=(12.0,8.0) s=+0.00  mc=8.5
  L1 trigger  t=1186740353.464  newsnr=5.14  m=(44.0,11.0) s=+0.00  mc=18.3
  L1 trigger  t=1186740358.693  newsnr=5.73  m=(43.3,21.7) s=+0.00  mc=26.4
  L1 trigger  t=1186740360.069  newsnr=5.23  m=(10.0,10.0) s=+0.00  mc=8.7
  L1 trigger  t=1186740367.683  newsnr=5.22  m=(57.6,14.4) s=+0.00  mc=24.0
  L1 trigger  t=1186740373.713  newsnr=5.81  m=(11.1,8.9) s=+0.00  mc=8.6
  L1 trigger  t=1186740374.861  newsnr=5.51  m=(36.0,36.0) s=+0.00  mc=31.3
  L1 trigger  t=1186740376.875  newsnr=5.12  m=(6.7,5.3) s=+0.00  mc=5.2
  L1 trigger  t=1186740388.324  newsnr=5.25  m=(10.0,10.0) s=+0.00  mc=8.7
  L1 trigger  t=1186740411.000  newsnr=5.06  m=(15.0,15.0) s=+0.00  mc=13.1
  L1 trigger  t=1186740424.167  newsnr=5.06  m=(9.0,3.0) s=+0.00  mc=4.4
  L1 trigger  t=1186740433.550  newsnr=5.41  m=(18.0,12.0) s=+0.00  mc=12.7
  L1 trigger  t=1186740454.486  newsnr=5.36  m=(22.5,7.5) s=+0.00  mc=11.0
  L1 trigger  t=1186740457.944  newsnr=5.20  m=(18.0,12.0) s=+0.00  mc=12.7
  L1 trigger  t=1186740464.352  newsnr=5.35  m=(6.7,5.3) s=+0.00  mc=5.2
  L1 trigger  t=1186740466.188  newsnr=5.07  m=(48.8,16.2) s=+0.00  mc=23.8
  L1 trigger  t=1186740468.469  newsnr=5.29  m=(12.0,8.0) s=+0.00  mc=8.5
  L1 trigger  t=1186740470.120  newsnr=5.29  m=(36.7,18.3) s=+0.00  mc=22.3
  L1 trigger  t=1186740487.799  newsnr=5.15  m=(7.2,4.8) s=+0.00  mc=5.1
  L1 trigger  t=1186740491.722  newsnr=5.15  m=(8.0,4.0) s=+0.00  mc=4.9
  L1 trigger  t=1186740494.476  newsnr=5.18  m=(12.0,8.0) s=+0.00  mc=8.5
  L1 trigger  t=1186740502.321  newsnr=5.58  m=(57.6,14.4) s=+0.00  mc=24.0
  L1 trigger  t=1186740511.054  newsnr=5.58  m=(24.0,6.0) s=+0.00  mc=10.0
  L1 trigger  t=1186740517.872  newsnr=5.05  m=(41.2,13.8) s=+0.00  mc=20.1
  L1 trigger  t=1186740526.329  newsnr=5.14  m=(30.0,15.0) s=+0.00  mc=18.3
  L1 trigger  t=1186740534.894  newsnr=5.38  m=(27.0,18.0) s=+0.00  mc=19.1
  L1 trigger  t=1186740544.741  newsnr=5.77  m=(25.0,20.0) s=+0.00  mc=19.4
  L1 trigger  t=1186740559.153  newsnr=5.38  m=(57.6,14.4) s=+0.00  mc=24.0
  L1 trigger  t=1186740565.148  newsnr=5.00  m=(8.0,4.0) s=+0.00  mc=4.9
  L1 trigger  t=1186740572.476  newsnr=5.02  m=(22.5,7.5) s=+0.00  mc=11.0
  L1 trigger  t=1186740578.108  newsnr=5.09  m=(30.0,15.0) s=+0.00  mc=18.3
  L1 trigger  t=1186740598.672  newsnr=5.19  m=(18.0,12.0) s=+0.00  mc=12.7
  L1 trigger  t=1186740599.896  newsnr=5.54  m=(30.0,15.0) s=+0.00  mc=18.3
  L1 trigger  t=1186740610.844  newsnr=5.16  m=(36.0,9.0) s=+0.00  mc=15.0
  L1 trigger  t=1186740612.258  newsnr=5.48  m=(10.0,10.0) s=+0.00  mc=8.7
  L1 trigger  t=1186740614.887  newsnr=5.23  m=(15.0,5.0) s=+0.00  mc=7.3
  L1 trigger  t=1186740628.453  newsnr=5.18  m=(8.0,4.0) s=+0.00  mc=4.9
  L1 trigger  t=1186740636.736  newsnr=5.37  m=(52.0,13.0) s=+0.00  mc=21.6
  L1 trigger  t=1186740638.237  newsnr=5.17  m=(11.1,8.9) s=+0.00  mc=8.6
  L1 trigger  t=1186740639.508  newsnr=5.41  m=(57.6,14.4) s=+0.00  mc=24.0
  L1 trigger  t=1186740647.763  newsnr=5.07  m=(6.0,6.0) s=+0.00  mc=5.2
  L1 trigger  t=1186740661.999  newsnr=5.47  m=(33.8,11.2) s=+0.00  mc=16.5
  L1 trigger  t=1186740663.583  newsnr=5.13  m=(22.5,22.5) s=+0.00  mc=19.6
  L1 trigger  t=1186740669.159  newsnr=5.10  m=(22.5,7.5) s=+0.00  mc=11.0
  L1 trigger  t=1186740670.280  newsnr=5.10  m=(44.0,11.0) s=+0.00  mc=18.3
  L1 trigger  t=1186740681.818  newsnr=5.01  m=(30.0,15.0) s=+0.00  mc=18.3
  L1 trigger  t=1186740683.291  newsnr=5.26  m=(22.5,7.5) s=+0.00  mc=11.0
  L1 trigger  t=1186740691.660  newsnr=5.18  m=(68.0,17.0) s=+0.00  mc=28.3
  L1 trigger  t=1186740697.046  newsnr=5.05  m=(10.0,10.0) s=+0.00  mc=8.7
  L1 trigger  t=1186740701.313  newsnr=5.61  m=(25.0,20.0) s=+0.00  mc=19.4
  L1 trigger  t=1186740702.594  newsnr=5.33  m=(8.0,4.0) s=+0.00  mc=4.9
  L1 trigger  t=1186740711.700  newsnr=5.48  m=(22.5,7.5) s=+0.00  mc=11.0
  L1 trigger  t=1186740730.751  newsnr=5.03  m=(27.0,18.0) s=+0.00  mc=19.1
  L1 trigger  t=1186740735.840  newsnr=5.53  m=(33.8,11.2) s=+0.00  mc=16.5
  L1 trigger  t=1186740737.006  newsnr=5.24  m=(16.7,13.3) s=+0.00  mc=13.0
  L1 trigger  t=1186740739.029  newsnr=5.32  m=(6.0,6.0) s=+0.00  mc=5.2
  L1 trigger  t=1186740742.177  newsnr=5.10  m=(18.0,12.0) s=+0.00  mc=12.7
  L1 trigger  t=1186740744.729  newsnr=5.09  m=(7.2,4.8) s=+0.00  mc=5.1
  L1 trigger  t=1186740766.774  newsnr=5.21  m=(7.2,4.8) s=+0.00  mc=5.1
  L1 trigger  t=1186740776.643  newsnr=5.05  m=(12.0,8.0) s=+0.00  mc=8.5
  L1 trigger  t=1186740797.935  newsnr=5.03  m=(16.7,13.3) s=+0.00  mc=13.0
  L1 trigger  t=1186740807.940  newsnr=5.20  m=(43.3,21.7) s=+0.00  mc=26.4
  L1 trigger  t=1186740815.575  newsnr=5.38  m=(15.0,15.0) s=+0.00  mc=13.1
  L1 trigger  t=1186740819.358  newsnr=5.11  m=(12.0,8.0) s=+0.00  mc=8.5
  L1 trigger  t=1186740820.727  newsnr=5.26  m=(41.2,13.8) s=+0.00  mc=20.1
  L1 trigger  t=1186740826.816  newsnr=5.44  m=(36.0,9.0) s=+0.00  mc=15.0
  L1 trigger  t=1186740832.573  newsnr=5.17  m=(68.0,17.0) s=+0.00  mc=28.3
  L1 trigger  t=1186740835.344  newsnr=5.40  m=(6.0,6.0) s=+0.00  mc=5.2
  L1 trigger  t=1186740850.290  newsnr=5.20  m=(48.0,24.0) s=+0.00  mc=29.2
  L1 trigger  t=1186740860.937  newsnr=5.52  m=(30.6,24.4) s=+0.00  mc=23.8
  L1 trigger  t=1186740867.847  newsnr=5.03  m=(10.0,10.0) s=+0.00  mc=8.7
  L1 trigger  t=1186740871.808  newsnr=5.10  m=(15.0,5.0) s=+0.00  mc=7.3
  L1 trigger  t=1186740874.432  newsnr=5.07  m=(50.0,50.0) s=+0.00  mc=43.5
  L1 trigger  t=1186740881.354  newsnr=5.60  m=(55.6,44.4) s=+0.00  mc=43.2
  L1 trigger  t=1186740882.442  newsnr=5.01  m=(16.0,4.0) s=+0.00  mc=6.7
  L1 trigger  t=1186740889.171  newsnr=5.01  m=(27.5,27.5) s=+0.00  mc=23.9
  L1 trigger  t=1186740899.887  newsnr=6.02  m=(32.5,32.5) s=+0.00  mc=28.3
  L1 trigger  t=1186740901.742  newsnr=5.03  m=(9.0,3.0) s=+0.00  mc=4.4
  L1 trigger  t=1186740931.544  newsnr=5.70  m=(13.3,6.7) s=+0.00  mc=8.1
  L1 trigger  t=1186740934.149  newsnr=5.19  m=(9.6,2.4) s=+0.00  mc=4.0
  L1 trigger  t=1186740952.951  newsnr=5.19  m=(27.0,18.0) s=+0.00  mc=19.1
  L1 trigger  t=1186740959.608  newsnr=5.11  m=(33.8,11.2) s=+0.00  mc=16.5
  L1 trigger  t=1186740962.547  newsnr=5.02  m=(6.7,5.3) s=+0.00  mc=5.2
  L1 trigger  t=1186740966.749  newsnr=5.24  m=(48.0,24.0) s=+0.00  mc=29.2
  L1 trigger  t=1186740971.692  newsnr=5.14  m=(13.3,6.7) s=+0.00  mc=8.1
  L1 trigger  t=1186740983.643  newsnr=5.23  m=(33.0,22.0) s=+0.00  mc=23.4
  L1 trigger  t=1186740991.679  newsnr=5.34  m=(27.5,27.5) s=+0.00  mc=23.9
  L1 trigger  t=1186740998.099  newsnr=5.38  m=(30.0,15.0) s=+0.00  mc=18.3
  L1 trigger  t=1186741008.353  newsnr=5.37  m=(68.0,17.0) s=+0.00  mc=28.3
  L1 trigger  t=1186741017.802  newsnr=5.47  m=(41.2,13.8) s=+0.00  mc=20.1
  L1 trigger  t=1186741029.124  newsnr=5.25  m=(22.5,7.5) s=+0.00  mc=11.0
  L1 trigger  t=1186741038.639  newsnr=5.06  m=(16.0,4.0) s=+0.00  mc=6.7
  L1 trigger  t=1186741045.026  newsnr=5.01  m=(52.0,13.0) s=+0.00  mc=21.6
  L1 trigger  t=1186741058.987  newsnr=5.95  m=(22.5,7.5) s=+0.00  mc=11.0
  L1 trigger  t=1186741088.519  newsnr=5.37  m=(32.5,32.5) s=+0.00  mc=28.3
  L1 trigger  t=1186741091.710  newsnr=5.42  m=(52.0,13.0) s=+0.00  mc=21.6
  L1 trigger  t=1186741096.696  newsnr=5.91  m=(6.0,6.0) s=+0.00  mc=5.2
  L1 trigger  t=1186741103.544  newsnr=5.46  m=(36.0,36.0) s=+0.00  mc=31.3
  L1 trigger  t=1186741105.265  newsnr=5.39  m=(43.2,28.8) s=+0.00  mc=30.6
  L1 trigger  t=1186741122.460  newsnr=5.67  m=(15.0,15.0) s=+0.00  mc=13.1
  L1 trigger  t=1186741125.022  newsnr=5.22  m=(7.2,4.8) s=+0.00  mc=5.1
  L1 trigger  t=1186741138.699  newsnr=5.56  m=(9.6,2.4) s=+0.00  mc=4.0
  L1 trigger  t=1186741142.343  newsnr=5.19  m=(30.0,15.0) s=+0.00  mc=18.3
  L1 trigger  t=1186741144.674  newsnr=5.00  m=(9.6,2.4) s=+0.00  mc=4.0
  L1 trigger  t=1186741150.428  newsnr=5.59  m=(68.0,17.0) s=+0.00  mc=28.3
  L1 trigger  t=1186741158.696  newsnr=5.31  m=(15.0,15.0) s=+0.00  mc=13.1
  L1 trigger  t=1186741160.775  newsnr=5.61  m=(15.0,5.0) s=+0.00  mc=7.3
  L1 trigger  t=1186741165.087  newsnr=5.34  m=(11.1,8.9) s=+0.00  mc=8.6
  L1 trigger  t=1186741169.150  newsnr=5.13  m=(18.0,12.0) s=+0.00  mc=12.7
  L1 trigger  t=1186741172.481  newsnr=5.10  m=(43.3,21.7) s=+0.00  mc=26.4
  L1 trigger  t=1186741186.691  newsnr=5.20  m=(15.0,5.0) s=+0.00  mc=7.3
  L1 trigger  t=1186741188.522  newsnr=5.28  m=(48.0,24.0) s=+0.00  mc=29.2
  L1 trigger  t=1186741220.666  newsnr=6.25  m=(44.0,11.0) s=+0.00  mc=18.3
  L1 trigger  t=1186741230.745  newsnr=5.28  m=(15.0,5.0) s=+0.00  mc=7.3
  L1 trigger  t=1186741250.309  newsnr=5.05  m=(36.7,18.3) s=+0.00  mc=22.3
  L1 trigger  t=1186741255.252  newsnr=5.06  m=(20.0,10.0) s=+0.00  mc=12.2
  L1 trigger  t=1186741256.744  newsnr=5.23  m=(24.0,6.0) s=+0.00  mc=10.0
  L1 trigger  t=1186741266.567  newsnr=5.22  m=(9.0,3.0) s=+0.00  mc=4.4
  L1 trigger  t=1186741270.378  newsnr=5.37  m=(24.0,6.0) s=+0.00  mc=10.0
  L1 trigger  t=1186741271.416  newsnr=5.00  m=(48.8,16.2) s=+0.00  mc=23.8
  L1 trigger  t=1186741274.795  newsnr=5.06  m=(8.0,4.0) s=+0.00  mc=4.9
  L1 trigger  t=1186741277.373  newsnr=5.81  m=(16.0,4.0) s=+0.00  mc=6.7
  L1 trigger  t=1186741295.865  newsnr=5.89  m=(22.5,22.5) s=+0.00  mc=19.6
  L1 trigger  t=1186741297.294  newsnr=5.73  m=(9.0,3.0) s=+0.00  mc=4.4
  L1 trigger  t=1186741307.750  newsnr=5.07  m=(9.0,3.0) s=+0.00  mc=4.4
  L1 trigger  t=1186741310.690  newsnr=5.08  m=(22.5,22.5) s=+0.00  mc=19.6
  L1 trigger  t=1186741311.801  newsnr=5.42  m=(6.0,6.0) s=+0.00  mc=5.2
  L1 trigger  t=1186741314.358  newsnr=5.50  m=(11.1,8.9) s=+0.00  mc=8.6
  L1 trigger  t=1186741321.079  newsnr=5.06  m=(13.3,6.7) s=+0.00  mc=8.1
  L1 trigger  t=1186741355.649  newsnr=5.24  m=(11.1,8.9) s=+0.00  mc=8.6
  L1 trigger  t=1186741358.989  newsnr=5.04  m=(68.0,17.0) s=+0.00  mc=28.3
  L1 trigger  t=1186741371.500  newsnr=5.21  m=(8.0,4.0) s=+0.00  mc=4.9
  L1 trigger  t=1186741374.443  newsnr=5.60  m=(52.0,13.0) s=+0.00  mc=21.6
  L1 trigger  t=1186741379.561  newsnr=5.08  m=(7.2,4.8) s=+0.00  mc=5.1
  L1 trigger  t=1186741386.456  newsnr=5.15  m=(36.0,9.0) s=+0.00  mc=15.0
  L1 trigger  t=1186741398.483  newsnr=5.09  m=(22.5,7.5) s=+0.00  mc=11.0
  L1 trigger  t=1186741404.601  newsnr=5.05  m=(15.0,5.0) s=+0.00  mc=7.3
  L1 trigger  t=1186741435.156  newsnr=5.09  m=(68.0,17.0) s=+0.00  mc=28.3
  L1 trigger  t=1186741438.761  newsnr=5.24  m=(63.8,21.2) s=+0.00  mc=31.1
  L1 trigger  t=1186741440.989  newsnr=5.08  m=(48.8,16.2) s=+0.00  mc=23.8
  L1 trigger  t=1186741444.244  newsnr=5.01  m=(15.0,15.0) s=+0.00  mc=13.1
  L1 trigger  t=1186741448.750  newsnr=5.01  m=(11.1,8.9) s=+0.00  mc=8.6
  L1 trigger  t=1186741455.160  newsnr=5.31  m=(39.0,26.0) s=+0.00  mc=27.6
  L1 trigger  t=1186741458.195  newsnr=5.27  m=(50.0,50.0) s=+0.00  mc=43.5
  L1 trigger  t=1186741475.567  newsnr=5.01  m=(18.0,12.0) s=+0.00  mc=12.7
  L1 trigger  t=1186741486.217  newsnr=5.15  m=(48.0,24.0) s=+0.00  mc=29.2
  L1 trigger  t=1186741487.350  newsnr=5.25  m=(15.0,15.0) s=+0.00  mc=13.1
  L1 trigger  t=1186741489.167  newsnr=5.03  m=(9.6,2.4) s=+0.00  mc=4.0
  L1 trigger  t=1186741490.271  newsnr=5.27  m=(6.0,6.0) s=+0.00  mc=5.2
  L1 trigger  t=1186741502.645  newsnr=5.07  m=(18.0,12.0) s=+0.00  mc=12.7
  L1 trigger  t=1186741507.437  newsnr=5.55  m=(52.0,13.0) s=+0.00  mc=21.6
  L1 trigger  t=1186741509.740  newsnr=5.07  m=(80.0,20.0) s=+0.00  mc=33.3
  L1 trigger  t=1186741513.329  newsnr=5.00  m=(24.0,6.0) s=+0.00  mc=10.0
  L1 trigger  t=1186741514.828  newsnr=5.26  m=(9.0,3.0) s=+0.00  mc=4.4
  L1 trigger  t=1186741526.417  newsnr=5.17  m=(7.2,4.8) s=+0.00  mc=5.1
  L1 trigger  t=1186741533.000  newsnr=5.01  m=(16.7,13.3) s=+0.00  mc=13.0
  L1 trigger  t=1186741534.403  newsnr=5.66  m=(22.5,22.5) s=+0.00  mc=19.6
  L1 trigger  t=1186741543.202  newsnr=5.11  m=(20.0,10.0) s=+0.00  mc=12.2
  L1 trigger  t=1186741549.384  newsnr=5.18  m=(48.8,16.2) s=+0.00  mc=23.8
  L1 trigger  t=1186741571.130  newsnr=5.02  m=(18.0,12.0) s=+0.00  mc=12.7
  L1 trigger  t=1186741573.508  newsnr=5.25  m=(44.0,11.0) s=+0.00  mc=18.3
  L1 trigger  t=1186741580.733  newsnr=5.24  m=(43.2,28.8) s=+0.00  mc=30.6
  L1 trigger  t=1186741582.282  newsnr=5.24  m=(52.0,13.0) s=+0.00  mc=21.6
  L1 trigger  t=1186741584.587  newsnr=5.12  m=(7.2,4.8) s=+0.00  mc=5.1
  L1 trigger  t=1186741588.826  newsnr=5.00  m=(6.7,5.3) s=+0.00  mc=5.2
  L1 trigger  t=1186741609.272  newsnr=5.52  m=(52.0,13.0) s=+0.00  mc=21.6
  L1 trigger  t=1186741618.522  newsnr=5.25  m=(15.0,5.0) s=+0.00  mc=7.3
  L1 trigger  t=1186741625.744  newsnr=5.41  m=(12.0,8.0) s=+0.00  mc=8.5
  L1 trigger  t=1186741631.411  newsnr=5.13  m=(25.0,20.0) s=+0.00  mc=19.4
  L1 trigger  t=1186741633.203  newsnr=5.30  m=(9.0,3.0) s=+0.00  mc=4.4
  L1 trigger  t=1186741646.956  newsnr=5.39  m=(33.8,11.2) s=+0.00  mc=16.5
  L1 trigger  t=1186741698.080  newsnr=5.30  m=(52.0,13.0) s=+0.00  mc=21.6
  L1 trigger  t=1186741705.070  newsnr=5.37  m=(30.0,15.0) s=+0.00  mc=18.3
  L1 trigger  t=1186741715.353  newsnr=5.01  m=(12.0,8.0) s=+0.00  mc=8.5
  L1 trigger  t=1186741741.380  newsnr=5.44  m=(9.6,2.4) s=+0.00  mc=4.0
  L1 trigger  t=1186741746.937  newsnr=5.08  m=(36.1,28.9) s=+0.00  mc=28.1
  L1 trigger  t=1186741749.441  newsnr=5.24  m=(18.0,12.0) s=+0.00  mc=12.7
  L1 trigger  t=1186741763.069  newsnr=5.51  m=(18.0,12.0) s=+0.00  mc=12.7
  L1 trigger  t=1186741768.471  newsnr=5.21  m=(39.0,26.0) s=+0.00  mc=27.6
  L1 trigger  t=1186741777.729  newsnr=5.10  m=(11.1,8.9) s=+0.00  mc=8.6
  L1 trigger  t=1186741791.321  newsnr=5.28  m=(47.2,37.8) s=+0.00  mc=36.7
  L1 trigger  t=1186741792.996  newsnr=5.27  m=(43.2,28.8) s=+0.00  mc=30.6
  L1 trigger  t=1186741809.242  newsnr=6.14  m=(44.0,11.0) s=+0.00  mc=18.3
  L1 trigger  t=1186741813.519  newsnr=5.40  m=(60.0,40.0) s=+0.00  mc=42.5
  L1 trigger  t=1186741832.428  newsnr=5.30  m=(20.0,10.0) s=+0.00  mc=12.2
  L1 trigger  t=1186741856.655  newsnr=5.10  m=(6.7,5.3) s=+0.00  mc=5.2
  L1 trigger  t=1186741861.525  newsnr=11.12  m=(48.8,16.2) s=+0.00  mc=23.8
  L1 trigger  t=1186741868.996  newsnr=5.27  m=(18.0,12.0) s=+0.00  mc=12.7
  L1 trigger  t=1186741870.943  newsnr=5.48  m=(7.2,4.8) s=+0.00  mc=5.1
  L1 trigger  t=1186741894.646  newsnr=5.09  m=(13.3,6.7) s=+0.00  mc=8.1
  L1 trigger  t=1186741895.907  newsnr=5.12  m=(15.0,15.0) s=+0.00  mc=13.1
  L1 trigger  t=1186741897.525  newsnr=5.33  m=(48.8,16.2) s=+0.00  mc=23.8
  L1 trigger  t=1186741908.912  newsnr=5.41  m=(33.8,11.2) s=+0.00  mc=16.5
  L1 trigger  t=1186741915.938  newsnr=5.95  m=(11.1,8.9) s=+0.00  mc=8.6
  L1 trigger  t=1186741917.148  newsnr=5.25  m=(15.0,5.0) s=+0.00  mc=7.3
  L1 trigger  t=1186741919.350  newsnr=5.52  m=(9.6,2.4) s=+0.00  mc=4.0
  L1 trigger  t=1186741928.423  newsnr=5.43  m=(7.2,4.8) s=+0.00  mc=5.1
  L1 trigger  t=1186741938.267  newsnr=5.46  m=(20.0,10.0) s=+0.00  mc=12.2
  L1 trigger  t=1186741969.464  newsnr=5.26  m=(52.0,13.0) s=+0.00  mc=21.6
  L1 trigger  t=1186741975.214  newsnr=5.11  m=(41.2,13.8) s=+0.00  mc=20.1
  L1 trigger  t=1186741978.672  newsnr=5.39  m=(11.1,8.9) s=+0.00  mc=8.6
  L1 trigger  t=1186741981.600  newsnr=5.08  m=(7.2,4.8) s=+0.00  mc=5.1
  L1 trigger  t=1186741985.610  newsnr=5.55  m=(7.2,4.8) s=+0.00  mc=5.1
  L1 trigger  t=1186741988.360  newsnr=5.08  m=(22.5,7.5) s=+0.00  mc=11.0
  L1 trigger  t=1186741990.355  newsnr=5.66  m=(36.0,9.0) s=+0.00  mc=15.0
  L1 trigger  t=1186742003.984  newsnr=5.02  m=(8.0,4.0) s=+0.00  mc=4.9
  L1 trigger  t=1186742035.743  newsnr=5.42  m=(33.0,22.0) s=+0.00  mc=23.4
  L1 trigger  t=1186742038.397  newsnr=5.10  m=(56.7,28.3) s=+0.00  mc=34.5
  L1 trigger  t=1186742040.162  newsnr=5.73  m=(12.0,8.0) s=+0.00  mc=8.5
  L1 trigger  t=1186742049.164  newsnr=5.15  m=(33.0,22.0) s=+0.00  mc=23.4
  L1 trigger  t=1186742053.859  newsnr=5.21  m=(10.0,10.0) s=+0.00  mc=8.7
  L1 trigger  t=1186742059.724  newsnr=5.10  m=(32.5,32.5) s=+0.00  mc=28.3
  L1 trigger  t=1186742069.519  newsnr=5.13  m=(41.2,13.8) s=+0.00  mc=20.1
  L1 trigger  t=1186742074.815  newsnr=5.12  m=(20.0,10.0) s=+0.00  mc=12.2
  L1 trigger  t=1186742079.967  newsnr=5.24  m=(8.0,4.0) s=+0.00  mc=4.9
  L1 trigger  t=1186742087.049  newsnr=5.25  m=(10.0,10.0) s=+0.00  mc=8.7
  L1 trigger  t=1186742099.533  newsnr=5.13  m=(11.1,8.9) s=+0.00  mc=8.6
  L1 trigger  t=1186742104.201  newsnr=5.05  m=(39.0,26.0) s=+0.00  mc=27.6
  L1 trigger  t=1186742106.053  newsnr=5.94  m=(13.3,6.7) s=+0.00  mc=8.1
  L1 trigger  t=1186742109.051  newsnr=5.16  m=(7.2,4.8) s=+0.00  mc=5.1
  L1 trigger  t=1186742120.162  newsnr=5.05  m=(63.8,21.2) s=+0.00  mc=31.1
  L1 trigger  t=1186742126.058  newsnr=5.13  m=(30.6,24.4) s=+0.00  mc=23.8
  L1 trigger  t=1186742129.125  newsnr=5.07  m=(16.7,13.3) s=+0.00  mc=13.0
  L1 trigger  t=1186742130.321  newsnr=5.22  m=(27.0,18.0) s=+0.00  mc=19.1
  L1 trigger  t=1186742134.793  newsnr=5.12  m=(9.0,3.0) s=+0.00  mc=4.4
  L1 trigger  t=1186742137.885  newsnr=5.67  m=(30.0,15.0) s=+0.00  mc=18.3
  L1 trigger  t=1186742139.985  newsnr=5.10  m=(15.0,5.0) s=+0.00  mc=7.3
  L1 trigger  t=1186742144.059  newsnr=5.79  m=(7.2,4.8) s=+0.00  mc=5.1
  L1 trigger  t=1186742176.267  newsnr=5.54  m=(11.1,8.9) s=+0.00  mc=8.6
  L1 trigger  t=1186742209.567  newsnr=5.10  m=(39.0,26.0) s=+0.00  mc=27.6
  zero-lag coincidences: 2
  background coincidences: 51 over 4.73 days

  t=1186741861.533  stat=14.44  m=(43.3,21.7)  FAR=0.000e+00/yr
  t=1186741230.748  stat=7.43  m=(16.0,4.0)  FAR=1.312e+03/yr

======================================================================
STAGE B -- DISPERSION PROFILING (alpha family)
======================================================================

  candidate t=1186741861.533  template (43.3, 21.7, s=+0.00)
    alpha=0.0   B = +4.5770e+01 +/- 9.0552e+01  z=+0.90
                  SNR 9.107 -> 9.254
    alpha=2.5   B = +2.7328e-04 +/- 4.2021e-04  z=+1.08
                  SNR 9.107 -> 9.141
                  FLAT PROFILE (dSNR^2 = 0.63):
                  B is unconstrained within one alias
                  period. The edge is where the noise
                  points, not a preference. Null result.
    alpha=3.0   B = +1.2003e-05 +/- 1.8591e-05  z=+1.09
                  SNR 9.107 -> 9.140
                  FLAT PROFILE (dSNR^2 = 0.61):
                  B is unconstrained within one alias
                  period. The edge is where the noise
                  points, not a preference. Null result.
    alpha=3.5   B = +4.4149e-07 +/- 8.1958e-07  z=+0.92
                  SNR 9.107 -> 9.130
    alpha=4.0   B = +2.3408e-08 +/- 3.6288e-08  z=+1.08  ->  +1.159e-01 +/- 1.796e-01
                  SNR 9.107 -> 9.123
                  FLAT PROFILE (dSNR^2 = 0.31):
                  B is unconstrained within one alias
                  period. The edge is where the noise
                  points, not a preference. Null result.

  written: events/GW170814_results.json

  Report every alpha as an interval. A z below ~3 with a
  boundary-free maximum means: consistent with GR, and the
  bound is the 90% CI. It does not mean GR is confirmed.
