PyCBC.libutils: pkg-config call failed, setting NO_PKGCONFIG=1
==========================================================================
INJECTION RECOVERY THROUGH THE FULL PIPELINE -- alpha = 4.0
==========================================================================
  alias period : 4.681617e-08
  scan grid    : [-2.3408e-08, +2.3408e-08]  (61 points)
  template     : (36.0, 36.0)

  measuring null spread over 25 off-source segments...
  null sigma   : 2.2045e-08
  null at edge : 21/25 segments

    frac    B_injected   B_recovered  error/sigma    dSNR2  profile
    0.00   +0.0000e+00   -2.3408e-08        -1.06     0.56  EDGE
    0.05   +1.1704e-09   -2.3408e-08        -1.11     0.51  EDGE
    0.10   +2.3408e-09   -2.3408e-08        -1.17     0.47  EDGE
    0.20   +4.6816e-09   -2.1848e-08        -1.20     0.42  interior
    0.35   +8.1928e-09   -1.7946e-08        -1.19     0.47  interior
    0.50   +1.1704e-08   -1.4825e-08        -1.20     0.69  interior
    0.75   +1.7556e-08   -8.5830e-09        -1.19     0.53  interior

==========================================================================
VERDICT
==========================================================================
  Recovery within 2 sigma from |B| >= 1.1704e-09
  (6/6 injected values recovered)
  Below that the profile is flat and B is unconstrained.
  Quote this threshold as the pipeline's resolving power.

  NOTE: dSNR^2 stays below 4 even at large injections.
  The deformation barely changes the fit at all, which
  points at the band or the template rather than at noise.

  written: injection_alpha4.json
