PyCBC.libutils: pkg-config call failed, setting NO_PKGCONFIG=1
==========================================================================
INJECTION RECOVERY -- WIDE SCAN -- alpha = 3.0
==========================================================================
  alias period   : 2.400508e-05
  physical grid  : +/-1.2003e-05  (unchanged in mdr_search)
  diagnostic grid: +/-7.2015e-05  (247 points, 3 periods each side)
  template       : (36.0, 36.0)   event 1126259462.428

  null spread over 15 off-source segments...
  null sigma     : 1.0658e-05
  null at edge   : 73% of segments
  >> Most null segments land on the edge: on the physical
     grid this sigma measures the grid, not the noise.

          B_inj        B_glob        B_near  off/period  nmax   d_rho2
    +0.0000e+00   -1.2295e-05   -1.2295e-05      -0.512     0    +0.00
    +1.2003e-06   -1.0539e-05   -1.0539e-05      -0.489     0    -0.11
    +3.0006e-06   -8.7823e-06   -8.7823e-06      -0.491     0    +0.34
    +6.0013e-06   -5.8549e-06   -5.8549e-06      -0.494     0    -0.64
    +9.0019e-06   -2.9274e-06   -2.9274e-06      -0.497     0    +0.05
    -3.0006e-06   -1.5223e-05   -1.5223e-05      -0.509     0    +1.08
    -6.0013e-06   -1.8150e-05   -1.8150e-05      -0.506     0    +1.10
    -9.0019e-06   -2.1078e-05   -2.1078e-05      -0.503     0    +2.28

==========================================================================
FITS   B_hat = a + b * B_injected
==========================================================================
  global maximum : b = +1.0186   a = -1.2009e-05  (-0.500 periods)
  nearest maximum: b = +1.0186   a = -1.2009e-05  (-0.500 periods)

==========================================================================
VERDICT
==========================================================================
  Slope is ~1 but the offset (-0.500 periods) is
  not an integer multiple of the alias period.
  => GENUINE BIAS in profile_b(). Do not quote any interval
     until this is found.

  profile prefers B_inj over 0 in 71% of non-zero injections
  >> The likelihood barely distinguishes the injected value
     from zero. At this chirp mass and band the f^(a-1)
     phase is largely absorbed by t_c and phi_c.

  written: injection_alpha3_wide.json
