nohup: ignoring input
PyCBC.libutils: pkg-config call failed, setting NO_PKGCONFIG=1
======================================================================
STAGE A1 -- CONDITIONING
======================================================================
  H1: 4088s @ 4096 Hz
  L1: 4088s @ 4096 Hz
  bank: 54 templates (9 x 6 x 1)

======================================================================
STAGE A2/A3 -- SLIDING-WINDOW SEARCH + CHI-SQUARED VETO
======================================================================
  [H1] blocks of 64s, overlap 8s, 54 templates
    block 5/72  triggers so far: 340
    block 10/72  triggers so far: 769
    block 15/72  triggers so far: 1034
    block 20/72  triggers so far: 1392
    block 25/72  triggers so far: 1856
    block 30/72  triggers so far: 2154
    block 35/72  triggers so far: 2496
    block 40/72  triggers so far: 3433
    block 45/72  triggers so far: 4104
    block 50/72  triggers so far: 4603
    block 55/72  triggers so far: 5324
    block 60/72  triggers so far: 5848
    block 65/72  triggers so far: 6203
    block 70/72  triggers so far: 6443
  [H1] 6566 raw -> 594 clustered triggers
  [L1] blocks of 64s, overlap 8s, 54 templates
    block 5/72  triggers so far: 450
    block 10/72  triggers so far: 959
    block 15/72  triggers so far: 1352
    block 20/72  triggers so far: 1896
    block 25/72  triggers so far: 2424
    block 30/72  triggers so far: 2832
    block 35/72  triggers so far: 3249
    block 40/72  triggers so far: 4009
    block 45/72  triggers so far: 4308
    block 50/72  triggers so far: 4851
    block 55/72  triggers so far: 5191
    block 60/72  triggers so far: 5897
    block 65/72  triggers so far: 6209
    block 70/72  triggers so far: 6599
  [L1] 6730 raw -> 629 clustered triggers

======================================================================
STAGE A4/A5 -- COINCIDENCE + TIME-SLIDE BACKGROUND
======================================================================
  H1 trigger  t=1126257429.465  newsnr=5.39  m=(16.0,4.0) s=+0.00  mc=6.7
  H1 trigger  t=1126257434.895  newsnr=5.27  m=(54.0,18.0) s=+0.00  mc=26.4
  H1 trigger  t=1126257439.102  newsnr=5.25  m=(8.0,4.0) s=+0.00  mc=4.9
  H1 trigger  t=1126257442.366  newsnr=5.59  m=(36.0,9.0) s=+0.00  mc=15.0
  H1 trigger  t=1126257451.299  newsnr=5.76  m=(33.0,22.0) s=+0.00  mc=23.4
  H1 trigger  t=1126257455.081  newsnr=5.13  m=(13.3,6.7) s=+0.00  mc=8.1
  H1 trigger  t=1126257460.012  newsnr=5.48  m=(39.0,26.0) s=+0.00  mc=27.6
  H1 trigger  t=1126257462.077  newsnr=5.24  m=(43.3,21.7) s=+0.00  mc=26.4
  H1 trigger  t=1126257485.553  newsnr=5.04  m=(27.0,18.0) s=+0.00  mc=19.1
  H1 trigger  t=1126257500.756  newsnr=5.12  m=(33.0,22.0) s=+0.00  mc=23.4
  H1 trigger  t=1126257516.135  newsnr=5.02  m=(6.7,5.3) s=+0.00  mc=5.2
  H1 trigger  t=1126257525.277  newsnr=5.42  m=(10.0,10.0) s=+0.00  mc=8.7
  H1 trigger  t=1126257528.023  newsnr=5.48  m=(20.0,10.0) s=+0.00  mc=12.2
  H1 trigger  t=1126257530.507  newsnr=5.70  m=(36.0,9.0) s=+0.00  mc=15.0
  H1 trigger  t=1126257532.866  newsnr=5.24  m=(9.6,2.4) s=+0.00  mc=4.0
  H1 trigger  t=1126257537.833  newsnr=5.18  m=(9.6,2.4) s=+0.00  mc=4.0
  H1 trigger  t=1126257540.395  newsnr=5.05  m=(6.0,6.0) s=+0.00  mc=5.2
  H1 trigger  t=1126257543.866  newsnr=5.01  m=(36.0,9.0) s=+0.00  mc=15.0
  H1 trigger  t=1126257559.975  newsnr=5.08  m=(20.0,10.0) s=+0.00  mc=12.2
  H1 trigger  t=1126257564.002  newsnr=5.03  m=(68.0,17.0) s=+0.00  mc=28.3
  H1 trigger  t=1126257570.375  newsnr=5.07  m=(24.0,6.0) s=+0.00  mc=10.0
  H1 trigger  t=1126257591.548  newsnr=5.00  m=(16.7,13.3) s=+0.00  mc=13.0
  H1 trigger  t=1126257597.746  newsnr=5.14  m=(20.0,10.0) s=+0.00  mc=12.2
  H1 trigger  t=1126257599.004  newsnr=5.40  m=(43.3,21.7) s=+0.00  mc=26.4
  H1 trigger  t=1126257604.312  newsnr=5.40  m=(20.0,10.0) s=+0.00  mc=12.2
  H1 trigger  t=1126257619.687  newsnr=5.48  m=(18.0,12.0) s=+0.00  mc=12.7
  H1 trigger  t=1126257620.702  newsnr=5.08  m=(36.0,9.0) s=+0.00  mc=15.0
  H1 trigger  t=1126257622.774  newsnr=5.64  m=(9.6,2.4) s=+0.00  mc=4.0
  H1 trigger  t=1126257626.582  newsnr=5.15  m=(15.0,5.0) s=+0.00  mc=7.3
  H1 trigger  t=1126257627.945  newsnr=5.07  m=(18.0,12.0) s=+0.00  mc=12.7
  H1 trigger  t=1126257630.074  newsnr=5.14  m=(22.5,7.5) s=+0.00  mc=11.0
  H1 trigger  t=1126257642.677  newsnr=5.18  m=(15.0,15.0) s=+0.00  mc=13.1
  H1 trigger  t=1126257645.243  newsnr=5.34  m=(20.0,10.0) s=+0.00  mc=12.2
  H1 trigger  t=1126257646.906  newsnr=5.39  m=(30.0,15.0) s=+0.00  mc=18.3
  H1 trigger  t=1126257661.086  newsnr=5.23  m=(18.0,12.0) s=+0.00  mc=12.7
  H1 trigger  t=1126257662.906  newsnr=5.06  m=(33.8,11.2) s=+0.00  mc=16.5
  H1 trigger  t=1126257672.829  newsnr=5.18  m=(7.2,4.8) s=+0.00  mc=5.1
  H1 trigger  t=1126257681.517  newsnr=5.41  m=(6.0,6.0) s=+0.00  mc=5.2
  H1 trigger  t=1126257683.571  newsnr=5.29  m=(75.0,25.0) s=+0.00  mc=36.6
  H1 trigger  t=1126257685.331  newsnr=5.38  m=(9.0,3.0) s=+0.00  mc=4.4
  H1 trigger  t=1126257691.596  newsnr=5.02  m=(80.0,20.0) s=+0.00  mc=33.3
  H1 trigger  t=1126257693.033  newsnr=5.19  m=(13.3,6.7) s=+0.00  mc=8.1
  H1 trigger  t=1126257711.290  newsnr=5.07  m=(7.2,4.8) s=+0.00  mc=5.1
  H1 trigger  t=1126257718.186  newsnr=5.38  m=(36.0,9.0) s=+0.00  mc=15.0
  H1 trigger  t=1126257735.607  newsnr=5.29  m=(36.7,18.3) s=+0.00  mc=22.3
  H1 trigger  t=1126257740.052  newsnr=5.02  m=(11.1,8.9) s=+0.00  mc=8.6
  H1 trigger  t=1126257745.940  newsnr=5.00  m=(12.0,8.0) s=+0.00  mc=8.5
  H1 trigger  t=1126257753.120  newsnr=5.20  m=(11.1,8.9) s=+0.00  mc=8.6
  H1 trigger  t=1126257754.369  newsnr=5.19  m=(16.7,13.3) s=+0.00  mc=13.0
  H1 trigger  t=1126257757.361  newsnr=5.10  m=(15.0,5.0) s=+0.00  mc=7.3
  H1 trigger  t=1126257760.445  newsnr=5.07  m=(7.2,4.8) s=+0.00  mc=5.1
  H1 trigger  t=1126257773.684  newsnr=5.08  m=(33.8,11.2) s=+0.00  mc=16.5
  H1 trigger  t=1126257776.417  newsnr=5.05  m=(41.2,13.8) s=+0.00  mc=20.1
  H1 trigger  t=1126257801.992  newsnr=5.21  m=(22.5,7.5) s=+0.00  mc=11.0
  H1 trigger  t=1126257809.750  newsnr=5.14  m=(80.0,20.0) s=+0.00  mc=33.3
  H1 trigger  t=1126257810.936  newsnr=5.04  m=(24.0,6.0) s=+0.00  mc=10.0
  H1 trigger  t=1126257812.159  newsnr=5.03  m=(57.6,14.4) s=+0.00  mc=24.0
  H1 trigger  t=1126257813.345  newsnr=5.12  m=(57.6,14.4) s=+0.00  mc=24.0
  H1 trigger  t=1126257815.665  newsnr=5.22  m=(48.0,24.0) s=+0.00  mc=29.2
  H1 trigger  t=1126257818.324  newsnr=5.21  m=(30.0,15.0) s=+0.00  mc=18.3
  H1 trigger  t=1126257820.051  newsnr=5.10  m=(13.3,6.7) s=+0.00  mc=8.1
  H1 trigger  t=1126257822.921  newsnr=5.84  m=(80.0,20.0) s=+0.00  mc=33.3
  H1 trigger  t=1126257824.438  newsnr=5.00  m=(36.0,36.0) s=+0.00  mc=31.3
  H1 trigger  t=1126257833.929  newsnr=5.08  m=(36.0,36.0) s=+0.00  mc=31.3
  H1 trigger  t=1126257836.844  newsnr=5.06  m=(15.0,5.0) s=+0.00  mc=7.3
  H1 trigger  t=1126257840.140  newsnr=5.32  m=(13.3,6.7) s=+0.00  mc=8.1
  H1 trigger  t=1126257841.316  newsnr=5.26  m=(9.6,2.4) s=+0.00  mc=4.0
  H1 trigger  t=1126257853.489  newsnr=5.45  m=(11.1,8.9) s=+0.00  mc=8.6
  H1 trigger  t=1126257860.805  newsnr=5.39  m=(36.7,18.3) s=+0.00  mc=22.3
  H1 trigger  t=1126257865.140  newsnr=5.20  m=(44.0,11.0) s=+0.00  mc=18.3
  H1 trigger  t=1126257866.623  newsnr=5.11  m=(33.0,22.0) s=+0.00  mc=23.4
  H1 trigger  t=1126257870.257  newsnr=5.19  m=(48.0,24.0) s=+0.00  mc=29.2
  H1 trigger  t=1126257877.123  newsnr=5.12  m=(25.0,20.0) s=+0.00  mc=19.4
  H1 trigger  t=1126257878.915  newsnr=5.14  m=(16.0,4.0) s=+0.00  mc=6.7
  H1 trigger  t=1126257886.771  newsnr=5.06  m=(52.0,13.0) s=+0.00  mc=21.6
  H1 trigger  t=1126257896.677  newsnr=5.23  m=(8.0,4.0) s=+0.00  mc=4.9
  H1 trigger  t=1126257898.311  newsnr=5.36  m=(10.0,10.0) s=+0.00  mc=8.7
  H1 trigger  t=1126257906.787  newsnr=5.09  m=(27.0,18.0) s=+0.00  mc=19.1
  H1 trigger  t=1126257910.838  newsnr=5.32  m=(56.7,28.3) s=+0.00  mc=34.5
  H1 trigger  t=1126257929.457  newsnr=5.14  m=(36.0,9.0) s=+0.00  mc=15.0
  H1 trigger  t=1126257933.060  newsnr=5.81  m=(16.0,4.0) s=+0.00  mc=6.7
  H1 trigger  t=1126257937.500  newsnr=5.60  m=(22.5,7.5) s=+0.00  mc=11.0
  H1 trigger  t=1126257942.486  newsnr=5.33  m=(63.8,21.2) s=+0.00  mc=31.1
  H1 trigger  t=1126257945.273  newsnr=5.12  m=(18.0,12.0) s=+0.00  mc=12.7
  H1 trigger  t=1126257959.385  newsnr=5.37  m=(8.0,4.0) s=+0.00  mc=4.9
  H1 trigger  t=1126257963.905  newsnr=5.19  m=(47.2,37.8) s=+0.00  mc=36.7
  H1 trigger  t=1126257969.796  newsnr=5.21  m=(44.0,11.0) s=+0.00  mc=18.3
  H1 trigger  t=1126257976.977  newsnr=5.28  m=(15.0,15.0) s=+0.00  mc=13.1
  H1 trigger  t=1126257978.994  newsnr=5.21  m=(22.5,7.5) s=+0.00  mc=11.0
  H1 trigger  t=1126257984.087  newsnr=5.76  m=(6.7,5.3) s=+0.00  mc=5.2
  H1 trigger  t=1126257997.848  newsnr=5.09  m=(30.0,15.0) s=+0.00  mc=18.3
  H1 trigger  t=1126258039.037  newsnr=5.19  m=(6.7,5.3) s=+0.00  mc=5.2
  H1 trigger  t=1126258048.741  newsnr=5.03  m=(33.8,11.2) s=+0.00  mc=16.5
  H1 trigger  t=1126258060.983  newsnr=5.15  m=(36.7,18.3) s=+0.00  mc=22.3
  H1 trigger  t=1126258064.183  newsnr=5.13  m=(6.7,5.3) s=+0.00  mc=5.2
  H1 trigger  t=1126258065.706  newsnr=5.26  m=(7.2,4.8) s=+0.00  mc=5.1
  H1 trigger  t=1126258067.459  newsnr=5.63  m=(20.0,10.0) s=+0.00  mc=12.2
  H1 trigger  t=1126258071.844  newsnr=5.05  m=(44.0,11.0) s=+0.00  mc=18.3
  H1 trigger  t=1126258073.149  newsnr=5.29  m=(15.0,5.0) s=+0.00  mc=7.3
  H1 trigger  t=1126258076.583  newsnr=5.06  m=(25.0,20.0) s=+0.00  mc=19.4
  H1 trigger  t=1126258080.378  newsnr=5.26  m=(12.0,8.0) s=+0.00  mc=8.5
  H1 trigger  t=1126258081.716  newsnr=5.12  m=(11.1,8.9) s=+0.00  mc=8.6
  H1 trigger  t=1126258084.510  newsnr=5.23  m=(13.3,6.7) s=+0.00  mc=8.1
  H1 trigger  t=1126258094.093  newsnr=5.36  m=(41.2,13.8) s=+0.00  mc=20.1
  H1 trigger  t=1126258102.706  newsnr=5.29  m=(20.0,10.0) s=+0.00  mc=12.2
  H1 trigger  t=1126258104.512  newsnr=5.05  m=(22.5,7.5) s=+0.00  mc=11.0
  H1 trigger  t=1126258125.507  newsnr=5.27  m=(22.5,22.5) s=+0.00  mc=19.6
  H1 trigger  t=1126258126.750  newsnr=5.22  m=(16.0,4.0) s=+0.00  mc=6.7
  H1 trigger  t=1126258137.500  newsnr=5.43  m=(13.3,6.7) s=+0.00  mc=8.1
  H1 trigger  t=1126258141.092  newsnr=5.47  m=(18.0,12.0) s=+0.00  mc=12.7
  H1 trigger  t=1126258144.400  newsnr=5.43  m=(27.0,18.0) s=+0.00  mc=19.1
  H1 trigger  t=1126258148.874  newsnr=5.03  m=(15.0,5.0) s=+0.00  mc=7.3
  H1 trigger  t=1126258158.920  newsnr=5.67  m=(15.0,15.0) s=+0.00  mc=13.1
  H1 trigger  t=1126258160.134  newsnr=5.00  m=(20.0,10.0) s=+0.00  mc=12.2
  H1 trigger  t=1126258183.326  newsnr=5.16  m=(10.0,10.0) s=+0.00  mc=8.7
  H1 trigger  t=1126258189.880  newsnr=5.01  m=(48.0,24.0) s=+0.00  mc=29.2
  H1 trigger  t=1126258192.448  newsnr=5.25  m=(33.8,11.2) s=+0.00  mc=16.5
  H1 trigger  t=1126258198.025  newsnr=5.20  m=(36.0,36.0) s=+0.00  mc=31.3
  H1 trigger  t=1126258204.043  newsnr=5.16  m=(43.3,21.7) s=+0.00  mc=26.4
  H1 trigger  t=1126258211.046  newsnr=5.68  m=(27.0,18.0) s=+0.00  mc=19.1
  H1 trigger  t=1126258212.311  newsnr=5.14  m=(9.6,2.4) s=+0.00  mc=4.0
  H1 trigger  t=1126258223.855  newsnr=5.56  m=(36.0,9.0) s=+0.00  mc=15.0
  H1 trigger  t=1126258232.442  newsnr=5.05  m=(15.0,5.0) s=+0.00  mc=7.3
  H1 trigger  t=1126258233.484  newsnr=5.17  m=(54.0,18.0) s=+0.00  mc=26.4
  H1 trigger  t=1126258238.206  newsnr=5.38  m=(24.0,6.0) s=+0.00  mc=10.0
  H1 trigger  t=1126258256.551  newsnr=5.17  m=(36.0,36.0) s=+0.00  mc=31.3
  H1 trigger  t=1126258260.806  newsnr=5.39  m=(6.0,6.0) s=+0.00  mc=5.2
  H1 trigger  t=1126258277.802  newsnr=5.08  m=(27.0,18.0) s=+0.00  mc=19.1
  H1 trigger  t=1126258281.742  newsnr=5.33  m=(36.0,9.0) s=+0.00  mc=15.0
  H1 trigger  t=1126258285.067  newsnr=5.02  m=(13.3,6.7) s=+0.00  mc=8.1
  H1 trigger  t=1126258288.506  newsnr=5.53  m=(16.0,4.0) s=+0.00  mc=6.7
  H1 trigger  t=1126258300.055  newsnr=5.26  m=(6.0,6.0) s=+0.00  mc=5.2
  H1 trigger  t=1126258321.285  newsnr=5.03  m=(20.0,10.0) s=+0.00  mc=12.2
  H1 trigger  t=1126258326.863  newsnr=5.05  m=(13.3,6.7) s=+0.00  mc=8.1
  H1 trigger  t=1126258335.603  newsnr=5.37  m=(15.0,15.0) s=+0.00  mc=13.1
  H1 trigger  t=1126258337.115  newsnr=5.38  m=(7.2,4.8) s=+0.00  mc=5.1
  H1 trigger  t=1126258338.199  newsnr=5.44  m=(40.0,32.0) s=+0.00  mc=31.1
  H1 trigger  t=1126258346.345  newsnr=5.23  m=(8.0,4.0) s=+0.00  mc=4.9
  H1 trigger  t=1126258348.063  newsnr=5.03  m=(30.6,24.4) s=+0.00  mc=23.8
  H1 trigger  t=1126258355.944  newsnr=5.39  m=(22.5,7.5) s=+0.00  mc=11.0
  H1 trigger  t=1126258363.498  newsnr=5.42  m=(10.0,10.0) s=+0.00  mc=8.7
  H1 trigger  t=1126258373.352  newsnr=5.23  m=(18.0,12.0) s=+0.00  mc=12.7
  H1 trigger  t=1126258376.077  newsnr=5.53  m=(9.6,2.4) s=+0.00  mc=4.0
  H1 trigger  t=1126258377.520  newsnr=5.15  m=(15.0,5.0) s=+0.00  mc=7.3
  H1 trigger  t=1126258384.746  newsnr=5.25  m=(12.0,8.0) s=+0.00  mc=8.5
  H1 trigger  t=1126258394.316  newsnr=5.14  m=(32.5,32.5) s=+0.00  mc=28.3
  H1 trigger  t=1126258408.990  newsnr=5.39  m=(7.2,4.8) s=+0.00  mc=5.1
  H1 trigger  t=1126258413.075  newsnr=5.17  m=(36.7,18.3) s=+0.00  mc=22.3
  H1 trigger  t=1126258415.639  newsnr=5.24  m=(42.5,42.5) s=+0.00  mc=37.0
  H1 trigger  t=1126258429.760  newsnr=5.22  m=(66.7,33.3) s=+0.00  mc=40.6
  H1 trigger  t=1126258437.848  newsnr=5.21  m=(15.0,5.0) s=+0.00  mc=7.3
  H1 trigger  t=1126258446.869  newsnr=5.15  m=(15.0,15.0) s=+0.00  mc=13.1
  H1 trigger  t=1126258451.307  newsnr=5.11  m=(54.0,18.0) s=+0.00  mc=26.4
  H1 trigger  t=1126258503.469  newsnr=5.03  m=(13.3,6.7) s=+0.00  mc=8.1
  H1 trigger  t=1126258507.234  newsnr=5.18  m=(6.0,6.0) s=+0.00  mc=5.2
  H1 trigger  t=1126258509.590  newsnr=5.11  m=(15.0,15.0) s=+0.00  mc=13.1
  H1 trigger  t=1126258518.559  newsnr=5.07  m=(20.0,10.0) s=+0.00  mc=12.2
  H1 trigger  t=1126258528.521  newsnr=5.14  m=(12.0,8.0) s=+0.00  mc=8.5
  H1 trigger  t=1126258532.594  newsnr=5.15  m=(60.0,40.0) s=+0.00  mc=42.5
  H1 trigger  t=1126258538.494  newsnr=5.01  m=(33.0,22.0) s=+0.00  mc=23.4
  H1 trigger  t=1126258540.311  newsnr=6.29  m=(36.0,9.0) s=+0.00  mc=15.0
  H1 trigger  t=1126258544.447  newsnr=5.24  m=(68.0,17.0) s=+0.00  mc=28.3
  H1 trigger  t=1126258546.546  newsnr=5.16  m=(66.7,33.3) s=+0.00  mc=40.6
  H1 trigger  t=1126258550.043  newsnr=5.06  m=(80.0,20.0) s=+0.00  mc=33.3
  H1 trigger  t=1126258551.514  newsnr=5.20  m=(33.8,11.2) s=+0.00  mc=16.5
  H1 trigger  t=1126258574.830  newsnr=5.06  m=(33.8,11.2) s=+0.00  mc=16.5
  H1 trigger  t=1126258577.112  newsnr=5.14  m=(20.0,10.0) s=+0.00  mc=12.2
  H1 trigger  t=1126258590.517  newsnr=5.61  m=(20.0,10.0) s=+0.00  mc=12.2
  H1 trigger  t=1126258593.429  newsnr=5.37  m=(63.8,21.2) s=+0.00  mc=31.1
  H1 trigger  t=1126258595.210  newsnr=5.12  m=(20.0,10.0) s=+0.00  mc=12.2
  H1 trigger  t=1126258617.080  newsnr=5.08  m=(32.5,32.5) s=+0.00  mc=28.3
  H1 trigger  t=1126258633.728  newsnr=5.22  m=(24.0,6.0) s=+0.00  mc=10.0
  H1 trigger  t=1126258635.795  newsnr=5.09  m=(15.0,5.0) s=+0.00  mc=7.3
  H1 trigger  t=1126258652.037  newsnr=5.45  m=(44.0,11.0) s=+0.00  mc=18.3
  H1 trigger  t=1126258656.127  newsnr=5.19  m=(6.7,5.3) s=+0.00  mc=5.2
  H1 trigger  t=1126258662.745  newsnr=5.06  m=(16.0,4.0) s=+0.00  mc=6.7
  H1 trigger  t=1126258664.066  newsnr=5.09  m=(36.0,9.0) s=+0.00  mc=15.0
  H1 trigger  t=1126258665.466  newsnr=5.11  m=(11.1,8.9) s=+0.00  mc=8.6
  H1 trigger  t=1126258672.467  newsnr=5.04  m=(7.2,4.8) s=+0.00  mc=5.1
  H1 trigger  t=1126258677.979  newsnr=5.02  m=(40.0,32.0) s=+0.00  mc=31.1
  H1 trigger  t=1126258690.557  newsnr=5.04  m=(22.5,7.5) s=+0.00  mc=11.0
  H1 trigger  t=1126258699.838  newsnr=5.09  m=(36.1,28.9) s=+0.00  mc=28.1
  H1 trigger  t=1126258707.614  newsnr=5.74  m=(80.0,20.0) s=+0.00  mc=33.3
  H1 trigger  t=1126258711.566  newsnr=5.83  m=(15.0,15.0) s=+0.00  mc=13.1
  H1 trigger  t=1126258713.291  newsnr=5.07  m=(9.6,2.4) s=+0.00  mc=4.0
  H1 trigger  t=1126258722.568  newsnr=5.35  m=(36.7,18.3) s=+0.00  mc=22.3
  H1 trigger  t=1126258727.526  newsnr=5.25  m=(9.0,3.0) s=+0.00  mc=4.4
  H1 trigger  t=1126258728.665  newsnr=5.23  m=(42.5,42.5) s=+0.00  mc=37.0
  H1 trigger  t=1126258729.708  newsnr=5.04  m=(9.6,2.4) s=+0.00  mc=4.0
  H1 trigger  t=1126258733.671  newsnr=5.25  m=(20.0,10.0) s=+0.00  mc=12.2
  H1 trigger  t=1126258741.229  newsnr=5.52  m=(10.0,10.0) s=+0.00  mc=8.7
  H1 trigger  t=1126258752.091  newsnr=6.12  m=(50.0,50.0) s=+0.00  mc=43.5
  H1 trigger  t=1126258757.378  newsnr=5.11  m=(13.3,6.7) s=+0.00  mc=8.1
  H1 trigger  t=1126258758.969  newsnr=5.64  m=(7.2,4.8) s=+0.00  mc=5.1
  H1 trigger  t=1126258781.761  newsnr=5.22  m=(44.0,11.0) s=+0.00  mc=18.3
  H1 trigger  t=1126258787.510  newsnr=5.00  m=(15.0,15.0) s=+0.00  mc=13.1
  H1 trigger  t=1126258792.233  newsnr=5.04  m=(11.1,8.9) s=+0.00  mc=8.6
  H1 trigger  t=1126258796.008  newsnr=5.01  m=(20.0,10.0) s=+0.00  mc=12.2
  H1 trigger  t=1126258800.155  newsnr=5.22  m=(12.0,8.0) s=+0.00  mc=8.5
  H1 trigger  t=1126258804.509  newsnr=5.22  m=(12.0,8.0) s=+0.00  mc=8.5
  H1 trigger  t=1126258832.010  newsnr=5.03  m=(15.0,5.0) s=+0.00  mc=7.3
  H1 trigger  t=1126258834.900  newsnr=5.16  m=(9.0,3.0) s=+0.00  mc=4.4
  H1 trigger  t=1126258841.899  newsnr=5.26  m=(24.0,6.0) s=+0.00  mc=10.0
  H1 trigger  t=1126258858.116  newsnr=5.01  m=(33.8,11.2) s=+0.00  mc=16.5
  H1 trigger  t=1126258863.045  newsnr=5.49  m=(12.0,8.0) s=+0.00  mc=8.5
  H1 trigger  t=1126258869.932  newsnr=5.77  m=(15.0,5.0) s=+0.00  mc=7.3
  H1 trigger  t=1126258872.560  newsnr=5.18  m=(27.0,18.0) s=+0.00  mc=19.1
  H1 trigger  t=1126258876.430  newsnr=5.24  m=(44.0,11.0) s=+0.00  mc=18.3
  H1 trigger  t=1126258880.029  newsnr=5.25  m=(6.7,5.3) s=+0.00  mc=5.2
  H1 trigger  t=1126258883.787  newsnr=5.37  m=(57.6,14.4) s=+0.00  mc=24.0
  H1 trigger  t=1126258891.601  newsnr=5.40  m=(33.8,11.2) s=+0.00  mc=16.5
  H1 trigger  t=1126258894.644  newsnr=5.10  m=(20.0,10.0) s=+0.00  mc=12.2
  H1 trigger  t=1126258899.727  newsnr=5.29  m=(7.2,4.8) s=+0.00  mc=5.1
  H1 trigger  t=1126258907.884  newsnr=5.41  m=(6.7,5.3) s=+0.00  mc=5.2
  H1 trigger  t=1126258912.438  newsnr=5.45  m=(9.6,2.4) s=+0.00  mc=4.0
  H1 trigger  t=1126258924.676  newsnr=5.35  m=(41.2,13.8) s=+0.00  mc=20.1
  H1 trigger  t=1126258932.221  newsnr=5.14  m=(22.5,7.5) s=+0.00  mc=11.0
  H1 trigger  t=1126258937.015  newsnr=5.35  m=(30.0,15.0) s=+0.00  mc=18.3
  H1 trigger  t=1126258939.951  newsnr=5.15  m=(33.0,22.0) s=+0.00  mc=23.4
  H1 trigger  t=1126258950.953  newsnr=5.49  m=(6.0,6.0) s=+0.00  mc=5.2
  H1 trigger  t=1126258956.349  newsnr=5.19  m=(41.2,13.8) s=+0.00  mc=20.1
  H1 trigger  t=1126258960.759  newsnr=5.98  m=(7.2,4.8) s=+0.00  mc=5.1
  H1 trigger  t=1126258963.221  newsnr=5.34  m=(36.0,36.0) s=+0.00  mc=31.3
  H1 trigger  t=1126258985.477  newsnr=5.26  m=(6.7,5.3) s=+0.00  mc=5.2
  H1 trigger  t=1126258989.267  newsnr=5.09  m=(10.0,10.0) s=+0.00  mc=8.7
  H1 trigger  t=1126258993.016  newsnr=5.04  m=(6.7,5.3) s=+0.00  mc=5.2
  H1 trigger  t=1126258996.863  newsnr=5.22  m=(7.2,4.8) s=+0.00  mc=5.1
  H1 trigger  t=1126259022.152  newsnr=5.33  m=(16.0,4.0) s=+0.00  mc=6.7
  H1 trigger  t=1126259023.837  newsnr=5.32  m=(36.0,9.0) s=+0.00  mc=15.0
  H1 trigger  t=1126259034.421  newsnr=5.74  m=(8.0,4.0) s=+0.00  mc=4.9
  H1 trigger  t=1126259036.627  newsnr=5.37  m=(33.8,11.2) s=+0.00  mc=16.5
  H1 trigger  t=1126259048.219  newsnr=5.12  m=(9.0,3.0) s=+0.00  mc=4.4
  H1 trigger  t=1126259057.847  newsnr=5.31  m=(16.7,13.3) s=+0.00  mc=13.0
  H1 trigger  t=1126259068.136  newsnr=5.12  m=(30.0,15.0) s=+0.00  mc=18.3
  H1 trigger  t=1126259083.450  newsnr=5.03  m=(18.0,12.0) s=+0.00  mc=12.7
  H1 trigger  t=1126259085.179  newsnr=5.06  m=(33.0,22.0) s=+0.00  mc=23.4
  H1 trigger  t=1126259089.249  newsnr=5.26  m=(6.7,5.3) s=+0.00  mc=5.2
  H1 trigger  t=1126259092.911  newsnr=5.09  m=(11.1,8.9) s=+0.00  mc=8.6
  H1 trigger  t=1126259096.448  newsnr=5.34  m=(30.6,24.4) s=+0.00  mc=23.8
  H1 trigger  t=1126259103.788  newsnr=5.23  m=(41.2,13.8) s=+0.00  mc=20.1
  H1 trigger  t=1126259106.688  newsnr=5.29  m=(10.0,10.0) s=+0.00  mc=8.7
  H1 trigger  t=1126259112.397  newsnr=5.28  m=(33.8,11.2) s=+0.00  mc=16.5
  H1 trigger  t=1126259114.154  newsnr=5.32  m=(6.7,5.3) s=+0.00  mc=5.2
  H1 trigger  t=1126259120.608  newsnr=5.20  m=(43.3,21.7) s=+0.00  mc=26.4
  H1 trigger  t=1126259129.226  newsnr=5.07  m=(10.0,10.0) s=+0.00  mc=8.7
  H1 trigger  t=1126259132.724  newsnr=5.04  m=(16.0,4.0) s=+0.00  mc=6.7
  H1 trigger  t=1126259134.493  newsnr=5.24  m=(16.7,13.3) s=+0.00  mc=13.0
  H1 trigger  t=1126259154.269  newsnr=5.27  m=(30.0,15.0) s=+0.00  mc=18.3
  H1 trigger  t=1126259166.316  newsnr=5.01  m=(20.0,10.0) s=+0.00  mc=12.2
  H1 trigger  t=1126259167.632  newsnr=5.38  m=(80.0,20.0) s=+0.00  mc=33.3
  H1 trigger  t=1126259176.080  newsnr=5.09  m=(30.6,24.4) s=+0.00  mc=23.8
  H1 trigger  t=1126259177.339  newsnr=5.20  m=(9.0,3.0) s=+0.00  mc=4.4
  H1 trigger  t=1126259180.499  newsnr=5.16  m=(33.8,11.2) s=+0.00  mc=16.5
  H1 trigger  t=1126259189.411  newsnr=5.43  m=(9.0,3.0) s=+0.00  mc=4.4
  H1 trigger  t=1126259196.988  newsnr=5.02  m=(75.0,25.0) s=+0.00  mc=36.6
  H1 trigger  t=1126259200.194  newsnr=5.06  m=(7.2,4.8) s=+0.00  mc=5.1
  H1 trigger  t=1126259204.375  newsnr=5.30  m=(12.0,8.0) s=+0.00  mc=8.5
  H1 trigger  t=1126259228.686  newsnr=5.09  m=(15.0,5.0) s=+0.00  mc=7.3
  H1 trigger  t=1126259234.583  newsnr=5.04  m=(15.0,15.0) s=+0.00  mc=13.1
  H1 trigger  t=1126259261.555  newsnr=5.18  m=(9.6,2.4) s=+0.00  mc=4.0
  H1 trigger  t=1126259266.032  newsnr=5.26  m=(15.0,15.0) s=+0.00  mc=13.1
  H1 trigger  t=1126259270.616  newsnr=5.46  m=(80.0,20.0) s=+0.00  mc=33.3
  H1 trigger  t=1126259272.693  newsnr=5.28  m=(48.8,16.2) s=+0.00  mc=23.8
  H1 trigger  t=1126259273.695  newsnr=5.22  m=(33.0,22.0) s=+0.00  mc=23.4
  H1 trigger  t=1126259283.102  newsnr=5.12  m=(39.0,26.0) s=+0.00  mc=27.6
  H1 trigger  t=1126259302.542  newsnr=5.20  m=(6.0,6.0) s=+0.00  mc=5.2
  H1 trigger  t=1126259306.832  newsnr=5.01  m=(15.0,5.0) s=+0.00  mc=7.3
  H1 trigger  t=1126259313.886  newsnr=5.33  m=(16.7,13.3) s=+0.00  mc=13.0
  H1 trigger  t=1126259317.843  newsnr=5.47  m=(20.0,10.0) s=+0.00  mc=12.2
  H1 trigger  t=1126259339.213  newsnr=5.01  m=(6.7,5.3) s=+0.00  mc=5.2
  H1 trigger  t=1126259351.823  newsnr=5.35  m=(43.3,21.7) s=+0.00  mc=26.4
  H1 trigger  t=1126259355.270  newsnr=5.13  m=(24.0,6.0) s=+0.00  mc=10.0
  H1 trigger  t=1126259360.162  newsnr=5.01  m=(10.0,10.0) s=+0.00  mc=8.7
  H1 trigger  t=1126259364.562  newsnr=5.20  m=(15.0,15.0) s=+0.00  mc=13.1
  H1 trigger  t=1126259376.167  newsnr=5.24  m=(33.0,22.0) s=+0.00  mc=23.4
  H1 trigger  t=1126259377.370  newsnr=5.36  m=(27.0,18.0) s=+0.00  mc=19.1
  H1 trigger  t=1126259394.946  newsnr=5.03  m=(20.0,10.0) s=+0.00  mc=12.2
  H1 trigger  t=1126259398.634  newsnr=5.03  m=(12.0,8.0) s=+0.00  mc=8.5
  H1 trigger  t=1126259399.968  newsnr=5.00  m=(6.0,6.0) s=+0.00  mc=5.2
  H1 trigger  t=1126259401.177  newsnr=5.24  m=(16.7,13.3) s=+0.00  mc=13.0
  H1 trigger  t=1126259410.015  newsnr=5.63  m=(15.0,15.0) s=+0.00  mc=13.1
  H1 trigger  t=1126259412.351  newsnr=5.29  m=(44.0,11.0) s=+0.00  mc=18.3
  H1 trigger  t=1126259416.686  newsnr=5.12  m=(9.6,2.4) s=+0.00  mc=4.0
  H1 trigger  t=1126259418.533  newsnr=5.38  m=(36.7,18.3) s=+0.00  mc=22.3
  H1 trigger  t=1126259430.869  newsnr=5.62  m=(11.1,8.9) s=+0.00  mc=8.6
  H1 trigger  t=1126259443.424  newsnr=5.59  m=(16.0,4.0) s=+0.00  mc=6.7
  H1 trigger  t=1126259453.710  newsnr=5.06  m=(48.8,16.2) s=+0.00  mc=23.8
  H1 trigger  t=1126259461.292  newsnr=5.15  m=(36.0,9.0) s=+0.00  mc=15.0
  H1 trigger  t=1126259462.428  newsnr=19.80  m=(36.0,36.0) s=+0.00  mc=31.3
  H1 trigger  t=1126259471.866  newsnr=5.63  m=(44.0,11.0) s=+0.00  mc=18.3
  H1 trigger  t=1126259473.411  newsnr=5.12  m=(30.0,15.0) s=+0.00  mc=18.3
  H1 trigger  t=1126259476.794  newsnr=5.13  m=(47.2,37.8) s=+0.00  mc=36.7
  H1 trigger  t=1126259488.988  newsnr=5.15  m=(16.7,13.3) s=+0.00  mc=13.0
  H1 trigger  t=1126259498.270  newsnr=5.10  m=(32.5,32.5) s=+0.00  mc=28.3
  H1 trigger  t=1126259507.437  newsnr=5.07  m=(20.0,10.0) s=+0.00  mc=12.2
  H1 trigger  t=1126259515.293  newsnr=5.23  m=(24.0,6.0) s=+0.00  mc=10.0
  H1 trigger  t=1126259518.589  newsnr=5.53  m=(27.0,18.0) s=+0.00  mc=19.1
  H1 trigger  t=1126259520.610  newsnr=5.21  m=(44.0,11.0) s=+0.00  mc=18.3
  H1 trigger  t=1126259528.525  newsnr=5.02  m=(20.0,10.0) s=+0.00  mc=12.2
  H1 trigger  t=1126259531.207  newsnr=5.15  m=(36.7,18.3) s=+0.00  mc=22.3
  H1 trigger  t=1126259537.578  newsnr=5.73  m=(18.0,12.0) s=+0.00  mc=12.7
  H1 trigger  t=1126259546.072  newsnr=5.32  m=(12.0,8.0) s=+0.00  mc=8.5
  H1 trigger  t=1126259547.088  newsnr=5.14  m=(20.0,10.0) s=+0.00  mc=12.2
  H1 trigger  t=1126259557.679  newsnr=5.10  m=(63.8,21.2) s=+0.00  mc=31.1
  H1 trigger  t=1126259560.147  newsnr=5.49  m=(43.2,28.8) s=+0.00  mc=30.6
  H1 trigger  t=1126259561.915  newsnr=5.43  m=(7.2,4.8) s=+0.00  mc=5.1
  H1 trigger  t=1126259571.233  newsnr=5.08  m=(47.2,37.8) s=+0.00  mc=36.7
  H1 trigger  t=1126259573.331  newsnr=5.08  m=(7.2,4.8) s=+0.00  mc=5.1
  H1 trigger  t=1126259575.583  newsnr=5.16  m=(10.0,10.0) s=+0.00  mc=8.7
  H1 trigger  t=1126259578.972  newsnr=5.31  m=(15.0,15.0) s=+0.00  mc=13.1
  H1 trigger  t=1126259580.722  newsnr=5.45  m=(22.5,22.5) s=+0.00  mc=19.6
  H1 trigger  t=1126259582.712  newsnr=5.35  m=(41.2,13.8) s=+0.00  mc=20.1
  H1 trigger  t=1126259584.644  newsnr=5.03  m=(44.0,11.0) s=+0.00  mc=18.3
  H1 trigger  t=1126259593.107  newsnr=5.26  m=(22.5,7.5) s=+0.00  mc=11.0
  H1 trigger  t=1126259599.438  newsnr=5.24  m=(16.7,13.3) s=+0.00  mc=13.0
  H1 trigger  t=1126259602.606  newsnr=5.20  m=(36.0,9.0) s=+0.00  mc=15.0
  H1 trigger  t=1126259618.449  newsnr=5.37  m=(43.3,21.7) s=+0.00  mc=26.4
  H1 trigger  t=1126259621.006  newsnr=5.64  m=(12.0,8.0) s=+0.00  mc=8.5
  H1 trigger  t=1126259628.464  newsnr=5.31  m=(36.0,9.0) s=+0.00  mc=15.0
  H1 trigger  t=1126259635.904  newsnr=5.01  m=(18.0,12.0) s=+0.00  mc=12.7
  H1 trigger  t=1126259645.611  newsnr=5.11  m=(6.7,5.3) s=+0.00  mc=5.2
  H1 trigger  t=1126259646.663  newsnr=5.96  m=(22.5,7.5) s=+0.00  mc=11.0
  H1 trigger  t=1126259660.558  newsnr=5.48  m=(13.3,6.7) s=+0.00  mc=8.1
  H1 trigger  t=1126259661.959  newsnr=5.11  m=(52.0,13.0) s=+0.00  mc=21.6
  H1 trigger  t=1126259666.588  newsnr=5.52  m=(11.1,8.9) s=+0.00  mc=8.6
  H1 trigger  t=1126259676.386  newsnr=5.42  m=(20.0,10.0) s=+0.00  mc=12.2
  H1 trigger  t=1126259681.795  newsnr=5.21  m=(8.0,4.0) s=+0.00  mc=4.9
  H1 trigger  t=1126259689.132  newsnr=5.11  m=(11.1,8.9) s=+0.00  mc=8.6
  H1 trigger  t=1126259694.578  newsnr=6.01  m=(8.0,4.0) s=+0.00  mc=4.9
  H1 trigger  t=1126259703.674  newsnr=5.57  m=(27.0,18.0) s=+0.00  mc=19.1
  H1 trigger  t=1126259708.935  newsnr=5.91  m=(36.0,36.0) s=+0.00  mc=31.3
  H1 trigger  t=1126259714.250  newsnr=5.00  m=(54.0,18.0) s=+0.00  mc=26.4
  H1 trigger  t=1126259716.125  newsnr=5.11  m=(52.0,13.0) s=+0.00  mc=21.6
  H1 trigger  t=1126259719.070  newsnr=5.10  m=(7.2,4.8) s=+0.00  mc=5.1
  H1 trigger  t=1126259720.700  newsnr=5.50  m=(43.3,21.7) s=+0.00  mc=26.4
  H1 trigger  t=1126259730.420  newsnr=5.22  m=(30.0,15.0) s=+0.00  mc=18.3
  H1 trigger  t=1126259735.945  newsnr=5.99  m=(25.0,20.0) s=+0.00  mc=19.4
  H1 trigger  t=1126259737.877  newsnr=5.18  m=(33.8,11.2) s=+0.00  mc=16.5
  H1 trigger  t=1126259739.479  newsnr=5.35  m=(36.7,18.3) s=+0.00  mc=22.3
  H1 trigger  t=1126259743.790  newsnr=5.95  m=(41.2,13.8) s=+0.00  mc=20.1
  H1 trigger  t=1126259748.588  newsnr=5.01  m=(15.0,15.0) s=+0.00  mc=13.1
  H1 trigger  t=1126259751.220  newsnr=5.18  m=(12.0,8.0) s=+0.00  mc=8.5
  H1 trigger  t=1126259753.280  newsnr=5.16  m=(36.0,9.0) s=+0.00  mc=15.0
  H1 trigger  t=1126259759.975  newsnr=5.28  m=(18.0,12.0) s=+0.00  mc=12.7
  H1 trigger  t=1126259773.361  newsnr=5.08  m=(33.8,11.2) s=+0.00  mc=16.5
  H1 trigger  t=1126259776.333  newsnr=5.02  m=(30.0,15.0) s=+0.00  mc=18.3
  H1 trigger  t=1126259778.257  newsnr=5.06  m=(13.3,6.7) s=+0.00  mc=8.1
  H1 trigger  t=1126259780.346  newsnr=5.57  m=(48.0,24.0) s=+0.00  mc=29.2
  H1 trigger  t=1126259783.124  newsnr=5.20  m=(24.0,6.0) s=+0.00  mc=10.0
  H1 trigger  t=1126259788.615  newsnr=5.07  m=(18.0,12.0) s=+0.00  mc=12.7
  H1 trigger  t=1126259789.707  newsnr=5.07  m=(47.2,37.8) s=+0.00  mc=36.7
  H1 trigger  t=1126259791.560  newsnr=5.04  m=(15.0,5.0) s=+0.00  mc=7.3
  H1 trigger  t=1126259809.603  newsnr=5.08  m=(6.0,6.0) s=+0.00  mc=5.2
  H1 trigger  t=1126259813.486  newsnr=5.24  m=(36.0,9.0) s=+0.00  mc=15.0
  H1 trigger  t=1126259815.141  newsnr=5.12  m=(41.2,13.8) s=+0.00  mc=20.1
  H1 trigger  t=1126259819.962  newsnr=5.05  m=(24.0,6.0) s=+0.00  mc=10.0
  H1 trigger  t=1126259821.548  newsnr=5.49  m=(8.0,4.0) s=+0.00  mc=4.9
  H1 trigger  t=1126259825.334  newsnr=5.63  m=(9.0,3.0) s=+0.00  mc=4.4
  H1 trigger  t=1126259834.675  newsnr=5.01  m=(22.5,7.5) s=+0.00  mc=11.0
  H1 trigger  t=1126259840.204  newsnr=5.32  m=(30.0,15.0) s=+0.00  mc=18.3
  H1 trigger  t=1126259858.147  newsnr=5.43  m=(27.0,18.0) s=+0.00  mc=19.1
  H1 trigger  t=1126259863.439  newsnr=5.09  m=(22.5,7.5) s=+0.00  mc=11.0
  H1 trigger  t=1126259869.842  newsnr=5.39  m=(48.8,16.2) s=+0.00  mc=23.8
  H1 trigger  t=1126259872.150  newsnr=5.15  m=(66.7,33.3) s=+0.00  mc=40.6
  H1 trigger  t=1126259886.031  newsnr=5.03  m=(48.8,16.2) s=+0.00  mc=23.8
  H1 trigger  t=1126259904.395  newsnr=5.07  m=(15.0,5.0) s=+0.00  mc=7.3
  H1 trigger  t=1126259915.693  newsnr=5.18  m=(33.8,11.2) s=+0.00  mc=16.5
  H1 trigger  t=1126259917.323  newsnr=5.18  m=(20.0,10.0) s=+0.00  mc=12.2
  H1 trigger  t=1126259918.437  newsnr=5.42  m=(9.6,2.4) s=+0.00  mc=4.0
  H1 trigger  t=1126259924.698  newsnr=5.05  m=(42.5,42.5) s=+0.00  mc=37.0
  H1 trigger  t=1126259926.055  newsnr=5.37  m=(52.0,13.0) s=+0.00  mc=21.6
  H1 trigger  t=1126259928.624  newsnr=5.13  m=(15.0,15.0) s=+0.00  mc=13.1
  H1 trigger  t=1126259932.373  newsnr=5.01  m=(52.0,13.0) s=+0.00  mc=21.6
  H1 trigger  t=1126259940.396  newsnr=5.09  m=(22.5,7.5) s=+0.00  mc=11.0
  H1 trigger  t=1126259952.341  newsnr=5.19  m=(9.0,3.0) s=+0.00  mc=4.4
  H1 trigger  t=1126259966.822  newsnr=5.28  m=(27.5,27.5) s=+0.00  mc=23.9
  H1 trigger  t=1126259968.720  newsnr=5.12  m=(52.0,13.0) s=+0.00  mc=21.6
  H1 trigger  t=1126259983.074  newsnr=5.04  m=(57.6,14.4) s=+0.00  mc=24.0
  H1 trigger  t=1126259985.079  newsnr=5.15  m=(20.0,10.0) s=+0.00  mc=12.2
  H1 trigger  t=1126259986.086  newsnr=5.05  m=(63.8,21.2) s=+0.00  mc=31.1
  H1 trigger  t=1126259988.336  newsnr=5.44  m=(44.0,11.0) s=+0.00  mc=18.3
  H1 trigger  t=1126259993.652  newsnr=5.16  m=(25.0,20.0) s=+0.00  mc=19.4
  H1 trigger  t=1126259996.035  newsnr=5.00  m=(12.0,8.0) s=+0.00  mc=8.5
  H1 trigger  t=1126260003.773  newsnr=5.24  m=(33.0,22.0) s=+0.00  mc=23.4
  H1 trigger  t=1126260005.681  newsnr=5.42  m=(7.2,4.8) s=+0.00  mc=5.1
  H1 trigger  t=1126260009.013  newsnr=5.02  m=(12.0,8.0) s=+0.00  mc=8.5
  H1 trigger  t=1126260017.123  newsnr=5.05  m=(52.0,13.0) s=+0.00  mc=21.6
  H1 trigger  t=1126260019.554  newsnr=5.67  m=(9.0,3.0) s=+0.00  mc=4.4
  H1 trigger  t=1126260032.012  newsnr=5.19  m=(20.0,10.0) s=+0.00  mc=12.2
  H1 trigger  t=1126260038.851  newsnr=5.04  m=(11.1,8.9) s=+0.00  mc=8.6
  H1 trigger  t=1126260044.101  newsnr=5.16  m=(27.5,27.5) s=+0.00  mc=23.9
  H1 trigger  t=1126260049.649  newsnr=5.60  m=(41.2,13.8) s=+0.00  mc=20.1
  H1 trigger  t=1126260067.583  newsnr=5.21  m=(51.0,34.0) s=+0.00  mc=36.1
  H1 trigger  t=1126260076.399  newsnr=5.72  m=(51.0,34.0) s=+0.00  mc=36.1
  H1 trigger  t=1126260088.811  newsnr=5.32  m=(60.0,40.0) s=+0.00  mc=42.5
  H1 trigger  t=1126260094.610  newsnr=6.13  m=(33.0,22.0) s=+0.00  mc=23.4
  H1 trigger  t=1126260103.220  newsnr=5.04  m=(9.6,2.4) s=+0.00  mc=4.0
  H1 trigger  t=1126260111.626  newsnr=5.28  m=(8.0,4.0) s=+0.00  mc=4.9
  H1 trigger  t=1126260118.759  newsnr=5.01  m=(12.0,8.0) s=+0.00  mc=8.5
  H1 trigger  t=1126260121.948  newsnr=5.36  m=(16.7,13.3) s=+0.00  mc=13.0
  H1 trigger  t=1126260124.916  newsnr=5.09  m=(16.0,4.0) s=+0.00  mc=6.7
  H1 trigger  t=1126260135.530  newsnr=5.02  m=(16.7,13.3) s=+0.00  mc=13.0
  H1 trigger  t=1126260142.395  newsnr=5.00  m=(27.0,18.0) s=+0.00  mc=19.1
  H1 trigger  t=1126260156.079  newsnr=5.01  m=(20.0,10.0) s=+0.00  mc=12.2
  H1 trigger  t=1126260158.025  newsnr=5.64  m=(13.3,6.7) s=+0.00  mc=8.1
  H1 trigger  t=1126260163.498  newsnr=5.13  m=(10.0,10.0) s=+0.00  mc=8.7
  H1 trigger  t=1126260168.797  newsnr=5.40  m=(43.3,21.7) s=+0.00  mc=26.4
  H1 trigger  t=1126260170.024  newsnr=5.11  m=(18.0,12.0) s=+0.00  mc=12.7
  H1 trigger  t=1126260176.275  newsnr=5.62  m=(32.5,32.5) s=+0.00  mc=28.3
  H1 trigger  t=1126260186.335  newsnr=5.03  m=(15.0,5.0) s=+0.00  mc=7.3
  H1 trigger  t=1126260196.463  newsnr=5.27  m=(32.5,32.5) s=+0.00  mc=28.3
  H1 trigger  t=1126260204.945  newsnr=5.12  m=(10.0,10.0) s=+0.00  mc=8.7
  H1 trigger  t=1126260208.663  newsnr=5.80  m=(6.0,6.0) s=+0.00  mc=5.2
  H1 trigger  t=1126260209.722  newsnr=6.08  m=(13.3,6.7) s=+0.00  mc=8.1
  H1 trigger  t=1126260213.542  newsnr=5.20  m=(12.0,8.0) s=+0.00  mc=8.5
  H1 trigger  t=1126260217.099  newsnr=5.15  m=(6.7,5.3) s=+0.00  mc=5.2
  H1 trigger  t=1126260218.600  newsnr=5.13  m=(56.7,28.3) s=+0.00  mc=34.5
  H1 trigger  t=1126260241.669  newsnr=5.32  m=(63.8,21.2) s=+0.00  mc=31.1
  H1 trigger  t=1126260249.037  newsnr=5.18  m=(44.0,11.0) s=+0.00  mc=18.3
  H1 trigger  t=1126260252.958  newsnr=5.32  m=(16.0,4.0) s=+0.00  mc=6.7
  H1 trigger  t=1126260271.580  newsnr=5.15  m=(33.8,11.2) s=+0.00  mc=16.5
  H1 trigger  t=1126260281.301  newsnr=5.00  m=(39.0,26.0) s=+0.00  mc=27.6
  H1 trigger  t=1126260288.827  newsnr=5.14  m=(24.0,6.0) s=+0.00  mc=10.0
  H1 trigger  t=1126260290.631  newsnr=5.28  m=(12.0,8.0) s=+0.00  mc=8.5
  H1 trigger  t=1126260293.629  newsnr=5.20  m=(10.0,10.0) s=+0.00  mc=8.7
  H1 trigger  t=1126260301.556  newsnr=5.00  m=(33.8,11.2) s=+0.00  mc=16.5
  H1 trigger  t=1126260306.731  newsnr=5.14  m=(18.0,12.0) s=+0.00  mc=12.7
  H1 trigger  t=1126260308.536  newsnr=5.03  m=(36.7,18.3) s=+0.00  mc=22.3
  H1 trigger  t=1126260316.092  newsnr=5.09  m=(48.8,16.2) s=+0.00  mc=23.8
  H1 trigger  t=1126260318.851  newsnr=5.10  m=(16.0,4.0) s=+0.00  mc=6.7
  H1 trigger  t=1126260320.082  newsnr=5.26  m=(16.0,4.0) s=+0.00  mc=6.7
  H1 trigger  t=1126260323.550  newsnr=5.65  m=(27.5,27.5) s=+0.00  mc=23.9
  H1 trigger  t=1126260332.080  newsnr=6.01  m=(27.0,18.0) s=+0.00  mc=19.1
  H1 trigger  t=1126260337.201  newsnr=5.00  m=(9.0,3.0) s=+0.00  mc=4.4
  H1 trigger  t=1126260344.455  newsnr=5.37  m=(75.0,25.0) s=+0.00  mc=36.6
  H1 trigger  t=1126260357.953  newsnr=5.28  m=(30.0,15.0) s=+0.00  mc=18.3
  H1 trigger  t=1126260359.893  newsnr=5.10  m=(36.0,9.0) s=+0.00  mc=15.0
  H1 trigger  t=1126260362.130  newsnr=5.26  m=(7.2,4.8) s=+0.00  mc=5.1
  H1 trigger  t=1126260363.671  newsnr=5.36  m=(9.0,3.0) s=+0.00  mc=4.4
  H1 trigger  t=1126260366.287  newsnr=5.79  m=(6.0,6.0) s=+0.00  mc=5.2
  H1 trigger  t=1126260375.264  newsnr=5.46  m=(16.7,13.3) s=+0.00  mc=13.0
  H1 trigger  t=1126260378.498  newsnr=5.14  m=(13.3,6.7) s=+0.00  mc=8.1
  H1 trigger  t=1126260380.501  newsnr=5.15  m=(36.0,9.0) s=+0.00  mc=15.0
  H1 trigger  t=1126260389.188  newsnr=5.05  m=(10.0,10.0) s=+0.00  mc=8.7
  H1 trigger  t=1126260393.118  newsnr=5.42  m=(41.2,13.8) s=+0.00  mc=20.1
  H1 trigger  t=1126260395.991  newsnr=5.06  m=(50.0,50.0) s=+0.00  mc=43.5
  H1 trigger  t=1126260398.375  newsnr=5.84  m=(22.5,7.5) s=+0.00  mc=11.0
  H1 trigger  t=1126260401.254  newsnr=5.42  m=(9.0,3.0) s=+0.00  mc=4.4
  H1 trigger  t=1126260404.498  newsnr=5.53  m=(55.6,44.4) s=+0.00  mc=43.2
  H1 trigger  t=1126260421.496  newsnr=5.13  m=(15.0,15.0) s=+0.00  mc=13.1
  H1 trigger  t=1126260429.343  newsnr=5.07  m=(11.1,8.9) s=+0.00  mc=8.6
  H1 trigger  t=1126260430.729  newsnr=5.82  m=(41.2,13.8) s=+0.00  mc=20.1
  H1 trigger  t=1126260432.310  newsnr=5.35  m=(27.0,18.0) s=+0.00  mc=19.1
  H1 trigger  t=1126260434.861  newsnr=5.20  m=(18.0,12.0) s=+0.00  mc=12.7
  H1 trigger  t=1126260436.508  newsnr=5.52  m=(33.8,11.2) s=+0.00  mc=16.5
  H1 trigger  t=1126260440.163  newsnr=5.12  m=(27.0,18.0) s=+0.00  mc=19.1
  H1 trigger  t=1126260441.984  newsnr=5.22  m=(9.6,2.4) s=+0.00  mc=4.0
  H1 trigger  t=1126260447.452  newsnr=5.92  m=(27.5,27.5) s=+0.00  mc=23.9
  H1 trigger  t=1126260464.078  newsnr=5.09  m=(10.0,10.0) s=+0.00  mc=8.7
  H1 trigger  t=1126260468.626  newsnr=5.35  m=(68.0,17.0) s=+0.00  mc=28.3
  H1 trigger  t=1126260474.000  newsnr=5.42  m=(24.0,6.0) s=+0.00  mc=10.0
  H1 trigger  t=1126260475.989  newsnr=6.04  m=(15.0,5.0) s=+0.00  mc=7.3
  H1 trigger  t=1126260477.546  newsnr=5.10  m=(63.8,21.2) s=+0.00  mc=31.1
  H1 trigger  t=1126260490.517  newsnr=5.15  m=(30.0,15.0) s=+0.00  mc=18.3
  H1 trigger  t=1126260497.656  newsnr=5.78  m=(43.2,28.8) s=+0.00  mc=30.6
  H1 trigger  t=1126260498.855  newsnr=5.45  m=(11.1,8.9) s=+0.00  mc=8.6
  H1 trigger  t=1126260505.554  newsnr=5.11  m=(41.2,13.8) s=+0.00  mc=20.1
  H1 trigger  t=1126260510.350  newsnr=5.04  m=(20.0,10.0) s=+0.00  mc=12.2
  H1 trigger  t=1126260513.907  newsnr=5.03  m=(6.7,5.3) s=+0.00  mc=5.2
  H1 trigger  t=1126260525.503  newsnr=5.07  m=(18.0,12.0) s=+0.00  mc=12.7
  H1 trigger  t=1126260527.187  newsnr=5.27  m=(20.0,10.0) s=+0.00  mc=12.2
  H1 trigger  t=1126260529.135  newsnr=5.00  m=(20.0,10.0) s=+0.00  mc=12.2
  H1 trigger  t=1126260533.276  newsnr=5.32  m=(43.3,21.7) s=+0.00  mc=26.4
  H1 trigger  t=1126260537.598  newsnr=5.22  m=(36.0,9.0) s=+0.00  mc=15.0
  H1 trigger  t=1126260543.937  newsnr=5.02  m=(15.0,5.0) s=+0.00  mc=7.3
  H1 trigger  t=1126260554.490  newsnr=5.33  m=(27.0,18.0) s=+0.00  mc=19.1
  H1 trigger  t=1126260558.861  newsnr=5.04  m=(24.0,6.0) s=+0.00  mc=10.0
  H1 trigger  t=1126260574.039  newsnr=5.55  m=(20.0,10.0) s=+0.00  mc=12.2
  H1 trigger  t=1126260575.717  newsnr=5.14  m=(55.6,44.4) s=+0.00  mc=43.2
  H1 trigger  t=1126260577.415  newsnr=5.14  m=(30.0,15.0) s=+0.00  mc=18.3
  H1 trigger  t=1126260578.686  newsnr=5.59  m=(27.5,27.5) s=+0.00  mc=23.9
  H1 trigger  t=1126260580.066  newsnr=5.22  m=(43.3,21.7) s=+0.00  mc=26.4
  H1 trigger  t=1126260591.583  newsnr=5.33  m=(15.0,15.0) s=+0.00  mc=13.1
  H1 trigger  t=1126260602.470  newsnr=5.27  m=(9.6,2.4) s=+0.00  mc=4.0
  H1 trigger  t=1126260609.358  newsnr=5.28  m=(41.2,13.8) s=+0.00  mc=20.1
  H1 trigger  t=1126260618.443  newsnr=5.33  m=(7.2,4.8) s=+0.00  mc=5.1
  H1 trigger  t=1126260624.419  newsnr=5.00  m=(33.8,11.2) s=+0.00  mc=16.5
  H1 trigger  t=1126260641.380  newsnr=5.02  m=(11.1,8.9) s=+0.00  mc=8.6
  H1 trigger  t=1126260643.665  newsnr=5.14  m=(27.0,18.0) s=+0.00  mc=19.1
  H1 trigger  t=1126260645.009  newsnr=5.04  m=(63.8,21.2) s=+0.00  mc=31.1
  H1 trigger  t=1126260653.917  newsnr=5.73  m=(11.1,8.9) s=+0.00  mc=8.6
  H1 trigger  t=1126260655.314  newsnr=5.20  m=(22.5,22.5) s=+0.00  mc=19.6
  H1 trigger  t=1126260656.904  newsnr=5.13  m=(8.0,4.0) s=+0.00  mc=4.9
  H1 trigger  t=1126260660.252  newsnr=5.23  m=(20.0,10.0) s=+0.00  mc=12.2
  H1 trigger  t=1126260662.338  newsnr=5.41  m=(9.6,2.4) s=+0.00  mc=4.0
  H1 trigger  t=1126260668.802  newsnr=5.24  m=(22.5,7.5) s=+0.00  mc=11.0
  H1 trigger  t=1126260675.972  newsnr=5.09  m=(13.3,6.7) s=+0.00  mc=8.1
  H1 trigger  t=1126260679.005  newsnr=5.11  m=(15.0,5.0) s=+0.00  mc=7.3
  H1 trigger  t=1126260681.891  newsnr=5.26  m=(36.0,36.0) s=+0.00  mc=31.3
  H1 trigger  t=1126260685.113  newsnr=5.30  m=(36.1,28.9) s=+0.00  mc=28.1
  H1 trigger  t=1126260686.378  newsnr=5.20  m=(63.8,21.2) s=+0.00  mc=31.1
  H1 trigger  t=1126260687.730  newsnr=5.09  m=(33.8,11.2) s=+0.00  mc=16.5
  H1 trigger  t=1126260692.314  newsnr=5.64  m=(56.7,28.3) s=+0.00  mc=34.5
  H1 trigger  t=1126260708.897  newsnr=5.39  m=(20.0,10.0) s=+0.00  mc=12.2
  H1 trigger  t=1126260736.320  newsnr=5.21  m=(33.8,11.2) s=+0.00  mc=16.5
  H1 trigger  t=1126260752.613  newsnr=5.25  m=(20.0,10.0) s=+0.00  mc=12.2
  H1 trigger  t=1126260757.885  newsnr=5.05  m=(41.2,13.8) s=+0.00  mc=20.1
  H1 trigger  t=1126260762.288  newsnr=5.11  m=(41.2,13.8) s=+0.00  mc=20.1
  H1 trigger  t=1126260764.038  newsnr=5.10  m=(9.0,3.0) s=+0.00  mc=4.4
  H1 trigger  t=1126260766.122  newsnr=5.15  m=(16.7,13.3) s=+0.00  mc=13.0
  H1 trigger  t=1126260779.226  newsnr=5.92  m=(9.0,3.0) s=+0.00  mc=4.4
  H1 trigger  t=1126260781.148  newsnr=5.08  m=(18.0,12.0) s=+0.00  mc=12.7
  H1 trigger  t=1126260788.055  newsnr=5.07  m=(16.0,4.0) s=+0.00  mc=6.7
  H1 trigger  t=1126260800.057  newsnr=5.05  m=(25.0,20.0) s=+0.00  mc=19.4
  H1 trigger  t=1126260805.328  newsnr=5.34  m=(7.2,4.8) s=+0.00  mc=5.1
  H1 trigger  t=1126260818.997  newsnr=5.46  m=(6.7,5.3) s=+0.00  mc=5.2
  H1 trigger  t=1126260820.631  newsnr=5.47  m=(30.0,15.0) s=+0.00  mc=18.3
  H1 trigger  t=1126260822.736  newsnr=5.03  m=(6.0,6.0) s=+0.00  mc=5.2
  H1 trigger  t=1126260824.647  newsnr=5.35  m=(22.5,7.5) s=+0.00  mc=11.0
  H1 trigger  t=1126260826.080  newsnr=6.05  m=(12.0,8.0) s=+0.00  mc=8.5
  H1 trigger  t=1126260829.502  newsnr=5.02  m=(6.7,5.3) s=+0.00  mc=5.2
  H1 trigger  t=1126260836.146  newsnr=5.20  m=(15.0,5.0) s=+0.00  mc=7.3
  H1 trigger  t=1126260850.743  newsnr=5.44  m=(7.2,4.8) s=+0.00  mc=5.1
  H1 trigger  t=1126260866.962  newsnr=5.16  m=(47.2,37.8) s=+0.00  mc=36.7
  H1 trigger  t=1126260869.198  newsnr=5.37  m=(6.7,5.3) s=+0.00  mc=5.2
  H1 trigger  t=1126260872.759  newsnr=5.09  m=(12.0,8.0) s=+0.00  mc=8.5
  H1 trigger  t=1126260875.419  newsnr=5.54  m=(33.8,11.2) s=+0.00  mc=16.5
  H1 trigger  t=1126260887.222  newsnr=5.70  m=(22.5,7.5) s=+0.00  mc=11.0
  H1 trigger  t=1126260893.991  newsnr=5.59  m=(36.7,18.3) s=+0.00  mc=22.3
  H1 trigger  t=1126260896.234  newsnr=5.25  m=(9.6,2.4) s=+0.00  mc=4.0
  H1 trigger  t=1126260910.720  newsnr=5.16  m=(33.8,11.2) s=+0.00  mc=16.5
  H1 trigger  t=1126260913.094  newsnr=5.02  m=(48.8,16.2) s=+0.00  mc=23.8
  H1 trigger  t=1126260915.559  newsnr=5.15  m=(25.0,20.0) s=+0.00  mc=19.4
  H1 trigger  t=1126260918.490  newsnr=5.09  m=(36.0,9.0) s=+0.00  mc=15.0
  H1 trigger  t=1126260921.386  newsnr=5.14  m=(20.0,10.0) s=+0.00  mc=12.2
  H1 trigger  t=1126260923.872  newsnr=5.18  m=(27.5,27.5) s=+0.00  mc=23.9
  H1 trigger  t=1126260940.888  newsnr=5.61  m=(8.0,4.0) s=+0.00  mc=4.9
  H1 trigger  t=1126260945.898  newsnr=5.17  m=(15.0,15.0) s=+0.00  mc=13.1
  H1 trigger  t=1126260947.142  newsnr=5.24  m=(9.0,3.0) s=+0.00  mc=4.4
  H1 trigger  t=1126260957.396  newsnr=5.19  m=(16.0,4.0) s=+0.00  mc=6.7
  H1 trigger  t=1126260959.777  newsnr=5.00  m=(12.0,8.0) s=+0.00  mc=8.5
  H1 trigger  t=1126260962.762  newsnr=5.40  m=(27.0,18.0) s=+0.00  mc=19.1
  H1 trigger  t=1126260992.388  newsnr=5.01  m=(15.0,15.0) s=+0.00  mc=13.1
  H1 trigger  t=1126261003.661  newsnr=6.25  m=(9.6,2.4) s=+0.00  mc=4.0
  H1 trigger  t=1126261004.873  newsnr=5.55  m=(15.0,15.0) s=+0.00  mc=13.1
  H1 trigger  t=1126261010.565  newsnr=5.61  m=(6.0,6.0) s=+0.00  mc=5.2
  H1 trigger  t=1126261014.435  newsnr=5.34  m=(6.0,6.0) s=+0.00  mc=5.2
  H1 trigger  t=1126261024.709  newsnr=5.23  m=(9.0,3.0) s=+0.00  mc=4.4
  H1 trigger  t=1126261041.768  newsnr=5.27  m=(54.0,18.0) s=+0.00  mc=26.4
  H1 trigger  t=1126261055.637  newsnr=5.37  m=(52.0,13.0) s=+0.00  mc=21.6
  H1 trigger  t=1126261059.506  newsnr=5.01  m=(16.0,4.0) s=+0.00  mc=6.7
  H1 trigger  t=1126261069.451  newsnr=5.59  m=(12.0,8.0) s=+0.00  mc=8.5
  H1 trigger  t=1126261073.348  newsnr=5.29  m=(9.6,2.4) s=+0.00  mc=4.0
  H1 trigger  t=1126261094.343  newsnr=5.35  m=(44.0,11.0) s=+0.00  mc=18.3
  H1 trigger  t=1126261116.982  newsnr=5.25  m=(9.0,3.0) s=+0.00  mc=4.4
  H1 trigger  t=1126261122.076  newsnr=5.08  m=(30.6,24.4) s=+0.00  mc=23.8
  H1 trigger  t=1126261123.162  newsnr=5.17  m=(33.8,11.2) s=+0.00  mc=16.5
  H1 trigger  t=1126261124.460  newsnr=5.64  m=(15.0,5.0) s=+0.00  mc=7.3
  H1 trigger  t=1126261142.255  newsnr=5.09  m=(51.0,34.0) s=+0.00  mc=36.1
  H1 trigger  t=1126261162.283  newsnr=5.08  m=(24.0,6.0) s=+0.00  mc=10.0
  H1 trigger  t=1126261182.890  newsnr=5.23  m=(9.0,3.0) s=+0.00  mc=4.4
  H1 trigger  t=1126261186.907  newsnr=5.05  m=(16.0,4.0) s=+0.00  mc=6.7
  H1 trigger  t=1126261194.102  newsnr=5.16  m=(16.7,13.3) s=+0.00  mc=13.0
  H1 trigger  t=1126261205.691  newsnr=5.05  m=(24.0,6.0) s=+0.00  mc=10.0
  H1 trigger  t=1126261211.340  newsnr=5.17  m=(27.0,18.0) s=+0.00  mc=19.1
  H1 trigger  t=1126261214.848  newsnr=5.06  m=(18.0,12.0) s=+0.00  mc=12.7
  H1 trigger  t=1126261217.230  newsnr=5.81  m=(25.0,20.0) s=+0.00  mc=19.4
  H1 trigger  t=1126261229.767  newsnr=5.36  m=(22.5,7.5) s=+0.00  mc=11.0
  H1 trigger  t=1126261236.896  newsnr=5.43  m=(8.0,4.0) s=+0.00  mc=4.9
  H1 trigger  t=1126261241.049  newsnr=5.27  m=(75.0,25.0) s=+0.00  mc=36.6
  H1 trigger  t=1126261244.475  newsnr=5.06  m=(8.0,4.0) s=+0.00  mc=4.9
  H1 trigger  t=1126261260.444  newsnr=5.25  m=(41.2,13.8) s=+0.00  mc=20.1
  H1 trigger  t=1126261268.309  newsnr=5.44  m=(18.0,12.0) s=+0.00  mc=12.7
  H1 trigger  t=1126261281.661  newsnr=5.08  m=(32.5,32.5) s=+0.00  mc=28.3
  H1 trigger  t=1126261299.054  newsnr=5.33  m=(25.0,20.0) s=+0.00  mc=19.4
  H1 trigger  t=1126261316.106  newsnr=5.00  m=(10.0,10.0) s=+0.00  mc=8.7
  H1 trigger  t=1126261317.329  newsnr=5.27  m=(11.1,8.9) s=+0.00  mc=8.6
  H1 trigger  t=1126261328.337  newsnr=5.13  m=(9.0,3.0) s=+0.00  mc=4.4
  H1 trigger  t=1126261331.312  newsnr=5.43  m=(7.2,4.8) s=+0.00  mc=5.1
  H1 trigger  t=1126261334.926  newsnr=5.21  m=(15.0,5.0) s=+0.00  mc=7.3
  H1 trigger  t=1126261343.624  newsnr=5.19  m=(12.0,8.0) s=+0.00  mc=8.5
  H1 trigger  t=1126261349.256  newsnr=5.02  m=(63.8,21.2) s=+0.00  mc=31.1
  H1 trigger  t=1126261353.329  newsnr=5.06  m=(8.0,4.0) s=+0.00  mc=4.9
  H1 trigger  t=1126261361.811  newsnr=5.33  m=(22.5,7.5) s=+0.00  mc=11.0
  H1 trigger  t=1126261363.742  newsnr=5.31  m=(54.0,18.0) s=+0.00  mc=26.4
  H1 trigger  t=1126261369.934  newsnr=5.34  m=(20.0,10.0) s=+0.00  mc=12.2
  H1 trigger  t=1126261396.232  newsnr=5.13  m=(10.0,10.0) s=+0.00  mc=8.7
  H1 trigger  t=1126261399.266  newsnr=5.03  m=(8.0,4.0) s=+0.00  mc=4.9
  H1 trigger  t=1126261405.721  newsnr=5.05  m=(48.8,16.2) s=+0.00  mc=23.8
  H1 trigger  t=1126261413.272  newsnr=5.21  m=(8.0,4.0) s=+0.00  mc=4.9
  H1 trigger  t=1126261418.426  newsnr=5.03  m=(33.8,11.2) s=+0.00  mc=16.5
  H1 trigger  t=1126261427.410  newsnr=5.24  m=(6.0,6.0) s=+0.00  mc=5.2
  H1 trigger  t=1126261431.340  newsnr=5.13  m=(33.8,11.2) s=+0.00  mc=16.5
  H1 trigger  t=1126261443.372  newsnr=5.67  m=(11.1,8.9) s=+0.00  mc=8.6
  L1 trigger  t=1126257423.402  newsnr=5.38  m=(11.1,8.9) s=+0.00  mc=8.6
  L1 trigger  t=1126257424.525  newsnr=5.32  m=(16.7,13.3) s=+0.00  mc=13.0
  L1 trigger  t=1126257440.093  newsnr=5.34  m=(22.5,22.5) s=+0.00  mc=19.6
  L1 trigger  t=1126257442.630  newsnr=5.25  m=(66.7,33.3) s=+0.00  mc=40.6
  L1 trigger  t=1126257449.043  newsnr=5.40  m=(41.2,13.8) s=+0.00  mc=20.1
  L1 trigger  t=1126257450.948  newsnr=5.16  m=(16.0,4.0) s=+0.00  mc=6.7
  L1 trigger  t=1126257454.451  newsnr=5.15  m=(20.0,10.0) s=+0.00  mc=12.2
  L1 trigger  t=1126257456.530  newsnr=5.54  m=(42.5,42.5) s=+0.00  mc=37.0
  L1 trigger  t=1126257458.591  newsnr=5.08  m=(11.1,8.9) s=+0.00  mc=8.6
  L1 trigger  t=1126257464.956  newsnr=5.58  m=(33.0,22.0) s=+0.00  mc=23.4
  L1 trigger  t=1126257469.849  newsnr=5.01  m=(22.5,7.5) s=+0.00  mc=11.0
  L1 trigger  t=1126257484.772  newsnr=5.29  m=(9.0,3.0) s=+0.00  mc=4.4
  L1 trigger  t=1126257488.344  newsnr=5.24  m=(27.5,27.5) s=+0.00  mc=23.9
  L1 trigger  t=1126257492.782  newsnr=6.18  m=(44.0,11.0) s=+0.00  mc=18.3
  L1 trigger  t=1126257496.919  newsnr=5.06  m=(16.0,4.0) s=+0.00  mc=6.7
  L1 trigger  t=1126257499.164  newsnr=5.08  m=(22.5,7.5) s=+0.00  mc=11.0
  L1 trigger  t=1126257501.158  newsnr=5.27  m=(36.0,9.0) s=+0.00  mc=15.0
  L1 trigger  t=1126257504.830  newsnr=5.28  m=(20.0,10.0) s=+0.00  mc=12.2
  L1 trigger  t=1126257507.524  newsnr=5.52  m=(11.1,8.9) s=+0.00  mc=8.6
  L1 trigger  t=1126257513.166  newsnr=5.12  m=(24.0,6.0) s=+0.00  mc=10.0
  L1 trigger  t=1126257516.288  newsnr=5.18  m=(6.0,6.0) s=+0.00  mc=5.2
  L1 trigger  t=1126257528.312  newsnr=5.47  m=(13.3,6.7) s=+0.00  mc=8.1
  L1 trigger  t=1126257537.259  newsnr=5.07  m=(33.8,11.2) s=+0.00  mc=16.5
  L1 trigger  t=1126257541.417  newsnr=5.04  m=(30.0,15.0) s=+0.00  mc=18.3
  L1 trigger  t=1126257550.872  newsnr=5.14  m=(8.0,4.0) s=+0.00  mc=4.9
  L1 trigger  t=1126257556.350  newsnr=5.10  m=(8.0,4.0) s=+0.00  mc=4.9
  L1 trigger  t=1126257561.844  newsnr=5.47  m=(18.0,12.0) s=+0.00  mc=12.7
  L1 trigger  t=1126257568.666  newsnr=5.02  m=(30.0,15.0) s=+0.00  mc=18.3
  L1 trigger  t=1126257572.110  newsnr=5.08  m=(8.0,4.0) s=+0.00  mc=4.9
  L1 trigger  t=1126257574.501  newsnr=5.12  m=(15.0,15.0) s=+0.00  mc=13.1
  L1 trigger  t=1126257579.924  newsnr=5.16  m=(66.7,33.3) s=+0.00  mc=40.6
  L1 trigger  t=1126257593.193  newsnr=5.62  m=(36.7,18.3) s=+0.00  mc=22.3
  L1 trigger  t=1126257595.406  newsnr=5.25  m=(11.1,8.9) s=+0.00  mc=8.6
  L1 trigger  t=1126257598.533  newsnr=5.16  m=(30.0,15.0) s=+0.00  mc=18.3
  L1 trigger  t=1126257604.055  newsnr=5.53  m=(12.0,8.0) s=+0.00  mc=8.5
  L1 trigger  t=1126257605.554  newsnr=5.30  m=(27.0,18.0) s=+0.00  mc=19.1
  L1 trigger  t=1126257608.524  newsnr=5.16  m=(44.0,11.0) s=+0.00  mc=18.3
  L1 trigger  t=1126257614.130  newsnr=5.25  m=(27.0,18.0) s=+0.00  mc=19.1
  L1 trigger  t=1126257617.064  newsnr=5.07  m=(15.0,15.0) s=+0.00  mc=13.1
  L1 trigger  t=1126257638.559  newsnr=5.28  m=(48.8,16.2) s=+0.00  mc=23.8
  L1 trigger  t=1126257641.251  newsnr=5.14  m=(6.7,5.3) s=+0.00  mc=5.2
  L1 trigger  t=1126257644.713  newsnr=5.20  m=(36.1,28.9) s=+0.00  mc=28.1
  L1 trigger  t=1126257646.635  newsnr=5.09  m=(13.3,6.7) s=+0.00  mc=8.1
  L1 trigger  t=1126257649.209  newsnr=5.44  m=(10.0,10.0) s=+0.00  mc=8.7
  L1 trigger  t=1126257651.553  newsnr=5.02  m=(33.8,11.2) s=+0.00  mc=16.5
  L1 trigger  t=1126257668.355  newsnr=5.24  m=(20.0,10.0) s=+0.00  mc=12.2
  L1 trigger  t=1126257680.520  newsnr=5.21  m=(13.3,6.7) s=+0.00  mc=8.1
  L1 trigger  t=1126257686.460  newsnr=5.03  m=(10.0,10.0) s=+0.00  mc=8.7
  L1 trigger  t=1126257694.457  newsnr=5.02  m=(20.0,10.0) s=+0.00  mc=12.2
  L1 trigger  t=1126257696.514  newsnr=5.46  m=(16.0,4.0) s=+0.00  mc=6.7
  L1 trigger  t=1126257697.710  newsnr=5.04  m=(20.0,10.0) s=+0.00  mc=12.2
  L1 trigger  t=1126257702.982  newsnr=5.11  m=(9.6,2.4) s=+0.00  mc=4.0
  L1 trigger  t=1126257710.382  newsnr=5.05  m=(30.6,24.4) s=+0.00  mc=23.8
  L1 trigger  t=1126257738.885  newsnr=5.05  m=(18.0,12.0) s=+0.00  mc=12.7
  L1 trigger  t=1126257741.519  newsnr=5.04  m=(22.5,22.5) s=+0.00  mc=19.6
  L1 trigger  t=1126257746.198  newsnr=5.00  m=(32.5,32.5) s=+0.00  mc=28.3
  L1 trigger  t=1126257747.726  newsnr=5.39  m=(15.0,15.0) s=+0.00  mc=13.1
  L1 trigger  t=1126257749.487  newsnr=5.96  m=(60.0,40.0) s=+0.00  mc=42.5
  L1 trigger  t=1126257750.523  newsnr=5.17  m=(43.2,28.8) s=+0.00  mc=30.6
  L1 trigger  t=1126257752.772  newsnr=5.79  m=(13.3,6.7) s=+0.00  mc=8.1
  L1 trigger  t=1126257753.881  newsnr=5.38  m=(39.0,26.0) s=+0.00  mc=27.6
  L1 trigger  t=1126257755.051  newsnr=5.10  m=(22.5,7.5) s=+0.00  mc=11.0
  L1 trigger  t=1126257759.798  newsnr=5.29  m=(9.6,2.4) s=+0.00  mc=4.0
  L1 trigger  t=1126257761.112  newsnr=5.14  m=(6.7,5.3) s=+0.00  mc=5.2
  L1 trigger  t=1126257766.092  newsnr=5.03  m=(6.7,5.3) s=+0.00  mc=5.2
  L1 trigger  t=1126257773.996  newsnr=5.24  m=(10.0,10.0) s=+0.00  mc=8.7
  L1 trigger  t=1126257775.470  newsnr=5.02  m=(22.5,7.5) s=+0.00  mc=11.0
  L1 trigger  t=1126257778.699  newsnr=5.33  m=(36.0,36.0) s=+0.00  mc=31.3
  L1 trigger  t=1126257781.050  newsnr=5.06  m=(9.6,2.4) s=+0.00  mc=4.0
  L1 trigger  t=1126257782.076  newsnr=5.27  m=(63.8,21.2) s=+0.00  mc=31.1
  L1 trigger  t=1126257788.615  newsnr=5.57  m=(7.2,4.8) s=+0.00  mc=5.1
  L1 trigger  t=1126257790.233  newsnr=5.23  m=(50.0,50.0) s=+0.00  mc=43.5
  L1 trigger  t=1126257818.015  newsnr=5.06  m=(11.1,8.9) s=+0.00  mc=8.6
  L1 trigger  t=1126257823.033  newsnr=5.08  m=(39.0,26.0) s=+0.00  mc=27.6
  L1 trigger  t=1126257824.369  newsnr=5.07  m=(18.0,12.0) s=+0.00  mc=12.7
  L1 trigger  t=1126257827.724  newsnr=5.57  m=(9.6,2.4) s=+0.00  mc=4.0
  L1 trigger  t=1126257828.786  newsnr=5.32  m=(8.0,4.0) s=+0.00  mc=4.9
  L1 trigger  t=1126257830.530  newsnr=5.10  m=(33.8,11.2) s=+0.00  mc=16.5
  L1 trigger  t=1126257833.449  newsnr=5.21  m=(36.0,9.0) s=+0.00  mc=15.0
  L1 trigger  t=1126257836.961  newsnr=5.22  m=(27.0,18.0) s=+0.00  mc=19.1
  L1 trigger  t=1126257838.898  newsnr=5.26  m=(22.5,7.5) s=+0.00  mc=11.0
  L1 trigger  t=1126257840.271  newsnr=5.05  m=(15.0,5.0) s=+0.00  mc=7.3
  L1 trigger  t=1126257844.173  newsnr=5.49  m=(13.3,6.7) s=+0.00  mc=8.1
  L1 trigger  t=1126257847.721  newsnr=5.07  m=(20.0,10.0) s=+0.00  mc=12.2
  L1 trigger  t=1126257852.265  newsnr=5.09  m=(44.0,11.0) s=+0.00  mc=18.3
  L1 trigger  t=1126257859.241  newsnr=5.37  m=(13.3,6.7) s=+0.00  mc=8.1
  L1 trigger  t=1126257862.419  newsnr=5.13  m=(7.2,4.8) s=+0.00  mc=5.1
  L1 trigger  t=1126257870.674  newsnr=5.16  m=(30.0,15.0) s=+0.00  mc=18.3
  L1 trigger  t=1126257881.660  newsnr=5.39  m=(10.0,10.0) s=+0.00  mc=8.7
  L1 trigger  t=1126257884.618  newsnr=5.26  m=(6.7,5.3) s=+0.00  mc=5.2
  L1 trigger  t=1126257885.773  newsnr=5.03  m=(9.0,3.0) s=+0.00  mc=4.4
  L1 trigger  t=1126257900.350  newsnr=5.45  m=(9.6,2.4) s=+0.00  mc=4.0
  L1 trigger  t=1126257907.979  newsnr=5.00  m=(20.0,10.0) s=+0.00  mc=12.2
  L1 trigger  t=1126257909.504  newsnr=5.10  m=(7.2,4.8) s=+0.00  mc=5.1
  L1 trigger  t=1126257913.157  newsnr=5.64  m=(16.0,4.0) s=+0.00  mc=6.7
  L1 trigger  t=1126257918.675  newsnr=5.02  m=(30.0,15.0) s=+0.00  mc=18.3
  L1 trigger  t=1126257919.893  newsnr=5.17  m=(16.7,13.3) s=+0.00  mc=13.0
  L1 trigger  t=1126257921.072  newsnr=5.23  m=(20.0,10.0) s=+0.00  mc=12.2
  L1 trigger  t=1126257923.244  newsnr=5.13  m=(12.0,8.0) s=+0.00  mc=8.5
  L1 trigger  t=1126257930.742  newsnr=5.10  m=(16.7,13.3) s=+0.00  mc=13.0
  L1 trigger  t=1126257944.593  newsnr=5.42  m=(11.1,8.9) s=+0.00  mc=8.6
  L1 trigger  t=1126257950.472  newsnr=5.87  m=(10.0,10.0) s=+0.00  mc=8.7
  L1 trigger  t=1126257952.729  newsnr=5.07  m=(52.0,13.0) s=+0.00  mc=21.6
  L1 trigger  t=1126257958.150  newsnr=5.13  m=(24.0,6.0) s=+0.00  mc=10.0
  L1 trigger  t=1126257964.181  newsnr=5.24  m=(24.0,6.0) s=+0.00  mc=10.0
  L1 trigger  t=1126257990.819  newsnr=5.05  m=(44.0,11.0) s=+0.00  mc=18.3
  L1 trigger  t=1126257992.700  newsnr=5.14  m=(12.0,8.0) s=+0.00  mc=8.5
  L1 trigger  t=1126257994.029  newsnr=5.17  m=(7.2,4.8) s=+0.00  mc=5.1
  L1 trigger  t=1126257996.646  newsnr=5.37  m=(20.0,10.0) s=+0.00  mc=12.2
  L1 trigger  t=1126258009.646  newsnr=5.32  m=(8.0,4.0) s=+0.00  mc=4.9
  L1 trigger  t=1126258015.356  newsnr=5.81  m=(18.0,12.0) s=+0.00  mc=12.7
  L1 trigger  t=1126258016.376  newsnr=5.10  m=(8.0,4.0) s=+0.00  mc=4.9
  L1 trigger  t=1126258021.585  newsnr=5.19  m=(20.0,10.0) s=+0.00  mc=12.2
  L1 trigger  t=1126258030.635  newsnr=5.25  m=(36.0,9.0) s=+0.00  mc=15.0
  L1 trigger  t=1126258036.841  newsnr=5.43  m=(57.6,14.4) s=+0.00  mc=24.0
  L1 trigger  t=1126258058.612  newsnr=5.45  m=(16.7,13.3) s=+0.00  mc=13.0
  L1 trigger  t=1126258062.169  newsnr=5.09  m=(6.0,6.0) s=+0.00  mc=5.2
  L1 trigger  t=1126258066.480  newsnr=5.31  m=(30.6,24.4) s=+0.00  mc=23.8
  L1 trigger  t=1126258078.644  newsnr=5.44  m=(33.8,11.2) s=+0.00  mc=16.5
  L1 trigger  t=1126258091.755  newsnr=5.11  m=(32.5,32.5) s=+0.00  mc=28.3
  L1 trigger  t=1126258093.758  newsnr=5.09  m=(33.8,11.2) s=+0.00  mc=16.5
  L1 trigger  t=1126258095.448  newsnr=5.09  m=(13.3,6.7) s=+0.00  mc=8.1
  L1 trigger  t=1126258097.705  newsnr=5.84  m=(7.2,4.8) s=+0.00  mc=5.1
  L1 trigger  t=1126258103.120  newsnr=5.35  m=(16.7,13.3) s=+0.00  mc=13.0
  L1 trigger  t=1126258113.285  newsnr=5.42  m=(36.7,18.3) s=+0.00  mc=22.3
  L1 trigger  t=1126258127.384  newsnr=5.44  m=(52.0,13.0) s=+0.00  mc=21.6
  L1 trigger  t=1126258137.167  newsnr=5.25  m=(15.0,5.0) s=+0.00  mc=7.3
  L1 trigger  t=1126258138.736  newsnr=5.15  m=(22.5,7.5) s=+0.00  mc=11.0
  L1 trigger  t=1126258140.050  newsnr=5.42  m=(48.0,24.0) s=+0.00  mc=29.2
  L1 trigger  t=1126258152.417  newsnr=5.21  m=(10.0,10.0) s=+0.00  mc=8.7
  L1 trigger  t=1126258153.800  newsnr=5.05  m=(54.0,18.0) s=+0.00  mc=26.4
  L1 trigger  t=1126258158.245  newsnr=5.23  m=(6.7,5.3) s=+0.00  mc=5.2
  L1 trigger  t=1126258161.099  newsnr=5.03  m=(13.3,6.7) s=+0.00  mc=8.1
  L1 trigger  t=1126258165.245  newsnr=5.05  m=(15.0,5.0) s=+0.00  mc=7.3
  L1 trigger  t=1126258167.473  newsnr=5.37  m=(40.0,32.0) s=+0.00  mc=31.1
  L1 trigger  t=1126258169.199  newsnr=5.66  m=(12.0,8.0) s=+0.00  mc=8.5
  L1 trigger  t=1126258177.537  newsnr=5.48  m=(13.3,6.7) s=+0.00  mc=8.1
  L1 trigger  t=1126258180.229  newsnr=5.00  m=(22.5,7.5) s=+0.00  mc=11.0
  L1 trigger  t=1126258189.815  newsnr=5.10  m=(24.0,6.0) s=+0.00  mc=10.0
  L1 trigger  t=1126258204.218  newsnr=5.22  m=(15.0,5.0) s=+0.00  mc=7.3
  L1 trigger  t=1126258214.238  newsnr=5.18  m=(48.0,24.0) s=+0.00  mc=29.2
  L1 trigger  t=1126258215.756  newsnr=5.25  m=(18.0,12.0) s=+0.00  mc=12.7
  L1 trigger  t=1126258219.224  newsnr=5.10  m=(13.3,6.7) s=+0.00  mc=8.1
  L1 trigger  t=1126258225.917  newsnr=5.06  m=(33.8,11.2) s=+0.00  mc=16.5
  L1 trigger  t=1126258231.225  newsnr=5.56  m=(13.3,6.7) s=+0.00  mc=8.1
  L1 trigger  t=1126258237.165  newsnr=5.03  m=(36.0,9.0) s=+0.00  mc=15.0
  L1 trigger  t=1126258261.978  newsnr=5.03  m=(43.2,28.8) s=+0.00  mc=30.6
  L1 trigger  t=1126258266.085  newsnr=5.24  m=(9.6,2.4) s=+0.00  mc=4.0
  L1 trigger  t=1126258271.215  newsnr=5.05  m=(30.0,15.0) s=+0.00  mc=18.3
  L1 trigger  t=1126258276.349  newsnr=5.14  m=(54.0,18.0) s=+0.00  mc=26.4
  L1 trigger  t=1126258290.346  newsnr=5.16  m=(9.6,2.4) s=+0.00  mc=4.0
  L1 trigger  t=1126258293.788  newsnr=5.31  m=(43.3,21.7) s=+0.00  mc=26.4
  L1 trigger  t=1126258298.749  newsnr=5.58  m=(9.0,3.0) s=+0.00  mc=4.4
  L1 trigger  t=1126258305.888  newsnr=5.12  m=(68.0,17.0) s=+0.00  mc=28.3
  L1 trigger  t=1126258309.415  newsnr=5.62  m=(13.3,6.7) s=+0.00  mc=8.1
  L1 trigger  t=1126258311.688  newsnr=5.03  m=(15.0,15.0) s=+0.00  mc=13.1
  L1 trigger  t=1126258318.956  newsnr=5.28  m=(11.1,8.9) s=+0.00  mc=8.6
  L1 trigger  t=1126258320.241  newsnr=5.11  m=(48.8,16.2) s=+0.00  mc=23.8
  L1 trigger  t=1126258324.646  newsnr=5.30  m=(9.6,2.4) s=+0.00  mc=4.0
  L1 trigger  t=1126258329.959  newsnr=5.39  m=(6.0,6.0) s=+0.00  mc=5.2
  L1 trigger  t=1126258332.650  newsnr=5.25  m=(22.5,7.5) s=+0.00  mc=11.0
  L1 trigger  t=1126258348.014  newsnr=5.36  m=(80.0,20.0) s=+0.00  mc=33.3
  L1 trigger  t=1126258352.333  newsnr=5.73  m=(33.8,11.2) s=+0.00  mc=16.5
  L1 trigger  t=1126258353.740  newsnr=5.24  m=(68.0,17.0) s=+0.00  mc=28.3
  L1 trigger  t=1126258357.221  newsnr=5.57  m=(15.0,15.0) s=+0.00  mc=13.1
  L1 trigger  t=1126258366.480  newsnr=5.82  m=(41.2,13.8) s=+0.00  mc=20.1
  L1 trigger  t=1126258369.558  newsnr=5.30  m=(24.0,6.0) s=+0.00  mc=10.0
  L1 trigger  t=1126258374.747  newsnr=5.14  m=(15.0,5.0) s=+0.00  mc=7.3
  L1 trigger  t=1126258378.001  newsnr=5.67  m=(80.0,20.0) s=+0.00  mc=33.3
  L1 trigger  t=1126258380.757  newsnr=5.28  m=(9.6,2.4) s=+0.00  mc=4.0
  L1 trigger  t=1126258394.474  newsnr=5.27  m=(6.0,6.0) s=+0.00  mc=5.2
  L1 trigger  t=1126258395.806  newsnr=5.22  m=(15.0,5.0) s=+0.00  mc=7.3
  L1 trigger  t=1126258416.502  newsnr=5.01  m=(41.2,13.8) s=+0.00  mc=20.1
  L1 trigger  t=1126258417.873  newsnr=5.03  m=(10.0,10.0) s=+0.00  mc=8.7
  L1 trigger  t=1126258422.032  newsnr=5.12  m=(41.2,13.8) s=+0.00  mc=20.1
  L1 trigger  t=1126258423.664  newsnr=5.01  m=(20.0,10.0) s=+0.00  mc=12.2
  L1 trigger  t=1126258432.647  newsnr=5.26  m=(25.0,20.0) s=+0.00  mc=19.4
  L1 trigger  t=1126258434.090  newsnr=5.07  m=(7.2,4.8) s=+0.00  mc=5.1
  L1 trigger  t=1126258438.224  newsnr=5.18  m=(51.0,34.0) s=+0.00  mc=36.1
  L1 trigger  t=1126258439.931  newsnr=5.18  m=(10.0,10.0) s=+0.00  mc=8.7
  L1 trigger  t=1126258441.183  newsnr=5.29  m=(7.2,4.8) s=+0.00  mc=5.1
  L1 trigger  t=1126258442.223  newsnr=5.42  m=(22.5,7.5) s=+0.00  mc=11.0
  L1 trigger  t=1126258445.847  newsnr=5.04  m=(57.6,14.4) s=+0.00  mc=24.0
  L1 trigger  t=1126258452.676  newsnr=5.32  m=(16.0,4.0) s=+0.00  mc=6.7
  L1 trigger  t=1126258454.871  newsnr=5.75  m=(30.0,15.0) s=+0.00  mc=18.3
  L1 trigger  t=1126258458.112  newsnr=5.06  m=(13.3,6.7) s=+0.00  mc=8.1
  L1 trigger  t=1126258467.778  newsnr=5.17  m=(30.0,15.0) s=+0.00  mc=18.3
  L1 trigger  t=1126258473.262  newsnr=5.11  m=(12.0,8.0) s=+0.00  mc=8.5
  L1 trigger  t=1126258474.348  newsnr=5.44  m=(18.0,12.0) s=+0.00  mc=12.7
  L1 trigger  t=1126258478.766  newsnr=5.83  m=(7.2,4.8) s=+0.00  mc=5.1
  L1 trigger  t=1126258480.313  newsnr=5.01  m=(36.1,28.9) s=+0.00  mc=28.1
  L1 trigger  t=1126258482.343  newsnr=5.40  m=(36.7,18.3) s=+0.00  mc=22.3
  L1 trigger  t=1126258484.638  newsnr=5.37  m=(36.7,18.3) s=+0.00  mc=22.3
  L1 trigger  t=1126258489.734  newsnr=5.02  m=(16.0,4.0) s=+0.00  mc=6.7
  L1 trigger  t=1126258511.462  newsnr=5.01  m=(20.0,10.0) s=+0.00  mc=12.2
  L1 trigger  t=1126258512.557  newsnr=5.06  m=(48.0,24.0) s=+0.00  mc=29.2
  L1 trigger  t=1126258525.699  newsnr=5.23  m=(44.0,11.0) s=+0.00  mc=18.3
  L1 trigger  t=1126258533.438  newsnr=5.24  m=(68.0,17.0) s=+0.00  mc=28.3
  L1 trigger  t=1126258535.277  newsnr=5.09  m=(7.2,4.8) s=+0.00  mc=5.1
  L1 trigger  t=1126258543.368  newsnr=5.57  m=(16.0,4.0) s=+0.00  mc=6.7
  L1 trigger  t=1126258557.347  newsnr=5.16  m=(13.3,6.7) s=+0.00  mc=8.1
  L1 trigger  t=1126258561.454  newsnr=5.09  m=(22.5,7.5) s=+0.00  mc=11.0
  L1 trigger  t=1126258582.018  newsnr=5.02  m=(18.0,12.0) s=+0.00  mc=12.7
  L1 trigger  t=1126258589.188  newsnr=5.89  m=(22.5,22.5) s=+0.00  mc=19.6
  L1 trigger  t=1126258593.097  newsnr=5.10  m=(20.0,10.0) s=+0.00  mc=12.2
  L1 trigger  t=1126258603.276  newsnr=5.01  m=(27.0,18.0) s=+0.00  mc=19.1
  L1 trigger  t=1126258606.420  newsnr=5.21  m=(36.7,18.3) s=+0.00  mc=22.3
  L1 trigger  t=1126258608.851  newsnr=5.19  m=(36.0,36.0) s=+0.00  mc=31.3
  L1 trigger  t=1126258629.955  newsnr=5.02  m=(13.3,6.7) s=+0.00  mc=8.1
  L1 trigger  t=1126258631.158  newsnr=5.04  m=(12.0,8.0) s=+0.00  mc=8.5
  L1 trigger  t=1126258641.289  newsnr=5.24  m=(20.0,10.0) s=+0.00  mc=12.2
  L1 trigger  t=1126258648.845  newsnr=5.44  m=(16.0,4.0) s=+0.00  mc=6.7
  L1 trigger  t=1126258654.129  newsnr=5.39  m=(12.0,8.0) s=+0.00  mc=8.5
  L1 trigger  t=1126258656.518  newsnr=5.16  m=(8.0,4.0) s=+0.00  mc=4.9
  L1 trigger  t=1126258657.745  newsnr=5.73  m=(11.1,8.9) s=+0.00  mc=8.6
  L1 trigger  t=1126258660.011  newsnr=5.25  m=(22.5,22.5) s=+0.00  mc=19.6
  L1 trigger  t=1126258666.410  newsnr=5.57  m=(18.0,12.0) s=+0.00  mc=12.7
  L1 trigger  t=1126258668.608  newsnr=5.59  m=(56.7,28.3) s=+0.00  mc=34.5
  L1 trigger  t=1126258673.716  newsnr=5.43  m=(22.5,22.5) s=+0.00  mc=19.6
  L1 trigger  t=1126258674.720  newsnr=5.20  m=(22.5,7.5) s=+0.00  mc=11.0
  L1 trigger  t=1126258676.473  newsnr=5.14  m=(30.6,24.4) s=+0.00  mc=23.8
  L1 trigger  t=1126258683.034  newsnr=5.25  m=(54.0,18.0) s=+0.00  mc=26.4
  L1 trigger  t=1126258686.051  newsnr=5.15  m=(33.0,22.0) s=+0.00  mc=23.4
  L1 trigger  t=1126258689.713  newsnr=5.02  m=(22.5,22.5) s=+0.00  mc=19.6
  L1 trigger  t=1126258694.382  newsnr=5.01  m=(44.0,11.0) s=+0.00  mc=18.3
  L1 trigger  t=1126258698.302  newsnr=5.06  m=(16.0,4.0) s=+0.00  mc=6.7
  L1 trigger  t=1126258709.362  newsnr=5.80  m=(13.3,6.7) s=+0.00  mc=8.1
  L1 trigger  t=1126258711.233  newsnr=5.29  m=(6.7,5.3) s=+0.00  mc=5.2
  L1 trigger  t=1126258712.259  newsnr=5.04  m=(16.0,4.0) s=+0.00  mc=6.7
  L1 trigger  t=1126258718.614  newsnr=5.03  m=(30.0,15.0) s=+0.00  mc=18.3
  L1 trigger  t=1126258724.993  newsnr=5.13  m=(20.0,10.0) s=+0.00  mc=12.2
  L1 trigger  t=1126258744.784  newsnr=5.50  m=(7.2,4.8) s=+0.00  mc=5.1
  L1 trigger  t=1126258751.454  newsnr=5.14  m=(20.0,10.0) s=+0.00  mc=12.2
  L1 trigger  t=1126258755.977  newsnr=5.14  m=(48.8,16.2) s=+0.00  mc=23.8
  L1 trigger  t=1126258760.904  newsnr=5.12  m=(12.0,8.0) s=+0.00  mc=8.5
  L1 trigger  t=1126258762.983  newsnr=5.63  m=(11.1,8.9) s=+0.00  mc=8.6
  L1 trigger  t=1126258785.456  newsnr=5.02  m=(7.2,4.8) s=+0.00  mc=5.1
  L1 trigger  t=1126258787.597  newsnr=5.10  m=(33.0,22.0) s=+0.00  mc=23.4
  L1 trigger  t=1126258788.900  newsnr=5.06  m=(20.0,10.0) s=+0.00  mc=12.2
  L1 trigger  t=1126258792.355  newsnr=5.06  m=(52.0,13.0) s=+0.00  mc=21.6
  L1 trigger  t=1126258794.484  newsnr=5.11  m=(48.0,24.0) s=+0.00  mc=29.2
  L1 trigger  t=1126258796.698  newsnr=5.20  m=(8.0,4.0) s=+0.00  mc=4.9
  L1 trigger  t=1126258815.425  newsnr=5.05  m=(24.0,6.0) s=+0.00  mc=10.0
  L1 trigger  t=1126258816.700  newsnr=5.28  m=(16.0,4.0) s=+0.00  mc=6.7
  L1 trigger  t=1126258820.764  newsnr=5.44  m=(25.0,20.0) s=+0.00  mc=19.4
  L1 trigger  t=1126258828.951  newsnr=5.08  m=(22.5,22.5) s=+0.00  mc=19.6
  L1 trigger  t=1126258832.129  newsnr=5.09  m=(48.0,24.0) s=+0.00  mc=29.2
  L1 trigger  t=1126258835.682  newsnr=5.10  m=(7.2,4.8) s=+0.00  mc=5.1
  L1 trigger  t=1126258836.733  newsnr=5.52  m=(6.0,6.0) s=+0.00  mc=5.2
  L1 trigger  t=1126258840.205  newsnr=5.32  m=(52.0,13.0) s=+0.00  mc=21.6
  L1 trigger  t=1126258842.628  newsnr=6.26  m=(18.0,12.0) s=+0.00  mc=12.7
  L1 trigger  t=1126258845.273  newsnr=5.02  m=(30.0,15.0) s=+0.00  mc=18.3
  L1 trigger  t=1126258852.779  newsnr=5.09  m=(18.0,12.0) s=+0.00  mc=12.7
  L1 trigger  t=1126258869.406  newsnr=5.33  m=(36.0,36.0) s=+0.00  mc=31.3
  L1 trigger  t=1126258870.689  newsnr=5.53  m=(30.6,24.4) s=+0.00  mc=23.8
  L1 trigger  t=1126258872.926  newsnr=5.18  m=(39.0,26.0) s=+0.00  mc=27.6
  L1 trigger  t=1126258876.984  newsnr=5.00  m=(15.0,5.0) s=+0.00  mc=7.3
  L1 trigger  t=1126258878.823  newsnr=5.58  m=(9.0,3.0) s=+0.00  mc=4.4
  L1 trigger  t=1126258882.974  newsnr=5.03  m=(6.0,6.0) s=+0.00  mc=5.2
  L1 trigger  t=1126258884.102  newsnr=5.16  m=(15.0,15.0) s=+0.00  mc=13.1
  L1 trigger  t=1126258888.348  newsnr=5.01  m=(24.0,6.0) s=+0.00  mc=10.0
  L1 trigger  t=1126258889.379  newsnr=5.39  m=(6.0,6.0) s=+0.00  mc=5.2
  L1 trigger  t=1126258891.584  newsnr=5.21  m=(36.0,9.0) s=+0.00  mc=15.0
  L1 trigger  t=1126258895.805  newsnr=5.09  m=(42.5,42.5) s=+0.00  mc=37.0
  L1 trigger  t=1126258897.227  newsnr=5.09  m=(24.0,6.0) s=+0.00  mc=10.0
  L1 trigger  t=1126258900.696  newsnr=5.03  m=(15.0,15.0) s=+0.00  mc=13.1
  L1 trigger  t=1126258910.515  newsnr=5.11  m=(16.7,13.3) s=+0.00  mc=13.0
  L1 trigger  t=1126258923.136  newsnr=5.07  m=(20.0,10.0) s=+0.00  mc=12.2
  L1 trigger  t=1126258927.455  newsnr=5.14  m=(33.0,22.0) s=+0.00  mc=23.4
  L1 trigger  t=1126258930.189  newsnr=5.54  m=(18.0,12.0) s=+0.00  mc=12.7
  L1 trigger  t=1126258944.159  newsnr=5.37  m=(8.0,4.0) s=+0.00  mc=4.9
  L1 trigger  t=1126258948.148  newsnr=5.02  m=(6.7,5.3) s=+0.00  mc=5.2
  L1 trigger  t=1126258961.386  newsnr=5.20  m=(22.5,7.5) s=+0.00  mc=11.0
  L1 trigger  t=1126258975.946  newsnr=5.43  m=(48.8,16.2) s=+0.00  mc=23.8
  L1 trigger  t=1126258977.664  newsnr=5.05  m=(22.5,7.5) s=+0.00  mc=11.0
  L1 trigger  t=1126258982.419  newsnr=5.36  m=(52.0,13.0) s=+0.00  mc=21.6
  L1 trigger  t=1126258985.208  newsnr=5.35  m=(24.0,6.0) s=+0.00  mc=10.0
  L1 trigger  t=1126258993.508  newsnr=5.34  m=(43.2,28.8) s=+0.00  mc=30.6
  L1 trigger  t=1126258994.674  newsnr=5.78  m=(6.7,5.3) s=+0.00  mc=5.2
  L1 trigger  t=1126258999.958  newsnr=5.00  m=(20.0,10.0) s=+0.00  mc=12.2
  L1 trigger  t=1126259001.623  newsnr=5.14  m=(18.0,12.0) s=+0.00  mc=12.7
  L1 trigger  t=1126259004.791  newsnr=5.05  m=(15.0,15.0) s=+0.00  mc=13.1
  L1 trigger  t=1126259008.117  newsnr=5.03  m=(18.0,12.0) s=+0.00  mc=12.7
  L1 trigger  t=1126259014.692  newsnr=5.17  m=(11.1,8.9) s=+0.00  mc=8.6
  L1 trigger  t=1126259057.947  newsnr=5.06  m=(10.0,10.0) s=+0.00  mc=8.7
  L1 trigger  t=1126259059.264  newsnr=5.17  m=(15.0,5.0) s=+0.00  mc=7.3
  L1 trigger  t=1126259060.607  newsnr=5.26  m=(6.0,6.0) s=+0.00  mc=5.2
  L1 trigger  t=1126259062.523  newsnr=5.01  m=(24.0,6.0) s=+0.00  mc=10.0
  L1 trigger  t=1126259094.039  newsnr=5.28  m=(22.5,22.5) s=+0.00  mc=19.6
  L1 trigger  t=1126259101.767  newsnr=5.66  m=(20.0,10.0) s=+0.00  mc=12.2
  L1 trigger  t=1126259104.782  newsnr=5.21  m=(30.0,15.0) s=+0.00  mc=18.3
  L1 trigger  t=1126259119.167  newsnr=5.21  m=(12.0,8.0) s=+0.00  mc=8.5
  L1 trigger  t=1126259125.898  newsnr=5.11  m=(43.3,21.7) s=+0.00  mc=26.4
  L1 trigger  t=1126259131.529  newsnr=5.05  m=(6.0,6.0) s=+0.00  mc=5.2
  L1 trigger  t=1126259134.033  newsnr=5.15  m=(66.7,33.3) s=+0.00  mc=40.6
  L1 trigger  t=1126259147.991  newsnr=5.45  m=(11.1,8.9) s=+0.00  mc=8.6
  L1 trigger  t=1126259151.882  newsnr=5.25  m=(6.0,6.0) s=+0.00  mc=5.2
  L1 trigger  t=1126259156.677  newsnr=5.15  m=(15.0,5.0) s=+0.00  mc=7.3
  L1 trigger  t=1126259182.562  newsnr=5.07  m=(6.7,5.3) s=+0.00  mc=5.2
  L1 trigger  t=1126259185.563  newsnr=5.13  m=(20.0,10.0) s=+0.00  mc=12.2
  L1 trigger  t=1126259198.716  newsnr=5.08  m=(16.0,4.0) s=+0.00  mc=6.7
  L1 trigger  t=1126259210.949  newsnr=5.95  m=(7.2,4.8) s=+0.00  mc=5.1
  L1 trigger  t=1126259212.438  newsnr=5.49  m=(47.2,37.8) s=+0.00  mc=36.7
  L1 trigger  t=1126259216.948  newsnr=5.65  m=(6.7,5.3) s=+0.00  mc=5.2
  L1 trigger  t=1126259234.434  newsnr=5.01  m=(43.3,21.7) s=+0.00  mc=26.4
  L1 trigger  t=1126259237.170  newsnr=5.08  m=(22.5,7.5) s=+0.00  mc=11.0
  L1 trigger  t=1126259241.463  newsnr=5.02  m=(11.1,8.9) s=+0.00  mc=8.6
  L1 trigger  t=1126259245.230  newsnr=5.69  m=(75.0,25.0) s=+0.00  mc=36.6
  L1 trigger  t=1126259253.060  newsnr=5.34  m=(43.3,21.7) s=+0.00  mc=26.4
  L1 trigger  t=1126259257.494  newsnr=5.25  m=(9.6,2.4) s=+0.00  mc=4.0
  L1 trigger  t=1126259267.530  newsnr=5.14  m=(9.6,2.4) s=+0.00  mc=4.0
  L1 trigger  t=1126259272.560  newsnr=5.11  m=(20.0,10.0) s=+0.00  mc=12.2
  L1 trigger  t=1126259275.250  newsnr=5.19  m=(51.0,34.0) s=+0.00  mc=36.1
  L1 trigger  t=1126259283.255  newsnr=5.00  m=(15.0,15.0) s=+0.00  mc=13.1
  L1 trigger  t=1126259287.731  newsnr=5.75  m=(16.7,13.3) s=+0.00  mc=13.0
  L1 trigger  t=1126259290.213  newsnr=5.18  m=(6.7,5.3) s=+0.00  mc=5.2
  L1 trigger  t=1126259291.569  newsnr=5.44  m=(9.6,2.4) s=+0.00  mc=4.0
  L1 trigger  t=1126259294.379  newsnr=5.72  m=(36.0,9.0) s=+0.00  mc=15.0
  L1 trigger  t=1126259303.770  newsnr=5.07  m=(41.2,13.8) s=+0.00  mc=20.1
  L1 trigger  t=1126259312.306  newsnr=5.08  m=(33.0,22.0) s=+0.00  mc=23.4
  L1 trigger  t=1126259317.555  newsnr=5.13  m=(42.5,42.5) s=+0.00  mc=37.0
  L1 trigger  t=1126259323.865  newsnr=5.08  m=(9.0,3.0) s=+0.00  mc=4.4
  L1 trigger  t=1126259329.039  newsnr=5.09  m=(16.0,4.0) s=+0.00  mc=6.7
  L1 trigger  t=1126259337.378  newsnr=5.16  m=(13.3,6.7) s=+0.00  mc=8.1
  L1 trigger  t=1126259349.377  newsnr=5.15  m=(12.0,8.0) s=+0.00  mc=8.5
  L1 trigger  t=1126259353.677  newsnr=5.12  m=(13.3,6.7) s=+0.00  mc=8.1
  L1 trigger  t=1126259365.081  newsnr=5.07  m=(27.0,18.0) s=+0.00  mc=19.1
  L1 trigger  t=1126259366.416  newsnr=5.22  m=(7.2,4.8) s=+0.00  mc=5.1
  L1 trigger  t=1126259369.514  newsnr=5.04  m=(22.5,22.5) s=+0.00  mc=19.6
  L1 trigger  t=1126259376.646  newsnr=5.58  m=(18.0,12.0) s=+0.00  mc=12.7
  L1 trigger  t=1126259378.126  newsnr=5.35  m=(13.3,6.7) s=+0.00  mc=8.1
  L1 trigger  t=1126259386.222  newsnr=5.15  m=(27.0,18.0) s=+0.00  mc=19.1
  L1 trigger  t=1126259388.650  newsnr=5.56  m=(8.0,4.0) s=+0.00  mc=4.9
  L1 trigger  t=1126259389.865  newsnr=5.27  m=(48.0,24.0) s=+0.00  mc=29.2
  L1 trigger  t=1126259394.535  newsnr=5.34  m=(16.0,4.0) s=+0.00  mc=6.7
  L1 trigger  t=1126259399.312  newsnr=5.22  m=(41.2,13.8) s=+0.00  mc=20.1
  L1 trigger  t=1126259414.150  newsnr=5.29  m=(7.2,4.8) s=+0.00  mc=5.1
  L1 trigger  t=1126259416.802  newsnr=5.11  m=(9.0,3.0) s=+0.00  mc=4.4
  L1 trigger  t=1126259420.186  newsnr=5.43  m=(33.8,11.2) s=+0.00  mc=16.5
  L1 trigger  t=1126259432.182  newsnr=5.00  m=(33.8,11.2) s=+0.00  mc=16.5
  L1 trigger  t=1126259437.324  newsnr=5.06  m=(16.0,4.0) s=+0.00  mc=6.7
  L1 trigger  t=1126259459.221  newsnr=5.40  m=(9.6,2.4) s=+0.00  mc=4.0
  L1 trigger  t=1126259462.421  newsnr=13.63  m=(36.0,36.0) s=+0.00  mc=31.3
  L1 trigger  t=1126259472.604  newsnr=5.06  m=(80.0,20.0) s=+0.00  mc=33.3
  L1 trigger  t=1126259493.346  newsnr=5.16  m=(52.0,13.0) s=+0.00  mc=21.6
  L1 trigger  t=1126259496.257  newsnr=5.04  m=(18.0,12.0) s=+0.00  mc=12.7
  L1 trigger  t=1126259498.991  newsnr=5.11  m=(24.0,6.0) s=+0.00  mc=10.0
  L1 trigger  t=1126259502.151  newsnr=5.35  m=(48.8,16.2) s=+0.00  mc=23.8
  L1 trigger  t=1126259512.407  newsnr=5.51  m=(24.0,6.0) s=+0.00  mc=10.0
  L1 trigger  t=1126259517.373  newsnr=5.27  m=(9.0,3.0) s=+0.00  mc=4.4
  L1 trigger  t=1126259541.243  newsnr=5.13  m=(18.0,12.0) s=+0.00  mc=12.7
  L1 trigger  t=1126259547.085  newsnr=5.43  m=(12.0,8.0) s=+0.00  mc=8.5
  L1 trigger  t=1126259548.512  newsnr=5.63  m=(11.1,8.9) s=+0.00  mc=8.6
  L1 trigger  t=1126259556.181  newsnr=5.07  m=(10.0,10.0) s=+0.00  mc=8.7
  L1 trigger  t=1126259565.005  newsnr=5.16  m=(11.1,8.9) s=+0.00  mc=8.6
  L1 trigger  t=1126259572.012  newsnr=5.30  m=(48.0,24.0) s=+0.00  mc=29.2
  L1 trigger  t=1126259573.579  newsnr=5.29  m=(10.0,10.0) s=+0.00  mc=8.7
  L1 trigger  t=1126259580.527  newsnr=5.03  m=(24.0,6.0) s=+0.00  mc=10.0
  L1 trigger  t=1126259592.861  newsnr=5.07  m=(8.0,4.0) s=+0.00  mc=4.9
  L1 trigger  t=1126259595.322  newsnr=5.18  m=(16.0,4.0) s=+0.00  mc=6.7
  L1 trigger  t=1126259597.080  newsnr=5.43  m=(16.7,13.3) s=+0.00  mc=13.0
  L1 trigger  t=1126259599.798  newsnr=5.47  m=(16.7,13.3) s=+0.00  mc=13.0
  L1 trigger  t=1126259609.898  newsnr=5.27  m=(20.0,10.0) s=+0.00  mc=12.2
  L1 trigger  t=1126259614.459  newsnr=5.68  m=(6.7,5.3) s=+0.00  mc=5.2
  L1 trigger  t=1126259625.415  newsnr=5.50  m=(27.5,27.5) s=+0.00  mc=23.9
  L1 trigger  t=1126259633.319  newsnr=5.08  m=(8.0,4.0) s=+0.00  mc=4.9
  L1 trigger  t=1126259648.308  newsnr=5.03  m=(13.3,6.7) s=+0.00  mc=8.1
  L1 trigger  t=1126259660.197  newsnr=5.04  m=(9.6,2.4) s=+0.00  mc=4.0
  L1 trigger  t=1126259663.337  newsnr=5.18  m=(68.0,17.0) s=+0.00  mc=28.3
  L1 trigger  t=1126259665.098  newsnr=6.08  m=(33.8,11.2) s=+0.00  mc=16.5
  L1 trigger  t=1126259675.372  newsnr=5.09  m=(41.2,13.8) s=+0.00  mc=20.1
  L1 trigger  t=1126259689.530  newsnr=5.19  m=(18.0,12.0) s=+0.00  mc=12.7
  L1 trigger  t=1126259702.767  newsnr=5.18  m=(13.3,6.7) s=+0.00  mc=8.1
  L1 trigger  t=1126259704.247  newsnr=5.31  m=(42.5,42.5) s=+0.00  mc=37.0
  L1 trigger  t=1126259708.752  newsnr=5.70  m=(24.0,6.0) s=+0.00  mc=10.0
  L1 trigger  t=1126259712.458  newsnr=5.07  m=(6.0,6.0) s=+0.00  mc=5.2
  L1 trigger  t=1126259713.474  newsnr=5.23  m=(52.0,13.0) s=+0.00  mc=21.6
  L1 trigger  t=1126259732.399  newsnr=5.45  m=(7.2,4.8) s=+0.00  mc=5.1
  L1 trigger  t=1126259753.413  newsnr=5.11  m=(18.0,12.0) s=+0.00  mc=12.7
  L1 trigger  t=1126259757.010  newsnr=5.18  m=(13.3,6.7) s=+0.00  mc=8.1
  L1 trigger  t=1126259759.373  newsnr=5.33  m=(13.3,6.7) s=+0.00  mc=8.1
  L1 trigger  t=1126259762.248  newsnr=5.18  m=(9.6,2.4) s=+0.00  mc=4.0
  L1 trigger  t=1126259765.025  newsnr=5.20  m=(8.0,4.0) s=+0.00  mc=4.9
  L1 trigger  t=1126259767.668  newsnr=5.08  m=(8.0,4.0) s=+0.00  mc=4.9
  L1 trigger  t=1126259773.582  newsnr=5.48  m=(36.1,28.9) s=+0.00  mc=28.1
  L1 trigger  t=1126259782.044  newsnr=5.38  m=(18.0,12.0) s=+0.00  mc=12.7
  L1 trigger  t=1126259786.693  newsnr=5.55  m=(43.2,28.8) s=+0.00  mc=30.6
  L1 trigger  t=1126259796.625  newsnr=5.33  m=(15.0,15.0) s=+0.00  mc=13.1
  L1 trigger  t=1126259813.822  newsnr=5.15  m=(27.0,18.0) s=+0.00  mc=19.1
  L1 trigger  t=1126259816.891  newsnr=5.15  m=(25.0,20.0) s=+0.00  mc=19.4
  L1 trigger  t=1126259819.616  newsnr=5.03  m=(33.0,22.0) s=+0.00  mc=23.4
  L1 trigger  t=1126259822.339  newsnr=5.20  m=(9.0,3.0) s=+0.00  mc=4.4
  L1 trigger  t=1126259827.912  newsnr=5.56  m=(27.0,18.0) s=+0.00  mc=19.1
  L1 trigger  t=1126259839.616  newsnr=5.28  m=(9.0,3.0) s=+0.00  mc=4.4
  L1 trigger  t=1126259854.627  newsnr=5.25  m=(33.8,11.2) s=+0.00  mc=16.5
  L1 trigger  t=1126259858.132  newsnr=5.17  m=(27.0,18.0) s=+0.00  mc=19.1
  L1 trigger  t=1126259859.484  newsnr=5.16  m=(33.8,11.2) s=+0.00  mc=16.5
  L1 trigger  t=1126259863.683  newsnr=5.60  m=(20.0,10.0) s=+0.00  mc=12.2
  L1 trigger  t=1126259888.767  newsnr=5.32  m=(11.1,8.9) s=+0.00  mc=8.6
  L1 trigger  t=1126259917.095  newsnr=5.02  m=(18.0,12.0) s=+0.00  mc=12.7
  L1 trigger  t=1126259920.376  newsnr=5.01  m=(24.0,6.0) s=+0.00  mc=10.0
  L1 trigger  t=1126259929.856  newsnr=5.21  m=(36.0,9.0) s=+0.00  mc=15.0
  L1 trigger  t=1126259944.458  newsnr=5.40  m=(9.6,2.4) s=+0.00  mc=4.0
  L1 trigger  t=1126259950.072  newsnr=5.03  m=(6.0,6.0) s=+0.00  mc=5.2
  L1 trigger  t=1126259956.552  newsnr=5.19  m=(9.6,2.4) s=+0.00  mc=4.0
  L1 trigger  t=1126259961.828  newsnr=5.46  m=(27.0,18.0) s=+0.00  mc=19.1
  L1 trigger  t=1126259967.959  newsnr=5.39  m=(13.3,6.7) s=+0.00  mc=8.1
  L1 trigger  t=1126259977.491  newsnr=5.13  m=(13.3,6.7) s=+0.00  mc=8.1
  L1 trigger  t=1126259997.428  newsnr=5.07  m=(18.0,12.0) s=+0.00  mc=12.7
  L1 trigger  t=1126259998.773  newsnr=5.20  m=(36.0,9.0) s=+0.00  mc=15.0
  L1 trigger  t=1126260000.699  newsnr=5.69  m=(22.5,22.5) s=+0.00  mc=19.6
  L1 trigger  t=1126260010.473  newsnr=5.38  m=(9.0,3.0) s=+0.00  mc=4.4
  L1 trigger  t=1126260017.611  newsnr=5.10  m=(13.3,6.7) s=+0.00  mc=8.1
  L1 trigger  t=1126260020.506  newsnr=5.08  m=(22.5,7.5) s=+0.00  mc=11.0
  L1 trigger  t=1126260024.893  newsnr=5.83  m=(48.0,24.0) s=+0.00  mc=29.2
  L1 trigger  t=1126260030.027  newsnr=5.42  m=(54.0,18.0) s=+0.00  mc=26.4
  L1 trigger  t=1126260032.953  newsnr=5.34  m=(27.0,18.0) s=+0.00  mc=19.1
  L1 trigger  t=1126260036.098  newsnr=5.19  m=(48.0,24.0) s=+0.00  mc=29.2
  L1 trigger  t=1126260038.110  newsnr=5.11  m=(11.1,8.9) s=+0.00  mc=8.6
  L1 trigger  t=1126260039.394  newsnr=5.50  m=(15.0,5.0) s=+0.00  mc=7.3
  L1 trigger  t=1126260040.756  newsnr=5.41  m=(36.0,9.0) s=+0.00  mc=15.0
  L1 trigger  t=1126260056.852  newsnr=5.29  m=(10.0,10.0) s=+0.00  mc=8.7
  L1 trigger  t=1126260060.997  newsnr=5.12  m=(36.0,9.0) s=+0.00  mc=15.0
  L1 trigger  t=1126260070.038  newsnr=5.23  m=(16.0,4.0) s=+0.00  mc=6.7
  L1 trigger  t=1126260083.681  newsnr=5.01  m=(13.3,6.7) s=+0.00  mc=8.1
  L1 trigger  t=1126260096.375  newsnr=5.51  m=(22.5,7.5) s=+0.00  mc=11.0
  L1 trigger  t=1126260106.695  newsnr=5.02  m=(15.0,15.0) s=+0.00  mc=13.1
  L1 trigger  t=1126260108.855  newsnr=5.25  m=(13.3,6.7) s=+0.00  mc=8.1
  L1 trigger  t=1126260114.125  newsnr=5.16  m=(8.0,4.0) s=+0.00  mc=4.9
  L1 trigger  t=1126260117.044  newsnr=5.53  m=(11.1,8.9) s=+0.00  mc=8.6
  L1 trigger  t=1126260123.323  newsnr=5.22  m=(44.0,11.0) s=+0.00  mc=18.3
  L1 trigger  t=1126260124.982  newsnr=5.30  m=(20.0,10.0) s=+0.00  mc=12.2
  L1 trigger  t=1126260129.689  newsnr=5.20  m=(15.0,15.0) s=+0.00  mc=13.1
  L1 trigger  t=1126260133.768  newsnr=5.94  m=(10.0,10.0) s=+0.00  mc=8.7
  L1 trigger  t=1126260138.500  newsnr=5.32  m=(80.0,20.0) s=+0.00  mc=33.3
  L1 trigger  t=1126260141.607  newsnr=5.23  m=(41.2,13.8) s=+0.00  mc=20.1
  L1 trigger  t=1126260142.814  newsnr=5.09  m=(9.6,2.4) s=+0.00  mc=4.0
  L1 trigger  t=1126260155.411  newsnr=5.07  m=(20.0,10.0) s=+0.00  mc=12.2
  L1 trigger  t=1126260181.176  newsnr=5.21  m=(50.0,50.0) s=+0.00  mc=43.5
  L1 trigger  t=1126260183.060  newsnr=5.14  m=(15.0,15.0) s=+0.00  mc=13.1
  L1 trigger  t=1126260186.254  newsnr=5.60  m=(12.0,8.0) s=+0.00  mc=8.5
  L1 trigger  t=1126260188.153  newsnr=5.05  m=(36.0,9.0) s=+0.00  mc=15.0
  L1 trigger  t=1126260209.160  newsnr=5.09  m=(36.7,18.3) s=+0.00  mc=22.3
  L1 trigger  t=1126260215.300  newsnr=5.07  m=(18.0,12.0) s=+0.00  mc=12.7
  L1 trigger  t=1126260217.180  newsnr=5.06  m=(12.0,8.0) s=+0.00  mc=8.5
  L1 trigger  t=1126260221.985  newsnr=5.11  m=(25.0,20.0) s=+0.00  mc=19.4
  L1 trigger  t=1126260225.358  newsnr=5.12  m=(13.3,6.7) s=+0.00  mc=8.1
  L1 trigger  t=1126260233.013  newsnr=5.44  m=(39.0,26.0) s=+0.00  mc=27.6
  L1 trigger  t=1126260234.840  newsnr=5.34  m=(27.5,27.5) s=+0.00  mc=23.9
  L1 trigger  t=1126260257.502  newsnr=5.01  m=(25.0,20.0) s=+0.00  mc=19.4
  L1 trigger  t=1126260260.436  newsnr=5.18  m=(66.7,33.3) s=+0.00  mc=40.6
  L1 trigger  t=1126260317.827  newsnr=5.47  m=(20.0,10.0) s=+0.00  mc=12.2
  L1 trigger  t=1126260321.161  newsnr=5.29  m=(32.5,32.5) s=+0.00  mc=28.3
  L1 trigger  t=1126260326.057  newsnr=5.33  m=(30.0,15.0) s=+0.00  mc=18.3
  L1 trigger  t=1126260337.760  newsnr=5.38  m=(30.0,15.0) s=+0.00  mc=18.3
  L1 trigger  t=1126260346.762  newsnr=5.14  m=(41.2,13.8) s=+0.00  mc=20.1
  L1 trigger  t=1126260354.773  newsnr=5.08  m=(15.0,15.0) s=+0.00  mc=13.1
  L1 trigger  t=1126260356.871  newsnr=5.07  m=(43.2,28.8) s=+0.00  mc=30.6
  L1 trigger  t=1126260375.326  newsnr=5.22  m=(22.5,7.5) s=+0.00  mc=11.0
  L1 trigger  t=1126260376.774  newsnr=5.61  m=(41.2,13.8) s=+0.00  mc=20.1
  L1 trigger  t=1126260382.177  newsnr=5.11  m=(22.5,22.5) s=+0.00  mc=19.6
  L1 trigger  t=1126260383.877  newsnr=5.29  m=(6.0,6.0) s=+0.00  mc=5.2
  L1 trigger  t=1126260385.180  newsnr=5.23  m=(15.0,5.0) s=+0.00  mc=7.3
  L1 trigger  t=1126260392.782  newsnr=5.41  m=(51.0,34.0) s=+0.00  mc=36.1
  L1 trigger  t=1126260396.176  newsnr=5.82  m=(41.2,13.8) s=+0.00  mc=20.1
  L1 trigger  t=1126260401.537  newsnr=5.01  m=(20.0,10.0) s=+0.00  mc=12.2
  L1 trigger  t=1126260428.856  newsnr=5.08  m=(36.0,9.0) s=+0.00  mc=15.0
  L1 trigger  t=1126260437.091  newsnr=5.47  m=(33.8,11.2) s=+0.00  mc=16.5
  L1 trigger  t=1126260443.120  newsnr=5.01  m=(30.0,15.0) s=+0.00  mc=18.3
  L1 trigger  t=1126260445.107  newsnr=5.74  m=(50.0,50.0) s=+0.00  mc=43.5
  L1 trigger  t=1126260446.876  newsnr=5.19  m=(33.8,11.2) s=+0.00  mc=16.5
  L1 trigger  t=1126260450.032  newsnr=5.19  m=(8.0,4.0) s=+0.00  mc=4.9
  L1 trigger  t=1126260468.840  newsnr=5.34  m=(18.0,12.0) s=+0.00  mc=12.7
  L1 trigger  t=1126260475.658  newsnr=5.42  m=(44.0,11.0) s=+0.00  mc=18.3
  L1 trigger  t=1126260484.774  newsnr=5.05  m=(13.3,6.7) s=+0.00  mc=8.1
  L1 trigger  t=1126260488.548  newsnr=5.11  m=(33.8,11.2) s=+0.00  mc=16.5
  L1 trigger  t=1126260522.324  newsnr=5.38  m=(6.7,5.3) s=+0.00  mc=5.2
  L1 trigger  t=1126260528.405  newsnr=5.24  m=(11.1,8.9) s=+0.00  mc=8.6
  L1 trigger  t=1126260538.047  newsnr=5.21  m=(20.0,10.0) s=+0.00  mc=12.2
  L1 trigger  t=1126260549.831  newsnr=5.47  m=(6.0,6.0) s=+0.00  mc=5.2
  L1 trigger  t=1126260551.858  newsnr=5.19  m=(33.8,11.2) s=+0.00  mc=16.5
  L1 trigger  t=1126260553.109  newsnr=5.79  m=(9.0,3.0) s=+0.00  mc=4.4
  L1 trigger  t=1126260565.187  newsnr=5.65  m=(16.7,13.3) s=+0.00  mc=13.0
  L1 trigger  t=1126260568.064  newsnr=5.04  m=(44.0,11.0) s=+0.00  mc=18.3
  L1 trigger  t=1126260569.490  newsnr=5.37  m=(27.0,18.0) s=+0.00  mc=19.1
  L1 trigger  t=1126260580.989  newsnr=5.24  m=(22.5,22.5) s=+0.00  mc=19.6
  L1 trigger  t=1126260586.346  newsnr=5.01  m=(33.8,11.2) s=+0.00  mc=16.5
  L1 trigger  t=1126260587.751  newsnr=5.24  m=(15.0,5.0) s=+0.00  mc=7.3
  L1 trigger  t=1126260605.986  newsnr=5.05  m=(6.7,5.3) s=+0.00  mc=5.2
  L1 trigger  t=1126260608.079  newsnr=5.21  m=(52.0,13.0) s=+0.00  mc=21.6
  L1 trigger  t=1126260609.720  newsnr=5.74  m=(42.5,42.5) s=+0.00  mc=37.0
  L1 trigger  t=1126260611.446  newsnr=6.01  m=(47.2,37.8) s=+0.00  mc=36.7
  L1 trigger  t=1126260613.577  newsnr=5.56  m=(27.0,18.0) s=+0.00  mc=19.1
  L1 trigger  t=1126260614.764  newsnr=5.01  m=(30.0,15.0) s=+0.00  mc=18.3
  L1 trigger  t=1126260617.049  newsnr=5.86  m=(47.2,37.8) s=+0.00  mc=36.7
  L1 trigger  t=1126260626.107  newsnr=5.07  m=(22.5,7.5) s=+0.00  mc=11.0
  L1 trigger  t=1126260640.675  newsnr=5.42  m=(40.0,32.0) s=+0.00  mc=31.1
  L1 trigger  t=1126260647.802  newsnr=6.01  m=(25.0,20.0) s=+0.00  mc=19.4
  L1 trigger  t=1126260649.452  newsnr=5.12  m=(41.2,13.8) s=+0.00  mc=20.1
  L1 trigger  t=1126260655.155  newsnr=5.10  m=(47.2,37.8) s=+0.00  mc=36.7
  L1 trigger  t=1126260657.652  newsnr=5.36  m=(30.6,24.4) s=+0.00  mc=23.8
  L1 trigger  t=1126260661.014  newsnr=5.30  m=(36.0,36.0) s=+0.00  mc=31.3
  L1 trigger  t=1126260672.885  newsnr=5.72  m=(27.5,27.5) s=+0.00  mc=23.9
  L1 trigger  t=1126260675.042  newsnr=5.28  m=(16.0,4.0) s=+0.00  mc=6.7
  L1 trigger  t=1126260687.713  newsnr=5.01  m=(9.6,2.4) s=+0.00  mc=4.0
  L1 trigger  t=1126260696.382  newsnr=5.01  m=(44.0,11.0) s=+0.00  mc=18.3
  L1 trigger  t=1126260700.109  newsnr=5.54  m=(12.0,8.0) s=+0.00  mc=8.5
  L1 trigger  t=1126260702.340  newsnr=5.08  m=(44.0,11.0) s=+0.00  mc=18.3
  L1 trigger  t=1126260705.985  newsnr=5.07  m=(32.5,32.5) s=+0.00  mc=28.3
  L1 trigger  t=1126260717.936  newsnr=5.36  m=(33.8,11.2) s=+0.00  mc=16.5
  L1 trigger  t=1126260720.929  newsnr=5.07  m=(6.0,6.0) s=+0.00  mc=5.2
  L1 trigger  t=1126260724.825  newsnr=5.15  m=(8.0,4.0) s=+0.00  mc=4.9
  L1 trigger  t=1126260737.197  newsnr=5.05  m=(43.3,21.7) s=+0.00  mc=26.4
  L1 trigger  t=1126260743.258  newsnr=5.09  m=(51.0,34.0) s=+0.00  mc=36.1
  L1 trigger  t=1126260749.653  newsnr=5.18  m=(39.0,26.0) s=+0.00  mc=27.6
  L1 trigger  t=1126260751.886  newsnr=5.03  m=(36.7,18.3) s=+0.00  mc=22.3
  L1 trigger  t=1126260755.918  newsnr=5.28  m=(27.0,18.0) s=+0.00  mc=19.1
  L1 trigger  t=1126260764.058  newsnr=5.17  m=(6.0,6.0) s=+0.00  mc=5.2
  L1 trigger  t=1126260765.562  newsnr=5.04  m=(16.0,4.0) s=+0.00  mc=6.7
  L1 trigger  t=1126260770.034  newsnr=5.43  m=(36.0,9.0) s=+0.00  mc=15.0
  L1 trigger  t=1126260777.861  newsnr=5.17  m=(20.0,10.0) s=+0.00  mc=12.2
  L1 trigger  t=1126260786.270  newsnr=5.06  m=(57.6,14.4) s=+0.00  mc=24.0
  L1 trigger  t=1126260788.754  newsnr=5.35  m=(10.0,10.0) s=+0.00  mc=8.7
  L1 trigger  t=1126260803.419  newsnr=5.06  m=(10.0,10.0) s=+0.00  mc=8.7
  L1 trigger  t=1126260804.717  newsnr=5.17  m=(27.0,18.0) s=+0.00  mc=19.1
  L1 trigger  t=1126260806.155  newsnr=5.07  m=(11.1,8.9) s=+0.00  mc=8.6
  L1 trigger  t=1126260807.704  newsnr=5.28  m=(24.0,6.0) s=+0.00  mc=10.0
  L1 trigger  t=1126260812.459  newsnr=5.07  m=(68.0,17.0) s=+0.00  mc=28.3
  L1 trigger  t=1126260815.727  newsnr=5.12  m=(32.5,32.5) s=+0.00  mc=28.3
  L1 trigger  t=1126260819.070  newsnr=5.21  m=(9.0,3.0) s=+0.00  mc=4.4
  L1 trigger  t=1126260821.127  newsnr=5.12  m=(43.3,21.7) s=+0.00  mc=26.4
  L1 trigger  t=1126260822.900  newsnr=5.55  m=(27.5,27.5) s=+0.00  mc=23.9
  L1 trigger  t=1126260824.948  newsnr=5.33  m=(36.7,18.3) s=+0.00  mc=22.3
  L1 trigger  t=1126260828.837  newsnr=5.09  m=(6.0,6.0) s=+0.00  mc=5.2
  L1 trigger  t=1126260833.488  newsnr=5.13  m=(54.0,18.0) s=+0.00  mc=26.4
  L1 trigger  t=1126260835.049  newsnr=5.14  m=(9.6,2.4) s=+0.00  mc=4.0
  L1 trigger  t=1126260849.252  newsnr=5.33  m=(33.8,11.2) s=+0.00  mc=16.5
  L1 trigger  t=1126260854.104  newsnr=5.11  m=(36.0,9.0) s=+0.00  mc=15.0
  L1 trigger  t=1126260856.467  newsnr=5.22  m=(30.0,15.0) s=+0.00  mc=18.3
  L1 trigger  t=1126260869.215  newsnr=5.04  m=(16.7,13.3) s=+0.00  mc=13.0
  L1 trigger  t=1126260871.028  newsnr=5.04  m=(7.2,4.8) s=+0.00  mc=5.1
  L1 trigger  t=1126260874.942  newsnr=5.19  m=(16.0,4.0) s=+0.00  mc=6.7
  L1 trigger  t=1126260876.371  newsnr=5.05  m=(36.0,36.0) s=+0.00  mc=31.3
  L1 trigger  t=1126260881.292  newsnr=5.11  m=(33.0,22.0) s=+0.00  mc=23.4
  L1 trigger  t=1126260890.490  newsnr=5.70  m=(15.0,5.0) s=+0.00  mc=7.3
  L1 trigger  t=1126260894.129  newsnr=5.31  m=(24.0,6.0) s=+0.00  mc=10.0
  L1 trigger  t=1126260895.461  newsnr=5.01  m=(9.0,3.0) s=+0.00  mc=4.4
  L1 trigger  t=1126260896.695  newsnr=5.22  m=(80.0,20.0) s=+0.00  mc=33.3
  L1 trigger  t=1126260897.704  newsnr=5.41  m=(9.6,2.4) s=+0.00  mc=4.0
  L1 trigger  t=1126260904.811  newsnr=5.11  m=(18.0,12.0) s=+0.00  mc=12.7
  L1 trigger  t=1126260906.589  newsnr=5.01  m=(8.0,4.0) s=+0.00  mc=4.9
  L1 trigger  t=1126260909.586  newsnr=5.08  m=(15.0,5.0) s=+0.00  mc=7.3
  L1 trigger  t=1126260913.056  newsnr=5.51  m=(16.7,13.3) s=+0.00  mc=13.0
  L1 trigger  t=1126260916.364  newsnr=5.44  m=(16.0,4.0) s=+0.00  mc=6.7
  L1 trigger  t=1126260919.941  newsnr=5.01  m=(22.5,7.5) s=+0.00  mc=11.0
  L1 trigger  t=1126260929.009  newsnr=5.06  m=(16.0,4.0) s=+0.00  mc=6.7
  L1 trigger  t=1126260956.961  newsnr=5.13  m=(16.7,13.3) s=+0.00  mc=13.0
  L1 trigger  t=1126260961.806  newsnr=5.24  m=(18.0,12.0) s=+0.00  mc=12.7
  L1 trigger  t=1126260968.061  newsnr=5.31  m=(68.0,17.0) s=+0.00  mc=28.3
  L1 trigger  t=1126260975.259  newsnr=5.23  m=(20.0,10.0) s=+0.00  mc=12.2
  L1 trigger  t=1126260977.318  newsnr=5.11  m=(22.5,22.5) s=+0.00  mc=19.6
  L1 trigger  t=1126260979.408  newsnr=5.17  m=(13.3,6.7) s=+0.00  mc=8.1
  L1 trigger  t=1126260984.415  newsnr=5.04  m=(18.0,12.0) s=+0.00  mc=12.7
  L1 trigger  t=1126260990.741  newsnr=5.38  m=(11.1,8.9) s=+0.00  mc=8.6
  L1 trigger  t=1126261011.750  newsnr=5.14  m=(9.6,2.4) s=+0.00  mc=4.0
  L1 trigger  t=1126261015.934  newsnr=5.05  m=(15.0,15.0) s=+0.00  mc=13.1
  L1 trigger  t=1126261021.621  newsnr=5.04  m=(22.5,22.5) s=+0.00  mc=19.6
  L1 trigger  t=1126261045.696  newsnr=5.25  m=(52.0,13.0) s=+0.00  mc=21.6
  L1 trigger  t=1126261053.024  newsnr=5.98  m=(41.2,13.8) s=+0.00  mc=20.1
  L1 trigger  t=1126261056.042  newsnr=5.28  m=(36.7,18.3) s=+0.00  mc=22.3
  L1 trigger  t=1126261057.392  newsnr=5.02  m=(12.0,8.0) s=+0.00  mc=8.5
  L1 trigger  t=1126261078.068  newsnr=5.03  m=(20.0,10.0) s=+0.00  mc=12.2
  L1 trigger  t=1126261094.106  newsnr=5.52  m=(48.0,24.0) s=+0.00  mc=29.2
  L1 trigger  t=1126261095.490  newsnr=5.20  m=(33.8,11.2) s=+0.00  mc=16.5
  L1 trigger  t=1126261108.047  newsnr=5.21  m=(8.0,4.0) s=+0.00  mc=4.9
  L1 trigger  t=1126261110.431  newsnr=6.59  m=(7.2,4.8) s=+0.00  mc=5.1
  L1 trigger  t=1126261112.287  newsnr=5.42  m=(22.5,22.5) s=+0.00  mc=19.6
  L1 trigger  t=1126261116.989  newsnr=5.10  m=(52.0,13.0) s=+0.00  mc=21.6
  L1 trigger  t=1126261121.791  newsnr=5.11  m=(6.0,6.0) s=+0.00  mc=5.2
  L1 trigger  t=1126261122.947  newsnr=5.01  m=(6.7,5.3) s=+0.00  mc=5.2
  L1 trigger  t=1126261127.978  newsnr=5.19  m=(18.0,12.0) s=+0.00  mc=12.7
  L1 trigger  t=1126261132.496  newsnr=5.10  m=(8.0,4.0) s=+0.00  mc=4.9
  L1 trigger  t=1126261141.337  newsnr=5.03  m=(7.2,4.8) s=+0.00  mc=5.1
  L1 trigger  t=1126261149.104  newsnr=5.81  m=(15.0,5.0) s=+0.00  mc=7.3
  L1 trigger  t=1126261154.229  newsnr=5.00  m=(30.6,24.4) s=+0.00  mc=23.8
  L1 trigger  t=1126261161.705  newsnr=5.03  m=(12.0,8.0) s=+0.00  mc=8.5
  L1 trigger  t=1126261164.528  newsnr=5.22  m=(33.8,11.2) s=+0.00  mc=16.5
  L1 trigger  t=1126261166.377  newsnr=5.06  m=(27.5,27.5) s=+0.00  mc=23.9
  L1 trigger  t=1126261172.188  newsnr=5.10  m=(8.0,4.0) s=+0.00  mc=4.9
  L1 trigger  t=1126261174.288  newsnr=5.03  m=(9.6,2.4) s=+0.00  mc=4.0
  L1 trigger  t=1126261175.309  newsnr=5.15  m=(22.5,7.5) s=+0.00  mc=11.0
  L1 trigger  t=1126261177.600  newsnr=5.85  m=(80.0,20.0) s=+0.00  mc=33.3
  L1 trigger  t=1126261190.309  newsnr=5.01  m=(10.0,10.0) s=+0.00  mc=8.7
  L1 trigger  t=1126261193.095  newsnr=5.25  m=(12.0,8.0) s=+0.00  mc=8.5
  L1 trigger  t=1126261238.334  newsnr=5.12  m=(22.5,7.5) s=+0.00  mc=11.0
  L1 trigger  t=1126261243.851  newsnr=5.09  m=(33.8,11.2) s=+0.00  mc=16.5
  L1 trigger  t=1126261247.530  newsnr=5.35  m=(30.0,15.0) s=+0.00  mc=18.3
  L1 trigger  t=1126261259.630  newsnr=5.24  m=(11.1,8.9) s=+0.00  mc=8.6
  L1 trigger  t=1126261261.784  newsnr=5.14  m=(9.6,2.4) s=+0.00  mc=4.0
  L1 trigger  t=1126261265.910  newsnr=5.41  m=(16.7,13.3) s=+0.00  mc=13.0
  L1 trigger  t=1126261271.932  newsnr=5.15  m=(33.0,22.0) s=+0.00  mc=23.4
  L1 trigger  t=1126261282.684  newsnr=5.10  m=(22.5,7.5) s=+0.00  mc=11.0
  L1 trigger  t=1126261287.570  newsnr=5.10  m=(48.8,16.2) s=+0.00  mc=23.8
  L1 trigger  t=1126261290.816  newsnr=5.30  m=(24.0,6.0) s=+0.00  mc=10.0
  L1 trigger  t=1126261294.574  newsnr=5.23  m=(11.1,8.9) s=+0.00  mc=8.6
  L1 trigger  t=1126261307.340  newsnr=5.28  m=(48.8,16.2) s=+0.00  mc=23.8
  L1 trigger  t=1126261314.007  newsnr=5.51  m=(63.8,21.2) s=+0.00  mc=31.1
  L1 trigger  t=1126261323.555  newsnr=5.13  m=(7.2,4.8) s=+0.00  mc=5.1
  L1 trigger  t=1126261327.696  newsnr=5.07  m=(41.2,13.8) s=+0.00  mc=20.1
  L1 trigger  t=1126261330.958  newsnr=5.42  m=(15.0,15.0) s=+0.00  mc=13.1
  L1 trigger  t=1126261342.065  newsnr=5.40  m=(22.5,7.5) s=+0.00  mc=11.0
  L1 trigger  t=1126261350.823  newsnr=5.16  m=(8.0,4.0) s=+0.00  mc=4.9
  L1 trigger  t=1126261353.422  newsnr=5.36  m=(7.2,4.8) s=+0.00  mc=5.1
  L1 trigger  t=1126261358.010  newsnr=5.09  m=(6.0,6.0) s=+0.00  mc=5.2
  L1 trigger  t=1126261372.615  newsnr=5.49  m=(16.0,4.0) s=+0.00  mc=6.7
  L1 trigger  t=1126261374.856  newsnr=5.22  m=(27.0,18.0) s=+0.00  mc=19.1
  L1 trigger  t=1126261385.613  newsnr=5.10  m=(9.0,3.0) s=+0.00  mc=4.4
  L1 trigger  t=1126261389.471  newsnr=5.09  m=(6.7,5.3) s=+0.00  mc=5.2
  L1 trigger  t=1126261392.823  newsnr=5.03  m=(41.2,13.8) s=+0.00  mc=20.1
  L1 trigger  t=1126261400.056  newsnr=5.74  m=(43.3,21.7) s=+0.00  mc=26.4
  L1 trigger  t=1126261401.219  newsnr=5.61  m=(15.0,15.0) s=+0.00  mc=13.1
  L1 trigger  t=1126261419.908  newsnr=5.05  m=(20.0,10.0) s=+0.00  mc=12.2
  L1 trigger  t=1126261421.749  newsnr=5.20  m=(9.6,2.4) s=+0.00  mc=4.0
  L1 trigger  t=1126261426.400  newsnr=5.46  m=(12.0,8.0) s=+0.00  mc=8.5
  L1 trigger  t=1126261436.743  newsnr=5.09  m=(33.8,11.2) s=+0.00  mc=16.5
  L1 trigger  t=1126261438.172  newsnr=5.24  m=(9.6,2.4) s=+0.00  mc=4.0
  L1 trigger  t=1126261440.491  newsnr=5.17  m=(33.8,11.2) s=+0.00  mc=16.5
  L1 trigger  t=1126261444.879  newsnr=5.09  m=(41.2,13.8) s=+0.00  mc=20.1
  L1 trigger  t=1126261448.802  newsnr=5.27  m=(22.5,7.5) s=+0.00  mc=11.0
  zero-lag coincidences: 2
  background coincidences: 65 over 4.73 days

  t=1126259462.428  stat=24.04  m=(36.0,36.0)  FAR=0.000e+00/yr
  t=1126259858.147  stat=7.50  m=(27.0,18.0)  FAR=1.544e+03/yr

======================================================================
STAGE B -- DISPERSION PROFILING (alpha family)
======================================================================

  candidate t=1126259462.428  template (36.0, 36.0, s=+0.00)
    alpha=0.0   B = -1.5257e+01 +/- 9.2343e+01  z=-0.22
                  SNR 19.645 -> 19.687
    alpha=2.5   B = -2.7328e-04 +/- 4.3154e-04  z=-0.96
                  SNR 19.645 -> 19.668
                  FLAT PROFILE (dSNR^2 = 0.94):
                  B is unconstrained within one alias
                  period. The edge is where the noise
                  points, not a preference. Null result.
    alpha=3.0   B = -1.2003e-05 +/- 1.9160e-05  z=-0.93
                  SNR 19.645 -> 19.667
                  FLAT PROFILE (dSNR^2 = 0.89):
                  B is unconstrained within one alias
                  period. The edge is where the noise
                  points, not a preference. Null result.
    alpha=3.5   B = -4.2383e-07 +/- 8.4222e-07  z=-0.71
                  SNR 19.645 -> 19.663
    alpha=4.0   B = -2.3408e-08 +/- 3.7022e-08  z=-0.84  ->  -1.159e-01 +/- 1.833e-01
                  SNR 19.645 -> 19.659
                  FLAT PROFILE (dSNR^2 = 0.56):
                  B is unconstrained within one alias
                  period. The edge is where the noise
                  points, not a preference. Null result.

  written: mdr_search_results.json

  Report every alpha as an interval. A z below ~3 with a
  boundary-free maximum means: consistent with GR, and the
  bound is the 90% CI. It does not mean GR is confirmed.
